[VMEM] WARNING: physical memory size is smaller than virtual memory size.

*** ChampSim Multicore Out-of-Order Simulator ***
Warmup Instructions: 12500000
Simulation Instructions: 50000000
Number of CPUs: 1
Page size: 4096

Off-chip DRAM Size: 16 GiB Channels: 1 Width: 64-bit Data Rate: 3205 MT/s
Heartbeat CPU 0 instructions: 10000000 cycles: 2681333 heartbeat IPC: 3.729 cumulative IPC: 3.729 (Simulation time: 00 hr 00 min 21 sec)
Warmup finished CPU 0 instructions: 12500001 cycles: 3345992 cumulative IPC: 3.736 (Simulation time: 00 hr 00 min 26 sec)
Warmup complete CPU 0 instructions: 12500001 cycles: 3345992 cumulative IPC: 3.736 (Simulation time: 00 hr 00 min 26 sec)
Heartbeat CPU 0 instructions: 20000003 cycles: 14276407 heartbeat IPC: 0.8624 cumulative IPC: 0.6862 (Simulation time: 00 hr 01 min 31 sec)
Heartbeat CPU 0 instructions: 30000004 cycles: 29013221 heartbeat IPC: 0.6786 cumulative IPC: 0.6818 (Simulation time: 00 hr 02 min 58 sec)
Heartbeat CPU 0 instructions: 40000006 cycles: 43671273 heartbeat IPC: 0.6822 cumulative IPC: 0.682 (Simulation time: 00 hr 04 min 26 sec)
Heartbeat CPU 0 instructions: 50000007 cycles: 58211763 heartbeat IPC: 0.6877 cumulative IPC: 0.6835 (Simulation time: 00 hr 05 min 53 sec)
Heartbeat CPU 0 instructions: 60000010 cycles: 72870771 heartbeat IPC: 0.6822 cumulative IPC: 0.6832 (Simulation time: 00 hr 07 min 21 sec)
Simulation finished CPU 0 instructions: 50000003 cycles: 73130099 cumulative IPC: 0.6837 (Simulation time: 00 hr 07 min 42 sec)
Simulation complete CPU 0 instructions: 50000003 cycles: 73130099 cumulative IPC: 0.6837 (Simulation time: 00 hr 07 min 42 sec)

ChampSim completed all CPUs

=== Simulation ===
CPU 0 runs traces/470.lbm-1274B.champsimtrace.xz

Region of Interest Statistics

CPU 0 cumulative IPC: 0.6837 instructions: 50000003 cycles: 73130099
CPU 0 Branch Prediction Accuracy: 99.4% MPKI: 0.08384 Average ROB Occupancy at Mispredict: 158.6
Branch type MPKI
BRANCH_DIRECT_JUMP: 0
BRANCH_INDIRECT: 0
BRANCH_CONDITIONAL: 0.08384
BRANCH_DIRECT_CALL: 0
BRANCH_INDIRECT_CALL: 0
BRANCH_RETURN: 0

cpu0->LLC TOTAL        ACCESS:    2491013 HIT:    1170229 MISS:    1320784 MISS_MERGE:          0
cpu0->LLC LOAD         ACCESS:     355369 HIT:         10 MISS:     355359 MISS_MERGE:          0
cpu0->LLC RFO          ACCESS:    1066415 HIT:     218411 MISS:     848004 MISS_MERGE:          0
cpu0->LLC PREFETCH     ACCESS:          0 HIT:          0 MISS:          0 MISS_MERGE:          0
cpu0->LLC WRITE        ACCESS:    1066414 HIT:     951807 MISS:     114607 MISS_MERGE:          0
cpu0->LLC TRANSLATION  ACCESS:       2815 HIT:          1 MISS:       2814 MISS_MERGE:          0
cpu0->LLC PREFETCH REQUESTED:          0 ISSUED:          0 USEFUL:          0 USELESS:          0
cpu0->LLC AVERAGE MISS LATENCY: 289.9 cycles
cpu0->cpu0_DTLB TOTAL        ACCESS:   11549868 HIT:   11476301 MISS:      73567 MISS_MERGE:      51336
cpu0->cpu0_DTLB LOAD         ACCESS:   11549868 HIT:   11476301 MISS:      73567 MISS_MERGE:      51336
cpu0->cpu0_DTLB RFO          ACCESS:          0 HIT:          0 MISS:          0 MISS_MERGE:          0
cpu0->cpu0_DTLB PREFETCH     ACCESS:          0 HIT:          0 MISS:          0 MISS_MERGE:          0
cpu0->cpu0_DTLB WRITE        ACCESS:          0 HIT:          0 MISS:          0 MISS_MERGE:          0
cpu0->cpu0_DTLB TRANSLATION  ACCESS:          0 HIT:          0 MISS:          0 MISS_MERGE:          0
cpu0->cpu0_DTLB PREFETCH REQUESTED:          0 ISSUED:          0 USEFUL:          0 USELESS:          0
cpu0->cpu0_DTLB AVERAGE MISS LATENCY: 163.4 cycles
cpu0->cpu0_ITLB TOTAL        ACCESS:    9225707 HIT:    9225707 MISS:          0 MISS_MERGE:          0
cpu0->cpu0_ITLB LOAD         ACCESS:    9225707 HIT:    9225707 MISS:          0 MISS_MERGE:          0
cpu0->cpu0_ITLB RFO          ACCESS:          0 HIT:          0 MISS:          0 MISS_MERGE:          0
cpu0->cpu0_ITLB PREFETCH     ACCESS:          0 HIT:          0 MISS:          0 MISS_MERGE:          0
cpu0->cpu0_ITLB WRITE        ACCESS:          0 HIT:          0 MISS:          0 MISS_MERGE:          0
cpu0->cpu0_ITLB TRANSLATION  ACCESS:          0 HIT:          0 MISS:          0 MISS_MERGE:          0
cpu0->cpu0_ITLB PREFETCH REQUESTED:          0 ISSUED:          0 USEFUL:          0 USELESS:          0
cpu0->cpu0_ITLB AVERAGE MISS LATENCY: - cycles
cpu0->cpu0_L1D TOTAL        ACCESS:   11594352 HIT:    7286208 MISS:    4308144 MISS_MERGE:    1950521
cpu0->cpu0_L1D LOAD         ACCESS:    6528644 HIT:    4240999 MISS:    2287645 MISS_MERGE:    1932274
cpu0->cpu0_L1D RFO          ACCESS:          0 HIT:          0 MISS:          0 MISS_MERGE:          0
cpu0->cpu0_L1D PREFETCH     ACCESS:          0 HIT:          0 MISS:          0 MISS_MERGE:          0
cpu0->cpu0_L1D WRITE        ACCESS:    5021224 HIT:    3003548 MISS:    2017676 MISS_MERGE:      18243
cpu0->cpu0_L1D TRANSLATION  ACCESS:      44484 HIT:      41661 MISS:       2823 MISS_MERGE:          4
cpu0->cpu0_L1D PREFETCH REQUESTED:          0 ISSUED:          0 USEFUL:          0 USELESS:          0
cpu0->cpu0_L1D AVERAGE MISS LATENCY: 180.5 cycles
cpu0->cpu0_L1I TOTAL        ACCESS:    9225707 HIT:    9225707 MISS:          0 MISS_MERGE:          0
cpu0->cpu0_L1I LOAD         ACCESS:    9225707 HIT:    9225707 MISS:          0 MISS_MERGE:          0
cpu0->cpu0_L1I RFO          ACCESS:          0 HIT:          0 MISS:          0 MISS_MERGE:          0
cpu0->cpu0_L1I PREFETCH     ACCESS:          0 HIT:          0 MISS:          0 MISS_MERGE:          0
cpu0->cpu0_L1I WRITE        ACCESS:          0 HIT:          0 MISS:          0 MISS_MERGE:          0
cpu0->cpu0_L1I TRANSLATION  ACCESS:          0 HIT:          0 MISS:          0 MISS_MERGE:          0
cpu0->cpu0_L1I PREFETCH REQUESTED:          0 ISSUED:          0 USEFUL:          0 USELESS:          0
cpu0->cpu0_L1I AVERAGE MISS LATENCY: - cycles
cpu0->cpu0_L2C TOTAL        ACCESS:    4357047 HIT:    2932448 MISS:    1424599 MISS_MERGE:          0
cpu0->cpu0_L2C LOAD         ACCESS:     355370 HIT:          0 MISS:     355370 MISS_MERGE:          0
cpu0->cpu0_L2C RFO          ACCESS:    1999434 HIT:     933020 MISS:    1066414 MISS_MERGE:          0
cpu0->cpu0_L2C PREFETCH     ACCESS:          0 HIT:          0 MISS:          0 MISS_MERGE:          0
cpu0->cpu0_L2C WRITE        ACCESS:    1999424 HIT:    1999424 MISS:          0 MISS_MERGE:          0
cpu0->cpu0_L2C TRANSLATION  ACCESS:       2819 HIT:          4 MISS:       2815 MISS_MERGE:          0
cpu0->cpu0_L2C PREFETCH REQUESTED:          0 ISSUED:          0 USEFUL:          0 USELESS:          0
cpu0->cpu0_L2C AVERAGE MISS LATENCY: 283.9 cycles
cpu0->cpu0_STLB TOTAL        ACCESS:      22231 HIT:          0 MISS:      22231 MISS_MERGE:          0
cpu0->cpu0_STLB LOAD         ACCESS:      22231 HIT:          0 MISS:      22231 MISS_MERGE:          0
cpu0->cpu0_STLB RFO          ACCESS:          0 HIT:          0 MISS:          0 MISS_MERGE:          0
cpu0->cpu0_STLB PREFETCH     ACCESS:          0 HIT:          0 MISS:          0 MISS_MERGE:          0
cpu0->cpu0_STLB WRITE        ACCESS:          0 HIT:          0 MISS:          0 MISS_MERGE:          0
cpu0->cpu0_STLB TRANSLATION  ACCESS:          0 HIT:          0 MISS:          0 MISS_MERGE:          0
cpu0->cpu0_STLB PREFETCH REQUESTED:          0 ISSUED:          0 USEFUL:          0 USELESS:          0
cpu0->cpu0_STLB AVERAGE MISS LATENCY: 157.4 cycles

DRAM Statistics

Channel 0 RQ ROW_BUFFER_HIT:       9359
  ROW_BUFFER_MISS:    1196334
  AVG DBUS CONGESTED CYCLE: 5.327
Channel 0 WQ ROW_BUFFER_HIT:     186063
  ROW_BUFFER_MISS:     661768
  FULL:          0
Channel 0 REFRESHES ISSUED:       6095
