[VMEM] WARNING: physical memory size is smaller than virtual memory size.

*** ChampSim Multicore Out-of-Order Simulator ***
Warmup Instructions: 12500000
Simulation Instructions: 50000000
Number of CPUs: 1
Page size: 4096

Off-chip DRAM Size: 16 GiB Channels: 1 Width: 64-bit Data Rate: 3205 MT/s
Heartbeat CPU 0 instructions: 10000004 cycles: 5099166 heartbeat IPC: 1.961 cumulative IPC: 1.961 (Simulation time: 00 hr 00 min 50 sec)
Warmup finished CPU 0 instructions: 12500004 cycles: 6141667 cumulative IPC: 2.035 (Simulation time: 00 hr 01 min 01 sec)
Warmup complete CPU 0 instructions: 12500004 cycles: 6141667 cumulative IPC: 2.035 (Simulation time: 00 hr 01 min 01 sec)
Heartbeat CPU 0 instructions: 20000006 cycles: 57362720 heartbeat IPC: 0.1913 cumulative IPC: 0.1464 (Simulation time: 00 hr 04 min 11 sec)
Heartbeat CPU 0 instructions: 30000009 cycles: 131073395 heartbeat IPC: 0.1357 cumulative IPC: 0.1401 (Simulation time: 00 hr 08 min 43 sec)
Heartbeat CPU 0 instructions: 40000009 cycles: 196599645 heartbeat IPC: 0.1526 cumulative IPC: 0.1444 (Simulation time: 00 hr 12 min 42 sec)
Heartbeat CPU 0 instructions: 50000009 cycles: 278987635 heartbeat IPC: 0.1214 cumulative IPC: 0.1374 (Simulation time: 00 hr 18 min 08 sec)
Heartbeat CPU 0 instructions: 60000010 cycles: 349142213 heartbeat IPC: 0.1425 cumulative IPC: 0.1385 (Simulation time: 00 hr 21 min 45 sec)
Simulation finished CPU 0 instructions: 50000001 cycles: 364345099 cumulative IPC: 0.1372 (Simulation time: 00 hr 22 min 55 sec)
Simulation complete CPU 0 instructions: 50000001 cycles: 364345099 cumulative IPC: 0.1372 (Simulation time: 00 hr 22 min 55 sec)

ChampSim completed all CPUs

=== Simulation ===
CPU 0 runs traces/429.mcf-51B.champsimtrace.xz

Region of Interest Statistics

CPU 0 cumulative IPC: 0.1372 instructions: 50000001 cycles: 364345099
CPU 0 Branch Prediction Accuracy: 85.8% MPKI: 34.3 Average ROB Occupancy at Mispredict: 27.14
Branch type MPKI
BRANCH_DIRECT_JUMP: 0.7198
BRANCH_INDIRECT: 0
BRANCH_CONDITIONAL: 33.58
BRANCH_DIRECT_CALL: 0
BRANCH_INDIRECT_CALL: 0
BRANCH_RETURN: 0

cpu0->LLC TOTAL        ACCESS:    4488717 HIT:     952627 MISS:    3536090 MISS_MERGE:          0
cpu0->LLC LOAD         ACCESS:    3359899 HIT:     709012 MISS:    2650887 MISS_MERGE:          0
cpu0->LLC RFO          ACCESS:      79387 HIT:      18983 MISS:      60404 MISS_MERGE:          0
cpu0->LLC PREFETCH     ACCESS:          0 HIT:          0 MISS:          0 MISS_MERGE:          0
cpu0->LLC WRITE        ACCESS:     772623 HIT:     208872 MISS:     563751 MISS_MERGE:          0
cpu0->LLC TRANSLATION  ACCESS:     276808 HIT:      15760 MISS:     261048 MISS_MERGE:          0
cpu0->LLC PREFETCH REQUESTED:          0 ISSUED:          0 USEFUL:          0 USELESS:          0
cpu0->LLC AVERAGE MISS LATENCY: 186.4 cycles
cpu0->cpu0_DTLB TOTAL        ACCESS:   18645133 HIT:   11439038 MISS:    7206095 MISS_MERGE:    3138394
cpu0->cpu0_DTLB LOAD         ACCESS:   18645133 HIT:   11439038 MISS:    7206095 MISS_MERGE:    3138394
cpu0->cpu0_DTLB RFO          ACCESS:          0 HIT:          0 MISS:          0 MISS_MERGE:          0
cpu0->cpu0_DTLB PREFETCH     ACCESS:          0 HIT:          0 MISS:          0 MISS_MERGE:          0
cpu0->cpu0_DTLB WRITE        ACCESS:          0 HIT:          0 MISS:          0 MISS_MERGE:          0
cpu0->cpu0_DTLB TRANSLATION  ACCESS:          0 HIT:          0 MISS:          0 MISS_MERGE:          0
cpu0->cpu0_DTLB PREFETCH REQUESTED:          0 ISSUED:          0 USEFUL:          0 USELESS:          0
cpu0->cpu0_DTLB AVERAGE MISS LATENCY: 24.45 cycles
cpu0->cpu0_ITLB TOTAL        ACCESS:     823530 HIT:     823530 MISS:          0 MISS_MERGE:          0
cpu0->cpu0_ITLB LOAD         ACCESS:     823530 HIT:     823530 MISS:          0 MISS_MERGE:          0
cpu0->cpu0_ITLB RFO          ACCESS:          0 HIT:          0 MISS:          0 MISS_MERGE:          0
cpu0->cpu0_ITLB PREFETCH     ACCESS:          0 HIT:          0 MISS:          0 MISS_MERGE:          0
cpu0->cpu0_ITLB WRITE        ACCESS:          0 HIT:          0 MISS:          0 MISS_MERGE:          0
cpu0->cpu0_ITLB TRANSLATION  ACCESS:          0 HIT:          0 MISS:          0 MISS_MERGE:          0
cpu0->cpu0_ITLB PREFETCH REQUESTED:          0 ISSUED:          0 USEFUL:          0 USELESS:          0
cpu0->cpu0_ITLB AVERAGE MISS LATENCY: - cycles
cpu0->cpu0_L1D TOTAL        ACCESS:   19971654 HIT:   10978268 MISS:    8993386 MISS_MERGE:    3322661
cpu0->cpu0_L1D LOAD         ACCESS:   16065668 HIT:    7897102 MISS:    8168566 MISS_MERGE:    3174626
cpu0->cpu0_L1D RFO          ACCESS:          0 HIT:          0 MISS:          0 MISS_MERGE:          0
cpu0->cpu0_L1D PREFETCH     ACCESS:          0 HIT:          0 MISS:          0 MISS_MERGE:          0
cpu0->cpu0_L1D WRITE        ACCESS:    2579466 HIT:    2282243 MISS:     297223 MISS_MERGE:     142073
cpu0->cpu0_L1D TRANSLATION  ACCESS:    1326520 HIT:     798923 MISS:     527597 MISS_MERGE:       5962
cpu0->cpu0_L1D PREFETCH REQUESTED:          0 ISSUED:          0 USEFUL:          0 USELESS:          0
cpu0->cpu0_L1D AVERAGE MISS LATENCY: 134.4 cycles
cpu0->cpu0_L1I TOTAL        ACCESS:     823668 HIT:     823668 MISS:          0 MISS_MERGE:          0
cpu0->cpu0_L1I LOAD         ACCESS:     823668 HIT:     823668 MISS:          0 MISS_MERGE:          0
cpu0->cpu0_L1I RFO          ACCESS:          0 HIT:          0 MISS:          0 MISS_MERGE:          0
cpu0->cpu0_L1I PREFETCH     ACCESS:          0 HIT:          0 MISS:          0 MISS_MERGE:          0
cpu0->cpu0_L1I WRITE        ACCESS:          0 HIT:          0 MISS:          0 MISS_MERGE:          0
cpu0->cpu0_L1I TRANSLATION  ACCESS:          0 HIT:          0 MISS:          0 MISS_MERGE:          0
cpu0->cpu0_L1I PREFETCH REQUESTED:          0 ISSUED:          0 USEFUL:          0 USELESS:          0
cpu0->cpu0_L1I AVERAGE MISS LATENCY: - cycles
cpu0->cpu0_L2C TOTAL        ACCESS:    6885906 HIT:    3169675 MISS:    3716231 MISS_MERGE:          0
cpu0->cpu0_L2C LOAD         ACCESS:    4993939 HIT:    1634040 MISS:    3359899 MISS_MERGE:          0
cpu0->cpu0_L2C RFO          ACCESS:     155150 HIT:      75763 MISS:      79387 MISS_MERGE:          0
cpu0->cpu0_L2C PREFETCH     ACCESS:          0 HIT:          0 MISS:          0 MISS_MERGE:          0
cpu0->cpu0_L2C WRITE        ACCESS:    1215182 HIT:    1215045 MISS:        137 MISS_MERGE:          0
cpu0->cpu0_L2C TRANSLATION  ACCESS:     521635 HIT:     244827 MISS:     276808 MISS_MERGE:          0
cpu0->cpu0_L2C PREFETCH REQUESTED:          0 ISSUED:          0 USEFUL:          0 USELESS:          0
cpu0->cpu0_L2C AVERAGE MISS LATENCY: 191.8 cycles
cpu0->cpu0_STLB TOTAL        ACCESS:    4067701 HIT:    3492912 MISS:     574789 MISS_MERGE:          0
cpu0->cpu0_STLB LOAD         ACCESS:    4067701 HIT:    3492912 MISS:     574789 MISS_MERGE:          0
cpu0->cpu0_STLB RFO          ACCESS:          0 HIT:          0 MISS:          0 MISS_MERGE:          0
cpu0->cpu0_STLB PREFETCH     ACCESS:          0 HIT:          0 MISS:          0 MISS_MERGE:          0
cpu0->cpu0_STLB WRITE        ACCESS:          0 HIT:          0 MISS:          0 MISS_MERGE:          0
cpu0->cpu0_STLB TRANSLATION  ACCESS:          0 HIT:          0 MISS:          0 MISS_MERGE:          0
cpu0->cpu0_STLB PREFETCH REQUESTED:          0 ISSUED:          0 USEFUL:          0 USELESS:          0
cpu0->cpu0_STLB AVERAGE MISS LATENCY: 136.6 cycles

DRAM Statistics

Channel 0 RQ ROW_BUFFER_HIT:       3029
  ROW_BUFFER_MISS:    2969032
  AVG DBUS CONGESTED CYCLE: 9.183
Channel 0 WQ ROW_BUFFER_HIT:     183891
  ROW_BUFFER_MISS:     384055
  FULL:          0
Channel 0 REFRESHES ISSUED:      30362
