[VMEM] WARNING: physical memory size is smaller than virtual memory size.

*** ChampSim Multicore Out-of-Order Simulator ***
Warmup Instructions: 12500000
Simulation Instructions: 50000000
Number of CPUs: 1
Page size: 4096

Off-chip DRAM Size: 16 GiB Channels: 1 Width: 64-bit Data Rate: 3205 MT/s
Heartbeat CPU 0 instructions: 10000002 cycles: 3344876 heartbeat IPC: 2.99 cumulative IPC: 2.99 (Simulation time: 00 hr 00 min 29 sec)
Warmup finished CPU 0 instructions: 12500003 cycles: 4460199 cumulative IPC: 2.803 (Simulation time: 00 hr 00 min 38 sec)
Warmup complete CPU 0 instructions: 12500003 cycles: 4460199 cumulative IPC: 2.803 (Simulation time: 00 hr 00 min 38 sec)
Heartbeat CPU 0 instructions: 20000006 cycles: 24239486 heartbeat IPC: 0.4786 cumulative IPC: 0.3792 (Simulation time: 00 hr 01 min 32 sec)
Heartbeat CPU 0 instructions: 30000007 cycles: 45715739 heartbeat IPC: 0.4656 cumulative IPC: 0.4242 (Simulation time: 00 hr 03 min 02 sec)
Heartbeat CPU 0 instructions: 40000009 cycles: 78091548 heartbeat IPC: 0.3089 cumulative IPC: 0.3735 (Simulation time: 00 hr 05 min 36 sec)
Heartbeat CPU 0 instructions: 50000009 cycles: 96155898 heartbeat IPC: 0.5536 cumulative IPC: 0.409 (Simulation time: 00 hr 06 min 35 sec)
Heartbeat CPU 0 instructions: 60000010 cycles: 112857840 heartbeat IPC: 0.5987 cumulative IPC: 0.4382 (Simulation time: 00 hr 07 min 31 sec)
Simulation finished CPU 0 instructions: 50000004 cycles: 111147332 cumulative IPC: 0.4499 (Simulation time: 00 hr 07 min 41 sec)
Simulation complete CPU 0 instructions: 50000004 cycles: 111147332 cumulative IPC: 0.4499 (Simulation time: 00 hr 07 min 41 sec)

ChampSim completed all CPUs

=== Simulation ===
CPU 0 runs traces/403.gcc-17B.champsimtrace.xz

Region of Interest Statistics

CPU 0 cumulative IPC: 0.4499 instructions: 50000004 cycles: 111147332
CPU 0 Branch Prediction Accuracy: 91.45% MPKI: 17.95 Average ROB Occupancy at Mispredict: 31.14
Branch type MPKI
BRANCH_DIRECT_JUMP: 0.1334
BRANCH_INDIRECT: 0.4934
BRANCH_CONDITIONAL: 17.21
BRANCH_DIRECT_CALL: 0.1022
BRANCH_INDIRECT_CALL: 0.002
BRANCH_RETURN: 0.00512

cpu0->LLC TOTAL        ACCESS:    2259255 HIT:     102655 MISS:    2156600 MISS_MERGE:          1
cpu0->LLC LOAD         ACCESS:     335089 HIT:      81112 MISS:     253977 MISS_MERGE:          1
cpu0->LLC RFO          ACCESS:     937999 HIT:        555 MISS:     937444 MISS_MERGE:          0
cpu0->LLC PREFETCH     ACCESS:          0 HIT:          0 MISS:          0 MISS_MERGE:          0
cpu0->LLC WRITE        ACCESS:     974743 HIT:      17855 MISS:     956888 MISS_MERGE:          0
cpu0->LLC TRANSLATION  ACCESS:      11424 HIT:       3133 MISS:       8291 MISS_MERGE:          0
cpu0->LLC PREFETCH REQUESTED:          0 ISSUED:          0 USEFUL:          0 USELESS:          0
cpu0->LLC AVERAGE MISS LATENCY: 293.5 cycles
cpu0->cpu0_DTLB TOTAL        ACCESS:   21967226 HIT:   20974763 MISS:     992463 MISS_MERGE:     429633
cpu0->cpu0_DTLB LOAD         ACCESS:   21967226 HIT:   20974763 MISS:     992463 MISS_MERGE:     429633
cpu0->cpu0_DTLB RFO          ACCESS:          0 HIT:          0 MISS:          0 MISS_MERGE:          0
cpu0->cpu0_DTLB PREFETCH     ACCESS:          0 HIT:          0 MISS:          0 MISS_MERGE:          0
cpu0->cpu0_DTLB WRITE        ACCESS:          0 HIT:          0 MISS:          0 MISS_MERGE:          0
cpu0->cpu0_DTLB TRANSLATION  ACCESS:          0 HIT:          0 MISS:          0 MISS_MERGE:          0
cpu0->cpu0_DTLB PREFETCH REQUESTED:          0 ISSUED:          0 USEFUL:          0 USELESS:          0
cpu0->cpu0_DTLB AVERAGE MISS LATENCY: 17.11 cycles
cpu0->cpu0_ITLB TOTAL        ACCESS:    6028569 HIT:    6024899 MISS:       3670 MISS_MERGE:       2261
cpu0->cpu0_ITLB LOAD         ACCESS:    6028569 HIT:    6024899 MISS:       3670 MISS_MERGE:       2261
cpu0->cpu0_ITLB RFO          ACCESS:          0 HIT:          0 MISS:          0 MISS_MERGE:          0
cpu0->cpu0_ITLB PREFETCH     ACCESS:          0 HIT:          0 MISS:          0 MISS_MERGE:          0
cpu0->cpu0_ITLB WRITE        ACCESS:          0 HIT:          0 MISS:          0 MISS_MERGE:          0
cpu0->cpu0_ITLB TRANSLATION  ACCESS:          0 HIT:          0 MISS:          0 MISS_MERGE:          0
cpu0->cpu0_ITLB PREFETCH REQUESTED:          0 ISSUED:          0 USEFUL:          0 USELESS:          0
cpu0->cpu0_ITLB AVERAGE MISS LATENCY: 13 cycles
cpu0->cpu0_L1D TOTAL        ACCESS:   22054817 HIT:   13760754 MISS:    8294063 MISS_MERGE:    6817681
cpu0->cpu0_L1D LOAD         ACCESS:    9668500 HIT:    8825822 MISS:     842678 MISS_MERGE:     321075
cpu0->cpu0_L1D RFO          ACCESS:          0 HIT:          0 MISS:          0 MISS_MERGE:          0
cpu0->cpu0_L1D PREFETCH     ACCESS:          0 HIT:          0 MISS:          0 MISS_MERGE:          0
cpu0->cpu0_L1D WRITE        ACCESS:   12298726 HIT:    4862497 MISS:    7436229 MISS_MERGE:    6496580
cpu0->cpu0_L1D TRANSLATION  ACCESS:      87591 HIT:      72435 MISS:      15156 MISS_MERGE:         26
cpu0->cpu0_L1D PREFETCH REQUESTED:          0 ISSUED:          0 USEFUL:          0 USELESS:          0
cpu0->cpu0_L1D AVERAGE MISS LATENCY: 445.5 cycles
cpu0->cpu0_L1I TOTAL        ACCESS:    6028569 HIT:    6026425 MISS:       2144 MISS_MERGE:        425
cpu0->cpu0_L1I LOAD         ACCESS:    6028569 HIT:    6026425 MISS:       2144 MISS_MERGE:        425
cpu0->cpu0_L1I RFO          ACCESS:          0 HIT:          0 MISS:          0 MISS_MERGE:          0
cpu0->cpu0_L1I PREFETCH     ACCESS:          0 HIT:          0 MISS:          0 MISS_MERGE:          0
cpu0->cpu0_L1I WRITE        ACCESS:          0 HIT:          0 MISS:          0 MISS_MERGE:          0
cpu0->cpu0_L1I TRANSLATION  ACCESS:          0 HIT:          0 MISS:          0 MISS_MERGE:          0
cpu0->cpu0_L1I PREFETCH REQUESTED:          0 ISSUED:          0 USEFUL:          0 USELESS:          0
cpu0->cpu0_L1I AVERAGE MISS LATENCY: 69.94 cycles
cpu0->cpu0_L2C TOTAL        ACCESS:    2462048 HIT:    1177366 MISS:    1284682 MISS_MERGE:          1
cpu0->cpu0_L2C LOAD         ACCESS:     523322 HIT:     188233 MISS:     335089 MISS_MERGE:          0
cpu0->cpu0_L2C RFO          ACCESS:     939649 HIT:       1649 MISS:     938000 MISS_MERGE:          1
cpu0->cpu0_L2C PREFETCH     ACCESS:          0 HIT:          0 MISS:          0 MISS_MERGE:          0
cpu0->cpu0_L2C WRITE        ACCESS:     983947 HIT:     983778 MISS:        169 MISS_MERGE:          0
cpu0->cpu0_L2C TRANSLATION  ACCESS:      15130 HIT:       3706 MISS:      11424 MISS_MERGE:          0
cpu0->cpu0_L2C PREFETCH REQUESTED:          0 ISSUED:          0 USEFUL:          0 USELESS:          0
cpu0->cpu0_L2C AVERAGE MISS LATENCY: 501.9 cycles
cpu0->cpu0_STLB TOTAL        ACCESS:     564239 HIT:     520688 MISS:      43551 MISS_MERGE:          0
cpu0->cpu0_STLB LOAD         ACCESS:     564239 HIT:     520688 MISS:      43551 MISS_MERGE:          0
cpu0->cpu0_STLB RFO          ACCESS:          0 HIT:          0 MISS:          0 MISS_MERGE:          0
cpu0->cpu0_STLB PREFETCH     ACCESS:          0 HIT:          0 MISS:          0 MISS_MERGE:          0
cpu0->cpu0_STLB WRITE        ACCESS:          0 HIT:          0 MISS:          0 MISS_MERGE:          0
cpu0->cpu0_STLB TRANSLATION  ACCESS:          0 HIT:          0 MISS:          0 MISS_MERGE:          0
cpu0->cpu0_STLB PREFETCH REQUESTED:          0 ISSUED:          0 USEFUL:          0 USELESS:          0
cpu0->cpu0_STLB AVERAGE MISS LATENCY: 155.8 cycles

DRAM Statistics

Channel 0 RQ ROW_BUFFER_HIT:     112689
  ROW_BUFFER_MISS:    1087016
  AVG DBUS CONGESTED CYCLE: 7.033
Channel 0 WQ ROW_BUFFER_HIT:     117512
  ROW_BUFFER_MISS:     853684
  FULL:          0
Channel 0 REFRESHES ISSUED:       9262
