[VMEM] WARNING: physical memory size is smaller than virtual memory size.

*** ChampSim Multicore Out-of-Order Simulator ***
Warmup Instructions: 12500000
Simulation Instructions: 50000000
Number of CPUs: 1
Page size: 4096

Off-chip DRAM Size: 16 GiB Channels: 1 Width: 64-bit Data Rate: 3205 MT/s
Heartbeat CPU 0 instructions: 10000000 cycles: 5027733 heartbeat IPC: 1.989 cumulative IPC: 1.989 (Simulation time: 00 hr 00 min 42 sec)
Warmup finished CPU 0 instructions: 12500004 cycles: 6107686 cumulative IPC: 2.047 (Simulation time: 00 hr 00 min 52 sec)
Warmup complete CPU 0 instructions: 12500004 cycles: 6107686 cumulative IPC: 2.047 (Simulation time: 00 hr 00 min 52 sec)
Heartbeat CPU 0 instructions: 20000001 cycles: 29313162 heartbeat IPC: 0.4118 cumulative IPC: 0.3232 (Simulation time: 00 hr 02 min 04 sec)
Heartbeat CPU 0 instructions: 30000001 cycles: 63413172 heartbeat IPC: 0.2933 cumulative IPC: 0.3054 (Simulation time: 00 hr 03 min 50 sec)
Heartbeat CPU 0 instructions: 40000001 cycles: 94044202 heartbeat IPC: 0.3265 cumulative IPC: 0.3127 (Simulation time: 00 hr 05 min 22 sec)
Heartbeat CPU 0 instructions: 50000005 cycles: 127292838 heartbeat IPC: 0.3008 cumulative IPC: 0.3094 (Simulation time: 00 hr 07 min 03 sec)
Heartbeat CPU 0 instructions: 60000006 cycles: 161203691 heartbeat IPC: 0.2949 cumulative IPC: 0.3063 (Simulation time: 00 hr 08 min 45 sec)
Simulation finished CPU 0 instructions: 50000000 cycles: 163726427 cumulative IPC: 0.3054 (Simulation time: 00 hr 09 min 10 sec)
Simulation complete CPU 0 instructions: 50000000 cycles: 163726427 cumulative IPC: 0.3054 (Simulation time: 00 hr 09 min 10 sec)

ChampSim completed all CPUs

=== Simulation ===
CPU 0 runs traces/471.omnetpp-188B.champsimtrace.xz

Region of Interest Statistics

CPU 0 cumulative IPC: 0.3054 instructions: 50000000 cycles: 163726427
CPU 0 Branch Prediction Accuracy: 93.3% MPKI: 16.1 Average ROB Occupancy at Mispredict: 38.81
Branch type MPKI
BRANCH_DIRECT_JUMP: 0.00134
BRANCH_INDIRECT: 0.1254
BRANCH_CONDITIONAL: 15.32
BRANCH_DIRECT_CALL: 0.00068
BRANCH_INDIRECT_CALL: 0.1324
BRANCH_RETURN: 0.5249

cpu0->LLC TOTAL        ACCESS:    1527059 HIT:     269068 MISS:    1257991 MISS_MERGE:          0
cpu0->LLC LOAD         ACCESS:     872110 HIT:     101167 MISS:     770943 MISS_MERGE:          0
cpu0->LLC RFO          ACCESS:     149183 HIT:      20182 MISS:     129001 MISS_MERGE:          0
cpu0->LLC PREFETCH     ACCESS:          0 HIT:          0 MISS:          0 MISS_MERGE:          0
cpu0->LLC WRITE        ACCESS:     423727 HIT:      88823 MISS:     334904 MISS_MERGE:          0
cpu0->LLC TRANSLATION  ACCESS:      82039 HIT:      58896 MISS:      23143 MISS_MERGE:          0
cpu0->LLC PREFETCH REQUESTED:          0 ISSUED:          0 USEFUL:          0 USELESS:          0
cpu0->LLC AVERAGE MISS LATENCY: 143.5 cycles
cpu0->cpu0_DTLB TOTAL        ACCESS:   21073596 HIT:   19559882 MISS:    1513714 MISS_MERGE:     545925
cpu0->cpu0_DTLB LOAD         ACCESS:   21073596 HIT:   19559882 MISS:    1513714 MISS_MERGE:     545925
cpu0->cpu0_DTLB RFO          ACCESS:          0 HIT:          0 MISS:          0 MISS_MERGE:          0
cpu0->cpu0_DTLB PREFETCH     ACCESS:          0 HIT:          0 MISS:          0 MISS_MERGE:          0
cpu0->cpu0_DTLB WRITE        ACCESS:          0 HIT:          0 MISS:          0 MISS_MERGE:          0
cpu0->cpu0_DTLB TRANSLATION  ACCESS:          0 HIT:          0 MISS:          0 MISS_MERGE:          0
cpu0->cpu0_DTLB PREFETCH REQUESTED:          0 ISSUED:          0 USEFUL:          0 USELESS:          0
cpu0->cpu0_DTLB AVERAGE MISS LATENCY: 17.88 cycles
cpu0->cpu0_ITLB TOTAL        ACCESS:    5664944 HIT:    5607381 MISS:      57563 MISS_MERGE:      34280
cpu0->cpu0_ITLB LOAD         ACCESS:    5664944 HIT:    5607381 MISS:      57563 MISS_MERGE:      34280
cpu0->cpu0_ITLB RFO          ACCESS:          0 HIT:          0 MISS:          0 MISS_MERGE:          0
cpu0->cpu0_ITLB PREFETCH     ACCESS:          0 HIT:          0 MISS:          0 MISS_MERGE:          0
cpu0->cpu0_ITLB WRITE        ACCESS:          0 HIT:          0 MISS:          0 MISS_MERGE:          0
cpu0->cpu0_ITLB TRANSLATION  ACCESS:          0 HIT:          0 MISS:          0 MISS_MERGE:          0
cpu0->cpu0_ITLB PREFETCH REQUESTED:          0 ISSUED:          0 USEFUL:          0 USELESS:          0
cpu0->cpu0_ITLB AVERAGE MISS LATENCY: 5.716 cycles
cpu0->cpu0_L1D TOTAL        ACCESS:   21507797 HIT:   18896355 MISS:    2611442 MISS_MERGE:    1319075
cpu0->cpu0_L1D LOAD         ACCESS:   12649376 HIT:   10876755 MISS:    1772621 MISS_MERGE:     778819
cpu0->cpu0_L1D RFO          ACCESS:          0 HIT:          0 MISS:          0 MISS_MERGE:          0
cpu0->cpu0_L1D PREFETCH     ACCESS:          0 HIT:          0 MISS:          0 MISS_MERGE:          0
cpu0->cpu0_L1D WRITE        ACCESS:    8424221 HIT:    7723668 MISS:     700553 MISS_MERGE:     537886
cpu0->cpu0_L1D TRANSLATION  ACCESS:     434200 HIT:     295932 MISS:     138268 MISS_MERGE:       2370
cpu0->cpu0_L1D PREFETCH REQUESTED:          0 ISSUED:          0 USEFUL:          0 USELESS:          0
cpu0->cpu0_L1D AVERAGE MISS LATENCY: 159.6 cycles
cpu0->cpu0_L1I TOTAL        ACCESS:    5664944 HIT:    5661864 MISS:       3080 MISS_MERGE:        669
cpu0->cpu0_L1I LOAD         ACCESS:    5664944 HIT:    5661864 MISS:       3080 MISS_MERGE:        669
cpu0->cpu0_L1I RFO          ACCESS:          0 HIT:          0 MISS:          0 MISS_MERGE:          0
cpu0->cpu0_L1I PREFETCH     ACCESS:          0 HIT:          0 MISS:          0 MISS_MERGE:          0
cpu0->cpu0_L1I WRITE        ACCESS:          0 HIT:          0 MISS:          0 MISS_MERGE:          0
cpu0->cpu0_L1I TRANSLATION  ACCESS:          0 HIT:          0 MISS:          0 MISS_MERGE:          0
cpu0->cpu0_L1I PREFETCH REQUESTED:          0 ISSUED:          0 USEFUL:          0 USELESS:          0
cpu0->cpu0_L1I AVERAGE MISS LATENCY: 106.8 cycles
cpu0->cpu0_L2C TOTAL        ACCESS:    1774480 HIT:     670039 MISS:    1104441 MISS_MERGE:          0
cpu0->cpu0_L2C LOAD         ACCESS:     996213 HIT:     124103 MISS:     872110 MISS_MERGE:          0
cpu0->cpu0_L2C RFO          ACCESS:     162667 HIT:      13484 MISS:     149183 MISS_MERGE:          0
cpu0->cpu0_L2C PREFETCH     ACCESS:          0 HIT:          0 MISS:          0 MISS_MERGE:          0
cpu0->cpu0_L2C WRITE        ACCESS:     479702 HIT:     478593 MISS:       1109 MISS_MERGE:          0
cpu0->cpu0_L2C TRANSLATION  ACCESS:     135898 HIT:      53859 MISS:      82039 MISS_MERGE:          0
cpu0->cpu0_L2C PREFETCH REQUESTED:          0 ISSUED:          0 USEFUL:          0 USELESS:          0
cpu0->cpu0_L2C AVERAGE MISS LATENCY: 176.6 cycles
cpu0->cpu0_STLB TOTAL        ACCESS:     991072 HIT:     778422 MISS:     212650 MISS_MERGE:          0
cpu0->cpu0_STLB LOAD         ACCESS:     991072 HIT:     778422 MISS:     212650 MISS_MERGE:          0
cpu0->cpu0_STLB RFO          ACCESS:          0 HIT:          0 MISS:          0 MISS_MERGE:          0
cpu0->cpu0_STLB PREFETCH     ACCESS:          0 HIT:          0 MISS:          0 MISS_MERGE:          0
cpu0->cpu0_STLB WRITE        ACCESS:          0 HIT:          0 MISS:          0 MISS_MERGE:          0
cpu0->cpu0_STLB TRANSLATION  ACCESS:          0 HIT:          0 MISS:          0 MISS_MERGE:          0
cpu0->cpu0_STLB PREFETCH REQUESTED:          0 ISSUED:          0 USEFUL:          0 USELESS:          0
cpu0->cpu0_STLB AVERAGE MISS LATENCY: 57.67 cycles

DRAM Statistics

Channel 0 RQ ROW_BUFFER_HIT:      21340
  ROW_BUFFER_MISS:     901714
  AVG DBUS CONGESTED CYCLE: 19.36
Channel 0 WQ ROW_BUFFER_HIT:     113332
  ROW_BUFFER_MISS:     233806
  FULL:          0
Channel 0 REFRESHES ISSUED:      13644
