[VMEM] WARNING: physical memory size is smaller than virtual memory size.

*** ChampSim Multicore Out-of-Order Simulator ***
Warmup Instructions: 12500000
Simulation Instructions: 50000000
Number of CPUs: 1
Page size: 4096

Off-chip DRAM Size: 16 GiB Channels: 1 Width: 64-bit Data Rate: 3205 MT/s
Heartbeat CPU 0 instructions: 10000001 cycles: 5027425 heartbeat IPC: 1.989 cumulative IPC: 1.989 (Simulation time: 00 hr 00 min 39 sec)
Warmup finished CPU 0 instructions: 12500004 cycles: 6106874 cumulative IPC: 2.047 (Simulation time: 00 hr 00 min 48 sec)
Warmup complete CPU 0 instructions: 12500004 cycles: 6106874 cumulative IPC: 2.047 (Simulation time: 00 hr 00 min 48 sec)
Heartbeat CPU 0 instructions: 20000001 cycles: 30280077 heartbeat IPC: 0.396 cumulative IPC: 0.3103 (Simulation time: 00 hr 01 min 59 sec)
Heartbeat CPU 0 instructions: 30000001 cycles: 66664037 heartbeat IPC: 0.2748 cumulative IPC: 0.289 (Simulation time: 00 hr 03 min 53 sec)
Heartbeat CPU 0 instructions: 40000001 cycles: 98764107 heartbeat IPC: 0.3115 cumulative IPC: 0.2968 (Simulation time: 00 hr 05 min 31 sec)
Heartbeat CPU 0 instructions: 50000005 cycles: 133897128 heartbeat IPC: 0.2846 cumulative IPC: 0.2934 (Simulation time: 00 hr 07 min 25 sec)
Heartbeat CPU 0 instructions: 60000006 cycles: 170331006 heartbeat IPC: 0.2745 cumulative IPC: 0.2892 (Simulation time: 00 hr 09 min 13 sec)
Simulation finished CPU 0 instructions: 50000000 cycles: 172817079 cumulative IPC: 0.2893 (Simulation time: 00 hr 09 min 39 sec)
Simulation complete CPU 0 instructions: 50000000 cycles: 172817079 cumulative IPC: 0.2893 (Simulation time: 00 hr 09 min 39 sec)

ChampSim completed all CPUs

=== Simulation ===
CPU 0 runs traces/471.omnetpp-188B.champsimtrace.xz

Region of Interest Statistics

CPU 0 cumulative IPC: 0.2893 instructions: 50000000 cycles: 172817079
CPU 0 Branch Prediction Accuracy: 93.3% MPKI: 16.1 Average ROB Occupancy at Mispredict: 38.77
Branch type MPKI
BRANCH_DIRECT_JUMP: 0.00134
BRANCH_INDIRECT: 0.1254
BRANCH_CONDITIONAL: 15.32
BRANCH_DIRECT_CALL: 0.00068
BRANCH_INDIRECT_CALL: 0.1324
BRANCH_RETURN: 0.5249

cpu0->LLC TOTAL        ACCESS:    1527105 HIT:     145232 MISS:    1381873 MISS_MERGE:          0
cpu0->LLC LOAD         ACCESS:     872035 HIT:      52612 MISS:     819423 MISS_MERGE:          0
cpu0->LLC RFO          ACCESS:     149292 HIT:      12288 MISS:     137004 MISS_MERGE:          0
cpu0->LLC PREFETCH     ACCESS:          0 HIT:          0 MISS:          0 MISS_MERGE:          0
cpu0->LLC WRITE        ACCESS:     423743 HIT:      45155 MISS:     378588 MISS_MERGE:          0
cpu0->LLC TRANSLATION  ACCESS:      82035 HIT:      35177 MISS:      46858 MISS_MERGE:          0
cpu0->LLC PREFETCH REQUESTED:          0 ISSUED:          0 USEFUL:          0 USELESS:          0
cpu0->LLC AVERAGE MISS LATENCY: 142.9 cycles
cpu0->cpu0_DTLB TOTAL        ACCESS:   21074651 HIT:   19559673 MISS:    1514978 MISS_MERGE:     547197
cpu0->cpu0_DTLB LOAD         ACCESS:   21074651 HIT:   19559673 MISS:    1514978 MISS_MERGE:     547197
cpu0->cpu0_DTLB RFO          ACCESS:          0 HIT:          0 MISS:          0 MISS_MERGE:          0
cpu0->cpu0_DTLB PREFETCH     ACCESS:          0 HIT:          0 MISS:          0 MISS_MERGE:          0
cpu0->cpu0_DTLB WRITE        ACCESS:          0 HIT:          0 MISS:          0 MISS_MERGE:          0
cpu0->cpu0_DTLB TRANSLATION  ACCESS:          0 HIT:          0 MISS:          0 MISS_MERGE:          0
cpu0->cpu0_DTLB PREFETCH REQUESTED:          0 ISSUED:          0 USEFUL:          0 USELESS:          0
cpu0->cpu0_DTLB AVERAGE MISS LATENCY: 22.83 cycles
cpu0->cpu0_ITLB TOTAL        ACCESS:    5665545 HIT:    5607988 MISS:      57557 MISS_MERGE:      34274
cpu0->cpu0_ITLB LOAD         ACCESS:    5665545 HIT:    5607988 MISS:      57557 MISS_MERGE:      34274
cpu0->cpu0_ITLB RFO          ACCESS:          0 HIT:          0 MISS:          0 MISS_MERGE:          0
cpu0->cpu0_ITLB PREFETCH     ACCESS:          0 HIT:          0 MISS:          0 MISS_MERGE:          0
cpu0->cpu0_ITLB WRITE        ACCESS:          0 HIT:          0 MISS:          0 MISS_MERGE:          0
cpu0->cpu0_ITLB TRANSLATION  ACCESS:          0 HIT:          0 MISS:          0 MISS_MERGE:          0
cpu0->cpu0_ITLB PREFETCH REQUESTED:          0 ISSUED:          0 USEFUL:          0 USELESS:          0
cpu0->cpu0_ITLB AVERAGE MISS LATENCY: 6.609 cycles
cpu0->cpu0_L1D TOTAL        ACCESS:   21508847 HIT:   18884456 MISS:    2624391 MISS_MERGE:    1332026
cpu0->cpu0_L1D LOAD         ACCESS:   12650431 HIT:   10873839 MISS:    1776592 MISS_MERGE:     782902
cpu0->cpu0_L1D RFO          ACCESS:          0 HIT:          0 MISS:          0 MISS_MERGE:          0
cpu0->cpu0_L1D PREFETCH     ACCESS:          0 HIT:          0 MISS:          0 MISS_MERGE:          0
cpu0->cpu0_L1D WRITE        ACCESS:    8424221 HIT:    7714717 MISS:     709504 MISS_MERGE:     546723
cpu0->cpu0_L1D TRANSLATION  ACCESS:     434195 HIT:     295900 MISS:     138295 MISS_MERGE:       2401
cpu0->cpu0_L1D PREFETCH REQUESTED:          0 ISSUED:          0 USEFUL:          0 USELESS:          0
cpu0->cpu0_L1D AVERAGE MISS LATENCY: 172.5 cycles
cpu0->cpu0_L1I TOTAL        ACCESS:    5665545 HIT:    5662460 MISS:       3085 MISS_MERGE:        673
cpu0->cpu0_L1I LOAD         ACCESS:    5665545 HIT:    5662460 MISS:       3085 MISS_MERGE:        673
cpu0->cpu0_L1I RFO          ACCESS:          0 HIT:          0 MISS:          0 MISS_MERGE:          0
cpu0->cpu0_L1I PREFETCH     ACCESS:          0 HIT:          0 MISS:          0 MISS_MERGE:          0
cpu0->cpu0_L1I WRITE        ACCESS:          0 HIT:          0 MISS:          0 MISS_MERGE:          0
cpu0->cpu0_L1I TRANSLATION  ACCESS:          0 HIT:          0 MISS:          0 MISS_MERGE:          0
cpu0->cpu0_L1I PREFETCH REQUESTED:          0 ISSUED:          0 USEFUL:          0 USELESS:          0
cpu0->cpu0_L1I AVERAGE MISS LATENCY: 136 cycles
cpu0->cpu0_L2C TOTAL        ACCESS:    1774455 HIT:     669973 MISS:    1104482 MISS_MERGE:          1
cpu0->cpu0_L2C LOAD         ACCESS:     996102 HIT:     124067 MISS:     872035 MISS_MERGE:          0
cpu0->cpu0_L2C RFO          ACCESS:     162781 HIT:      13488 MISS:     149293 MISS_MERGE:          1
cpu0->cpu0_L2C PREFETCH     ACCESS:          0 HIT:          0 MISS:          0 MISS_MERGE:          0
cpu0->cpu0_L2C WRITE        ACCESS:     479678 HIT:     478559 MISS:       1119 MISS_MERGE:          0
cpu0->cpu0_L2C TRANSLATION  ACCESS:     135894 HIT:      53859 MISS:      82035 MISS_MERGE:          0
cpu0->cpu0_L2C PREFETCH REQUESTED:          0 ISSUED:          0 USEFUL:          0 USELESS:          0
cpu0->cpu0_L2C AVERAGE MISS LATENCY: 191.7 cycles
cpu0->cpu0_STLB TOTAL        ACCESS:     991064 HIT:     778415 MISS:     212649 MISS_MERGE:          0
cpu0->cpu0_STLB LOAD         ACCESS:     991064 HIT:     778415 MISS:     212649 MISS_MERGE:          0
cpu0->cpu0_STLB RFO          ACCESS:          0 HIT:          0 MISS:          0 MISS_MERGE:          0
cpu0->cpu0_STLB PREFETCH     ACCESS:          0 HIT:          0 MISS:          0 MISS_MERGE:          0
cpu0->cpu0_STLB WRITE        ACCESS:          0 HIT:          0 MISS:          0 MISS_MERGE:          0
cpu0->cpu0_STLB TRANSLATION  ACCESS:          0 HIT:          0 MISS:          0 MISS_MERGE:          0
cpu0->cpu0_STLB PREFETCH REQUESTED:          0 ISSUED:          0 USEFUL:          0 USELESS:          0
cpu0->cpu0_STLB AVERAGE MISS LATENCY: 80.33 cycles

DRAM Statistics

Channel 0 RQ ROW_BUFFER_HIT:      20750
  ROW_BUFFER_MISS:     982485
  AVG DBUS CONGESTED CYCLE: 18.66
Channel 0 WQ ROW_BUFFER_HIT:     125150
  ROW_BUFFER_MISS:     251560
  FULL:          0
Channel 0 REFRESHES ISSUED:      14402
