[VMEM] WARNING: physical memory size is smaller than virtual memory size.

*** ChampSim Multicore Out-of-Order Simulator ***
Warmup Instructions: 12500000
Simulation Instructions: 50000000
Number of CPUs: 1
Page size: 4096

Off-chip DRAM Size: 16 GiB Channels: 1 Width: 64-bit Data Rate: 3205 MT/s
Heartbeat CPU 0 instructions: 10000004 cycles: 5094581 heartbeat IPC: 1.963 cumulative IPC: 1.963 (Simulation time: 00 hr 00 min 43 sec)
Warmup finished CPU 0 instructions: 12500001 cycles: 6136972 cumulative IPC: 2.037 (Simulation time: 00 hr 00 min 52 sec)
Warmup complete CPU 0 instructions: 12500001 cycles: 6136972 cumulative IPC: 2.037 (Simulation time: 00 hr 00 min 52 sec)
Heartbeat CPU 0 instructions: 20000006 cycles: 55519274 heartbeat IPC: 0.1983 cumulative IPC: 0.1519 (Simulation time: 00 hr 03 min 32 sec)
Heartbeat CPU 0 instructions: 30000009 cycles: 126151508 heartbeat IPC: 0.1416 cumulative IPC: 0.1458 (Simulation time: 00 hr 07 min 21 sec)
Heartbeat CPU 0 instructions: 40000009 cycles: 188108905 heartbeat IPC: 0.1614 cumulative IPC: 0.1511 (Simulation time: 00 hr 10 min 40 sec)
Heartbeat CPU 0 instructions: 50000009 cycles: 264928630 heartbeat IPC: 0.1302 cumulative IPC: 0.1449 (Simulation time: 00 hr 14 min 47 sec)
Heartbeat CPU 0 instructions: 60000010 cycles: 329741228 heartbeat IPC: 0.1543 cumulative IPC: 0.1468 (Simulation time: 00 hr 18 min 10 sec)
Simulation finished CPU 0 instructions: 50000000 cycles: 343415466 cumulative IPC: 0.1456 (Simulation time: 00 hr 19 min 16 sec)
Simulation complete CPU 0 instructions: 50000000 cycles: 343415466 cumulative IPC: 0.1456 (Simulation time: 00 hr 19 min 16 sec)

ChampSim completed all CPUs

=== Simulation ===
CPU 0 runs traces/429.mcf-51B.champsimtrace.xz

Region of Interest Statistics

CPU 0 cumulative IPC: 0.1456 instructions: 50000000 cycles: 343415466
CPU 0 Branch Prediction Accuracy: 85.8% MPKI: 34.3 Average ROB Occupancy at Mispredict: 28.16
Branch type MPKI
BRANCH_DIRECT_JUMP: 0.7198
BRANCH_INDIRECT: 0
BRANCH_CONDITIONAL: 33.58
BRANCH_DIRECT_CALL: 0
BRANCH_INDIRECT_CALL: 0
BRANCH_RETURN: 0

cpu0->LLC TOTAL        ACCESS:    4487684 HIT:    1212472 MISS:    3275212 MISS_MERGE:          0
cpu0->LLC LOAD         ACCESS:    3359858 HIT:     864161 MISS:    2495697 MISS_MERGE:          0
cpu0->LLC RFO          ACCESS:      79487 HIT:      27768 MISS:      51719 MISS_MERGE:          0
cpu0->LLC PREFETCH     ACCESS:          0 HIT:          0 MISS:          0 MISS_MERGE:          0
cpu0->LLC WRITE        ACCESS:     772885 HIT:     275343 MISS:     497542 MISS_MERGE:          0
cpu0->LLC TRANSLATION  ACCESS:     275454 HIT:      45200 MISS:     230254 MISS_MERGE:          0
cpu0->LLC PREFETCH REQUESTED:          0 ISSUED:          0 USEFUL:          0 USELESS:          0
cpu0->LLC AVERAGE MISS LATENCY: 187.3 cycles
cpu0->cpu0_DTLB TOTAL        ACCESS:   18639882 HIT:   11437404 MISS:    7202478 MISS_MERGE:    3134793
cpu0->cpu0_DTLB LOAD         ACCESS:   18639882 HIT:   11437404 MISS:    7202478 MISS_MERGE:    3134793
cpu0->cpu0_DTLB RFO          ACCESS:          0 HIT:          0 MISS:          0 MISS_MERGE:          0
cpu0->cpu0_DTLB PREFETCH     ACCESS:          0 HIT:          0 MISS:          0 MISS_MERGE:          0
cpu0->cpu0_DTLB WRITE        ACCESS:          0 HIT:          0 MISS:          0 MISS_MERGE:          0
cpu0->cpu0_DTLB TRANSLATION  ACCESS:          0 HIT:          0 MISS:          0 MISS_MERGE:          0
cpu0->cpu0_DTLB PREFETCH REQUESTED:          0 ISSUED:          0 USEFUL:          0 USELESS:          0
cpu0->cpu0_DTLB AVERAGE MISS LATENCY: 22.76 cycles
cpu0->cpu0_ITLB TOTAL        ACCESS:     824973 HIT:     824973 MISS:          0 MISS_MERGE:          0
cpu0->cpu0_ITLB LOAD         ACCESS:     824973 HIT:     824973 MISS:          0 MISS_MERGE:          0
cpu0->cpu0_ITLB RFO          ACCESS:          0 HIT:          0 MISS:          0 MISS_MERGE:          0
cpu0->cpu0_ITLB PREFETCH     ACCESS:          0 HIT:          0 MISS:          0 MISS_MERGE:          0
cpu0->cpu0_ITLB WRITE        ACCESS:          0 HIT:          0 MISS:          0 MISS_MERGE:          0
cpu0->cpu0_ITLB TRANSLATION  ACCESS:          0 HIT:          0 MISS:          0 MISS_MERGE:          0
cpu0->cpu0_ITLB PREFETCH REQUESTED:          0 ISSUED:          0 USEFUL:          0 USELESS:          0
cpu0->cpu0_ITLB AVERAGE MISS LATENCY: - cycles
cpu0->cpu0_L1D TOTAL        ACCESS:   19966782 HIT:   10966406 MISS:    9000376 MISS_MERGE:    3329596
cpu0->cpu0_L1D LOAD         ACCESS:   16060418 HIT:    7885511 MISS:    8174907 MISS_MERGE:    3180948
cpu0->cpu0_L1D RFO          ACCESS:          0 HIT:          0 MISS:          0 MISS_MERGE:          0
cpu0->cpu0_L1D PREFETCH     ACCESS:          0 HIT:          0 MISS:          0 MISS_MERGE:          0
cpu0->cpu0_L1D WRITE        ACCESS:    2579466 HIT:    2282335 MISS:     297131 MISS_MERGE:     141986
cpu0->cpu0_L1D TRANSLATION  ACCESS:    1326898 HIT:     798560 MISS:     528338 MISS_MERGE:       6662
cpu0->cpu0_L1D PREFETCH REQUESTED:          0 ISSUED:          0 USEFUL:          0 USELESS:          0
cpu0->cpu0_L1D AVERAGE MISS LATENCY: 126.4 cycles
cpu0->cpu0_L1I TOTAL        ACCESS:     825111 HIT:     825111 MISS:          0 MISS_MERGE:          0
cpu0->cpu0_L1I LOAD         ACCESS:     825111 HIT:     825111 MISS:          0 MISS_MERGE:          0
cpu0->cpu0_L1I RFO          ACCESS:          0 HIT:          0 MISS:          0 MISS_MERGE:          0
cpu0->cpu0_L1I PREFETCH     ACCESS:          0 HIT:          0 MISS:          0 MISS_MERGE:          0
cpu0->cpu0_L1I WRITE        ACCESS:          0 HIT:          0 MISS:          0 MISS_MERGE:          0
cpu0->cpu0_L1I TRANSLATION  ACCESS:          0 HIT:          0 MISS:          0 MISS_MERGE:          0
cpu0->cpu0_L1I PREFETCH REQUESTED:          0 ISSUED:          0 USEFUL:          0 USELESS:          0
cpu0->cpu0_L1I AVERAGE MISS LATENCY: - cycles
cpu0->cpu0_L2C TOTAL        ACCESS:    6886266 HIT:    3171331 MISS:    3714935 MISS_MERGE:          0
cpu0->cpu0_L2C LOAD         ACCESS:    4993956 HIT:    1634099 MISS:    3359857 MISS_MERGE:          0
cpu0->cpu0_L2C RFO          ACCESS:     155145 HIT:      75658 MISS:      79487 MISS_MERGE:          0
cpu0->cpu0_L2C PREFETCH     ACCESS:          0 HIT:          0 MISS:          0 MISS_MERGE:          0
cpu0->cpu0_L2C WRITE        ACCESS:    1215489 HIT:    1215352 MISS:        137 MISS_MERGE:          0
cpu0->cpu0_L2C TRANSLATION  ACCESS:     521676 HIT:     246222 MISS:     275454 MISS_MERGE:          0
cpu0->cpu0_L2C PREFETCH REQUESTED:          0 ISSUED:          0 USEFUL:          0 USELESS:          0
cpu0->cpu0_L2C AVERAGE MISS LATENCY: 179.7 cycles
cpu0->cpu0_STLB TOTAL        ACCESS:    4067685 HIT:    3492901 MISS:     574784 MISS_MERGE:          0
cpu0->cpu0_STLB LOAD         ACCESS:    4067685 HIT:    3492901 MISS:     574784 MISS_MERGE:          0
cpu0->cpu0_STLB RFO          ACCESS:          0 HIT:          0 MISS:          0 MISS_MERGE:          0
cpu0->cpu0_STLB PREFETCH     ACCESS:          0 HIT:          0 MISS:          0 MISS_MERGE:          0
cpu0->cpu0_STLB WRITE        ACCESS:          0 HIT:          0 MISS:          0 MISS_MERGE:          0
cpu0->cpu0_STLB TRANSLATION  ACCESS:          0 HIT:          0 MISS:          0 MISS_MERGE:          0
cpu0->cpu0_STLB PREFETCH REQUESTED:          0 ISSUED:          0 USEFUL:          0 USELESS:          0
cpu0->cpu0_STLB AVERAGE MISS LATENCY: 124.7 cycles

DRAM Statistics

Channel 0 RQ ROW_BUFFER_HIT:       2623
  ROW_BUFFER_MISS:    2774881
  AVG DBUS CONGESTED CYCLE: 8.788
Channel 0 WQ ROW_BUFFER_HIT:     160987
  ROW_BUFFER_MISS:     335407
  FULL:          0
Channel 0 REFRESHES ISSUED:      28618
