[VMEM] WARNING: physical memory size is smaller than virtual memory size.

*** ChampSim Multicore Out-of-Order Simulator ***
Warmup Instructions: 12500000
Simulation Instructions: 50000000
Number of CPUs: 1
Page size: 4096

Off-chip DRAM Size: 16 GiB Channels: 1 Width: 64-bit Data Rate: 3205 MT/s
Heartbeat CPU 0 instructions: 10000004 cycles: 5097983 heartbeat IPC: 1.962 cumulative IPC: 1.962 (Simulation time: 00 hr 00 min 53 sec)
Warmup finished CPU 0 instructions: 12500002 cycles: 6140584 cumulative IPC: 2.036 (Simulation time: 00 hr 01 min 03 sec)
Warmup complete CPU 0 instructions: 12500002 cycles: 6140584 cumulative IPC: 2.036 (Simulation time: 00 hr 01 min 03 sec)
Heartbeat CPU 0 instructions: 20000006 cycles: 64797884 heartbeat IPC: 0.1675 cumulative IPC: 0.1279 (Simulation time: 00 hr 04 min 18 sec)
Heartbeat CPU 0 instructions: 30000009 cycles: 148761203 heartbeat IPC: 0.1191 cumulative IPC: 0.1227 (Simulation time: 00 hr 08 min 53 sec)
Heartbeat CPU 0 instructions: 40000009 cycles: 222897928 heartbeat IPC: 0.1349 cumulative IPC: 0.1269 (Simulation time: 00 hr 12 min 47 sec)
Simulation CPU 0 warning: IPC 0.048548 < 0.05
Heartbeat CPU 0 instructions: 50000009 cycles: 317893692 heartbeat IPC: 0.1053 cumulative IPC: 0.1203 (Simulation time: 00 hr 17 min 45 sec)
Heartbeat CPU 0 instructions: 60000010 cycles: 398383466 heartbeat IPC: 0.1242 cumulative IPC: 0.1211 (Simulation time: 00 hr 21 min 53 sec)
Simulation finished CPU 0 instructions: 50000000 cycles: 416377061 cumulative IPC: 0.1201 (Simulation time: 00 hr 23 min 10 sec)
Simulation complete CPU 0 instructions: 50000000 cycles: 416377061 cumulative IPC: 0.1201 (Simulation time: 00 hr 23 min 10 sec)

ChampSim completed all CPUs

=== Simulation ===
CPU 0 runs traces/429.mcf-51B.champsimtrace.xz

Region of Interest Statistics

CPU 0 cumulative IPC: 0.1201 instructions: 50000000 cycles: 416377061
CPU 0 Branch Prediction Accuracy: 85.8% MPKI: 34.3 Average ROB Occupancy at Mispredict: 23.45
Branch type MPKI
BRANCH_DIRECT_JUMP: 0.7198
BRANCH_INDIRECT: 0
BRANCH_CONDITIONAL: 33.58
BRANCH_DIRECT_CALL: 0
BRANCH_INDIRECT_CALL: 0
BRANCH_RETURN: 0

cpu0->LLC TOTAL        ACCESS:    4487880 HIT:    1002771 MISS:    3485109 MISS_MERGE:          0
cpu0->LLC LOAD         ACCESS:    3359911 HIT:     224820 MISS:    3135091 MISS_MERGE:          0
cpu0->LLC RFO          ACCESS:      79494 HIT:       7827 MISS:      71667 MISS_MERGE:          0
cpu0->LLC PREFETCH     ACCESS:          0 HIT:          0 MISS:          0 MISS_MERGE:          0
cpu0->LLC WRITE        ACCESS:     771554 HIT:     742237 MISS:      29317 MISS_MERGE:          0
cpu0->LLC TRANSLATION  ACCESS:     276921 HIT:      27887 MISS:     249034 MISS_MERGE:          0
cpu0->LLC PREFETCH REQUESTED:          0 ISSUED:          0 USEFUL:          0 USELESS:          0
cpu0->LLC AVERAGE MISS LATENCY: 222.1 cycles
cpu0->cpu0_DTLB TOTAL        ACCESS:   18666539 HIT:   11458688 MISS:    7207851 MISS_MERGE:    3140204
cpu0->cpu0_DTLB LOAD         ACCESS:   18666539 HIT:   11458688 MISS:    7207851 MISS_MERGE:    3140204
cpu0->cpu0_DTLB RFO          ACCESS:          0 HIT:          0 MISS:          0 MISS_MERGE:          0
cpu0->cpu0_DTLB PREFETCH     ACCESS:          0 HIT:          0 MISS:          0 MISS_MERGE:          0
cpu0->cpu0_DTLB WRITE        ACCESS:          0 HIT:          0 MISS:          0 MISS_MERGE:          0
cpu0->cpu0_DTLB TRANSLATION  ACCESS:          0 HIT:          0 MISS:          0 MISS_MERGE:          0
cpu0->cpu0_DTLB PREFETCH REQUESTED:          0 ISSUED:          0 USEFUL:          0 USELESS:          0
cpu0->cpu0_DTLB AVERAGE MISS LATENCY: 24.03 cycles
cpu0->cpu0_ITLB TOTAL        ACCESS:     821331 HIT:     821331 MISS:          0 MISS_MERGE:          0
cpu0->cpu0_ITLB LOAD         ACCESS:     821331 HIT:     821331 MISS:          0 MISS_MERGE:          0
cpu0->cpu0_ITLB RFO          ACCESS:          0 HIT:          0 MISS:          0 MISS_MERGE:          0
cpu0->cpu0_ITLB PREFETCH     ACCESS:          0 HIT:          0 MISS:          0 MISS_MERGE:          0
cpu0->cpu0_ITLB WRITE        ACCESS:          0 HIT:          0 MISS:          0 MISS_MERGE:          0
cpu0->cpu0_ITLB TRANSLATION  ACCESS:          0 HIT:          0 MISS:          0 MISS_MERGE:          0
cpu0->cpu0_ITLB PREFETCH REQUESTED:          0 ISSUED:          0 USEFUL:          0 USELESS:          0
cpu0->cpu0_ITLB AVERAGE MISS LATENCY: - cycles
cpu0->cpu0_L1D TOTAL        ACCESS:   19991240 HIT:   11026507 MISS:    8964733 MISS_MERGE:    3293992
cpu0->cpu0_L1D LOAD         ACCESS:   16087073 HIT:    7944164 MISS:    8142909 MISS_MERGE:    3148944
cpu0->cpu0_L1D RFO          ACCESS:          0 HIT:          0 MISS:          0 MISS_MERGE:          0
cpu0->cpu0_L1D PREFETCH     ACCESS:          0 HIT:          0 MISS:          0 MISS_MERGE:          0
cpu0->cpu0_L1D WRITE        ACCESS:    2579466 HIT:    2282268 MISS:     297198 MISS_MERGE:     142046
cpu0->cpu0_L1D TRANSLATION  ACCESS:    1324701 HIT:     800075 MISS:     524626 MISS_MERGE:       3002
cpu0->cpu0_L1D PREFETCH REQUESTED:          0 ISSUED:          0 USEFUL:          0 USELESS:          0
cpu0->cpu0_L1D AVERAGE MISS LATENCY: 155.6 cycles
cpu0->cpu0_L1I TOTAL        ACCESS:     821469 HIT:     821469 MISS:          0 MISS_MERGE:          0
cpu0->cpu0_L1I LOAD         ACCESS:     821469 HIT:     821469 MISS:          0 MISS_MERGE:          0
cpu0->cpu0_L1I RFO          ACCESS:          0 HIT:          0 MISS:          0 MISS_MERGE:          0
cpu0->cpu0_L1I PREFETCH     ACCESS:          0 HIT:          0 MISS:          0 MISS_MERGE:          0
cpu0->cpu0_L1I WRITE        ACCESS:          0 HIT:          0 MISS:          0 MISS_MERGE:          0
cpu0->cpu0_L1I TRANSLATION  ACCESS:          0 HIT:          0 MISS:          0 MISS_MERGE:          0
cpu0->cpu0_L1I PREFETCH REQUESTED:          0 ISSUED:          0 USEFUL:          0 USELESS:          0
cpu0->cpu0_L1I AVERAGE MISS LATENCY: - cycles
cpu0->cpu0_L2C TOTAL        ACCESS:    6884878 HIT:    3168416 MISS:    3716462 MISS_MERGE:          0
cpu0->cpu0_L2C LOAD         ACCESS:    4993965 HIT:    1634054 MISS:    3359911 MISS_MERGE:          0
cpu0->cpu0_L2C RFO          ACCESS:     155152 HIT:      75658 MISS:      79494 MISS_MERGE:          0
cpu0->cpu0_L2C PREFETCH     ACCESS:          0 HIT:          0 MISS:          0 MISS_MERGE:          0
cpu0->cpu0_L2C WRITE        ACCESS:    1214137 HIT:    1214001 MISS:        136 MISS_MERGE:          0
cpu0->cpu0_L2C TRANSLATION  ACCESS:     521624 HIT:     244703 MISS:     276921 MISS_MERGE:          0
cpu0->cpu0_L2C PREFETCH REQUESTED:          0 ISSUED:          0 USEFUL:          0 USELESS:          0
cpu0->cpu0_L2C AVERAGE MISS LATENCY: 224.1 cycles
cpu0->cpu0_STLB TOTAL        ACCESS:    4067647 HIT:    3492861 MISS:     574786 MISS_MERGE:          0
cpu0->cpu0_STLB LOAD         ACCESS:    4067647 HIT:    3492861 MISS:     574786 MISS_MERGE:          0
cpu0->cpu0_STLB RFO          ACCESS:          0 HIT:          0 MISS:          0 MISS_MERGE:          0
cpu0->cpu0_STLB PREFETCH     ACCESS:          0 HIT:          0 MISS:          0 MISS_MERGE:          0
cpu0->cpu0_STLB WRITE        ACCESS:          0 HIT:          0 MISS:          0 MISS_MERGE:          0
cpu0->cpu0_STLB TRANSLATION  ACCESS:          0 HIT:          0 MISS:          0 MISS_MERGE:          0
cpu0->cpu0_STLB PREFETCH REQUESTED:          0 ISSUED:          0 USEFUL:          0 USELESS:          0
cpu0->cpu0_STLB AVERAGE MISS LATENCY: 133.6 cycles

DRAM Statistics

Channel 0 RQ ROW_BUFFER_HIT:       3314
  ROW_BUFFER_MISS:    3452100
  AVG DBUS CONGESTED CYCLE: 7.907
Channel 0 WQ ROW_BUFFER_HIT:     240801
  ROW_BUFFER_MISS:     522927
  FULL:          0
Channel 0 REFRESHES ISSUED:      34698
