[VMEM] WARNING: physical memory size is smaller than virtual memory size.

*** ChampSim Multicore Out-of-Order Simulator ***
Warmup Instructions: 12500000
Simulation Instructions: 50000000
Number of CPUs: 1
Page size: 4096

Off-chip DRAM Size: 16 GiB Channels: 1 Width: 64-bit Data Rate: 3205 MT/s
Heartbeat CPU 0 instructions: 10000000 cycles: 2681393 heartbeat IPC: 3.729 cumulative IPC: 3.729 (Simulation time: 00 hr 00 min 22 sec)
Warmup finished CPU 0 instructions: 12500001 cycles: 3346040 cumulative IPC: 3.736 (Simulation time: 00 hr 00 min 27 sec)
Warmup complete CPU 0 instructions: 12500001 cycles: 3346040 cumulative IPC: 3.736 (Simulation time: 00 hr 00 min 27 sec)
Heartbeat CPU 0 instructions: 20000003 cycles: 15551575 heartbeat IPC: 0.777 cumulative IPC: 0.6145 (Simulation time: 00 hr 01 min 41 sec)
Heartbeat CPU 0 instructions: 30000003 cycles: 31858715 heartbeat IPC: 0.6132 cumulative IPC: 0.6138 (Simulation time: 00 hr 03 min 18 sec)
Heartbeat CPU 0 instructions: 40000006 cycles: 48136661 heartbeat IPC: 0.6143 cumulative IPC: 0.614 (Simulation time: 00 hr 04 min 55 sec)
Heartbeat CPU 0 instructions: 50000007 cycles: 64396024 heartbeat IPC: 0.615 cumulative IPC: 0.6143 (Simulation time: 00 hr 06 min 31 sec)
Heartbeat CPU 0 instructions: 60000011 cycles: 80740866 heartbeat IPC: 0.6118 cumulative IPC: 0.6137 (Simulation time: 00 hr 08 min 16 sec)
Simulation finished CPU 0 instructions: 50000001 cycles: 81428891 cumulative IPC: 0.614 (Simulation time: 00 hr 08 min 44 sec)
Simulation complete CPU 0 instructions: 50000001 cycles: 81428891 cumulative IPC: 0.614 (Simulation time: 00 hr 08 min 44 sec)

ChampSim completed all CPUs

=== Simulation ===
CPU 0 runs traces/470.lbm-1274B.champsimtrace.xz

Region of Interest Statistics

CPU 0 cumulative IPC: 0.614 instructions: 50000001 cycles: 81428891
CPU 0 Branch Prediction Accuracy: 99.4% MPKI: 0.08384 Average ROB Occupancy at Mispredict: 158.6
Branch type MPKI
BRANCH_DIRECT_JUMP: 0
BRANCH_INDIRECT: 0
BRANCH_CONDITIONAL: 0.08384
BRANCH_DIRECT_CALL: 0
BRANCH_INDIRECT_CALL: 0
BRANCH_RETURN: 0

cpu0->LLC TOTAL        ACCESS:    2491009 HIT:    1066852 MISS:    1424157 MISS_MERGE:          0
cpu0->LLC LOAD         ACCESS:     355369 HIT:          0 MISS:     355369 MISS_MERGE:          0
cpu0->LLC RFO          ACCESS:    1066409 HIT:        436 MISS:    1065973 MISS_MERGE:          0
cpu0->LLC PREFETCH     ACCESS:          0 HIT:          0 MISS:          0 MISS_MERGE:          0
cpu0->LLC WRITE        ACCESS:    1066416 HIT:    1066416 MISS:          0 MISS_MERGE:          0
cpu0->LLC TRANSLATION  ACCESS:       2815 HIT:          0 MISS:       2815 MISS_MERGE:          0
cpu0->LLC PREFETCH REQUESTED:          0 ISSUED:          0 USEFUL:          0 USELESS:          0
cpu0->LLC AVERAGE MISS LATENCY: 356.3 cycles
cpu0->cpu0_DTLB TOTAL        ACCESS:   11549890 HIT:   11476498 MISS:      73392 MISS_MERGE:      51161
cpu0->cpu0_DTLB LOAD         ACCESS:   11549890 HIT:   11476498 MISS:      73392 MISS_MERGE:      51161
cpu0->cpu0_DTLB RFO          ACCESS:          0 HIT:          0 MISS:          0 MISS_MERGE:          0
cpu0->cpu0_DTLB PREFETCH     ACCESS:          0 HIT:          0 MISS:          0 MISS_MERGE:          0
cpu0->cpu0_DTLB WRITE        ACCESS:          0 HIT:          0 MISS:          0 MISS_MERGE:          0
cpu0->cpu0_DTLB TRANSLATION  ACCESS:          0 HIT:          0 MISS:          0 MISS_MERGE:          0
cpu0->cpu0_DTLB PREFETCH REQUESTED:          0 ISSUED:          0 USEFUL:          0 USELESS:          0
cpu0->cpu0_DTLB AVERAGE MISS LATENCY: 170 cycles
cpu0->cpu0_ITLB TOTAL        ACCESS:    9202669 HIT:    9202669 MISS:          0 MISS_MERGE:          0
cpu0->cpu0_ITLB LOAD         ACCESS:    9202669 HIT:    9202669 MISS:          0 MISS_MERGE:          0
cpu0->cpu0_ITLB RFO          ACCESS:          0 HIT:          0 MISS:          0 MISS_MERGE:          0
cpu0->cpu0_ITLB PREFETCH     ACCESS:          0 HIT:          0 MISS:          0 MISS_MERGE:          0
cpu0->cpu0_ITLB WRITE        ACCESS:          0 HIT:          0 MISS:          0 MISS_MERGE:          0
cpu0->cpu0_ITLB TRANSLATION  ACCESS:          0 HIT:          0 MISS:          0 MISS_MERGE:          0
cpu0->cpu0_ITLB PREFETCH REQUESTED:          0 ISSUED:          0 USEFUL:          0 USELESS:          0
cpu0->cpu0_ITLB AVERAGE MISS LATENCY: - cycles
cpu0->cpu0_L1D TOTAL        ACCESS:   11594374 HIT:    7287628 MISS:    4306746 MISS_MERGE:    1949159
cpu0->cpu0_L1D LOAD         ACCESS:    6528689 HIT:    4242979 MISS:    2285710 MISS_MERGE:    1930340
cpu0->cpu0_L1D RFO          ACCESS:          0 HIT:          0 MISS:          0 MISS_MERGE:          0
cpu0->cpu0_L1D PREFETCH     ACCESS:          0 HIT:          0 MISS:          0 MISS_MERGE:          0
cpu0->cpu0_L1D WRITE        ACCESS:    5021201 HIT:    3002986 MISS:    2018215 MISS_MERGE:      18816
cpu0->cpu0_L1D TRANSLATION  ACCESS:      44484 HIT:      41663 MISS:       2821 MISS_MERGE:          3
cpu0->cpu0_L1D PREFETCH REQUESTED:          0 ISSUED:          0 USEFUL:          0 USELESS:          0
cpu0->cpu0_L1D AVERAGE MISS LATENCY: 233.8 cycles
cpu0->cpu0_L1I TOTAL        ACCESS:    9202669 HIT:    9202669 MISS:          0 MISS_MERGE:          0
cpu0->cpu0_L1I LOAD         ACCESS:    9202669 HIT:    9202669 MISS:          0 MISS_MERGE:          0
cpu0->cpu0_L1I RFO          ACCESS:          0 HIT:          0 MISS:          0 MISS_MERGE:          0
cpu0->cpu0_L1I PREFETCH     ACCESS:          0 HIT:          0 MISS:          0 MISS_MERGE:          0
cpu0->cpu0_L1I WRITE        ACCESS:          0 HIT:          0 MISS:          0 MISS_MERGE:          0
cpu0->cpu0_L1I TRANSLATION  ACCESS:          0 HIT:          0 MISS:          0 MISS_MERGE:          0
cpu0->cpu0_L1I PREFETCH REQUESTED:          0 ISSUED:          0 USEFUL:          0 USELESS:          0
cpu0->cpu0_L1I AVERAGE MISS LATENCY: - cycles
cpu0->cpu0_L2C TOTAL        ACCESS:    4356989 HIT:    2932395 MISS:    1424594 MISS_MERGE:          0
cpu0->cpu0_L2C LOAD         ACCESS:     355370 HIT:          0 MISS:     355370 MISS_MERGE:          0
cpu0->cpu0_L2C RFO          ACCESS:    1999402 HIT:     932993 MISS:    1066409 MISS_MERGE:          0
cpu0->cpu0_L2C PREFETCH     ACCESS:          0 HIT:          0 MISS:          0 MISS_MERGE:          0
cpu0->cpu0_L2C WRITE        ACCESS:    1999399 HIT:    1999399 MISS:          0 MISS_MERGE:          0
cpu0->cpu0_L2C TRANSLATION  ACCESS:       2818 HIT:          3 MISS:       2815 MISS_MERGE:          0
cpu0->cpu0_L2C PREFETCH REQUESTED:          0 ISSUED:          0 USEFUL:          0 USELESS:          0
cpu0->cpu0_L2C AVERAGE MISS LATENCY: 372.2 cycles
cpu0->cpu0_STLB TOTAL        ACCESS:      22231 HIT:          0 MISS:      22231 MISS_MERGE:          0
cpu0->cpu0_STLB LOAD         ACCESS:      22231 HIT:          0 MISS:      22231 MISS_MERGE:          0
cpu0->cpu0_STLB RFO          ACCESS:          0 HIT:          0 MISS:          0 MISS_MERGE:          0
cpu0->cpu0_STLB PREFETCH     ACCESS:          0 HIT:          0 MISS:          0 MISS_MERGE:          0
cpu0->cpu0_STLB WRITE        ACCESS:          0 HIT:          0 MISS:          0 MISS_MERGE:          0
cpu0->cpu0_STLB TRANSLATION  ACCESS:          0 HIT:          0 MISS:          0 MISS_MERGE:          0
cpu0->cpu0_STLB PREFETCH REQUESTED:          0 ISSUED:          0 USEFUL:          0 USELESS:          0
cpu0->cpu0_STLB AVERAGE MISS LATENCY: 164 cycles

DRAM Statistics

Channel 0 RQ ROW_BUFFER_HIT:      18561
  ROW_BUFFER_MISS:    1405591
  AVG DBUS CONGESTED CYCLE: 5.744
Channel 0 WQ ROW_BUFFER_HIT:     220647
  ROW_BUFFER_MISS:     845695
  FULL:          0
Channel 0 REFRESHES ISSUED:       6786
