[VMEM] WARNING: physical memory size is smaller than virtual memory size.

*** ChampSim Multicore Out-of-Order Simulator ***
Warmup Instructions: 12500000
Simulation Instructions: 50000000
Number of CPUs: 1
Page size: 4096

Off-chip DRAM Size: 16 GiB Channels: 1 Width: 64-bit Data Rate: 3205 MT/s
Heartbeat CPU 0 instructions: 10000000 cycles: 2681443 heartbeat IPC: 3.729 cumulative IPC: 3.729 (Simulation time: 00 hr 00 min 24 sec)
Warmup finished CPU 0 instructions: 12500001 cycles: 3346120 cumulative IPC: 3.736 (Simulation time: 00 hr 00 min 29 sec)
Warmup complete CPU 0 instructions: 12500001 cycles: 3346120 cumulative IPC: 3.736 (Simulation time: 00 hr 00 min 29 sec)
Heartbeat CPU 0 instructions: 20000003 cycles: 15561200 heartbeat IPC: 0.7764 cumulative IPC: 0.614 (Simulation time: 00 hr 01 min 46 sec)
Heartbeat CPU 0 instructions: 30000004 cycles: 31839116 heartbeat IPC: 0.6143 cumulative IPC: 0.6142 (Simulation time: 00 hr 03 min 22 sec)
Heartbeat CPU 0 instructions: 40000006 cycles: 48112438 heartbeat IPC: 0.6145 cumulative IPC: 0.6143 (Simulation time: 00 hr 04 min 58 sec)
Heartbeat CPU 0 instructions: 50000007 cycles: 64327402 heartbeat IPC: 0.6167 cumulative IPC: 0.6149 (Simulation time: 00 hr 06 min 33 sec)
Heartbeat CPU 0 instructions: 60000010 cycles: 80668061 heartbeat IPC: 0.612 cumulative IPC: 0.6143 (Simulation time: 00 hr 08 min 10 sec)
Simulation finished CPU 0 instructions: 50000003 cycles: 81353282 cumulative IPC: 0.6146 (Simulation time: 00 hr 08 min 34 sec)
Simulation complete CPU 0 instructions: 50000003 cycles: 81353282 cumulative IPC: 0.6146 (Simulation time: 00 hr 08 min 34 sec)

ChampSim completed all CPUs

=== Simulation ===
CPU 0 runs traces/470.lbm-1274B.champsimtrace.xz

Region of Interest Statistics

CPU 0 cumulative IPC: 0.6146 instructions: 50000003 cycles: 81353282
CPU 0 Branch Prediction Accuracy: 99.4% MPKI: 0.08384 Average ROB Occupancy at Mispredict: 158.5
Branch type MPKI
BRANCH_DIRECT_JUMP: 0
BRANCH_INDIRECT: 0
BRANCH_CONDITIONAL: 0.08384
BRANCH_DIRECT_CALL: 0
BRANCH_INDIRECT_CALL: 0
BRANCH_RETURN: 0

cpu0->LLC TOTAL        ACCESS:    2491010 HIT:      22374 MISS:    2468636 MISS_MERGE:          0
cpu0->LLC LOAD         ACCESS:     355370 HIT:          0 MISS:     355370 MISS_MERGE:          0
cpu0->LLC RFO          ACCESS:    1066410 HIT:        420 MISS:    1065990 MISS_MERGE:          0
cpu0->LLC PREFETCH     ACCESS:          0 HIT:          0 MISS:          0 MISS_MERGE:          0
cpu0->LLC WRITE        ACCESS:    1066415 HIT:      21954 MISS:    1044461 MISS_MERGE:          0
cpu0->LLC TRANSLATION  ACCESS:       2815 HIT:          0 MISS:       2815 MISS_MERGE:          0
cpu0->LLC PREFETCH REQUESTED:          0 ISSUED:          0 USEFUL:          0 USELESS:          0
cpu0->LLC AVERAGE MISS LATENCY: 203.9 cycles
cpu0->cpu0_DTLB TOTAL        ACCESS:   11549897 HIT:   11476606 MISS:      73291 MISS_MERGE:      51060
cpu0->cpu0_DTLB LOAD         ACCESS:   11549897 HIT:   11476606 MISS:      73291 MISS_MERGE:      51060
cpu0->cpu0_DTLB RFO          ACCESS:          0 HIT:          0 MISS:          0 MISS_MERGE:          0
cpu0->cpu0_DTLB PREFETCH     ACCESS:          0 HIT:          0 MISS:          0 MISS_MERGE:          0
cpu0->cpu0_DTLB WRITE        ACCESS:          0 HIT:          0 MISS:          0 MISS_MERGE:          0
cpu0->cpu0_DTLB TRANSLATION  ACCESS:          0 HIT:          0 MISS:          0 MISS_MERGE:          0
cpu0->cpu0_DTLB PREFETCH REQUESTED:          0 ISSUED:          0 USEFUL:          0 USELESS:          0
cpu0->cpu0_DTLB AVERAGE MISS LATENCY: 168.7 cycles
cpu0->cpu0_ITLB TOTAL        ACCESS:    9209977 HIT:    9209977 MISS:          0 MISS_MERGE:          0
cpu0->cpu0_ITLB LOAD         ACCESS:    9209977 HIT:    9209977 MISS:          0 MISS_MERGE:          0
cpu0->cpu0_ITLB RFO          ACCESS:          0 HIT:          0 MISS:          0 MISS_MERGE:          0
cpu0->cpu0_ITLB PREFETCH     ACCESS:          0 HIT:          0 MISS:          0 MISS_MERGE:          0
cpu0->cpu0_ITLB WRITE        ACCESS:          0 HIT:          0 MISS:          0 MISS_MERGE:          0
cpu0->cpu0_ITLB TRANSLATION  ACCESS:          0 HIT:          0 MISS:          0 MISS_MERGE:          0
cpu0->cpu0_ITLB PREFETCH REQUESTED:          0 ISSUED:          0 USEFUL:          0 USELESS:          0
cpu0->cpu0_ITLB AVERAGE MISS LATENCY: - cycles
cpu0->cpu0_L1D TOTAL        ACCESS:   11594381 HIT:    7287643 MISS:    4306738 MISS_MERGE:    1949133
cpu0->cpu0_L1D LOAD         ACCESS:    6528681 HIT:    4242844 MISS:    2285837 MISS_MERGE:    1930467
cpu0->cpu0_L1D RFO          ACCESS:          0 HIT:          0 MISS:          0 MISS_MERGE:          0
cpu0->cpu0_L1D PREFETCH     ACCESS:          0 HIT:          0 MISS:          0 MISS_MERGE:          0
cpu0->cpu0_L1D WRITE        ACCESS:    5021216 HIT:    3003139 MISS:    2018077 MISS_MERGE:      18660
cpu0->cpu0_L1D TRANSLATION  ACCESS:      44484 HIT:      41660 MISS:       2824 MISS_MERGE:          6
cpu0->cpu0_L1D PREFETCH REQUESTED:          0 ISSUED:          0 USEFUL:          0 USELESS:          0
cpu0->cpu0_L1D AVERAGE MISS LATENCY: 228 cycles
cpu0->cpu0_L1I TOTAL        ACCESS:    9209977 HIT:    9209977 MISS:          0 MISS_MERGE:          0
cpu0->cpu0_L1I LOAD         ACCESS:    9209977 HIT:    9209977 MISS:          0 MISS_MERGE:          0
cpu0->cpu0_L1I RFO          ACCESS:          0 HIT:          0 MISS:          0 MISS_MERGE:          0
cpu0->cpu0_L1I PREFETCH     ACCESS:          0 HIT:          0 MISS:          0 MISS_MERGE:          0
cpu0->cpu0_L1I WRITE        ACCESS:          0 HIT:          0 MISS:          0 MISS_MERGE:          0
cpu0->cpu0_L1I TRANSLATION  ACCESS:          0 HIT:          0 MISS:          0 MISS_MERGE:          0
cpu0->cpu0_L1I PREFETCH REQUESTED:          0 ISSUED:          0 USEFUL:          0 USELESS:          0
cpu0->cpu0_L1I AVERAGE MISS LATENCY: - cycles
cpu0->cpu0_L2C TOTAL        ACCESS:    4357008 HIT:    2932410 MISS:    1424598 MISS_MERGE:          0
cpu0->cpu0_L2C LOAD         ACCESS:     355370 HIT:          0 MISS:     355370 MISS_MERGE:          0
cpu0->cpu0_L2C RFO          ACCESS:    1999415 HIT:     933002 MISS:    1066413 MISS_MERGE:          0
cpu0->cpu0_L2C PREFETCH     ACCESS:          0 HIT:          0 MISS:          0 MISS_MERGE:          0
cpu0->cpu0_L2C WRITE        ACCESS:    1999405 HIT:    1999405 MISS:          0 MISS_MERGE:          0
cpu0->cpu0_L2C TRANSLATION  ACCESS:       2818 HIT:          3 MISS:       2815 MISS_MERGE:          0
cpu0->cpu0_L2C PREFETCH REQUESTED:          0 ISSUED:          0 USEFUL:          0 USELESS:          0
cpu0->cpu0_L2C AVERAGE MISS LATENCY: 362.7 cycles
cpu0->cpu0_STLB TOTAL        ACCESS:      22231 HIT:          0 MISS:      22231 MISS_MERGE:          0
cpu0->cpu0_STLB LOAD         ACCESS:      22231 HIT:          0 MISS:      22231 MISS_MERGE:          0
cpu0->cpu0_STLB RFO          ACCESS:          0 HIT:          0 MISS:          0 MISS_MERGE:          0
cpu0->cpu0_STLB PREFETCH     ACCESS:          0 HIT:          0 MISS:          0 MISS_MERGE:          0
cpu0->cpu0_STLB WRITE        ACCESS:          0 HIT:          0 MISS:          0 MISS_MERGE:          0
cpu0->cpu0_STLB TRANSLATION  ACCESS:          0 HIT:          0 MISS:          0 MISS_MERGE:          0
cpu0->cpu0_STLB PREFETCH REQUESTED:          0 ISSUED:          0 USEFUL:          0 USELESS:          0
cpu0->cpu0_STLB AVERAGE MISS LATENCY: 162.7 cycles

DRAM Statistics

Channel 0 RQ ROW_BUFFER_HIT:      16582
  ROW_BUFFER_MISS:    1407586
  AVG DBUS CONGESTED CYCLE: 5.713
Channel 0 WQ ROW_BUFFER_HIT:     222967
  ROW_BUFFER_MISS:     843494
  FULL:          0
Channel 0 REFRESHES ISSUED:       6780
