[VMEM] WARNING: physical memory size is smaller than virtual memory size.

*** ChampSim Multicore Out-of-Order Simulator ***
Warmup Instructions: 12500000
Simulation Instructions: 50000000
Number of CPUs: 1
Page size: 4096

Off-chip DRAM Size: 16 GiB Channels: 1 Width: 64-bit Data Rate: 3205 MT/s
Heartbeat CPU 0 instructions: 10000003 cycles: 5028321 heartbeat IPC: 1.989 cumulative IPC: 1.989 (Simulation time: 00 hr 00 min 48 sec)
Warmup finished CPU 0 instructions: 12500003 cycles: 6108161 cumulative IPC: 2.046 (Simulation time: 00 hr 00 min 59 sec)
Warmup complete CPU 0 instructions: 12500003 cycles: 6108161 cumulative IPC: 2.046 (Simulation time: 00 hr 00 min 59 sec)
Heartbeat CPU 0 instructions: 20000006 cycles: 27129438 heartbeat IPC: 0.4525 cumulative IPC: 0.3568 (Simulation time: 00 hr 02 min 13 sec)
Heartbeat CPU 0 instructions: 30000006 cycles: 60112852 heartbeat IPC: 0.3032 cumulative IPC: 0.324 (Simulation time: 00 hr 04 min 20 sec)
Heartbeat CPU 0 instructions: 40000006 cycles: 88973112 heartbeat IPC: 0.3465 cumulative IPC: 0.3319 (Simulation time: 00 hr 06 min 21 sec)
Heartbeat CPU 0 instructions: 50000009 cycles: 120681151 heartbeat IPC: 0.3154 cumulative IPC: 0.3273 (Simulation time: 00 hr 08 min 00 sec)
Heartbeat CPU 0 instructions: 60000011 cycles: 151606102 heartbeat IPC: 0.3234 cumulative IPC: 0.3265 (Simulation time: 00 hr 09 min 33 sec)
Simulation finished CPU 0 instructions: 50000001 cycles: 153059119 cumulative IPC: 0.3267 (Simulation time: 00 hr 09 min 56 sec)
Simulation complete CPU 0 instructions: 50000001 cycles: 153059119 cumulative IPC: 0.3267 (Simulation time: 00 hr 09 min 56 sec)

ChampSim completed all CPUs

=== Simulation ===
CPU 0 runs traces/471.omnetpp-188B.champsimtrace.xz

Region of Interest Statistics

CPU 0 cumulative IPC: 0.3267 instructions: 50000001 cycles: 153059119
CPU 0 Branch Prediction Accuracy: 93.3% MPKI: 16.1 Average ROB Occupancy at Mispredict: 39.73
Branch type MPKI
BRANCH_DIRECT_JUMP: 0.00134
BRANCH_INDIRECT: 0.1254
BRANCH_CONDITIONAL: 15.32
BRANCH_DIRECT_CALL: 0.00068
BRANCH_INDIRECT_CALL: 0.1324
BRANCH_RETURN: 0.5249

cpu0->LLC TOTAL        ACCESS:    1527073 HIT:     675770 MISS:     851303 MISS_MERGE:          0
cpu0->LLC LOAD         ACCESS:     872203 HIT:     196788 MISS:     675415 MISS_MERGE:          0
cpu0->LLC RFO          ACCESS:     149124 HIT:      32133 MISS:     116991 MISS_MERGE:          0
cpu0->LLC PREFETCH     ACCESS:          0 HIT:          0 MISS:          0 MISS_MERGE:          0
cpu0->LLC WRITE        ACCESS:     423712 HIT:     388507 MISS:      35205 MISS_MERGE:          0
cpu0->LLC TRANSLATION  ACCESS:      82034 HIT:      58342 MISS:      23692 MISS_MERGE:          0
cpu0->LLC PREFETCH REQUESTED:          0 ISSUED:          0 USEFUL:          0 USELESS:          0
cpu0->LLC AVERAGE MISS LATENCY: 183.7 cycles
cpu0->cpu0_DTLB TOTAL        ACCESS:   21068380 HIT:   19553784 MISS:    1514596 MISS_MERGE:     546851
cpu0->cpu0_DTLB LOAD         ACCESS:   21068380 HIT:   19553784 MISS:    1514596 MISS_MERGE:     546851
cpu0->cpu0_DTLB RFO          ACCESS:          0 HIT:          0 MISS:          0 MISS_MERGE:          0
cpu0->cpu0_DTLB PREFETCH     ACCESS:          0 HIT:          0 MISS:          0 MISS_MERGE:          0
cpu0->cpu0_DTLB WRITE        ACCESS:          0 HIT:          0 MISS:          0 MISS_MERGE:          0
cpu0->cpu0_DTLB TRANSLATION  ACCESS:          0 HIT:          0 MISS:          0 MISS_MERGE:          0
cpu0->cpu0_DTLB PREFETCH REQUESTED:          0 ISSUED:          0 USEFUL:          0 USELESS:          0
cpu0->cpu0_DTLB AVERAGE MISS LATENCY: 17.94 cycles
cpu0->cpu0_ITLB TOTAL        ACCESS:    5666328 HIT:    5608787 MISS:      57541 MISS_MERGE:      34258
cpu0->cpu0_ITLB LOAD         ACCESS:    5666328 HIT:    5608787 MISS:      57541 MISS_MERGE:      34258
cpu0->cpu0_ITLB RFO          ACCESS:          0 HIT:          0 MISS:          0 MISS_MERGE:          0
cpu0->cpu0_ITLB PREFETCH     ACCESS:          0 HIT:          0 MISS:          0 MISS_MERGE:          0
cpu0->cpu0_ITLB WRITE        ACCESS:          0 HIT:          0 MISS:          0 MISS_MERGE:          0
cpu0->cpu0_ITLB TRANSLATION  ACCESS:          0 HIT:          0 MISS:          0 MISS_MERGE:          0
cpu0->cpu0_ITLB PREFETCH REQUESTED:          0 ISSUED:          0 USEFUL:          0 USELESS:          0
cpu0->cpu0_ITLB AVERAGE MISS LATENCY: 6.421 cycles
cpu0->cpu0_L1D TOTAL        ACCESS:   21502564 HIT:   18883799 MISS:    2618765 MISS_MERGE:    1326356
cpu0->cpu0_L1D LOAD         ACCESS:   12644165 HIT:   10873994 MISS:    1770171 MISS_MERGE:     776325
cpu0->cpu0_L1D RFO          ACCESS:          0 HIT:          0 MISS:          0 MISS_MERGE:          0
cpu0->cpu0_L1D PREFETCH     ACCESS:          0 HIT:          0 MISS:          0 MISS_MERGE:          0
cpu0->cpu0_L1D WRITE        ACCESS:    8424215 HIT:    7713884 MISS:     710331 MISS_MERGE:     547664
cpu0->cpu0_L1D TRANSLATION  ACCESS:     434184 HIT:     295921 MISS:     138263 MISS_MERGE:       2367
cpu0->cpu0_L1D PREFETCH REQUESTED:          0 ISSUED:          0 USEFUL:          0 USELESS:          0
cpu0->cpu0_L1D AVERAGE MISS LATENCY: 142.9 cycles
cpu0->cpu0_L1I TOTAL        ACCESS:    5666328 HIT:    5663248 MISS:       3080 MISS_MERGE:        669
cpu0->cpu0_L1I LOAD         ACCESS:    5666328 HIT:    5663248 MISS:       3080 MISS_MERGE:        669
cpu0->cpu0_L1I RFO          ACCESS:          0 HIT:          0 MISS:          0 MISS_MERGE:          0
cpu0->cpu0_L1I PREFETCH     ACCESS:          0 HIT:          0 MISS:          0 MISS_MERGE:          0
cpu0->cpu0_L1I WRITE        ACCESS:          0 HIT:          0 MISS:          0 MISS_MERGE:          0
cpu0->cpu0_L1I TRANSLATION  ACCESS:          0 HIT:          0 MISS:          0 MISS_MERGE:          0
cpu0->cpu0_L1I PREFETCH REQUESTED:          0 ISSUED:          0 USEFUL:          0 USELESS:          0
cpu0->cpu0_L1I AVERAGE MISS LATENCY: 123.7 cycles
cpu0->cpu0_L2C TOTAL        ACCESS:    1774547 HIT:     670083 MISS:    1104464 MISS_MERGE:          0
cpu0->cpu0_L2C LOAD         ACCESS:     996257 HIT:     124054 MISS:     872203 MISS_MERGE:          0
cpu0->cpu0_L2C RFO          ACCESS:     162667 HIT:      13543 MISS:     149124 MISS_MERGE:          0
cpu0->cpu0_L2C PREFETCH     ACCESS:          0 HIT:          0 MISS:          0 MISS_MERGE:          0
cpu0->cpu0_L2C WRITE        ACCESS:     479727 HIT:     478624 MISS:       1103 MISS_MERGE:          0
cpu0->cpu0_L2C TRANSLATION  ACCESS:     135896 HIT:      53862 MISS:      82034 MISS_MERGE:          0
cpu0->cpu0_L2C PREFETCH REQUESTED:          0 ISSUED:          0 USEFUL:          0 USELESS:          0
cpu0->cpu0_L2C AVERAGE MISS LATENCY: 157 cycles
cpu0->cpu0_STLB TOTAL        ACCESS:     991028 HIT:     778380 MISS:     212648 MISS_MERGE:          0
cpu0->cpu0_STLB LOAD         ACCESS:     991028 HIT:     778380 MISS:     212648 MISS_MERGE:          0
cpu0->cpu0_STLB RFO          ACCESS:          0 HIT:          0 MISS:          0 MISS_MERGE:          0
cpu0->cpu0_STLB PREFETCH     ACCESS:          0 HIT:          0 MISS:          0 MISS_MERGE:          0
cpu0->cpu0_STLB WRITE        ACCESS:          0 HIT:          0 MISS:          0 MISS_MERGE:          0
cpu0->cpu0_STLB TRANSLATION  ACCESS:          0 HIT:          0 MISS:          0 MISS_MERGE:          0
cpu0->cpu0_STLB PREFETCH REQUESTED:          0 ISSUED:          0 USEFUL:          0 USELESS:          0
cpu0->cpu0_STLB AVERAGE MISS LATENCY: 58.04 cycles

DRAM Statistics

Channel 0 RQ ROW_BUFFER_HIT:      19448
  ROW_BUFFER_MISS:     796639
  AVG DBUS CONGESTED CYCLE: 19.05
Channel 0 WQ ROW_BUFFER_HIT:      96115
  ROW_BUFFER_MISS:     208032
  FULL:          0
Channel 0 REFRESHES ISSUED:      12754
