[VMEM] WARNING: physical memory size is smaller than virtual memory size.

*** ChampSim Multicore Out-of-Order Simulator ***
Warmup Instructions: 12500000
Simulation Instructions: 50000000
Number of CPUs: 1
Page size: 4096

Off-chip DRAM Size: 16 GiB Channels: 1 Width: 64-bit Data Rate: 3205 MT/s
Heartbeat CPU 0 instructions: 10000002 cycles: 5028139 heartbeat IPC: 1.989 cumulative IPC: 1.989 (Simulation time: 00 hr 00 min 39 sec)
Warmup finished CPU 0 instructions: 12500004 cycles: 6105711 cumulative IPC: 2.047 (Simulation time: 00 hr 00 min 48 sec)
Warmup complete CPU 0 instructions: 12500004 cycles: 6105711 cumulative IPC: 2.047 (Simulation time: 00 hr 00 min 48 sec)
Heartbeat CPU 0 instructions: 20000006 cycles: 29922143 heartbeat IPC: 0.4017 cumulative IPC: 0.3149 (Simulation time: 00 hr 02 min 00 sec)
Heartbeat CPU 0 instructions: 30000006 cycles: 66511687 heartbeat IPC: 0.2733 cumulative IPC: 0.2897 (Simulation time: 00 hr 03 min 57 sec)
Heartbeat CPU 0 instructions: 40000006 cycles: 98376327 heartbeat IPC: 0.3138 cumulative IPC: 0.298 (Simulation time: 00 hr 05 min 34 sec)
Heartbeat CPU 0 instructions: 50000009 cycles: 133324049 heartbeat IPC: 0.2861 cumulative IPC: 0.2948 (Simulation time: 00 hr 07 min 23 sec)
Heartbeat CPU 0 instructions: 60000011 cycles: 168845475 heartbeat IPC: 0.2815 cumulative IPC: 0.2919 (Simulation time: 00 hr 09 min 25 sec)
Simulation finished CPU 0 instructions: 50000000 cycles: 171542369 cumulative IPC: 0.2915 (Simulation time: 00 hr 09 min 53 sec)
Simulation complete CPU 0 instructions: 50000000 cycles: 171542369 cumulative IPC: 0.2915 (Simulation time: 00 hr 09 min 53 sec)

ChampSim completed all CPUs

=== Simulation ===
CPU 0 runs traces/471.omnetpp-188B.champsimtrace.xz

Region of Interest Statistics

CPU 0 cumulative IPC: 0.2915 instructions: 50000000 cycles: 171542369
CPU 0 Branch Prediction Accuracy: 93.3% MPKI: 16.1 Average ROB Occupancy at Mispredict: 38.89
Branch type MPKI
BRANCH_DIRECT_JUMP: 0.00134
BRANCH_INDIRECT: 0.1254
BRANCH_CONDITIONAL: 15.32
BRANCH_DIRECT_CALL: 0.00068
BRANCH_INDIRECT_CALL: 0.1324
BRANCH_RETURN: 0.5249

cpu0->LLC TOTAL        ACCESS:    1527118 HIT:     155543 MISS:    1371575 MISS_MERGE:          0
cpu0->LLC LOAD         ACCESS:     872121 HIT:      50683 MISS:     821438 MISS_MERGE:          0
cpu0->LLC RFO          ACCESS:     149230 HIT:       8699 MISS:     140531 MISS_MERGE:          0
cpu0->LLC PREFETCH     ACCESS:          0 HIT:          0 MISS:          0 MISS_MERGE:          0
cpu0->LLC WRITE        ACCESS:     423755 HIT:      47907 MISS:     375848 MISS_MERGE:          0
cpu0->LLC TRANSLATION  ACCESS:      82012 HIT:      48254 MISS:      33758 MISS_MERGE:          0
cpu0->LLC PREFETCH REQUESTED:          0 ISSUED:          0 USEFUL:          0 USELESS:          0
cpu0->LLC AVERAGE MISS LATENCY: 143 cycles
cpu0->cpu0_DTLB TOTAL        ACCESS:   21073441 HIT:   19559489 MISS:    1513952 MISS_MERGE:     546137
cpu0->cpu0_DTLB LOAD         ACCESS:   21073441 HIT:   19559489 MISS:    1513952 MISS_MERGE:     546137
cpu0->cpu0_DTLB RFO          ACCESS:          0 HIT:          0 MISS:          0 MISS_MERGE:          0
cpu0->cpu0_DTLB PREFETCH     ACCESS:          0 HIT:          0 MISS:          0 MISS_MERGE:          0
cpu0->cpu0_DTLB WRITE        ACCESS:          0 HIT:          0 MISS:          0 MISS_MERGE:          0
cpu0->cpu0_DTLB TRANSLATION  ACCESS:          0 HIT:          0 MISS:          0 MISS_MERGE:          0
cpu0->cpu0_DTLB PREFETCH REQUESTED:          0 ISSUED:          0 USEFUL:          0 USELESS:          0
cpu0->cpu0_DTLB AVERAGE MISS LATENCY: 20.11 cycles
cpu0->cpu0_ITLB TOTAL        ACCESS:    5665364 HIT:    5607822 MISS:      57542 MISS_MERGE:      34259
cpu0->cpu0_ITLB LOAD         ACCESS:    5665364 HIT:    5607822 MISS:      57542 MISS_MERGE:      34259
cpu0->cpu0_ITLB RFO          ACCESS:          0 HIT:          0 MISS:          0 MISS_MERGE:          0
cpu0->cpu0_ITLB PREFETCH     ACCESS:          0 HIT:          0 MISS:          0 MISS_MERGE:          0
cpu0->cpu0_ITLB WRITE        ACCESS:          0 HIT:          0 MISS:          0 MISS_MERGE:          0
cpu0->cpu0_ITLB TRANSLATION  ACCESS:          0 HIT:          0 MISS:          0 MISS_MERGE:          0
cpu0->cpu0_ITLB PREFETCH REQUESTED:          0 ISSUED:          0 USEFUL:          0 USELESS:          0
cpu0->cpu0_ITLB AVERAGE MISS LATENCY: 6.035 cycles
cpu0->cpu0_L1D TOTAL        ACCESS:   21507632 HIT:   18880029 MISS:    2627603 MISS_MERGE:    1335186
cpu0->cpu0_L1D LOAD         ACCESS:   12649221 HIT:   10871920 MISS:    1777301 MISS_MERGE:     783533
cpu0->cpu0_L1D RFO          ACCESS:          0 HIT:          0 MISS:          0 MISS_MERGE:          0
cpu0->cpu0_L1D PREFETCH     ACCESS:          0 HIT:          0 MISS:          0 MISS_MERGE:          0
cpu0->cpu0_L1D WRITE        ACCESS:    8424221 HIT:    7712165 MISS:     712056 MISS_MERGE:     549300
cpu0->cpu0_L1D TRANSLATION  ACCESS:     434190 HIT:     295944 MISS:     138246 MISS_MERGE:       2353
cpu0->cpu0_L1D PREFETCH REQUESTED:          0 ISSUED:          0 USEFUL:          0 USELESS:          0
cpu0->cpu0_L1D AVERAGE MISS LATENCY: 171.4 cycles
cpu0->cpu0_L1I TOTAL        ACCESS:    5665364 HIT:    5662280 MISS:       3084 MISS_MERGE:        673
cpu0->cpu0_L1I LOAD         ACCESS:    5665364 HIT:    5662280 MISS:       3084 MISS_MERGE:        673
cpu0->cpu0_L1I RFO          ACCESS:          0 HIT:          0 MISS:          0 MISS_MERGE:          0
cpu0->cpu0_L1I PREFETCH     ACCESS:          0 HIT:          0 MISS:          0 MISS_MERGE:          0
cpu0->cpu0_L1I WRITE        ACCESS:          0 HIT:          0 MISS:          0 MISS_MERGE:          0
cpu0->cpu0_L1I TRANSLATION  ACCESS:          0 HIT:          0 MISS:          0 MISS_MERGE:          0
cpu0->cpu0_L1I PREFETCH REQUESTED:          0 ISSUED:          0 USEFUL:          0 USELESS:          0
cpu0->cpu0_L1I AVERAGE MISS LATENCY: 128.4 cycles
cpu0->cpu0_L2C TOTAL        ACCESS:    1774565 HIT:     670092 MISS:    1104473 MISS_MERGE:          0
cpu0->cpu0_L2C LOAD         ACCESS:     996179 HIT:     124058 MISS:     872121 MISS_MERGE:          0
cpu0->cpu0_L2C RFO          ACCESS:     162756 HIT:      13526 MISS:     149230 MISS_MERGE:          0
cpu0->cpu0_L2C PREFETCH     ACCESS:          0 HIT:          0 MISS:          0 MISS_MERGE:          0
cpu0->cpu0_L2C WRITE        ACCESS:     479737 HIT:     478627 MISS:       1110 MISS_MERGE:          0
cpu0->cpu0_L2C TRANSLATION  ACCESS:     135893 HIT:      53881 MISS:      82012 MISS_MERGE:          0
cpu0->cpu0_L2C PREFETCH REQUESTED:          0 ISSUED:          0 USEFUL:          0 USELESS:          0
cpu0->cpu0_L2C AVERAGE MISS LATENCY: 190.4 cycles
cpu0->cpu0_STLB TOTAL        ACCESS:     991098 HIT:     778449 MISS:     212649 MISS_MERGE:          0
cpu0->cpu0_STLB LOAD         ACCESS:     991098 HIT:     778449 MISS:     212649 MISS_MERGE:          0
cpu0->cpu0_STLB RFO          ACCESS:          0 HIT:          0 MISS:          0 MISS_MERGE:          0
cpu0->cpu0_STLB PREFETCH     ACCESS:          0 HIT:          0 MISS:          0 MISS_MERGE:          0
cpu0->cpu0_STLB WRITE        ACCESS:          0 HIT:          0 MISS:          0 MISS_MERGE:          0
cpu0->cpu0_STLB TRANSLATION  ACCESS:          0 HIT:          0 MISS:          0 MISS_MERGE:          0
cpu0->cpu0_STLB PREFETCH REQUESTED:          0 ISSUED:          0 USEFUL:          0 USELESS:          0
cpu0->cpu0_STLB AVERAGE MISS LATENCY: 67.87 cycles

DRAM Statistics

Channel 0 RQ ROW_BUFFER_HIT:      21336
  ROW_BUFFER_MISS:     974345
  AVG DBUS CONGESTED CYCLE: 18.57
Channel 0 WQ ROW_BUFFER_HIT:     127473
  ROW_BUFFER_MISS:     261974
  FULL:          0
Channel 0 REFRESHES ISSUED:      14296
