[VMEM] WARNING: physical memory size is smaller than virtual memory size.

*** ChampSim Multicore Out-of-Order Simulator ***
Warmup Instructions: 12500000
Simulation Instructions: 50000000
Number of CPUs: 1
Page size: 4096

Off-chip DRAM Size: 16 GiB Channels: 1 Width: 64-bit Data Rate: 3205 MT/s
Heartbeat CPU 0 instructions: 10000001 cycles: 5025513 heartbeat IPC: 1.99 cumulative IPC: 1.99 (Simulation time: 00 hr 00 min 40 sec)
Warmup finished CPU 0 instructions: 12500001 cycles: 6106304 cumulative IPC: 2.047 (Simulation time: 00 hr 00 min 49 sec)
Warmup complete CPU 0 instructions: 12500001 cycles: 6106304 cumulative IPC: 2.047 (Simulation time: 00 hr 00 min 49 sec)
Heartbeat CPU 0 instructions: 20000001 cycles: 28771947 heartbeat IPC: 0.4211 cumulative IPC: 0.3309 (Simulation time: 00 hr 01 min 59 sec)
Heartbeat CPU 0 instructions: 30000001 cycles: 59020667 heartbeat IPC: 0.3306 cumulative IPC: 0.3307 (Simulation time: 00 hr 03 min 29 sec)
Heartbeat CPU 0 instructions: 40000001 cycles: 87846379 heartbeat IPC: 0.3469 cumulative IPC: 0.3364 (Simulation time: 00 hr 04 min 44 sec)
Heartbeat CPU 0 instructions: 50000005 cycles: 117032980 heartbeat IPC: 0.3426 cumulative IPC: 0.3381 (Simulation time: 00 hr 05 min 58 sec)
Heartbeat CPU 0 instructions: 60000006 cycles: 148664026 heartbeat IPC: 0.3161 cumulative IPC: 0.3332 (Simulation time: 00 hr 07 min 10 sec)
Simulation finished CPU 0 instructions: 50000003 cycles: 150900309 cumulative IPC: 0.3313 (Simulation time: 00 hr 07 min 28 sec)
Simulation complete CPU 0 instructions: 50000003 cycles: 150900309 cumulative IPC: 0.3313 (Simulation time: 00 hr 07 min 28 sec)

ChampSim completed all CPUs

=== Simulation ===
CPU 0 runs traces/471.omnetpp-188B.champsimtrace.xz

Region of Interest Statistics

CPU 0 cumulative IPC: 0.3313 instructions: 50000003 cycles: 150900309
CPU 0 Branch Prediction Accuracy: 93.3% MPKI: 16.1 Average ROB Occupancy at Mispredict: 38.68
Branch type MPKI
BRANCH_DIRECT_JUMP: 0.00134
BRANCH_INDIRECT: 0.1254
BRANCH_CONDITIONAL: 15.32
BRANCH_DIRECT_CALL: 0.00068
BRANCH_INDIRECT_CALL: 0.1324
BRANCH_RETURN: 0.5249

cpu0->LLC TOTAL        ACCESS:    1527080 HIT:     503866 MISS:    1023214 MISS_MERGE:          0
cpu0->LLC LOAD         ACCESS:     872103 HIT:     203553 MISS:     668550 MISS_MERGE:          0
cpu0->LLC RFO          ACCESS:     149242 HIT:      48002 MISS:     101240 MISS_MERGE:          0
cpu0->LLC PREFETCH     ACCESS:          0 HIT:          0 MISS:          0 MISS_MERGE:          0
cpu0->LLC WRITE        ACCESS:     423727 HIT:     194281 MISS:     229446 MISS_MERGE:          0
cpu0->LLC TRANSLATION  ACCESS:      82008 HIT:      58030 MISS:      23978 MISS_MERGE:          0
cpu0->LLC PREFETCH REQUESTED:          0 ISSUED:          0 USEFUL:          0 USELESS:          0
cpu0->LLC AVERAGE MISS LATENCY: 149.5 cycles
cpu0->cpu0_DTLB TOTAL        ACCESS:   21071387 HIT:   19556889 MISS:    1514498 MISS_MERGE:     546709
cpu0->cpu0_DTLB LOAD         ACCESS:   21071387 HIT:   19556889 MISS:    1514498 MISS_MERGE:     546709
cpu0->cpu0_DTLB RFO          ACCESS:          0 HIT:          0 MISS:          0 MISS_MERGE:          0
cpu0->cpu0_DTLB PREFETCH     ACCESS:          0 HIT:          0 MISS:          0 MISS_MERGE:          0
cpu0->cpu0_DTLB WRITE        ACCESS:          0 HIT:          0 MISS:          0 MISS_MERGE:          0
cpu0->cpu0_DTLB TRANSLATION  ACCESS:          0 HIT:          0 MISS:          0 MISS_MERGE:          0
cpu0->cpu0_DTLB PREFETCH REQUESTED:          0 ISSUED:          0 USEFUL:          0 USELESS:          0
cpu0->cpu0_DTLB AVERAGE MISS LATENCY: 17.97 cycles
cpu0->cpu0_ITLB TOTAL        ACCESS:    5665389 HIT:    5607841 MISS:      57548 MISS_MERGE:      34265
cpu0->cpu0_ITLB LOAD         ACCESS:    5665389 HIT:    5607841 MISS:      57548 MISS_MERGE:      34265
cpu0->cpu0_ITLB RFO          ACCESS:          0 HIT:          0 MISS:          0 MISS_MERGE:          0
cpu0->cpu0_ITLB PREFETCH     ACCESS:          0 HIT:          0 MISS:          0 MISS_MERGE:          0
cpu0->cpu0_ITLB WRITE        ACCESS:          0 HIT:          0 MISS:          0 MISS_MERGE:          0
cpu0->cpu0_ITLB TRANSLATION  ACCESS:          0 HIT:          0 MISS:          0 MISS_MERGE:          0
cpu0->cpu0_ITLB PREFETCH REQUESTED:          0 ISSUED:          0 USEFUL:          0 USELESS:          0
cpu0->cpu0_ITLB AVERAGE MISS LATENCY: 6.287 cycles
cpu0->cpu0_L1D TOTAL        ACCESS:   21505571 HIT:   18926700 MISS:    2578871 MISS_MERGE:    1286540
cpu0->cpu0_L1D LOAD         ACCESS:   12647172 HIT:   10889492 MISS:    1757680 MISS_MERGE:     763977
cpu0->cpu0_L1D RFO          ACCESS:          0 HIT:          0 MISS:          0 MISS_MERGE:          0
cpu0->cpu0_L1D PREFETCH     ACCESS:          0 HIT:          0 MISS:          0 MISS_MERGE:          0
cpu0->cpu0_L1D WRITE        ACCESS:    8424215 HIT:    7741282 MISS:     682933 MISS_MERGE:     520196
cpu0->cpu0_L1D TRANSLATION  ACCESS:     434184 HIT:     295926 MISS:     138258 MISS_MERGE:       2367
cpu0->cpu0_L1D PREFETCH REQUESTED:          0 ISSUED:          0 USEFUL:          0 USELESS:          0
cpu0->cpu0_L1D AVERAGE MISS LATENCY: 138.9 cycles
cpu0->cpu0_L1I TOTAL        ACCESS:    5665389 HIT:    5662304 MISS:       3085 MISS_MERGE:        674
cpu0->cpu0_L1I LOAD         ACCESS:    5665389 HIT:    5662304 MISS:       3085 MISS_MERGE:        674
cpu0->cpu0_L1I RFO          ACCESS:          0 HIT:          0 MISS:          0 MISS_MERGE:          0
cpu0->cpu0_L1I PREFETCH     ACCESS:          0 HIT:          0 MISS:          0 MISS_MERGE:          0
cpu0->cpu0_L1I WRITE        ACCESS:          0 HIT:          0 MISS:          0 MISS_MERGE:          0
cpu0->cpu0_L1I TRANSLATION  ACCESS:          0 HIT:          0 MISS:          0 MISS_MERGE:          0
cpu0->cpu0_L1I PREFETCH REQUESTED:          0 ISSUED:          0 USEFUL:          0 USELESS:          0
cpu0->cpu0_L1I AVERAGE MISS LATENCY: 100.9 cycles
cpu0->cpu0_L2C TOTAL        ACCESS:    1774394 HIT:     669933 MISS:    1104461 MISS_MERGE:          2
cpu0->cpu0_L2C LOAD         ACCESS:     996114 HIT:     124011 MISS:     872103 MISS_MERGE:          0
cpu0->cpu0_L2C RFO          ACCESS:     162737 HIT:      13493 MISS:     149244 MISS_MERGE:          2
cpu0->cpu0_L2C PREFETCH     ACCESS:          0 HIT:          0 MISS:          0 MISS_MERGE:          0
cpu0->cpu0_L2C WRITE        ACCESS:     479652 HIT:     478546 MISS:       1106 MISS_MERGE:          0
cpu0->cpu0_L2C TRANSLATION  ACCESS:     135891 HIT:      53883 MISS:      82008 MISS_MERGE:          0
cpu0->cpu0_L2C PREFETCH REQUESTED:          0 ISSUED:          0 USEFUL:          0 USELESS:          0
cpu0->cpu0_L2C AVERAGE MISS LATENCY: 152.4 cycles
cpu0->cpu0_STLB TOTAL        ACCESS:     991072 HIT:     778423 MISS:     212649 MISS_MERGE:          0
cpu0->cpu0_STLB LOAD         ACCESS:     991072 HIT:     778423 MISS:     212649 MISS_MERGE:          0
cpu0->cpu0_STLB RFO          ACCESS:          0 HIT:          0 MISS:          0 MISS_MERGE:          0
cpu0->cpu0_STLB PREFETCH     ACCESS:          0 HIT:          0 MISS:          0 MISS_MERGE:          0
cpu0->cpu0_STLB WRITE        ACCESS:          0 HIT:          0 MISS:          0 MISS_MERGE:          0
cpu0->cpu0_STLB TRANSLATION  ACCESS:          0 HIT:          0 MISS:          0 MISS_MERGE:          0
cpu0->cpu0_STLB PREFETCH REQUESTED:          0 ISSUED:          0 USEFUL:          0 USELESS:          0
cpu0->cpu0_STLB AVERAGE MISS LATENCY: 58.16 cycles

DRAM Statistics

Channel 0 RQ ROW_BUFFER_HIT:      20309
  ROW_BUFFER_MISS:     773450
  AVG DBUS CONGESTED CYCLE: 19.85
Channel 0 WQ ROW_BUFFER_HIT:      83801
  ROW_BUFFER_MISS:     165219
  FULL:          0
Channel 0 REFRESHES ISSUED:      12575
