[VMEM] WARNING: physical memory size is smaller than virtual memory size.

*** ChampSim Multicore Out-of-Order Simulator ***
Warmup Instructions: 12500000
Simulation Instructions: 50000000
Number of CPUs: 1
Page size: 4096

Off-chip DRAM Size: 16 GiB Channels: 1 Width: 64-bit Data Rate: 3205 MT/s
Heartbeat CPU 0 instructions: 10000000 cycles: 2681763 heartbeat IPC: 3.729 cumulative IPC: 3.729 (Simulation time: 00 hr 00 min 21 sec)
Warmup finished CPU 0 instructions: 12500001 cycles: 3346440 cumulative IPC: 3.735 (Simulation time: 00 hr 00 min 26 sec)
Warmup complete CPU 0 instructions: 12500001 cycles: 3346440 cumulative IPC: 3.735 (Simulation time: 00 hr 00 min 26 sec)
Heartbeat CPU 0 instructions: 20000003 cycles: 15198165 heartbeat IPC: 0.799 cumulative IPC: 0.6328 (Simulation time: 00 hr 01 min 37 sec)
Heartbeat CPU 0 instructions: 30000004 cycles: 31010161 heartbeat IPC: 0.6324 cumulative IPC: 0.6326 (Simulation time: 00 hr 03 min 10 sec)
Heartbeat CPU 0 instructions: 40000006 cycles: 46825956 heartbeat IPC: 0.6323 cumulative IPC: 0.6325 (Simulation time: 00 hr 04 min 43 sec)
Heartbeat CPU 0 instructions: 50000007 cycles: 62601009 heartbeat IPC: 0.6339 cumulative IPC: 0.6329 (Simulation time: 00 hr 06 min 17 sec)
Heartbeat CPU 0 instructions: 60000010 cycles: 78444829 heartbeat IPC: 0.6312 cumulative IPC: 0.6325 (Simulation time: 00 hr 07 min 53 sec)
Simulation finished CPU 0 instructions: 50000003 cycles: 79009343 cumulative IPC: 0.6328 (Simulation time: 00 hr 08 min 18 sec)
Simulation complete CPU 0 instructions: 50000003 cycles: 79009343 cumulative IPC: 0.6328 (Simulation time: 00 hr 08 min 18 sec)

ChampSim completed all CPUs

=== Simulation ===
CPU 0 runs traces/470.lbm-1274B.champsimtrace.xz

Region of Interest Statistics

CPU 0 cumulative IPC: 0.6328 instructions: 50000003 cycles: 79009343
CPU 0 Branch Prediction Accuracy: 99.4% MPKI: 0.08384 Average ROB Occupancy at Mispredict: 158.6
Branch type MPKI
BRANCH_DIRECT_JUMP: 0
BRANCH_INDIRECT: 0
BRANCH_CONDITIONAL: 0.08384
BRANCH_DIRECT_CALL: 0
BRANCH_INDIRECT_CALL: 0
BRANCH_RETURN: 0

cpu0->LLC TOTAL        ACCESS:    2491028 HIT:     159445 MISS:    2331583 MISS_MERGE:          0
cpu0->LLC LOAD         ACCESS:     355372 HIT:          6 MISS:     355366 MISS_MERGE:          0
cpu0->LLC RFO          ACCESS:    1066417 HIT:      63961 MISS:    1002456 MISS_MERGE:          0
cpu0->LLC PREFETCH     ACCESS:          0 HIT:          0 MISS:          0 MISS_MERGE:          0
cpu0->LLC WRITE        ACCESS:    1066424 HIT:      95417 MISS:     971007 MISS_MERGE:          0
cpu0->LLC TRANSLATION  ACCESS:       2815 HIT:         61 MISS:       2754 MISS_MERGE:          0
cpu0->LLC PREFETCH REQUESTED:          0 ISSUED:          0 USEFUL:          0 USELESS:          0
cpu0->LLC AVERAGE MISS LATENCY: 204.5 cycles
cpu0->cpu0_DTLB TOTAL        ACCESS:   11549904 HIT:   11476510 MISS:      73394 MISS_MERGE:      51163
cpu0->cpu0_DTLB LOAD         ACCESS:   11549904 HIT:   11476510 MISS:      73394 MISS_MERGE:      51163
cpu0->cpu0_DTLB RFO          ACCESS:          0 HIT:          0 MISS:          0 MISS_MERGE:          0
cpu0->cpu0_DTLB PREFETCH     ACCESS:          0 HIT:          0 MISS:          0 MISS_MERGE:          0
cpu0->cpu0_DTLB WRITE        ACCESS:          0 HIT:          0 MISS:          0 MISS_MERGE:          0
cpu0->cpu0_DTLB TRANSLATION  ACCESS:          0 HIT:          0 MISS:          0 MISS_MERGE:          0
cpu0->cpu0_DTLB PREFETCH REQUESTED:          0 ISSUED:          0 USEFUL:          0 USELESS:          0
cpu0->cpu0_DTLB AVERAGE MISS LATENCY: 166.6 cycles
cpu0->cpu0_ITLB TOTAL        ACCESS:    9210056 HIT:    9210056 MISS:          0 MISS_MERGE:          0
cpu0->cpu0_ITLB LOAD         ACCESS:    9210056 HIT:    9210056 MISS:          0 MISS_MERGE:          0
cpu0->cpu0_ITLB RFO          ACCESS:          0 HIT:          0 MISS:          0 MISS_MERGE:          0
cpu0->cpu0_ITLB PREFETCH     ACCESS:          0 HIT:          0 MISS:          0 MISS_MERGE:          0
cpu0->cpu0_ITLB WRITE        ACCESS:          0 HIT:          0 MISS:          0 MISS_MERGE:          0
cpu0->cpu0_ITLB TRANSLATION  ACCESS:          0 HIT:          0 MISS:          0 MISS_MERGE:          0
cpu0->cpu0_ITLB PREFETCH REQUESTED:          0 ISSUED:          0 USEFUL:          0 USELESS:          0
cpu0->cpu0_ITLB AVERAGE MISS LATENCY: - cycles
cpu0->cpu0_L1D TOTAL        ACCESS:   11594388 HIT:    7287193 MISS:    4307195 MISS_MERGE:    1949596
cpu0->cpu0_L1D LOAD         ACCESS:    6528680 HIT:    4242266 MISS:    2286414 MISS_MERGE:    1931042
cpu0->cpu0_L1D RFO          ACCESS:          0 HIT:          0 MISS:          0 MISS_MERGE:          0
cpu0->cpu0_L1D PREFETCH     ACCESS:          0 HIT:          0 MISS:          0 MISS_MERGE:          0
cpu0->cpu0_L1D WRITE        ACCESS:    5021224 HIT:    3003266 MISS:    2017958 MISS_MERGE:      18550
cpu0->cpu0_L1D TRANSLATION  ACCESS:      44484 HIT:      41661 MISS:       2823 MISS_MERGE:          4
cpu0->cpu0_L1D PREFETCH REQUESTED:          0 ISSUED:          0 USEFUL:          0 USELESS:          0
cpu0->cpu0_L1D AVERAGE MISS LATENCY: 217 cycles
cpu0->cpu0_L1I TOTAL        ACCESS:    9210056 HIT:    9210056 MISS:          0 MISS_MERGE:          0
cpu0->cpu0_L1I LOAD         ACCESS:    9210056 HIT:    9210056 MISS:          0 MISS_MERGE:          0
cpu0->cpu0_L1I RFO          ACCESS:          0 HIT:          0 MISS:          0 MISS_MERGE:          0
cpu0->cpu0_L1I PREFETCH     ACCESS:          0 HIT:          0 MISS:          0 MISS_MERGE:          0
cpu0->cpu0_L1I WRITE        ACCESS:          0 HIT:          0 MISS:          0 MISS_MERGE:          0
cpu0->cpu0_L1I TRANSLATION  ACCESS:          0 HIT:          0 MISS:          0 MISS_MERGE:          0
cpu0->cpu0_L1I PREFETCH REQUESTED:          0 ISSUED:          0 USEFUL:          0 USELESS:          0
cpu0->cpu0_L1I AVERAGE MISS LATENCY: - cycles
cpu0->cpu0_L2C TOTAL        ACCESS:    4357008 HIT:    2932404 MISS:    1424604 MISS_MERGE:          0
cpu0->cpu0_L2C LOAD         ACCESS:     355372 HIT:          0 MISS:     355372 MISS_MERGE:          0
cpu0->cpu0_L2C RFO          ACCESS:    1999411 HIT:     932994 MISS:    1066417 MISS_MERGE:          0
cpu0->cpu0_L2C PREFETCH     ACCESS:          0 HIT:          0 MISS:          0 MISS_MERGE:          0
cpu0->cpu0_L2C WRITE        ACCESS:    1999406 HIT:    1999406 MISS:          0 MISS_MERGE:          0
cpu0->cpu0_L2C TRANSLATION  ACCESS:       2819 HIT:          4 MISS:       2815 MISS_MERGE:          0
cpu0->cpu0_L2C PREFETCH REQUESTED:          0 ISSUED:          0 USEFUL:          0 USELESS:          0
cpu0->cpu0_L2C AVERAGE MISS LATENCY: 344.4 cycles
cpu0->cpu0_STLB TOTAL        ACCESS:      22231 HIT:          0 MISS:      22231 MISS_MERGE:          0
cpu0->cpu0_STLB LOAD         ACCESS:      22231 HIT:          0 MISS:      22231 MISS_MERGE:          0
cpu0->cpu0_STLB RFO          ACCESS:          0 HIT:          0 MISS:          0 MISS_MERGE:          0
cpu0->cpu0_STLB PREFETCH     ACCESS:          0 HIT:          0 MISS:          0 MISS_MERGE:          0
cpu0->cpu0_STLB WRITE        ACCESS:          0 HIT:          0 MISS:          0 MISS_MERGE:          0
cpu0->cpu0_STLB TRANSLATION  ACCESS:          0 HIT:          0 MISS:          0 MISS_MERGE:          0
cpu0->cpu0_STLB PREFETCH REQUESTED:          0 ISSUED:          0 USEFUL:          0 USELESS:          0
cpu0->cpu0_STLB AVERAGE MISS LATENCY: 160.6 cycles

DRAM Statistics

Channel 0 RQ ROW_BUFFER_HIT:      15332
  ROW_BUFFER_MISS:    1345232
  AVG DBUS CONGESTED CYCLE: 5.653
Channel 0 WQ ROW_BUFFER_HIT:     209409
  ROW_BUFFER_MISS:     793189
  FULL:          0
Channel 0 REFRESHES ISSUED:       6584
