[VMEM] WARNING: physical memory size is smaller than virtual memory size.

*** ChampSim Multicore Out-of-Order Simulator ***
Warmup Instructions: 12500000
Simulation Instructions: 50000000
Number of CPUs: 1
Page size: 4096

Off-chip DRAM Size: 16 GiB Channels: 1 Width: 64-bit Data Rate: 3205 MT/s
Heartbeat CPU 0 instructions: 10000002 cycles: 3344866 heartbeat IPC: 2.99 cumulative IPC: 2.99 (Simulation time: 00 hr 00 min 28 sec)
Warmup finished CPU 0 instructions: 12500003 cycles: 4459036 cumulative IPC: 2.803 (Simulation time: 00 hr 00 min 37 sec)
Warmup complete CPU 0 instructions: 12500003 cycles: 4459036 cumulative IPC: 2.803 (Simulation time: 00 hr 00 min 37 sec)
Heartbeat CPU 0 instructions: 20000006 cycles: 25306513 heartbeat IPC: 0.4553 cumulative IPC: 0.3598 (Simulation time: 00 hr 01 min 36 sec)
Heartbeat CPU 0 instructions: 30000007 cycles: 50635154 heartbeat IPC: 0.3948 cumulative IPC: 0.379 (Simulation time: 00 hr 03 min 13 sec)
Heartbeat CPU 0 instructions: 40000009 cycles: 83506833 heartbeat IPC: 0.3042 cumulative IPC: 0.3479 (Simulation time: 00 hr 05 min 45 sec)
Heartbeat CPU 0 instructions: 50000009 cycles: 101381210 heartbeat IPC: 0.5595 cumulative IPC: 0.3869 (Simulation time: 00 hr 06 min 45 sec)
Heartbeat CPU 0 instructions: 60000010 cycles: 118816781 heartbeat IPC: 0.5735 cumulative IPC: 0.4154 (Simulation time: 00 hr 07 min 43 sec)
Simulation finished CPU 0 instructions: 50000004 cycles: 118493197 cumulative IPC: 0.422 (Simulation time: 00 hr 07 min 58 sec)
Simulation complete CPU 0 instructions: 50000004 cycles: 118493197 cumulative IPC: 0.422 (Simulation time: 00 hr 07 min 58 sec)

ChampSim completed all CPUs

=== Simulation ===
CPU 0 runs traces/403.gcc-17B.champsimtrace.xz

Region of Interest Statistics

CPU 0 cumulative IPC: 0.422 instructions: 50000004 cycles: 118493197
CPU 0 Branch Prediction Accuracy: 91.45% MPKI: 17.95 Average ROB Occupancy at Mispredict: 31.78
Branch type MPKI
BRANCH_DIRECT_JUMP: 0.1334
BRANCH_INDIRECT: 0.4934
BRANCH_CONDITIONAL: 17.21
BRANCH_DIRECT_CALL: 0.1022
BRANCH_INDIRECT_CALL: 0.002
BRANCH_RETURN: 0.00512

cpu0->LLC TOTAL        ACCESS:    2259320 HIT:     201586 MISS:    2057734 MISS_MERGE:          0
cpu0->LLC LOAD         ACCESS:     335161 HIT:      26834 MISS:     308327 MISS_MERGE:          0
cpu0->LLC RFO          ACCESS:     937995 HIT:       1736 MISS:     936259 MISS_MERGE:          0
cpu0->LLC PREFETCH     ACCESS:          0 HIT:          0 MISS:          0 MISS_MERGE:          0
cpu0->LLC WRITE        ACCESS:     974750 HIT:     170175 MISS:     804575 MISS_MERGE:          0
cpu0->LLC TRANSLATION  ACCESS:      11414 HIT:       2841 MISS:       8573 MISS_MERGE:          0
cpu0->LLC PREFETCH REQUESTED:          0 ISSUED:          0 USEFUL:          0 USELESS:          0
cpu0->LLC AVERAGE MISS LATENCY: 303.9 cycles
cpu0->cpu0_DTLB TOTAL        ACCESS:   21960931 HIT:   20968149 MISS:     992782 MISS_MERGE:     429924
cpu0->cpu0_DTLB LOAD         ACCESS:   21960931 HIT:   20968149 MISS:     992782 MISS_MERGE:     429924
cpu0->cpu0_DTLB RFO          ACCESS:          0 HIT:          0 MISS:          0 MISS_MERGE:          0
cpu0->cpu0_DTLB PREFETCH     ACCESS:          0 HIT:          0 MISS:          0 MISS_MERGE:          0
cpu0->cpu0_DTLB WRITE        ACCESS:          0 HIT:          0 MISS:          0 MISS_MERGE:          0
cpu0->cpu0_DTLB TRANSLATION  ACCESS:          0 HIT:          0 MISS:          0 MISS_MERGE:          0
cpu0->cpu0_DTLB PREFETCH REQUESTED:          0 ISSUED:          0 USEFUL:          0 USELESS:          0
cpu0->cpu0_DTLB AVERAGE MISS LATENCY: 17.27 cycles
cpu0->cpu0_ITLB TOTAL        ACCESS:    6033198 HIT:    6029530 MISS:       3668 MISS_MERGE:       2259
cpu0->cpu0_ITLB LOAD         ACCESS:    6033198 HIT:    6029530 MISS:       3668 MISS_MERGE:       2259
cpu0->cpu0_ITLB RFO          ACCESS:          0 HIT:          0 MISS:          0 MISS_MERGE:          0
cpu0->cpu0_ITLB PREFETCH     ACCESS:          0 HIT:          0 MISS:          0 MISS_MERGE:          0
cpu0->cpu0_ITLB WRITE        ACCESS:          0 HIT:          0 MISS:          0 MISS_MERGE:          0
cpu0->cpu0_ITLB TRANSLATION  ACCESS:          0 HIT:          0 MISS:          0 MISS_MERGE:          0
cpu0->cpu0_ITLB PREFETCH REQUESTED:          0 ISSUED:          0 USEFUL:          0 USELESS:          0
cpu0->cpu0_ITLB AVERAGE MISS LATENCY: 14.05 cycles
cpu0->cpu0_L1D TOTAL        ACCESS:   22048501 HIT:   13746180 MISS:    8302321 MISS_MERGE:    6825947
cpu0->cpu0_L1D LOAD         ACCESS:    9662205 HIT:    8811006 MISS:     851199 MISS_MERGE:     329582
cpu0->cpu0_L1D RFO          ACCESS:          0 HIT:          0 MISS:          0 MISS_MERGE:          0
cpu0->cpu0_L1D PREFETCH     ACCESS:          0 HIT:          0 MISS:          0 MISS_MERGE:          0
cpu0->cpu0_L1D WRITE        ACCESS:   12298726 HIT:    4862737 MISS:    7435989 MISS_MERGE:    6496351
cpu0->cpu0_L1D TRANSLATION  ACCESS:      87570 HIT:      72437 MISS:      15133 MISS_MERGE:         14
cpu0->cpu0_L1D PREFETCH REQUESTED:          0 ISSUED:          0 USEFUL:          0 USELESS:          0
cpu0->cpu0_L1D AVERAGE MISS LATENCY: 441.3 cycles
cpu0->cpu0_L1I TOTAL        ACCESS:    6033198 HIT:    6031060 MISS:       2138 MISS_MERGE:        419
cpu0->cpu0_L1I LOAD         ACCESS:    6033198 HIT:    6031060 MISS:       2138 MISS_MERGE:        419
cpu0->cpu0_L1I RFO          ACCESS:          0 HIT:          0 MISS:          0 MISS_MERGE:          0
cpu0->cpu0_L1I PREFETCH     ACCESS:          0 HIT:          0 MISS:          0 MISS_MERGE:          0
cpu0->cpu0_L1I WRITE        ACCESS:          0 HIT:          0 MISS:          0 MISS_MERGE:          0
cpu0->cpu0_L1I TRANSLATION  ACCESS:          0 HIT:          0 MISS:          0 MISS_MERGE:          0
cpu0->cpu0_L1I PREFETCH REQUESTED:          0 ISSUED:          0 USEFUL:          0 USELESS:          0
cpu0->cpu0_L1I AVERAGE MISS LATENCY: 72.55 cycles
cpu0->cpu0_L2C TOTAL        ACCESS:    2462041 HIT:    1177299 MISS:    1284742 MISS_MERGE:          1
cpu0->cpu0_L2C LOAD         ACCESS:     523336 HIT:     188175 MISS:     335161 MISS_MERGE:          0
cpu0->cpu0_L2C RFO          ACCESS:     939638 HIT:       1642 MISS:     937996 MISS_MERGE:          1
cpu0->cpu0_L2C PREFETCH     ACCESS:          0 HIT:          0 MISS:          0 MISS_MERGE:          0
cpu0->cpu0_L2C WRITE        ACCESS:     983948 HIT:     983777 MISS:        171 MISS_MERGE:          0
cpu0->cpu0_L2C TRANSLATION  ACCESS:      15119 HIT:       3705 MISS:      11414 MISS_MERGE:          0
cpu0->cpu0_L2C PREFETCH REQUESTED:          0 ISSUED:          0 USEFUL:          0 USELESS:          0
cpu0->cpu0_L2C AVERAGE MISS LATENCY: 497 cycles
cpu0->cpu0_STLB TOTAL        ACCESS:     564267 HIT:     520726 MISS:      43541 MISS_MERGE:          0
cpu0->cpu0_STLB LOAD         ACCESS:     564267 HIT:     520726 MISS:      43541 MISS_MERGE:          0
cpu0->cpu0_STLB RFO          ACCESS:          0 HIT:          0 MISS:          0 MISS_MERGE:          0
cpu0->cpu0_STLB PREFETCH     ACCESS:          0 HIT:          0 MISS:          0 MISS_MERGE:          0
cpu0->cpu0_STLB WRITE        ACCESS:          0 HIT:          0 MISS:          0 MISS_MERGE:          0
cpu0->cpu0_STLB TRANSLATION  ACCESS:          0 HIT:          0 MISS:          0 MISS_MERGE:          0
cpu0->cpu0_STLB PREFETCH REQUESTED:          0 ISSUED:          0 USEFUL:          0 USELESS:          0
cpu0->cpu0_STLB AVERAGE MISS LATENCY: 157.9 cycles

DRAM Statistics

Channel 0 RQ ROW_BUFFER_HIT:     130827
  ROW_BUFFER_MISS:    1122331
  AVG DBUS CONGESTED CYCLE: 7.797
Channel 0 WQ ROW_BUFFER_HIT:      82518
  ROW_BUFFER_MISS:     833004
  FULL:          0
Channel 0 REFRESHES ISSUED:       9875
