[VMEM] WARNING: physical memory size is smaller than virtual memory size.

*** ChampSim Multicore Out-of-Order Simulator ***
Warmup Instructions: 12500000
Simulation Instructions: 50000000
Number of CPUs: 1
Page size: 4096

Off-chip DRAM Size: 16 GiB Channels: 1 Width: 64-bit Data Rate: 3205 MT/s
Heartbeat CPU 0 instructions: 10000002 cycles: 5029602 heartbeat IPC: 1.988 cumulative IPC: 1.988 (Simulation time: 00 hr 00 min 39 sec)
Warmup finished CPU 0 instructions: 12500003 cycles: 6108390 cumulative IPC: 2.046 (Simulation time: 00 hr 00 min 48 sec)
Warmup complete CPU 0 instructions: 12500003 cycles: 6108390 cumulative IPC: 2.046 (Simulation time: 00 hr 00 min 48 sec)
Heartbeat CPU 0 instructions: 20000006 cycles: 28431611 heartbeat IPC: 0.4273 cumulative IPC: 0.336 (Simulation time: 00 hr 01 min 56 sec)
Heartbeat CPU 0 instructions: 30000006 cycles: 64883012 heartbeat IPC: 0.2743 cumulative IPC: 0.2977 (Simulation time: 00 hr 03 min 52 sec)
Heartbeat CPU 0 instructions: 40000006 cycles: 95793927 heartbeat IPC: 0.3235 cumulative IPC: 0.3066 (Simulation time: 00 hr 05 min 25 sec)
Heartbeat CPU 0 instructions: 50000009 cycles: 130893116 heartbeat IPC: 0.2849 cumulative IPC: 0.3005 (Simulation time: 00 hr 10 min 09 sec)
Heartbeat CPU 0 instructions: 60000011 cycles: 165115869 heartbeat IPC: 0.2922 cumulative IPC: 0.2987 (Simulation time: 00 hr 11 min 49 sec)
Simulation finished CPU 0 instructions: 50000001 cycles: 167121550 cumulative IPC: 0.2992 (Simulation time: 00 hr 12 min 12 sec)
Simulation complete CPU 0 instructions: 50000001 cycles: 167121550 cumulative IPC: 0.2992 (Simulation time: 00 hr 12 min 12 sec)

ChampSim completed all CPUs

=== Simulation ===
CPU 0 runs traces/471.omnetpp-188B.champsimtrace.xz

Region of Interest Statistics

CPU 0 cumulative IPC: 0.2992 instructions: 50000001 cycles: 167121550
CPU 0 Branch Prediction Accuracy: 93.3% MPKI: 16.1 Average ROB Occupancy at Mispredict: 39.3
Branch type MPKI
BRANCH_DIRECT_JUMP: 0.00134
BRANCH_INDIRECT: 0.1254
BRANCH_CONDITIONAL: 15.32
BRANCH_DIRECT_CALL: 0.00068
BRANCH_INDIRECT_CALL: 0.1324
BRANCH_RETURN: 0.5249

cpu0->LLC TOTAL        ACCESS:    1527200 HIT:     473446 MISS:    1053754 MISS_MERGE:          0
cpu0->LLC LOAD         ACCESS:     872193 HIT:     123502 MISS:     748691 MISS_MERGE:          0
cpu0->LLC RFO          ACCESS:     149221 HIT:      19628 MISS:     129593 MISS_MERGE:          0
cpu0->LLC PREFETCH     ACCESS:          0 HIT:          0 MISS:          0 MISS_MERGE:          0
cpu0->LLC WRITE        ACCESS:     423785 HIT:     310119 MISS:     113666 MISS_MERGE:          0
cpu0->LLC TRANSLATION  ACCESS:      82001 HIT:      20197 MISS:      61804 MISS_MERGE:          0
cpu0->LLC PREFETCH REQUESTED:          0 ISSUED:          0 USEFUL:          0 USELESS:          0
cpu0->LLC AVERAGE MISS LATENCY: 172.9 cycles
cpu0->cpu0_DTLB TOTAL        ACCESS:   21069016 HIT:   19553892 MISS:    1515124 MISS_MERGE:     547396
cpu0->cpu0_DTLB LOAD         ACCESS:   21069016 HIT:   19553892 MISS:    1515124 MISS_MERGE:     547396
cpu0->cpu0_DTLB RFO          ACCESS:          0 HIT:          0 MISS:          0 MISS_MERGE:          0
cpu0->cpu0_DTLB PREFETCH     ACCESS:          0 HIT:          0 MISS:          0 MISS_MERGE:          0
cpu0->cpu0_DTLB WRITE        ACCESS:          0 HIT:          0 MISS:          0 MISS_MERGE:          0
cpu0->cpu0_DTLB TRANSLATION  ACCESS:          0 HIT:          0 MISS:          0 MISS_MERGE:          0
cpu0->cpu0_DTLB PREFETCH REQUESTED:          0 ISSUED:          0 USEFUL:          0 USELESS:          0
cpu0->cpu0_DTLB AVERAGE MISS LATENCY: 25.86 cycles
cpu0->cpu0_ITLB TOTAL        ACCESS:    5665604 HIT:    5608059 MISS:      57545 MISS_MERGE:      34262
cpu0->cpu0_ITLB LOAD         ACCESS:    5665604 HIT:    5608059 MISS:      57545 MISS_MERGE:      34262
cpu0->cpu0_ITLB RFO          ACCESS:          0 HIT:          0 MISS:          0 MISS_MERGE:          0
cpu0->cpu0_ITLB PREFETCH     ACCESS:          0 HIT:          0 MISS:          0 MISS_MERGE:          0
cpu0->cpu0_ITLB WRITE        ACCESS:          0 HIT:          0 MISS:          0 MISS_MERGE:          0
cpu0->cpu0_ITLB TRANSLATION  ACCESS:          0 HIT:          0 MISS:          0 MISS_MERGE:          0
cpu0->cpu0_ITLB PREFETCH REQUESTED:          0 ISSUED:          0 USEFUL:          0 USELESS:          0
cpu0->cpu0_ITLB AVERAGE MISS LATENCY: 7.226 cycles
cpu0->cpu0_L1D TOTAL        ACCESS:   21503204 HIT:   18874506 MISS:    2628698 MISS_MERGE:    1336272
cpu0->cpu0_L1D LOAD         ACCESS:   12644801 HIT:   10870333 MISS:    1774468 MISS_MERGE:     780664
cpu0->cpu0_L1D RFO          ACCESS:          0 HIT:          0 MISS:          0 MISS_MERGE:          0
cpu0->cpu0_L1D PREFETCH     ACCESS:          0 HIT:          0 MISS:          0 MISS_MERGE:          0
cpu0->cpu0_L1D WRITE        ACCESS:    8424215 HIT:    7708338 MISS:     715877 MISS_MERGE:     553148
cpu0->cpu0_L1D TRANSLATION  ACCESS:     434188 HIT:     295835 MISS:     138353 MISS_MERGE:       2460
cpu0->cpu0_L1D PREFETCH REQUESTED:          0 ISSUED:          0 USEFUL:          0 USELESS:          0
cpu0->cpu0_L1D AVERAGE MISS LATENCY: 162.4 cycles
cpu0->cpu0_L1I TOTAL        ACCESS:    5665604 HIT:    5662522 MISS:       3082 MISS_MERGE:        671
cpu0->cpu0_L1I LOAD         ACCESS:    5665604 HIT:    5662522 MISS:       3082 MISS_MERGE:        671
cpu0->cpu0_L1I RFO          ACCESS:          0 HIT:          0 MISS:          0 MISS_MERGE:          0
cpu0->cpu0_L1I PREFETCH     ACCESS:          0 HIT:          0 MISS:          0 MISS_MERGE:          0
cpu0->cpu0_L1I WRITE        ACCESS:          0 HIT:          0 MISS:          0 MISS_MERGE:          0
cpu0->cpu0_L1I TRANSLATION  ACCESS:          0 HIT:          0 MISS:          0 MISS_MERGE:          0
cpu0->cpu0_L1I PREFETCH REQUESTED:          0 ISSUED:          0 USEFUL:          0 USELESS:          0
cpu0->cpu0_L1I AVERAGE MISS LATENCY: 135.8 cycles
cpu0->cpu0_L2C TOTAL        ACCESS:    1774565 HIT:     670030 MISS:    1104535 MISS_MERGE:          0
cpu0->cpu0_L2C LOAD         ACCESS:     996215 HIT:     124022 MISS:     872193 MISS_MERGE:          0
cpu0->cpu0_L2C RFO          ACCESS:     162729 HIT:      13508 MISS:     149221 MISS_MERGE:          0
cpu0->cpu0_L2C PREFETCH     ACCESS:          0 HIT:          0 MISS:          0 MISS_MERGE:          0
cpu0->cpu0_L2C WRITE        ACCESS:     479728 HIT:     478608 MISS:       1120 MISS_MERGE:          0
cpu0->cpu0_L2C TRANSLATION  ACCESS:     135893 HIT:      53892 MISS:      82001 MISS_MERGE:          0
cpu0->cpu0_L2C PREFETCH REQUESTED:          0 ISSUED:          0 USEFUL:          0 USELESS:          0
cpu0->cpu0_L2C AVERAGE MISS LATENCY: 179.8 cycles
cpu0->cpu0_STLB TOTAL        ACCESS:     991011 HIT:     778362 MISS:     212649 MISS_MERGE:          0
cpu0->cpu0_STLB LOAD         ACCESS:     991011 HIT:     778362 MISS:     212649 MISS_MERGE:          0
cpu0->cpu0_STLB RFO          ACCESS:          0 HIT:          0 MISS:          0 MISS_MERGE:          0
cpu0->cpu0_STLB PREFETCH     ACCESS:          0 HIT:          0 MISS:          0 MISS_MERGE:          0
cpu0->cpu0_STLB WRITE        ACCESS:          0 HIT:          0 MISS:          0 MISS_MERGE:          0
cpu0->cpu0_STLB TRANSLATION  ACCESS:          0 HIT:          0 MISS:          0 MISS_MERGE:          0
cpu0->cpu0_STLB PREFETCH REQUESTED:          0 ISSUED:          0 USEFUL:          0 USELESS:          0
cpu0->cpu0_STLB AVERAGE MISS LATENCY: 94.15 cycles

DRAM Statistics

Channel 0 RQ ROW_BUFFER_HIT:      21071
  ROW_BUFFER_MISS:     918976
  AVG DBUS CONGESTED CYCLE: 18.32
Channel 0 WQ ROW_BUFFER_HIT:     110685
  ROW_BUFFER_MISS:     228929
  FULL:          0
Channel 0 REFRESHES ISSUED:      13926
