[VMEM] WARNING: physical memory size is smaller than virtual memory size.

*** ChampSim Multicore Out-of-Order Simulator ***
Warmup Instructions: 12500000
Simulation Instructions: 50000000
Number of CPUs: 1
Page size: 4096

Off-chip DRAM Size: 16 GiB Channels: 1 Width: 64-bit Data Rate: 3205 MT/s
Heartbeat CPU 0 instructions: 10000001 cycles: 5028320 heartbeat IPC: 1.989 cumulative IPC: 1.989 (Simulation time: 00 hr 00 min 52 sec)
Warmup finished CPU 0 instructions: 12500003 cycles: 6106698 cumulative IPC: 2.047 (Simulation time: 00 hr 01 min 02 sec)
Warmup complete CPU 0 instructions: 12500003 cycles: 6106698 cumulative IPC: 2.047 (Simulation time: 00 hr 01 min 02 sec)
Heartbeat CPU 0 instructions: 20000001 cycles: 29120960 heartbeat IPC: 0.4151 cumulative IPC: 0.3259 (Simulation time: 00 hr 02 min 12 sec)
Heartbeat CPU 0 instructions: 30000001 cycles: 66773147 heartbeat IPC: 0.2656 cumulative IPC: 0.2885 (Simulation time: 00 hr 04 min 19 sec)
Heartbeat CPU 0 instructions: 40000001 cycles: 98077580 heartbeat IPC: 0.3194 cumulative IPC: 0.299 (Simulation time: 00 hr 05 min 55 sec)
Heartbeat CPU 0 instructions: 50000005 cycles: 134655018 heartbeat IPC: 0.2734 cumulative IPC: 0.2917 (Simulation time: 00 hr 07 min 48 sec)
Heartbeat CPU 0 instructions: 60000006 cycles: 170072349 heartbeat IPC: 0.2823 cumulative IPC: 0.2897 (Simulation time: 00 hr 09 min 36 sec)
Simulation finished CPU 0 instructions: 50000001 cycles: 172680885 cumulative IPC: 0.2896 (Simulation time: 00 hr 10 min 01 sec)
Simulation complete CPU 0 instructions: 50000001 cycles: 172680885 cumulative IPC: 0.2896 (Simulation time: 00 hr 10 min 01 sec)

ChampSim completed all CPUs

=== Simulation ===
CPU 0 runs traces/471.omnetpp-188B.champsimtrace.xz

Region of Interest Statistics

CPU 0 cumulative IPC: 0.2896 instructions: 50000001 cycles: 172680885
CPU 0 Branch Prediction Accuracy: 93.3% MPKI: 16.1 Average ROB Occupancy at Mispredict: 38.9
Branch type MPKI
BRANCH_DIRECT_JUMP: 0.00134
BRANCH_INDIRECT: 0.1254
BRANCH_CONDITIONAL: 15.32
BRANCH_DIRECT_CALL: 0.00068
BRANCH_INDIRECT_CALL: 0.1324
BRANCH_RETURN: 0.5249

cpu0->LLC TOTAL        ACCESS:    1527087 HIT:     498073 MISS:    1029014 MISS_MERGE:          0
cpu0->LLC LOAD         ACCESS:     872058 HIT:      76326 MISS:     795732 MISS_MERGE:          0
cpu0->LLC RFO          ACCESS:     149240 HIT:       8372 MISS:     140868 MISS_MERGE:          0
cpu0->LLC PREFETCH     ACCESS:          0 HIT:          0 MISS:          0 MISS_MERGE:          0
cpu0->LLC WRITE        ACCESS:     423697 HIT:     393954 MISS:      29743 MISS_MERGE:          0
cpu0->LLC TRANSLATION  ACCESS:      82092 HIT:      19421 MISS:      62671 MISS_MERGE:          0
cpu0->LLC PREFETCH REQUESTED:          0 ISSUED:          0 USEFUL:          0 USELESS:          0
cpu0->LLC AVERAGE MISS LATENCY: 189.1 cycles
cpu0->cpu0_DTLB TOTAL        ACCESS:   21071770 HIT:   19557178 MISS:    1514592 MISS_MERGE:     546864
cpu0->cpu0_DTLB LOAD         ACCESS:   21071770 HIT:   19557178 MISS:    1514592 MISS_MERGE:     546864
cpu0->cpu0_DTLB RFO          ACCESS:          0 HIT:          0 MISS:          0 MISS_MERGE:          0
cpu0->cpu0_DTLB PREFETCH     ACCESS:          0 HIT:          0 MISS:          0 MISS_MERGE:          0
cpu0->cpu0_DTLB WRITE        ACCESS:          0 HIT:          0 MISS:          0 MISS_MERGE:          0
cpu0->cpu0_DTLB TRANSLATION  ACCESS:          0 HIT:          0 MISS:          0 MISS_MERGE:          0
cpu0->cpu0_DTLB PREFETCH REQUESTED:          0 ISSUED:          0 USEFUL:          0 USELESS:          0
cpu0->cpu0_DTLB AVERAGE MISS LATENCY: 26.12 cycles
cpu0->cpu0_ITLB TOTAL        ACCESS:    5665702 HIT:    5608152 MISS:      57550 MISS_MERGE:      34267
cpu0->cpu0_ITLB LOAD         ACCESS:    5665702 HIT:    5608152 MISS:      57550 MISS_MERGE:      34267
cpu0->cpu0_ITLB RFO          ACCESS:          0 HIT:          0 MISS:          0 MISS_MERGE:          0
cpu0->cpu0_ITLB PREFETCH     ACCESS:          0 HIT:          0 MISS:          0 MISS_MERGE:          0
cpu0->cpu0_ITLB WRITE        ACCESS:          0 HIT:          0 MISS:          0 MISS_MERGE:          0
cpu0->cpu0_ITLB TRANSLATION  ACCESS:          0 HIT:          0 MISS:          0 MISS_MERGE:          0
cpu0->cpu0_ITLB PREFETCH REQUESTED:          0 ISSUED:          0 USEFUL:          0 USELESS:          0
cpu0->cpu0_ITLB AVERAGE MISS LATENCY: 7.171 cycles
cpu0->cpu0_L1D TOTAL        ACCESS:   21505960 HIT:   18872522 MISS:    2633438 MISS_MERGE:    1340991
cpu0->cpu0_L1D LOAD         ACCESS:   12647555 HIT:   10868082 MISS:    1779473 MISS_MERGE:     785725
cpu0->cpu0_L1D RFO          ACCESS:          0 HIT:          0 MISS:          0 MISS_MERGE:          0
cpu0->cpu0_L1D PREFETCH     ACCESS:          0 HIT:          0 MISS:          0 MISS_MERGE:          0
cpu0->cpu0_L1D WRITE        ACCESS:    8424215 HIT:    7708544 MISS:     715671 MISS_MERGE:     552868
cpu0->cpu0_L1D TRANSLATION  ACCESS:     434190 HIT:     295896 MISS:     138294 MISS_MERGE:       2398
cpu0->cpu0_L1D PREFETCH REQUESTED:          0 ISSUED:          0 USEFUL:          0 USELESS:          0
cpu0->cpu0_L1D AVERAGE MISS LATENCY: 172.6 cycles
cpu0->cpu0_L1I TOTAL        ACCESS:    5665702 HIT:    5662616 MISS:       3086 MISS_MERGE:        675
cpu0->cpu0_L1I LOAD         ACCESS:    5665702 HIT:    5662616 MISS:       3086 MISS_MERGE:        675
cpu0->cpu0_L1I RFO          ACCESS:          0 HIT:          0 MISS:          0 MISS_MERGE:          0
cpu0->cpu0_L1I PREFETCH     ACCESS:          0 HIT:          0 MISS:          0 MISS_MERGE:          0
cpu0->cpu0_L1I WRITE        ACCESS:          0 HIT:          0 MISS:          0 MISS_MERGE:          0
cpu0->cpu0_L1I TRANSLATION  ACCESS:          0 HIT:          0 MISS:          0 MISS_MERGE:          0
cpu0->cpu0_L1I PREFETCH REQUESTED:          0 ISSUED:          0 USEFUL:          0 USELESS:          0
cpu0->cpu0_L1I AVERAGE MISS LATENCY: 132 cycles
cpu0->cpu0_L2C TOTAL        ACCESS:    1774612 HIT:     670126 MISS:    1104486 MISS_MERGE:          0
cpu0->cpu0_L2C LOAD         ACCESS:     996159 HIT:     124101 MISS:     872058 MISS_MERGE:          0
cpu0->cpu0_L2C RFO          ACCESS:     162803 HIT:      13563 MISS:     149240 MISS_MERGE:          0
cpu0->cpu0_L2C PREFETCH     ACCESS:          0 HIT:          0 MISS:          0 MISS_MERGE:          0
cpu0->cpu0_L2C WRITE        ACCESS:     479754 HIT:     478658 MISS:       1096 MISS_MERGE:          0
cpu0->cpu0_L2C TRANSLATION  ACCESS:     135896 HIT:      53804 MISS:      82092 MISS_MERGE:          0
cpu0->cpu0_L2C PREFETCH REQUESTED:          0 ISSUED:          0 USEFUL:          0 USELESS:          0
cpu0->cpu0_L2C AVERAGE MISS LATENCY: 191.9 cycles
cpu0->cpu0_STLB TOTAL        ACCESS:     991011 HIT:     778361 MISS:     212650 MISS_MERGE:          0
cpu0->cpu0_STLB LOAD         ACCESS:     991011 HIT:     778361 MISS:     212650 MISS_MERGE:          0
cpu0->cpu0_STLB RFO          ACCESS:          0 HIT:          0 MISS:          0 MISS_MERGE:          0
cpu0->cpu0_STLB PREFETCH     ACCESS:          0 HIT:          0 MISS:          0 MISS_MERGE:          0
cpu0->cpu0_STLB WRITE        ACCESS:          0 HIT:          0 MISS:          0 MISS_MERGE:          0
cpu0->cpu0_STLB TRANSLATION  ACCESS:          0 HIT:          0 MISS:          0 MISS_MERGE:          0
cpu0->cpu0_STLB PREFETCH REQUESTED:          0 ISSUED:          0 USEFUL:          0 USELESS:          0
cpu0->cpu0_STLB AVERAGE MISS LATENCY: 95.35 cycles

DRAM Statistics

Channel 0 RQ ROW_BUFFER_HIT:      19092
  ROW_BUFFER_MISS:     980116
  AVG DBUS CONGESTED CYCLE: 17.89
Channel 0 WQ ROW_BUFFER_HIT:     134557
  ROW_BUFFER_MISS:     278835
  FULL:          0
Channel 0 REFRESHES ISSUED:      14390
