[VMEM] WARNING: physical memory size is smaller than virtual memory size.

*** ChampSim Multicore Out-of-Order Simulator ***
Warmup Instructions: 12500000
Simulation Instructions: 50000000
Number of CPUs: 1
Page size: 4096

Off-chip DRAM Size: 16 GiB Channels: 1 Width: 64-bit Data Rate: 3205 MT/s
Heartbeat CPU 0 instructions: 10000000 cycles: 2681313 heartbeat IPC: 3.73 cumulative IPC: 3.73 (Simulation time: 00 hr 00 min 21 sec)
Warmup finished CPU 0 instructions: 12500001 cycles: 3345960 cumulative IPC: 3.736 (Simulation time: 00 hr 00 min 26 sec)
Warmup complete CPU 0 instructions: 12500001 cycles: 3345960 cumulative IPC: 3.736 (Simulation time: 00 hr 00 min 26 sec)
Heartbeat CPU 0 instructions: 20000003 cycles: 15590211 heartbeat IPC: 0.7747 cumulative IPC: 0.6125 (Simulation time: 00 hr 01 min 38 sec)
Heartbeat CPU 0 instructions: 30000004 cycles: 31925959 heartbeat IPC: 0.6122 cumulative IPC: 0.6123 (Simulation time: 00 hr 03 min 14 sec)
Heartbeat CPU 0 instructions: 40000006 cycles: 48238976 heartbeat IPC: 0.613 cumulative IPC: 0.6126 (Simulation time: 00 hr 04 min 50 sec)
Heartbeat CPU 0 instructions: 50000007 cycles: 64563312 heartbeat IPC: 0.6126 cumulative IPC: 0.6126 (Simulation time: 00 hr 06 min 27 sec)
Heartbeat CPU 0 instructions: 60000011 cycles: 80952104 heartbeat IPC: 0.6102 cumulative IPC: 0.6121 (Simulation time: 00 hr 08 min 06 sec)
Simulation finished CPU 0 instructions: 50000003 cycles: 81650886 cumulative IPC: 0.6124 (Simulation time: 00 hr 08 min 31 sec)
Simulation complete CPU 0 instructions: 50000003 cycles: 81650886 cumulative IPC: 0.6124 (Simulation time: 00 hr 08 min 31 sec)

ChampSim completed all CPUs

=== Simulation ===
CPU 0 runs traces/470.lbm-1274B.champsimtrace.xz

Region of Interest Statistics

CPU 0 cumulative IPC: 0.6124 instructions: 50000003 cycles: 81650886
CPU 0 Branch Prediction Accuracy: 99.4% MPKI: 0.08384 Average ROB Occupancy at Mispredict: 158.6
Branch type MPKI
BRANCH_DIRECT_JUMP: 0
BRANCH_INDIRECT: 0
BRANCH_CONDITIONAL: 0.08384
BRANCH_DIRECT_CALL: 0
BRANCH_INDIRECT_CALL: 0
BRANCH_RETURN: 0

cpu0->LLC TOTAL        ACCESS:    2491016 HIT:     723496 MISS:    1767520 MISS_MERGE:          0
cpu0->LLC LOAD         ACCESS:     355370 HIT:          0 MISS:     355370 MISS_MERGE:          0
cpu0->LLC RFO          ACCESS:    1066416 HIT:        437 MISS:    1065979 MISS_MERGE:          0
cpu0->LLC PREFETCH     ACCESS:          0 HIT:          0 MISS:          0 MISS_MERGE:          0
cpu0->LLC WRITE        ACCESS:    1066415 HIT:     723059 MISS:     343356 MISS_MERGE:          0
cpu0->LLC TRANSLATION  ACCESS:       2815 HIT:          0 MISS:       2815 MISS_MERGE:          0
cpu0->LLC PREFETCH REQUESTED:          0 ISSUED:          0 USEFUL:          0 USELESS:          0
cpu0->LLC AVERAGE MISS LATENCY: 287 cycles
cpu0->cpu0_DTLB TOTAL        ACCESS:   11549892 HIT:   11476385 MISS:      73507 MISS_MERGE:      51276
cpu0->cpu0_DTLB LOAD         ACCESS:   11549892 HIT:   11476385 MISS:      73507 MISS_MERGE:      51276
cpu0->cpu0_DTLB RFO          ACCESS:          0 HIT:          0 MISS:          0 MISS_MERGE:          0
cpu0->cpu0_DTLB PREFETCH     ACCESS:          0 HIT:          0 MISS:          0 MISS_MERGE:          0
cpu0->cpu0_DTLB WRITE        ACCESS:          0 HIT:          0 MISS:          0 MISS_MERGE:          0
cpu0->cpu0_DTLB TRANSLATION  ACCESS:          0 HIT:          0 MISS:          0 MISS_MERGE:          0
cpu0->cpu0_DTLB PREFETCH REQUESTED:          0 ISSUED:          0 USEFUL:          0 USELESS:          0
cpu0->cpu0_DTLB AVERAGE MISS LATENCY: 169.6 cycles
cpu0->cpu0_ITLB TOTAL        ACCESS:    9205282 HIT:    9205282 MISS:          0 MISS_MERGE:          0
cpu0->cpu0_ITLB LOAD         ACCESS:    9205282 HIT:    9205282 MISS:          0 MISS_MERGE:          0
cpu0->cpu0_ITLB RFO          ACCESS:          0 HIT:          0 MISS:          0 MISS_MERGE:          0
cpu0->cpu0_ITLB PREFETCH     ACCESS:          0 HIT:          0 MISS:          0 MISS_MERGE:          0
cpu0->cpu0_ITLB WRITE        ACCESS:          0 HIT:          0 MISS:          0 MISS_MERGE:          0
cpu0->cpu0_ITLB TRANSLATION  ACCESS:          0 HIT:          0 MISS:          0 MISS_MERGE:          0
cpu0->cpu0_ITLB PREFETCH REQUESTED:          0 ISSUED:          0 USEFUL:          0 USELESS:          0
cpu0->cpu0_ITLB AVERAGE MISS LATENCY: - cycles
cpu0->cpu0_L1D TOTAL        ACCESS:   11594372 HIT:    7287693 MISS:    4306679 MISS_MERGE:    1949063
cpu0->cpu0_L1D LOAD         ACCESS:    6528665 HIT:    4242866 MISS:    2285799 MISS_MERGE:    1930429
cpu0->cpu0_L1D RFO          ACCESS:          0 HIT:          0 MISS:          0 MISS_MERGE:          0
cpu0->cpu0_L1D PREFETCH     ACCESS:          0 HIT:          0 MISS:          0 MISS_MERGE:          0
cpu0->cpu0_L1D WRITE        ACCESS:    5021223 HIT:    3003168 MISS:    2018055 MISS_MERGE:      18629
cpu0->cpu0_L1D TRANSLATION  ACCESS:      44484 HIT:      41659 MISS:       2825 MISS_MERGE:          5
cpu0->cpu0_L1D PREFETCH REQUESTED:          0 ISSUED:          0 USEFUL:          0 USELESS:          0
cpu0->cpu0_L1D AVERAGE MISS LATENCY: 232.4 cycles
cpu0->cpu0_L1I TOTAL        ACCESS:    9205282 HIT:    9205282 MISS:          0 MISS_MERGE:          0
cpu0->cpu0_L1I LOAD         ACCESS:    9205282 HIT:    9205282 MISS:          0 MISS_MERGE:          0
cpu0->cpu0_L1I RFO          ACCESS:          0 HIT:          0 MISS:          0 MISS_MERGE:          0
cpu0->cpu0_L1I PREFETCH     ACCESS:          0 HIT:          0 MISS:          0 MISS_MERGE:          0
cpu0->cpu0_L1I WRITE        ACCESS:          0 HIT:          0 MISS:          0 MISS_MERGE:          0
cpu0->cpu0_L1I TRANSLATION  ACCESS:          0 HIT:          0 MISS:          0 MISS_MERGE:          0
cpu0->cpu0_L1I PREFETCH REQUESTED:          0 ISSUED:          0 USEFUL:          0 USELESS:          0
cpu0->cpu0_L1I AVERAGE MISS LATENCY: - cycles
cpu0->cpu0_L2C TOTAL        ACCESS:    4357034 HIT:    2932430 MISS:    1424604 MISS_MERGE:          0
cpu0->cpu0_L2C LOAD         ACCESS:     355370 HIT:          0 MISS:     355370 MISS_MERGE:          0
cpu0->cpu0_L2C RFO          ACCESS:    1999429 HIT:     933010 MISS:    1066419 MISS_MERGE:          0
cpu0->cpu0_L2C PREFETCH     ACCESS:          0 HIT:          0 MISS:          0 MISS_MERGE:          0
cpu0->cpu0_L2C WRITE        ACCESS:    1999415 HIT:    1999415 MISS:          0 MISS_MERGE:          0
cpu0->cpu0_L2C TRANSLATION  ACCESS:       2820 HIT:          5 MISS:       2815 MISS_MERGE:          0
cpu0->cpu0_L2C PREFETCH REQUESTED:          0 ISSUED:          0 USEFUL:          0 USELESS:          0
cpu0->cpu0_L2C AVERAGE MISS LATENCY: 369.9 cycles
cpu0->cpu0_STLB TOTAL        ACCESS:      22231 HIT:          0 MISS:      22231 MISS_MERGE:          0
cpu0->cpu0_STLB LOAD         ACCESS:      22231 HIT:          0 MISS:      22231 MISS_MERGE:          0
cpu0->cpu0_STLB RFO          ACCESS:          0 HIT:          0 MISS:          0 MISS_MERGE:          0
cpu0->cpu0_STLB PREFETCH     ACCESS:          0 HIT:          0 MISS:          0 MISS_MERGE:          0
cpu0->cpu0_STLB WRITE        ACCESS:          0 HIT:          0 MISS:          0 MISS_MERGE:          0
cpu0->cpu0_STLB TRANSLATION  ACCESS:          0 HIT:          0 MISS:          0 MISS_MERGE:          0
cpu0->cpu0_STLB PREFETCH REQUESTED:          0 ISSUED:          0 USEFUL:          0 USELESS:          0
cpu0->cpu0_STLB AVERAGE MISS LATENCY: 163.6 cycles

DRAM Statistics

Channel 0 RQ ROW_BUFFER_HIT:      19411
  ROW_BUFFER_MISS:    1404743
  AVG DBUS CONGESTED CYCLE: 5.739
Channel 0 WQ ROW_BUFFER_HIT:     205456
  ROW_BUFFER_MISS:     860440
  FULL:          0
Channel 0 REFRESHES ISSUED:       6805
