[VMEM] WARNING: physical memory size is smaller than virtual memory size.

*** ChampSim Multicore Out-of-Order Simulator ***
Warmup Instructions: 12500000
Simulation Instructions: 50000000
Number of CPUs: 1
Page size: 4096

Off-chip DRAM Size: 16 GiB Channels: 1 Width: 64-bit Data Rate: 3205 MT/s
Heartbeat CPU 0 instructions: 10000002 cycles: 5027234 heartbeat IPC: 1.989 cumulative IPC: 1.989 (Simulation time: 00 hr 00 min 41 sec)
Warmup finished CPU 0 instructions: 12500003 cycles: 6106960 cumulative IPC: 2.047 (Simulation time: 00 hr 00 min 50 sec)
Warmup complete CPU 0 instructions: 12500003 cycles: 6106960 cumulative IPC: 2.047 (Simulation time: 00 hr 00 min 50 sec)
Heartbeat CPU 0 instructions: 20000006 cycles: 25968286 heartbeat IPC: 0.4775 cumulative IPC: 0.3776 (Simulation time: 00 hr 01 min 51 sec)
Heartbeat CPU 0 instructions: 30000006 cycles: 59143169 heartbeat IPC: 0.3014 cumulative IPC: 0.33 (Simulation time: 00 hr 03 min 37 sec)
Heartbeat CPU 0 instructions: 40000006 cycles: 86824777 heartbeat IPC: 0.3613 cumulative IPC: 0.3407 (Simulation time: 00 hr 05 min 00 sec)
Heartbeat CPU 0 instructions: 50000009 cycles: 120300530 heartbeat IPC: 0.2987 cumulative IPC: 0.3284 (Simulation time: 00 hr 06 min 51 sec)
Heartbeat CPU 0 instructions: 60000011 cycles: 151271372 heartbeat IPC: 0.3229 cumulative IPC: 0.3272 (Simulation time: 00 hr 08 min 39 sec)
Simulation finished CPU 0 instructions: 50000001 cycles: 152236653 cumulative IPC: 0.3284 (Simulation time: 00 hr 09 min 04 sec)
Simulation complete CPU 0 instructions: 50000001 cycles: 152236653 cumulative IPC: 0.3284 (Simulation time: 00 hr 09 min 04 sec)

ChampSim completed all CPUs

=== Simulation ===
CPU 0 runs traces/471.omnetpp-188B.champsimtrace.xz

Region of Interest Statistics

CPU 0 cumulative IPC: 0.3284 instructions: 50000001 cycles: 152236653
CPU 0 Branch Prediction Accuracy: 93.3% MPKI: 16.1 Average ROB Occupancy at Mispredict: 39.2
Branch type MPKI
BRANCH_DIRECT_JUMP: 0.00134
BRANCH_INDIRECT: 0.1254
BRANCH_CONDITIONAL: 15.32
BRANCH_DIRECT_CALL: 0.00068
BRANCH_INDIRECT_CALL: 0.1324
BRANCH_RETURN: 0.5249

cpu0->LLC TOTAL        ACCESS:    1527103 HIT:     696719 MISS:     830384 MISS_MERGE:          0
cpu0->LLC LOAD         ACCESS:     872180 HIT:     199226 MISS:     672954 MISS_MERGE:          0
cpu0->LLC RFO          ACCESS:     149155 HIT:      19643 MISS:     129512 MISS_MERGE:          0
cpu0->LLC PREFETCH     ACCESS:          0 HIT:          0 MISS:          0 MISS_MERGE:          0
cpu0->LLC WRITE        ACCESS:     423724 HIT:     423070 MISS:        654 MISS_MERGE:          0
cpu0->LLC TRANSLATION  ACCESS:      82044 HIT:      54780 MISS:      27264 MISS_MERGE:          0
cpu0->LLC PREFETCH REQUESTED:          0 ISSUED:          0 USEFUL:          0 USELESS:          0
cpu0->LLC AVERAGE MISS LATENCY: 192.5 cycles
cpu0->cpu0_DTLB TOTAL        ACCESS:   21067990 HIT:   19553681 MISS:    1514309 MISS_MERGE:     546515
cpu0->cpu0_DTLB LOAD         ACCESS:   21067990 HIT:   19553681 MISS:    1514309 MISS_MERGE:     546515
cpu0->cpu0_DTLB RFO          ACCESS:          0 HIT:          0 MISS:          0 MISS_MERGE:          0
cpu0->cpu0_DTLB PREFETCH     ACCESS:          0 HIT:          0 MISS:          0 MISS_MERGE:          0
cpu0->cpu0_DTLB WRITE        ACCESS:          0 HIT:          0 MISS:          0 MISS_MERGE:          0
cpu0->cpu0_DTLB TRANSLATION  ACCESS:          0 HIT:          0 MISS:          0 MISS_MERGE:          0
cpu0->cpu0_DTLB PREFETCH REQUESTED:          0 ISSUED:          0 USEFUL:          0 USELESS:          0
cpu0->cpu0_DTLB AVERAGE MISS LATENCY: 18.71 cycles
cpu0->cpu0_ITLB TOTAL        ACCESS:    5666258 HIT:    5608713 MISS:      57545 MISS_MERGE:      34262
cpu0->cpu0_ITLB LOAD         ACCESS:    5666258 HIT:    5608713 MISS:      57545 MISS_MERGE:      34262
cpu0->cpu0_ITLB RFO          ACCESS:          0 HIT:          0 MISS:          0 MISS_MERGE:          0
cpu0->cpu0_ITLB PREFETCH     ACCESS:          0 HIT:          0 MISS:          0 MISS_MERGE:          0
cpu0->cpu0_ITLB WRITE        ACCESS:          0 HIT:          0 MISS:          0 MISS_MERGE:          0
cpu0->cpu0_ITLB TRANSLATION  ACCESS:          0 HIT:          0 MISS:          0 MISS_MERGE:          0
cpu0->cpu0_ITLB PREFETCH REQUESTED:          0 ISSUED:          0 USEFUL:          0 USELESS:          0
cpu0->cpu0_ITLB AVERAGE MISS LATENCY: 6.517 cycles
cpu0->cpu0_L1D TOTAL        ACCESS:   21502174 HIT:   18872636 MISS:    2629538 MISS_MERGE:    1337119
cpu0->cpu0_L1D LOAD         ACCESS:   12643775 HIT:   10867823 MISS:    1775952 MISS_MERGE:     782120
cpu0->cpu0_L1D RFO          ACCESS:          0 HIT:          0 MISS:          0 MISS_MERGE:          0
cpu0->cpu0_L1D PREFETCH     ACCESS:          0 HIT:          0 MISS:          0 MISS_MERGE:          0
cpu0->cpu0_L1D WRITE        ACCESS:    8424215 HIT:    7708863 MISS:     715352 MISS_MERGE:     552658
cpu0->cpu0_L1D TRANSLATION  ACCESS:     434184 HIT:     295950 MISS:     138234 MISS_MERGE:       2341
cpu0->cpu0_L1D PREFETCH REQUESTED:          0 ISSUED:          0 USEFUL:          0 USELESS:          0
cpu0->cpu0_L1D AVERAGE MISS LATENCY: 145.8 cycles
cpu0->cpu0_L1I TOTAL        ACCESS:    5666258 HIT:    5663176 MISS:       3082 MISS_MERGE:        671
cpu0->cpu0_L1I LOAD         ACCESS:    5666258 HIT:    5663176 MISS:       3082 MISS_MERGE:        671
cpu0->cpu0_L1I RFO          ACCESS:          0 HIT:          0 MISS:          0 MISS_MERGE:          0
cpu0->cpu0_L1I PREFETCH     ACCESS:          0 HIT:          0 MISS:          0 MISS_MERGE:          0
cpu0->cpu0_L1I WRITE        ACCESS:          0 HIT:          0 MISS:          0 MISS_MERGE:          0
cpu0->cpu0_L1I TRANSLATION  ACCESS:          0 HIT:          0 MISS:          0 MISS_MERGE:          0
cpu0->cpu0_L1I PREFETCH REQUESTED:          0 ISSUED:          0 USEFUL:          0 USELESS:          0
cpu0->cpu0_L1I AVERAGE MISS LATENCY: 121.4 cycles
cpu0->cpu0_L2C TOTAL        ACCESS:    1774582 HIT:     670101 MISS:    1104481 MISS_MERGE:          0
cpu0->cpu0_L2C LOAD         ACCESS:     996243 HIT:     124063 MISS:     872180 MISS_MERGE:          0
cpu0->cpu0_L2C RFO          ACCESS:     162694 HIT:      13539 MISS:     149155 MISS_MERGE:          0
cpu0->cpu0_L2C PREFETCH     ACCESS:          0 HIT:          0 MISS:          0 MISS_MERGE:          0
cpu0->cpu0_L2C WRITE        ACCESS:     479752 HIT:     478650 MISS:       1102 MISS_MERGE:          0
cpu0->cpu0_L2C TRANSLATION  ACCESS:     135893 HIT:      53849 MISS:      82044 MISS_MERGE:          0
cpu0->cpu0_L2C PREFETCH REQUESTED:          0 ISSUED:          0 USEFUL:          0 USELESS:          0
cpu0->cpu0_L2C AVERAGE MISS LATENCY: 160.5 cycles
cpu0->cpu0_STLB TOTAL        ACCESS:     991077 HIT:     778429 MISS:     212648 MISS_MERGE:          0
cpu0->cpu0_STLB LOAD         ACCESS:     991077 HIT:     778429 MISS:     212648 MISS_MERGE:          0
cpu0->cpu0_STLB RFO          ACCESS:          0 HIT:          0 MISS:          0 MISS_MERGE:          0
cpu0->cpu0_STLB PREFETCH     ACCESS:          0 HIT:          0 MISS:          0 MISS_MERGE:          0
cpu0->cpu0_STLB WRITE        ACCESS:          0 HIT:          0 MISS:          0 MISS_MERGE:          0
cpu0->cpu0_STLB TRANSLATION  ACCESS:          0 HIT:          0 MISS:          0 MISS_MERGE:          0
cpu0->cpu0_STLB PREFETCH REQUESTED:          0 ISSUED:          0 USEFUL:          0 USELESS:          0
cpu0->cpu0_STLB AVERAGE MISS LATENCY: 61.53 cycles

DRAM Statistics

Channel 0 RQ ROW_BUFFER_HIT:      16746
  ROW_BUFFER_MISS:     812964
  AVG DBUS CONGESTED CYCLE: 18.76
Channel 0 WQ ROW_BUFFER_HIT:     107273
  ROW_BUFFER_MISS:     234707
  FULL:          0
Channel 0 REFRESHES ISSUED:      12687
