[VMEM] WARNING: physical memory size is smaller than virtual memory size.

*** ChampSim Multicore Out-of-Order Simulator ***
Warmup Instructions: 12500000
Simulation Instructions: 50000000
Number of CPUs: 1
Page size: 4096

Off-chip DRAM Size: 16 GiB Channels: 1 Width: 64-bit Data Rate: 3205 MT/s
Heartbeat CPU 0 instructions: 10000002 cycles: 3344936 heartbeat IPC: 2.99 cumulative IPC: 2.99 (Simulation time: 00 hr 00 min 28 sec)
Warmup finished CPU 0 instructions: 12500003 cycles: 4459809 cumulative IPC: 2.803 (Simulation time: 00 hr 00 min 37 sec)
Warmup complete CPU 0 instructions: 12500003 cycles: 4459809 cumulative IPC: 2.803 (Simulation time: 00 hr 00 min 37 sec)
Heartbeat CPU 0 instructions: 20000006 cycles: 24711552 heartbeat IPC: 0.468 cumulative IPC: 0.3703 (Simulation time: 00 hr 01 min 33 sec)
Heartbeat CPU 0 instructions: 30000007 cycles: 49996982 heartbeat IPC: 0.3955 cumulative IPC: 0.3843 (Simulation time: 00 hr 03 min 10 sec)
Heartbeat CPU 0 instructions: 40000009 cycles: 82733408 heartbeat IPC: 0.3055 cumulative IPC: 0.3513 (Simulation time: 00 hr 05 min 43 sec)
Heartbeat CPU 0 instructions: 50000009 cycles: 101076445 heartbeat IPC: 0.5452 cumulative IPC: 0.3881 (Simulation time: 00 hr 06 min 46 sec)
Heartbeat CPU 0 instructions: 60000010 cycles: 119277736 heartbeat IPC: 0.5494 cumulative IPC: 0.4137 (Simulation time: 00 hr 07 min 46 sec)
Simulation finished CPU 0 instructions: 50000004 cycles: 119149656 cumulative IPC: 0.4196 (Simulation time: 00 hr 08 min 01 sec)
Simulation complete CPU 0 instructions: 50000004 cycles: 119149656 cumulative IPC: 0.4196 (Simulation time: 00 hr 08 min 01 sec)

ChampSim completed all CPUs

=== Simulation ===
CPU 0 runs traces/403.gcc-17B.champsimtrace.xz

Region of Interest Statistics

CPU 0 cumulative IPC: 0.4196 instructions: 50000004 cycles: 119149656
CPU 0 Branch Prediction Accuracy: 91.45% MPKI: 17.95 Average ROB Occupancy at Mispredict: 31.63
Branch type MPKI
BRANCH_DIRECT_JUMP: 0.1334
BRANCH_INDIRECT: 0.4934
BRANCH_CONDITIONAL: 17.21
BRANCH_DIRECT_CALL: 0.1022
BRANCH_INDIRECT_CALL: 0.002
BRANCH_RETURN: 0.00512

cpu0->LLC TOTAL        ACCESS:    2259148 HIT:      63149 MISS:    2195999 MISS_MERGE:          0
cpu0->LLC LOAD         ACCESS:     334991 HIT:      29104 MISS:     305887 MISS_MERGE:          0
cpu0->LLC RFO          ACCESS:     937997 HIT:        363 MISS:     937634 MISS_MERGE:          0
cpu0->LLC PREFETCH     ACCESS:          0 HIT:          0 MISS:          0 MISS_MERGE:          0
cpu0->LLC WRITE        ACCESS:     974744 HIT:      32609 MISS:     942135 MISS_MERGE:          0
cpu0->LLC TRANSLATION  ACCESS:      11416 HIT:       1073 MISS:      10343 MISS_MERGE:          0
cpu0->LLC PREFETCH REQUESTED:          0 ISSUED:          0 USEFUL:          0 USELESS:          0
cpu0->LLC AVERAGE MISS LATENCY: 292.9 cycles
cpu0->cpu0_DTLB TOTAL        ACCESS:   21962618 HIT:   20970857 MISS:     991761 MISS_MERGE:     428912
cpu0->cpu0_DTLB LOAD         ACCESS:   21962618 HIT:   20970857 MISS:     991761 MISS_MERGE:     428912
cpu0->cpu0_DTLB RFO          ACCESS:          0 HIT:          0 MISS:          0 MISS_MERGE:          0
cpu0->cpu0_DTLB PREFETCH     ACCESS:          0 HIT:          0 MISS:          0 MISS_MERGE:          0
cpu0->cpu0_DTLB WRITE        ACCESS:          0 HIT:          0 MISS:          0 MISS_MERGE:          0
cpu0->cpu0_DTLB TRANSLATION  ACCESS:          0 HIT:          0 MISS:          0 MISS_MERGE:          0
cpu0->cpu0_DTLB PREFETCH REQUESTED:          0 ISSUED:          0 USEFUL:          0 USELESS:          0
cpu0->cpu0_DTLB AVERAGE MISS LATENCY: 17.85 cycles
cpu0->cpu0_ITLB TOTAL        ACCESS:    6034782 HIT:    6031112 MISS:       3670 MISS_MERGE:       2261
cpu0->cpu0_ITLB LOAD         ACCESS:    6034782 HIT:    6031112 MISS:       3670 MISS_MERGE:       2261
cpu0->cpu0_ITLB RFO          ACCESS:          0 HIT:          0 MISS:          0 MISS_MERGE:          0
cpu0->cpu0_ITLB PREFETCH     ACCESS:          0 HIT:          0 MISS:          0 MISS_MERGE:          0
cpu0->cpu0_ITLB WRITE        ACCESS:          0 HIT:          0 MISS:          0 MISS_MERGE:          0
cpu0->cpu0_ITLB TRANSLATION  ACCESS:          0 HIT:          0 MISS:          0 MISS_MERGE:          0
cpu0->cpu0_ITLB PREFETCH REQUESTED:          0 ISSUED:          0 USEFUL:          0 USELESS:          0
cpu0->cpu0_ITLB AVERAGE MISS LATENCY: 15.02 cycles
cpu0->cpu0_L1D TOTAL        ACCESS:   22050196 HIT:   13750895 MISS:    8299301 MISS_MERGE:    6822943
cpu0->cpu0_L1D LOAD         ACCESS:    9663892 HIT:    8815867 MISS:     848025 MISS_MERGE:     326432
cpu0->cpu0_L1D RFO          ACCESS:          0 HIT:          0 MISS:          0 MISS_MERGE:          0
cpu0->cpu0_L1D PREFETCH     ACCESS:          0 HIT:          0 MISS:          0 MISS_MERGE:          0
cpu0->cpu0_L1D WRITE        ACCESS:   12298726 HIT:    4862599 MISS:    7436127 MISS_MERGE:    6496488
cpu0->cpu0_L1D TRANSLATION  ACCESS:      87578 HIT:      72429 MISS:      15149 MISS_MERGE:         23
cpu0->cpu0_L1D PREFETCH REQUESTED:          0 ISSUED:          0 USEFUL:          0 USELESS:          0
cpu0->cpu0_L1D AVERAGE MISS LATENCY: 452.6 cycles
cpu0->cpu0_L1I TOTAL        ACCESS:    6034782 HIT:    6032640 MISS:       2142 MISS_MERGE:        423
cpu0->cpu0_L1I LOAD         ACCESS:    6034782 HIT:    6032640 MISS:       2142 MISS_MERGE:        423
cpu0->cpu0_L1I RFO          ACCESS:          0 HIT:          0 MISS:          0 MISS_MERGE:          0
cpu0->cpu0_L1I PREFETCH     ACCESS:          0 HIT:          0 MISS:          0 MISS_MERGE:          0
cpu0->cpu0_L1I WRITE        ACCESS:          0 HIT:          0 MISS:          0 MISS_MERGE:          0
cpu0->cpu0_L1I TRANSLATION  ACCESS:          0 HIT:          0 MISS:          0 MISS_MERGE:          0
cpu0->cpu0_L1I PREFETCH REQUESTED:          0 ISSUED:          0 USEFUL:          0 USELESS:          0
cpu0->cpu0_L1I AVERAGE MISS LATENCY: 76.29 cycles
cpu0->cpu0_L2C TOTAL        ACCESS:    2462025 HIT:    1177455 MISS:    1284570 MISS_MERGE:          1
cpu0->cpu0_L2C LOAD         ACCESS:     523312 HIT:     188321 MISS:     334991 MISS_MERGE:          0
cpu0->cpu0_L2C RFO          ACCESS:     939639 HIT:       1641 MISS:     937998 MISS_MERGE:          1
cpu0->cpu0_L2C PREFETCH     ACCESS:          0 HIT:          0 MISS:          0 MISS_MERGE:          0
cpu0->cpu0_L2C WRITE        ACCESS:     983948 HIT:     983783 MISS:        165 MISS_MERGE:          0
cpu0->cpu0_L2C TRANSLATION  ACCESS:      15126 HIT:       3710 MISS:      11416 MISS_MERGE:          0
cpu0->cpu0_L2C PREFETCH REQUESTED:          0 ISSUED:          0 USEFUL:          0 USELESS:          0
cpu0->cpu0_L2C AVERAGE MISS LATENCY: 510 cycles
cpu0->cpu0_STLB TOTAL        ACCESS:     564258 HIT:     520712 MISS:      43546 MISS_MERGE:          0
cpu0->cpu0_STLB LOAD         ACCESS:     564258 HIT:     520712 MISS:      43546 MISS_MERGE:          0
cpu0->cpu0_STLB RFO          ACCESS:          0 HIT:          0 MISS:          0 MISS_MERGE:          0
cpu0->cpu0_STLB PREFETCH     ACCESS:          0 HIT:          0 MISS:          0 MISS_MERGE:          0
cpu0->cpu0_STLB WRITE        ACCESS:          0 HIT:          0 MISS:          0 MISS_MERGE:          0
cpu0->cpu0_STLB TRANSLATION  ACCESS:          0 HIT:          0 MISS:          0 MISS_MERGE:          0
cpu0->cpu0_STLB PREFETCH REQUESTED:          0 ISSUED:          0 USEFUL:          0 USELESS:          0
cpu0->cpu0_STLB AVERAGE MISS LATENCY: 165.4 cycles

DRAM Statistics

Channel 0 RQ ROW_BUFFER_HIT:     100474
  ROW_BUFFER_MISS:    1153381
  AVG DBUS CONGESTED CYCLE: 7.417
Channel 0 WQ ROW_BUFFER_HIT:     104535
  ROW_BUFFER_MISS:     844093
  FULL:          0
Channel 0 REFRESHES ISSUED:       9929
