[VMEM] WARNING: physical memory size is smaller than virtual memory size.

*** ChampSim Multicore Out-of-Order Simulator ***
Warmup Instructions: 12500000
Simulation Instructions: 50000000
Number of CPUs: 1
Page size: 4096

Off-chip DRAM Size: 16 GiB Channels: 1 Width: 64-bit Data Rate: 3205 MT/s
Heartbeat CPU 0 instructions: 10000004 cycles: 5096944 heartbeat IPC: 1.962 cumulative IPC: 1.962 (Simulation time: 00 hr 00 min 40 sec)
Warmup finished CPU 0 instructions: 12500001 cycles: 6139370 cumulative IPC: 2.036 (Simulation time: 00 hr 00 min 49 sec)
Warmup complete CPU 0 instructions: 12500001 cycles: 6139370 cumulative IPC: 2.036 (Simulation time: 00 hr 00 min 49 sec)
Heartbeat CPU 0 instructions: 20000006 cycles: 63111562 heartbeat IPC: 0.1724 cumulative IPC: 0.1316 (Simulation time: 00 hr 03 min 54 sec)
Heartbeat CPU 0 instructions: 30000009 cycles: 144908753 heartbeat IPC: 0.1223 cumulative IPC: 0.1261 (Simulation time: 00 hr 08 min 24 sec)
Heartbeat CPU 0 instructions: 40000009 cycles: 216324080 heartbeat IPC: 0.14 cumulative IPC: 0.1308 (Simulation time: 00 hr 12 min 28 sec)
Simulation CPU 0 warning: IPC 0.042482 < 0.05
Heartbeat CPU 0 instructions: 50000009 cycles: 309501382 heartbeat IPC: 0.1073 cumulative IPC: 0.1236 (Simulation time: 00 hr 17 min 32 sec)
Heartbeat CPU 0 instructions: 60000010 cycles: 386833128 heartbeat IPC: 0.1293 cumulative IPC: 0.1248 (Simulation time: 00 hr 21 min 34 sec)
Simulation finished CPU 0 instructions: 50000000 cycles: 404061238 cumulative IPC: 0.1237 (Simulation time: 00 hr 22 min 48 sec)
Simulation complete CPU 0 instructions: 50000000 cycles: 404061238 cumulative IPC: 0.1237 (Simulation time: 00 hr 22 min 48 sec)

ChampSim completed all CPUs

=== Simulation ===
CPU 0 runs traces/429.mcf-51B.champsimtrace.xz

Region of Interest Statistics

CPU 0 cumulative IPC: 0.1237 instructions: 50000000 cycles: 404061238
CPU 0 Branch Prediction Accuracy: 85.8% MPKI: 34.3 Average ROB Occupancy at Mispredict: 23.67
Branch type MPKI
BRANCH_DIRECT_JUMP: 0.7198
BRANCH_INDIRECT: 0
BRANCH_CONDITIONAL: 33.58
BRANCH_DIRECT_CALL: 0
BRANCH_INDIRECT_CALL: 0
BRANCH_RETURN: 0

cpu0->LLC TOTAL        ACCESS:    4484656 HIT:     945348 MISS:    3539308 MISS_MERGE:          0
cpu0->LLC LOAD         ACCESS:    3359969 HIT:     334075 MISS:    3025894 MISS_MERGE:          0
cpu0->LLC RFO          ACCESS:      79495 HIT:       8058 MISS:      71437 MISS_MERGE:          0
cpu0->LLC PREFETCH     ACCESS:          0 HIT:          0 MISS:          0 MISS_MERGE:          0
cpu0->LLC WRITE        ACCESS:     771628 HIT:     562518 MISS:     209110 MISS_MERGE:          0
cpu0->LLC TRANSLATION  ACCESS:     273564 HIT:      40697 MISS:     232867 MISS_MERGE:          0
cpu0->LLC PREFETCH REQUESTED:          0 ISSUED:          0 USEFUL:          0 USELESS:          0
cpu0->LLC AVERAGE MISS LATENCY: 211 cycles
cpu0->cpu0_DTLB TOTAL        ACCESS:   18664125 HIT:   11453661 MISS:    7210464 MISS_MERGE:    3142682
cpu0->cpu0_DTLB LOAD         ACCESS:   18664125 HIT:   11453661 MISS:    7210464 MISS_MERGE:    3142682
cpu0->cpu0_DTLB RFO          ACCESS:          0 HIT:          0 MISS:          0 MISS_MERGE:          0
cpu0->cpu0_DTLB PREFETCH     ACCESS:          0 HIT:          0 MISS:          0 MISS_MERGE:          0
cpu0->cpu0_DTLB WRITE        ACCESS:          0 HIT:          0 MISS:          0 MISS_MERGE:          0
cpu0->cpu0_DTLB TRANSLATION  ACCESS:          0 HIT:          0 MISS:          0 MISS_MERGE:          0
cpu0->cpu0_DTLB PREFETCH REQUESTED:          0 ISSUED:          0 USEFUL:          0 USELESS:          0
cpu0->cpu0_DTLB AVERAGE MISS LATENCY: 23.08 cycles
cpu0->cpu0_ITLB TOTAL        ACCESS:     821482 HIT:     821482 MISS:          0 MISS_MERGE:          0
cpu0->cpu0_ITLB LOAD         ACCESS:     821482 HIT:     821482 MISS:          0 MISS_MERGE:          0
cpu0->cpu0_ITLB RFO          ACCESS:          0 HIT:          0 MISS:          0 MISS_MERGE:          0
cpu0->cpu0_ITLB PREFETCH     ACCESS:          0 HIT:          0 MISS:          0 MISS_MERGE:          0
cpu0->cpu0_ITLB WRITE        ACCESS:          0 HIT:          0 MISS:          0 MISS_MERGE:          0
cpu0->cpu0_ITLB TRANSLATION  ACCESS:          0 HIT:          0 MISS:          0 MISS_MERGE:          0
cpu0->cpu0_ITLB PREFETCH REQUESTED:          0 ISSUED:          0 USEFUL:          0 USELESS:          0
cpu0->cpu0_ITLB AVERAGE MISS LATENCY: - cycles
cpu0->cpu0_L1D TOTAL        ACCESS:   19988968 HIT:   11015212 MISS:    8973756 MISS_MERGE:    3302984
cpu0->cpu0_L1D LOAD         ACCESS:   16084660 HIT:    7932897 MISS:    8151763 MISS_MERGE:    3157773
cpu0->cpu0_L1D RFO          ACCESS:          0 HIT:          0 MISS:          0 MISS_MERGE:          0
cpu0->cpu0_L1D PREFETCH     ACCESS:          0 HIT:          0 MISS:          0 MISS_MERGE:          0
cpu0->cpu0_L1D WRITE        ACCESS:    2579466 HIT:    2282261 MISS:     297205 MISS_MERGE:     142050
cpu0->cpu0_L1D TRANSLATION  ACCESS:    1324842 HIT:     800054 MISS:     524788 MISS_MERGE:       3161
cpu0->cpu0_L1D PREFETCH REQUESTED:          0 ISSUED:          0 USEFUL:          0 USELESS:          0
cpu0->cpu0_L1D AVERAGE MISS LATENCY: 150.5 cycles
cpu0->cpu0_L1I TOTAL        ACCESS:     821620 HIT:     821620 MISS:          0 MISS_MERGE:          0
cpu0->cpu0_L1I LOAD         ACCESS:     821620 HIT:     821620 MISS:          0 MISS_MERGE:          0
cpu0->cpu0_L1I RFO          ACCESS:          0 HIT:          0 MISS:          0 MISS_MERGE:          0
cpu0->cpu0_L1I PREFETCH     ACCESS:          0 HIT:          0 MISS:          0 MISS_MERGE:          0
cpu0->cpu0_L1I WRITE        ACCESS:          0 HIT:          0 MISS:          0 MISS_MERGE:          0
cpu0->cpu0_L1I TRANSLATION  ACCESS:          0 HIT:          0 MISS:          0 MISS_MERGE:          0
cpu0->cpu0_L1I PREFETCH REQUESTED:          0 ISSUED:          0 USEFUL:          0 USELESS:          0
cpu0->cpu0_L1I AVERAGE MISS LATENCY: - cycles
cpu0->cpu0_L2C TOTAL        ACCESS:    6884978 HIT:    3171816 MISS:    3713162 MISS_MERGE:          0
cpu0->cpu0_L2C LOAD         ACCESS:    4993988 HIT:    1634020 MISS:    3359968 MISS_MERGE:          0
cpu0->cpu0_L2C RFO          ACCESS:     155155 HIT:      75660 MISS:      79495 MISS_MERGE:          0
cpu0->cpu0_L2C PREFETCH     ACCESS:          0 HIT:          0 MISS:          0 MISS_MERGE:          0
cpu0->cpu0_L2C WRITE        ACCESS:    1214208 HIT:    1214073 MISS:        135 MISS_MERGE:          0
cpu0->cpu0_L2C TRANSLATION  ACCESS:     521627 HIT:     248063 MISS:     273564 MISS_MERGE:          0
cpu0->cpu0_L2C PREFETCH REQUESTED:          0 ISSUED:          0 USEFUL:          0 USELESS:          0
cpu0->cpu0_L2C AVERAGE MISS LATENCY: 216.5 cycles
cpu0->cpu0_STLB TOTAL        ACCESS:    4067782 HIT:    3492983 MISS:     574799 MISS_MERGE:          0
cpu0->cpu0_STLB LOAD         ACCESS:    4067782 HIT:    3492983 MISS:     574799 MISS_MERGE:          0
cpu0->cpu0_STLB RFO          ACCESS:          0 HIT:          0 MISS:          0 MISS_MERGE:          0
cpu0->cpu0_STLB PREFETCH     ACCESS:          0 HIT:          0 MISS:          0 MISS_MERGE:          0
cpu0->cpu0_STLB WRITE        ACCESS:          0 HIT:          0 MISS:          0 MISS_MERGE:          0
cpu0->cpu0_STLB TRANSLATION  ACCESS:          0 HIT:          0 MISS:          0 MISS_MERGE:          0
cpu0->cpu0_STLB PREFETCH REQUESTED:          0 ISSUED:          0 USEFUL:          0 USELESS:          0
cpu0->cpu0_STLB AVERAGE MISS LATENCY: 126.9 cycles

DRAM Statistics

Channel 0 RQ ROW_BUFFER_HIT:       3021
  ROW_BUFFER_MISS:    3326820
  AVG DBUS CONGESTED CYCLE: 8.103
Channel 0 WQ ROW_BUFFER_HIT:     229480
  ROW_BUFFER_MISS:     500643
  FULL:          0
Channel 0 REFRESHES ISSUED:      33672
