[VMEM] WARNING: physical memory size is smaller than virtual memory size.

*** ChampSim Multicore Out-of-Order Simulator ***
Warmup Instructions: 12500000
Simulation Instructions: 50000000
Number of CPUs: 1
Page size: 4096

Off-chip DRAM Size: 16 GiB Channels: 1 Width: 64-bit Data Rate: 3205 MT/s
Heartbeat CPU 0 instructions: 10000002 cycles: 3345011 heartbeat IPC: 2.99 cumulative IPC: 2.99 (Simulation time: 00 hr 00 min 28 sec)
Warmup finished CPU 0 instructions: 12500003 cycles: 4459809 cumulative IPC: 2.803 (Simulation time: 00 hr 00 min 37 sec)
Warmup complete CPU 0 instructions: 12500003 cycles: 4459809 cumulative IPC: 2.803 (Simulation time: 00 hr 00 min 37 sec)
Heartbeat CPU 0 instructions: 20000006 cycles: 25591755 heartbeat IPC: 0.4495 cumulative IPC: 0.3549 (Simulation time: 00 hr 01 min 35 sec)
Heartbeat CPU 0 instructions: 30000007 cycles: 53821429 heartbeat IPC: 0.3542 cumulative IPC: 0.3545 (Simulation time: 00 hr 03 min 23 sec)
Heartbeat CPU 0 instructions: 40000009 cycles: 88114723 heartbeat IPC: 0.2916 cumulative IPC: 0.3287 (Simulation time: 00 hr 05 min 57 sec)
Heartbeat CPU 0 instructions: 50000009 cycles: 106020390 heartbeat IPC: 0.5585 cumulative IPC: 0.3692 (Simulation time: 00 hr 06 min 56 sec)
Heartbeat CPU 0 instructions: 60000010 cycles: 123702821 heartbeat IPC: 0.5655 cumulative IPC: 0.3983 (Simulation time: 00 hr 10 min 50 sec)
Simulation finished CPU 0 instructions: 50000004 cycles: 123445649 cumulative IPC: 0.405 (Simulation time: 00 hr 11 min 05 sec)
Simulation complete CPU 0 instructions: 50000004 cycles: 123445649 cumulative IPC: 0.405 (Simulation time: 00 hr 11 min 05 sec)

ChampSim completed all CPUs

=== Simulation ===
CPU 0 runs traces/403.gcc-17B.champsimtrace.xz

Region of Interest Statistics

CPU 0 cumulative IPC: 0.405 instructions: 50000004 cycles: 123445649
CPU 0 Branch Prediction Accuracy: 91.45% MPKI: 17.95 Average ROB Occupancy at Mispredict: 31.88
Branch type MPKI
BRANCH_DIRECT_JUMP: 0.1334
BRANCH_INDIRECT: 0.4934
BRANCH_CONDITIONAL: 17.21
BRANCH_DIRECT_CALL: 0.1022
BRANCH_INDIRECT_CALL: 0.002
BRANCH_RETURN: 0.00512

cpu0->LLC TOTAL        ACCESS:    2259209 HIT:      82501 MISS:    2176708 MISS_MERGE:          0
cpu0->LLC LOAD         ACCESS:     335046 HIT:      17634 MISS:     317412 MISS_MERGE:          0
cpu0->LLC RFO          ACCESS:     937997 HIT:        553 MISS:     937444 MISS_MERGE:          0
cpu0->LLC PREFETCH     ACCESS:          0 HIT:          0 MISS:          0 MISS_MERGE:          0
cpu0->LLC WRITE        ACCESS:     974744 HIT:      62271 MISS:     912473 MISS_MERGE:          0
cpu0->LLC TRANSLATION  ACCESS:      11422 HIT:       2043 MISS:       9379 MISS_MERGE:          0
cpu0->LLC PREFETCH REQUESTED:          0 ISSUED:          0 USEFUL:          0 USELESS:          0
cpu0->LLC AVERAGE MISS LATENCY: 314.7 cycles
cpu0->cpu0_DTLB TOTAL        ACCESS:   21959112 HIT:   20968347 MISS:     990765 MISS_MERGE:     427891
cpu0->cpu0_DTLB LOAD         ACCESS:   21959112 HIT:   20968347 MISS:     990765 MISS_MERGE:     427891
cpu0->cpu0_DTLB RFO          ACCESS:          0 HIT:          0 MISS:          0 MISS_MERGE:          0
cpu0->cpu0_DTLB PREFETCH     ACCESS:          0 HIT:          0 MISS:          0 MISS_MERGE:          0
cpu0->cpu0_DTLB WRITE        ACCESS:          0 HIT:          0 MISS:          0 MISS_MERGE:          0
cpu0->cpu0_DTLB TRANSLATION  ACCESS:          0 HIT:          0 MISS:          0 MISS_MERGE:          0
cpu0->cpu0_DTLB PREFETCH REQUESTED:          0 ISSUED:          0 USEFUL:          0 USELESS:          0
cpu0->cpu0_DTLB AVERAGE MISS LATENCY: 17.7 cycles
cpu0->cpu0_ITLB TOTAL        ACCESS:    6049403 HIT:    6045733 MISS:       3670 MISS_MERGE:       2261
cpu0->cpu0_ITLB LOAD         ACCESS:    6049403 HIT:    6045733 MISS:       3670 MISS_MERGE:       2261
cpu0->cpu0_ITLB RFO          ACCESS:          0 HIT:          0 MISS:          0 MISS_MERGE:          0
cpu0->cpu0_ITLB PREFETCH     ACCESS:          0 HIT:          0 MISS:          0 MISS_MERGE:          0
cpu0->cpu0_ITLB WRITE        ACCESS:          0 HIT:          0 MISS:          0 MISS_MERGE:          0
cpu0->cpu0_ITLB TRANSLATION  ACCESS:          0 HIT:          0 MISS:          0 MISS_MERGE:          0
cpu0->cpu0_ITLB PREFETCH REQUESTED:          0 ISSUED:          0 USEFUL:          0 USELESS:          0
cpu0->cpu0_ITLB AVERAGE MISS LATENCY: 12.06 cycles
cpu0->cpu0_L1D TOTAL        ACCESS:   22046687 HIT:   13744748 MISS:    8301939 MISS_MERGE:    6825554
cpu0->cpu0_L1D LOAD         ACCESS:    9660386 HIT:    8809702 MISS:     850684 MISS_MERGE:     329061
cpu0->cpu0_L1D RFO          ACCESS:          0 HIT:          0 MISS:          0 MISS_MERGE:          0
cpu0->cpu0_L1D PREFETCH     ACCESS:          0 HIT:          0 MISS:          0 MISS_MERGE:          0
cpu0->cpu0_L1D WRITE        ACCESS:   12298726 HIT:    4862613 MISS:    7436113 MISS_MERGE:    6496474
cpu0->cpu0_L1D TRANSLATION  ACCESS:      87575 HIT:      72433 MISS:      15142 MISS_MERGE:         19
cpu0->cpu0_L1D PREFETCH REQUESTED:          0 ISSUED:          0 USEFUL:          0 USELESS:          0
cpu0->cpu0_L1D AVERAGE MISS LATENCY: 481.1 cycles
cpu0->cpu0_L1I TOTAL        ACCESS:    6049403 HIT:    6047257 MISS:       2146 MISS_MERGE:        427
cpu0->cpu0_L1I LOAD         ACCESS:    6049403 HIT:    6047257 MISS:       2146 MISS_MERGE:        427
cpu0->cpu0_L1I RFO          ACCESS:          0 HIT:          0 MISS:          0 MISS_MERGE:          0
cpu0->cpu0_L1I PREFETCH     ACCESS:          0 HIT:          0 MISS:          0 MISS_MERGE:          0
cpu0->cpu0_L1I WRITE        ACCESS:          0 HIT:          0 MISS:          0 MISS_MERGE:          0
cpu0->cpu0_L1I TRANSLATION  ACCESS:          0 HIT:          0 MISS:          0 MISS_MERGE:          0
cpu0->cpu0_L1I PREFETCH REQUESTED:          0 ISSUED:          0 USEFUL:          0 USELESS:          0
cpu0->cpu0_L1I AVERAGE MISS LATENCY: 62.93 cycles
cpu0->cpu0_L2C TOTAL        ACCESS:    2462052 HIT:    1177421 MISS:    1284631 MISS_MERGE:          1
cpu0->cpu0_L2C LOAD         ACCESS:     523342 HIT:     188296 MISS:     335046 MISS_MERGE:          0
cpu0->cpu0_L2C RFO          ACCESS:     939639 HIT:       1641 MISS:     937998 MISS_MERGE:          1
cpu0->cpu0_L2C PREFETCH     ACCESS:          0 HIT:          0 MISS:          0 MISS_MERGE:          0
cpu0->cpu0_L2C WRITE        ACCESS:     983948 HIT:     983783 MISS:        165 MISS_MERGE:          0
cpu0->cpu0_L2C TRANSLATION  ACCESS:      15123 HIT:       3701 MISS:      11422 MISS_MERGE:          0
cpu0->cpu0_L2C PREFETCH REQUESTED:          0 ISSUED:          0 USEFUL:          0 USELESS:          0
cpu0->cpu0_L2C AVERAGE MISS LATENCY: 542.8 cycles
cpu0->cpu0_STLB TOTAL        ACCESS:     564283 HIT:     520739 MISS:      43544 MISS_MERGE:          0
cpu0->cpu0_STLB LOAD         ACCESS:     564283 HIT:     520739 MISS:      43544 MISS_MERGE:          0
cpu0->cpu0_STLB RFO          ACCESS:          0 HIT:          0 MISS:          0 MISS_MERGE:          0
cpu0->cpu0_STLB PREFETCH     ACCESS:          0 HIT:          0 MISS:          0 MISS_MERGE:          0
cpu0->cpu0_STLB WRITE        ACCESS:          0 HIT:          0 MISS:          0 MISS_MERGE:          0
cpu0->cpu0_STLB TRANSLATION  ACCESS:          0 HIT:          0 MISS:          0 MISS_MERGE:          0
cpu0->cpu0_STLB PREFETCH REQUESTED:          0 ISSUED:          0 USEFUL:          0 USELESS:          0
cpu0->cpu0_STLB AVERAGE MISS LATENCY: 163.4 cycles

DRAM Statistics

Channel 0 RQ ROW_BUFFER_HIT:      67714
  ROW_BUFFER_MISS:    1196520
  AVG DBUS CONGESTED CYCLE: 7.696
Channel 0 WQ ROW_BUFFER_HIT:      91882
  ROW_BUFFER_MISS:     868360
  FULL:          0
Channel 0 REFRESHES ISSUED:      10287
