[VMEM] WARNING: physical memory size is smaller than virtual memory size.

*** ChampSim Multicore Out-of-Order Simulator ***
Warmup Instructions: 12500000
Simulation Instructions: 50000000
Number of CPUs: 1
Page size: 4096

Off-chip DRAM Size: 16 GiB Channels: 1 Width: 64-bit Data Rate: 3205 MT/s
Heartbeat CPU 0 instructions: 10000002 cycles: 5094485 heartbeat IPC: 1.963 cumulative IPC: 1.963 (Simulation time: 00 hr 00 min 43 sec)
Warmup finished CPU 0 instructions: 12500002 cycles: 6136776 cumulative IPC: 2.037 (Simulation time: 00 hr 00 min 52 sec)
Warmup complete CPU 0 instructions: 12500002 cycles: 6136776 cumulative IPC: 2.037 (Simulation time: 00 hr 00 min 52 sec)
Heartbeat CPU 0 instructions: 20000002 cycles: 58875191 heartbeat IPC: 0.1859 cumulative IPC: 0.1422 (Simulation time: 00 hr 03 min 51 sec)
Heartbeat CPU 0 instructions: 30000002 cycles: 134859504 heartbeat IPC: 0.1316 cumulative IPC: 0.136 (Simulation time: 00 hr 08 min 06 sec)
Heartbeat CPU 0 instructions: 40000004 cycles: 200125629 heartbeat IPC: 0.1532 cumulative IPC: 0.1418 (Simulation time: 00 hr 11 min 42 sec)
Heartbeat CPU 0 instructions: 50000005 cycles: 282728086 heartbeat IPC: 0.1211 cumulative IPC: 0.1356 (Simulation time: 00 hr 16 min 08 sec)
Heartbeat CPU 0 instructions: 60000005 cycles: 354669588 heartbeat IPC: 0.139 cumulative IPC: 0.1363 (Simulation time: 00 hr 20 min 05 sec)
Simulation finished CPU 0 instructions: 50000000 cycles: 370518954 cumulative IPC: 0.1349 (Simulation time: 00 hr 21 min 20 sec)
Simulation complete CPU 0 instructions: 50000000 cycles: 370518954 cumulative IPC: 0.1349 (Simulation time: 00 hr 21 min 20 sec)

ChampSim completed all CPUs

=== Simulation ===
CPU 0 runs traces/429.mcf-51B.champsimtrace.xz

Region of Interest Statistics

CPU 0 cumulative IPC: 0.1349 instructions: 50000000 cycles: 370518954
CPU 0 Branch Prediction Accuracy: 85.8% MPKI: 34.3 Average ROB Occupancy at Mispredict: 24.34
Branch type MPKI
BRANCH_DIRECT_JUMP: 0.7198
BRANCH_INDIRECT: 0
BRANCH_CONDITIONAL: 33.58
BRANCH_DIRECT_CALL: 0
BRANCH_INDIRECT_CALL: 0
BRANCH_RETURN: 0

cpu0->LLC TOTAL        ACCESS:    4487255 HIT:    1534601 MISS:    2952654 MISS_MERGE:          0
cpu0->LLC LOAD         ACCESS:    3359992 HIT:     672147 MISS:    2687845 MISS_MERGE:          0
cpu0->LLC RFO          ACCESS:      79559 HIT:      28475 MISS:      51084 MISS_MERGE:          0
cpu0->LLC PREFETCH     ACCESS:          0 HIT:          0 MISS:          0 MISS_MERGE:          0
cpu0->LLC WRITE        ACCESS:     772185 HIT:     751271 MISS:      20914 MISS_MERGE:          0
cpu0->LLC TRANSLATION  ACCESS:     275519 HIT:      82708 MISS:     192811 MISS_MERGE:          0
cpu0->LLC PREFETCH REQUESTED:          0 ISSUED:          0 USEFUL:          0 USELESS:          0
cpu0->LLC AVERAGE MISS LATENCY: 222.6 cycles
cpu0->cpu0_DTLB TOTAL        ACCESS:   18661683 HIT:   11451773 MISS:    7209910 MISS_MERGE:    3142364
cpu0->cpu0_DTLB LOAD         ACCESS:   18661683 HIT:   11451773 MISS:    7209910 MISS_MERGE:    3142364
cpu0->cpu0_DTLB RFO          ACCESS:          0 HIT:          0 MISS:          0 MISS_MERGE:          0
cpu0->cpu0_DTLB PREFETCH     ACCESS:          0 HIT:          0 MISS:          0 MISS_MERGE:          0
cpu0->cpu0_DTLB WRITE        ACCESS:          0 HIT:          0 MISS:          0 MISS_MERGE:          0
cpu0->cpu0_DTLB TRANSLATION  ACCESS:          0 HIT:          0 MISS:          0 MISS_MERGE:          0
cpu0->cpu0_DTLB PREFETCH REQUESTED:          0 ISSUED:          0 USEFUL:          0 USELESS:          0
cpu0->cpu0_DTLB AVERAGE MISS LATENCY: 20.59 cycles
cpu0->cpu0_ITLB TOTAL        ACCESS:     824608 HIT:     824608 MISS:          0 MISS_MERGE:          0
cpu0->cpu0_ITLB LOAD         ACCESS:     824608 HIT:     824608 MISS:          0 MISS_MERGE:          0
cpu0->cpu0_ITLB RFO          ACCESS:          0 HIT:          0 MISS:          0 MISS_MERGE:          0
cpu0->cpu0_ITLB PREFETCH     ACCESS:          0 HIT:          0 MISS:          0 MISS_MERGE:          0
cpu0->cpu0_ITLB WRITE        ACCESS:          0 HIT:          0 MISS:          0 MISS_MERGE:          0
cpu0->cpu0_ITLB TRANSLATION  ACCESS:          0 HIT:          0 MISS:          0 MISS_MERGE:          0
cpu0->cpu0_ITLB PREFETCH REQUESTED:          0 ISSUED:          0 USEFUL:          0 USELESS:          0
cpu0->cpu0_ITLB AVERAGE MISS LATENCY: - cycles
cpu0->cpu0_L1D TOTAL        ACCESS:   19986764 HIT:   10994569 MISS:    8992195 MISS_MERGE:    3321487
cpu0->cpu0_L1D LOAD         ACCESS:   16082218 HIT:    7912419 MISS:    8169799 MISS_MERGE:    3175878
cpu0->cpu0_L1D RFO          ACCESS:          0 HIT:          0 MISS:          0 MISS_MERGE:          0
cpu0->cpu0_L1D PREFETCH     ACCESS:          0 HIT:          0 MISS:          0 MISS_MERGE:          0
cpu0->cpu0_L1D WRITE        ACCESS:    2579466 HIT:    2282276 MISS:     297190 MISS_MERGE:     142035
cpu0->cpu0_L1D TRANSLATION  ACCESS:    1325080 HIT:     799874 MISS:     525206 MISS_MERGE:       3574
cpu0->cpu0_L1D PREFETCH REQUESTED:          0 ISSUED:          0 USEFUL:          0 USELESS:          0
cpu0->cpu0_L1D AVERAGE MISS LATENCY: 134.9 cycles
cpu0->cpu0_L1I TOTAL        ACCESS:     824746 HIT:     824746 MISS:          0 MISS_MERGE:          0
cpu0->cpu0_L1I LOAD         ACCESS:     824746 HIT:     824746 MISS:          0 MISS_MERGE:          0
cpu0->cpu0_L1I RFO          ACCESS:          0 HIT:          0 MISS:          0 MISS_MERGE:          0
cpu0->cpu0_L1I PREFETCH     ACCESS:          0 HIT:          0 MISS:          0 MISS_MERGE:          0
cpu0->cpu0_L1I WRITE        ACCESS:          0 HIT:          0 MISS:          0 MISS_MERGE:          0
cpu0->cpu0_L1I TRANSLATION  ACCESS:          0 HIT:          0 MISS:          0 MISS_MERGE:          0
cpu0->cpu0_L1I PREFETCH REQUESTED:          0 ISSUED:          0 USEFUL:          0 USELESS:          0
cpu0->cpu0_L1I AVERAGE MISS LATENCY: - cycles
cpu0->cpu0_L2C TOTAL        ACCESS:    6885439 HIT:    3170235 MISS:    3715204 MISS_MERGE:          0
cpu0->cpu0_L2C LOAD         ACCESS:    4993920 HIT:    1633928 MISS:    3359992 MISS_MERGE:          0
cpu0->cpu0_L2C RFO          ACCESS:     155155 HIT:      75596 MISS:      79559 MISS_MERGE:          0
cpu0->cpu0_L2C PREFETCH     ACCESS:          0 HIT:          0 MISS:          0 MISS_MERGE:          0
cpu0->cpu0_L2C WRITE        ACCESS:    1214732 HIT:    1214598 MISS:        134 MISS_MERGE:          0
cpu0->cpu0_L2C TRANSLATION  ACCESS:     521632 HIT:     246113 MISS:     275519 MISS_MERGE:          0
cpu0->cpu0_L2C PREFETCH REQUESTED:          0 ISSUED:          0 USEFUL:          0 USELESS:          0
cpu0->cpu0_L2C AVERAGE MISS LATENCY: 192.7 cycles
cpu0->cpu0_STLB TOTAL        ACCESS:    4067546 HIT:    3492766 MISS:     574780 MISS_MERGE:          0
cpu0->cpu0_STLB LOAD         ACCESS:    4067546 HIT:    3492766 MISS:     574780 MISS_MERGE:          0
cpu0->cpu0_STLB RFO          ACCESS:          0 HIT:          0 MISS:          0 MISS_MERGE:          0
cpu0->cpu0_STLB PREFETCH     ACCESS:          0 HIT:          0 MISS:          0 MISS_MERGE:          0
cpu0->cpu0_STLB WRITE        ACCESS:          0 HIT:          0 MISS:          0 MISS_MERGE:          0
cpu0->cpu0_STLB TRANSLATION  ACCESS:          0 HIT:          0 MISS:          0 MISS_MERGE:          0
cpu0->cpu0_STLB PREFETCH REQUESTED:          0 ISSUED:          0 USEFUL:          0 USELESS:          0
cpu0->cpu0_STLB AVERAGE MISS LATENCY: 109.3 cycles

DRAM Statistics

Channel 0 RQ ROW_BUFFER_HIT:       2775
  ROW_BUFFER_MISS:    2928245
  AVG DBUS CONGESTED CYCLE: 8.391
Channel 0 WQ ROW_BUFFER_HIT:     214650
  ROW_BUFFER_MISS:     496135
  FULL:          0
Channel 0 REFRESHES ISSUED:      30876
