[VMEM] WARNING: physical memory size is smaller than virtual memory size.

*** ChampSim Multicore Out-of-Order Simulator ***
Warmup Instructions: 12500000
Simulation Instructions: 50000000
Number of CPUs: 1
Page size: 4096

Off-chip DRAM Size: 16 GiB Channels: 1 Width: 64-bit Data Rate: 3205 MT/s
Heartbeat CPU 0 instructions: 10000004 cycles: 5095534 heartbeat IPC: 1.963 cumulative IPC: 1.963 (Simulation time: 00 hr 00 min 41 sec)
Warmup finished CPU 0 instructions: 12500001 cycles: 6137435 cumulative IPC: 2.037 (Simulation time: 00 hr 00 min 50 sec)
Warmup complete CPU 0 instructions: 12500001 cycles: 6137435 cumulative IPC: 2.037 (Simulation time: 00 hr 00 min 50 sec)
Heartbeat CPU 0 instructions: 20000006 cycles: 46496369 heartbeat IPC: 0.2415 cumulative IPC: 0.1858 (Simulation time: 00 hr 03 min 03 sec)
Heartbeat CPU 0 instructions: 30000009 cycles: 104500003 heartbeat IPC: 0.1724 cumulative IPC: 0.1779 (Simulation time: 00 hr 06 min 16 sec)
Heartbeat CPU 0 instructions: 40000009 cycles: 155305915 heartbeat IPC: 0.1968 cumulative IPC: 0.1844 (Simulation time: 00 hr 09 min 03 sec)
Heartbeat CPU 0 instructions: 50000009 cycles: 217125830 heartbeat IPC: 0.1618 cumulative IPC: 0.1777 (Simulation time: 00 hr 12 min 08 sec)
Heartbeat CPU 0 instructions: 60000010 cycles: 270730336 heartbeat IPC: 0.1866 cumulative IPC: 0.1795 (Simulation time: 00 hr 14 min 21 sec)
Simulation finished CPU 0 instructions: 50000000 cycles: 281063798 cumulative IPC: 0.1779 (Simulation time: 00 hr 15 min 03 sec)
Simulation complete CPU 0 instructions: 50000000 cycles: 281063798 cumulative IPC: 0.1779 (Simulation time: 00 hr 15 min 03 sec)

ChampSim completed all CPUs

=== Simulation ===
CPU 0 runs traces/429.mcf-51B.champsimtrace.xz

Region of Interest Statistics

CPU 0 cumulative IPC: 0.1779 instructions: 50000000 cycles: 281063798
CPU 0 Branch Prediction Accuracy: 85.8% MPKI: 34.3 Average ROB Occupancy at Mispredict: 32.45
Branch type MPKI
BRANCH_DIRECT_JUMP: 0.7198
BRANCH_INDIRECT: 0
BRANCH_CONDITIONAL: 33.58
BRANCH_DIRECT_CALL: 0
BRANCH_INDIRECT_CALL: 0
BRANCH_RETURN: 0

cpu0->LLC TOTAL        ACCESS:    4489575 HIT:    2281432 MISS:    2208143 MISS_MERGE:          0
cpu0->LLC LOAD         ACCESS:    3360063 HIT:    1328178 MISS:    2031885 MISS_MERGE:          0
cpu0->LLC RFO          ACCESS:      79455 HIT:      59295 MISS:      20160 MISS_MERGE:          0
cpu0->LLC PREFETCH     ACCESS:          0 HIT:          0 MISS:          0 MISS_MERGE:          0
cpu0->LLC WRITE        ACCESS:     774036 HIT:     764093 MISS:       9943 MISS_MERGE:          0
cpu0->LLC TRANSLATION  ACCESS:     276021 HIT:     129866 MISS:     146155 MISS_MERGE:          0
cpu0->LLC PREFETCH REQUESTED:          0 ISSUED:          0 USEFUL:          0 USELESS:          0
cpu0->LLC AVERAGE MISS LATENCY: 212 cycles
cpu0->cpu0_DTLB TOTAL        ACCESS:   18625434 HIT:   11449496 MISS:    7175938 MISS_MERGE:    3108521
cpu0->cpu0_DTLB LOAD         ACCESS:   18625434 HIT:   11449496 MISS:    7175938 MISS_MERGE:    3108521
cpu0->cpu0_DTLB RFO          ACCESS:          0 HIT:          0 MISS:          0 MISS_MERGE:          0
cpu0->cpu0_DTLB PREFETCH     ACCESS:          0 HIT:          0 MISS:          0 MISS_MERGE:          0
cpu0->cpu0_DTLB WRITE        ACCESS:          0 HIT:          0 MISS:          0 MISS_MERGE:          0
cpu0->cpu0_DTLB TRANSLATION  ACCESS:          0 HIT:          0 MISS:          0 MISS_MERGE:          0
cpu0->cpu0_DTLB PREFETCH REQUESTED:          0 ISSUED:          0 USEFUL:          0 USELESS:          0
cpu0->cpu0_DTLB AVERAGE MISS LATENCY: 17.65 cycles
cpu0->cpu0_ITLB TOTAL        ACCESS:     831784 HIT:     831784 MISS:          0 MISS_MERGE:          0
cpu0->cpu0_ITLB LOAD         ACCESS:     831784 HIT:     831784 MISS:          0 MISS_MERGE:          0
cpu0->cpu0_ITLB RFO          ACCESS:          0 HIT:          0 MISS:          0 MISS_MERGE:          0
cpu0->cpu0_ITLB PREFETCH     ACCESS:          0 HIT:          0 MISS:          0 MISS_MERGE:          0
cpu0->cpu0_ITLB WRITE        ACCESS:          0 HIT:          0 MISS:          0 MISS_MERGE:          0
cpu0->cpu0_ITLB TRANSLATION  ACCESS:          0 HIT:          0 MISS:          0 MISS_MERGE:          0
cpu0->cpu0_ITLB PREFETCH REQUESTED:          0 ISSUED:          0 USEFUL:          0 USELESS:          0
cpu0->cpu0_ITLB AVERAGE MISS LATENCY: - cycles
cpu0->cpu0_L1D TOTAL        ACCESS:   19953458 HIT:   10938892 MISS:    9014566 MISS_MERGE:    3343692
cpu0->cpu0_L1D LOAD         ACCESS:   16045970 HIT:    7858368 MISS:    8187602 MISS_MERGE:    3193591
cpu0->cpu0_L1D RFO          ACCESS:          0 HIT:          0 MISS:          0 MISS_MERGE:          0
cpu0->cpu0_L1D PREFETCH     ACCESS:          0 HIT:          0 MISS:          0 MISS_MERGE:          0
cpu0->cpu0_L1D WRITE        ACCESS:    2579466 HIT:    2282386 MISS:     297080 MISS_MERGE:     141966
cpu0->cpu0_L1D TRANSLATION  ACCESS:    1328022 HIT:     798138 MISS:     529884 MISS_MERGE:       8135
cpu0->cpu0_L1D PREFETCH REQUESTED:          0 ISSUED:          0 USEFUL:          0 USELESS:          0
cpu0->cpu0_L1D AVERAGE MISS LATENCY: 101.5 cycles
cpu0->cpu0_L1I TOTAL        ACCESS:     831922 HIT:     831922 MISS:          0 MISS_MERGE:          0
cpu0->cpu0_L1I LOAD         ACCESS:     831922 HIT:     831922 MISS:          0 MISS_MERGE:          0
cpu0->cpu0_L1I RFO          ACCESS:          0 HIT:          0 MISS:          0 MISS_MERGE:          0
cpu0->cpu0_L1I PREFETCH     ACCESS:          0 HIT:          0 MISS:          0 MISS_MERGE:          0
cpu0->cpu0_L1I WRITE        ACCESS:          0 HIT:          0 MISS:          0 MISS_MERGE:          0
cpu0->cpu0_L1I TRANSLATION  ACCESS:          0 HIT:          0 MISS:          0 MISS_MERGE:          0
cpu0->cpu0_L1I PREFETCH REQUESTED:          0 ISSUED:          0 USEFUL:          0 USELESS:          0
cpu0->cpu0_L1I AVERAGE MISS LATENCY: - cycles
cpu0->cpu0_L2C TOTAL        ACCESS:    6887469 HIT:    3171796 MISS:    3715673 MISS_MERGE:          0
cpu0->cpu0_L2C LOAD         ACCESS:    4994008 HIT:    1633945 MISS:    3360063 MISS_MERGE:          0
cpu0->cpu0_L2C RFO          ACCESS:     155114 HIT:      75659 MISS:      79455 MISS_MERGE:          0
cpu0->cpu0_L2C PREFETCH     ACCESS:          0 HIT:          0 MISS:          0 MISS_MERGE:          0
cpu0->cpu0_L2C WRITE        ACCESS:    1216598 HIT:    1216464 MISS:        134 MISS_MERGE:          0
cpu0->cpu0_L2C TRANSLATION  ACCESS:     521749 HIT:     245728 MISS:     276021 MISS_MERGE:          0
cpu0->cpu0_L2C PREFETCH REQUESTED:          0 ISSUED:          0 USEFUL:          0 USELESS:          0
cpu0->cpu0_L2C AVERAGE MISS LATENCY: 141.6 cycles
cpu0->cpu0_STLB TOTAL        ACCESS:    4067417 HIT:    3492593 MISS:     574824 MISS_MERGE:          0
cpu0->cpu0_STLB LOAD         ACCESS:    4067417 HIT:    3492593 MISS:     574824 MISS_MERGE:          0
cpu0->cpu0_STLB RFO          ACCESS:          0 HIT:          0 MISS:          0 MISS_MERGE:          0
cpu0->cpu0_STLB PREFETCH     ACCESS:          0 HIT:          0 MISS:          0 MISS_MERGE:          0
cpu0->cpu0_STLB WRITE        ACCESS:          0 HIT:          0 MISS:          0 MISS_MERGE:          0
cpu0->cpu0_STLB TRANSLATION  ACCESS:          0 HIT:          0 MISS:          0 MISS_MERGE:          0
cpu0->cpu0_STLB PREFETCH REQUESTED:          0 ISSUED:          0 USEFUL:          0 USELESS:          0
cpu0->cpu0_STLB AVERAGE MISS LATENCY: 88.49 cycles

DRAM Statistics

Channel 0 RQ ROW_BUFFER_HIT:       2149
  ROW_BUFFER_MISS:    2194996
  AVG DBUS CONGESTED CYCLE: 10.88
Channel 0 WQ ROW_BUFFER_HIT:      91913
  ROW_BUFFER_MISS:     199249
  FULL:          0
Channel 0 REFRESHES ISSUED:      23422
