[VMEM] WARNING: physical memory size is smaller than virtual memory size.

*** ChampSim Multicore Out-of-Order Simulator ***
Warmup Instructions: 12500000
Simulation Instructions: 50000000
Number of CPUs: 1
Page size: 4096

Off-chip DRAM Size: 16 GiB Channels: 1 Width: 64-bit Data Rate: 3205 MT/s
Heartbeat CPU 0 instructions: 10000002 cycles: 3345251 heartbeat IPC: 2.989 cumulative IPC: 2.989 (Simulation time: 00 hr 00 min 29 sec)
Warmup finished CPU 0 instructions: 12500003 cycles: 4460499 cumulative IPC: 2.802 (Simulation time: 00 hr 00 min 38 sec)
Warmup complete CPU 0 instructions: 12500003 cycles: 4460499 cumulative IPC: 2.802 (Simulation time: 00 hr 00 min 38 sec)
Heartbeat CPU 0 instructions: 20000006 cycles: 25849543 heartbeat IPC: 0.4444 cumulative IPC: 0.3506 (Simulation time: 00 hr 01 min 37 sec)
Heartbeat CPU 0 instructions: 30000007 cycles: 54443854 heartbeat IPC: 0.3497 cumulative IPC: 0.3501 (Simulation time: 00 hr 03 min 30 sec)
Heartbeat CPU 0 instructions: 40000009 cycles: 88780498 heartbeat IPC: 0.2912 cumulative IPC: 0.3261 (Simulation time: 00 hr 06 min 06 sec)
Heartbeat CPU 0 instructions: 50000009 cycles: 106969375 heartbeat IPC: 0.5498 cumulative IPC: 0.3658 (Simulation time: 00 hr 07 min 06 sec)
Heartbeat CPU 0 instructions: 60000010 cycles: 124943161 heartbeat IPC: 0.5564 cumulative IPC: 0.3942 (Simulation time: 00 hr 08 min 05 sec)
Simulation finished CPU 0 instructions: 50000004 cycles: 124745036 cumulative IPC: 0.4008 (Simulation time: 00 hr 08 min 20 sec)
Simulation complete CPU 0 instructions: 50000004 cycles: 124745036 cumulative IPC: 0.4008 (Simulation time: 00 hr 08 min 20 sec)

ChampSim completed all CPUs

=== Simulation ===
CPU 0 runs traces/403.gcc-17B.champsimtrace.xz

Region of Interest Statistics

CPU 0 cumulative IPC: 0.4008 instructions: 50000004 cycles: 124745036
CPU 0 Branch Prediction Accuracy: 91.45% MPKI: 17.95 Average ROB Occupancy at Mispredict: 31.89
Branch type MPKI
BRANCH_DIRECT_JUMP: 0.1334
BRANCH_INDIRECT: 0.4934
BRANCH_CONDITIONAL: 17.21
BRANCH_DIRECT_CALL: 0.1022
BRANCH_INDIRECT_CALL: 0.002
BRANCH_RETURN: 0.00512

cpu0->LLC TOTAL        ACCESS:    2259440 HIT:     987188 MISS:    1272252 MISS_MERGE:          0
cpu0->LLC LOAD         ACCESS:     335271 HIT:      11572 MISS:     323699 MISS_MERGE:          0
cpu0->LLC RFO          ACCESS:     937998 HIT:         78 MISS:     937920 MISS_MERGE:          0
cpu0->LLC PREFETCH     ACCESS:          0 HIT:          0 MISS:          0 MISS_MERGE:          0
cpu0->LLC WRITE        ACCESS:     974749 HIT:     973931 MISS:        818 MISS_MERGE:          0
cpu0->LLC TRANSLATION  ACCESS:      11422 HIT:       1607 MISS:       9815 MISS_MERGE:          0
cpu0->LLC PREFETCH REQUESTED:          0 ISSUED:          0 USEFUL:          0 USELESS:          0
cpu0->LLC AVERAGE MISS LATENCY: 534.6 cycles
cpu0->cpu0_DTLB TOTAL        ACCESS:   21958990 HIT:   20968379 MISS:     990611 MISS_MERGE:     427752
cpu0->cpu0_DTLB LOAD         ACCESS:   21958990 HIT:   20968379 MISS:     990611 MISS_MERGE:     427752
cpu0->cpu0_DTLB RFO          ACCESS:          0 HIT:          0 MISS:          0 MISS_MERGE:          0
cpu0->cpu0_DTLB PREFETCH     ACCESS:          0 HIT:          0 MISS:          0 MISS_MERGE:          0
cpu0->cpu0_DTLB WRITE        ACCESS:          0 HIT:          0 MISS:          0 MISS_MERGE:          0
cpu0->cpu0_DTLB TRANSLATION  ACCESS:          0 HIT:          0 MISS:          0 MISS_MERGE:          0
cpu0->cpu0_DTLB PREFETCH REQUESTED:          0 ISSUED:          0 USEFUL:          0 USELESS:          0
cpu0->cpu0_DTLB AVERAGE MISS LATENCY: 17.84 cycles
cpu0->cpu0_ITLB TOTAL        ACCESS:    6046830 HIT:    6043160 MISS:       3670 MISS_MERGE:       2261
cpu0->cpu0_ITLB LOAD         ACCESS:    6046830 HIT:    6043160 MISS:       3670 MISS_MERGE:       2261
cpu0->cpu0_ITLB RFO          ACCESS:          0 HIT:          0 MISS:          0 MISS_MERGE:          0
cpu0->cpu0_ITLB PREFETCH     ACCESS:          0 HIT:          0 MISS:          0 MISS_MERGE:          0
cpu0->cpu0_ITLB WRITE        ACCESS:          0 HIT:          0 MISS:          0 MISS_MERGE:          0
cpu0->cpu0_ITLB TRANSLATION  ACCESS:          0 HIT:          0 MISS:          0 MISS_MERGE:          0
cpu0->cpu0_ITLB PREFETCH REQUESTED:          0 ISSUED:          0 USEFUL:          0 USELESS:          0
cpu0->cpu0_ITLB AVERAGE MISS LATENCY: 13.17 cycles
cpu0->cpu0_L1D TOTAL        ACCESS:   22046573 HIT:   13744771 MISS:    8301802 MISS_MERGE:    6825422
cpu0->cpu0_L1D LOAD         ACCESS:    9660264 HIT:    8809711 MISS:     850553 MISS_MERGE:     328941
cpu0->cpu0_L1D RFO          ACCESS:          0 HIT:          0 MISS:          0 MISS_MERGE:          0
cpu0->cpu0_L1D PREFETCH     ACCESS:          0 HIT:          0 MISS:          0 MISS_MERGE:          0
cpu0->cpu0_L1D WRITE        ACCESS:   12298726 HIT:    4862627 MISS:    7436099 MISS_MERGE:    6496458
cpu0->cpu0_L1D TRANSLATION  ACCESS:      87583 HIT:      72433 MISS:      15150 MISS_MERGE:         23
cpu0->cpu0_L1D PREFETCH REQUESTED:          0 ISSUED:          0 USEFUL:          0 USELESS:          0
cpu0->cpu0_L1D AVERAGE MISS LATENCY: 483.4 cycles
cpu0->cpu0_L1I TOTAL        ACCESS:    6046830 HIT:    6044686 MISS:       2144 MISS_MERGE:        425
cpu0->cpu0_L1I LOAD         ACCESS:    6046830 HIT:    6044686 MISS:       2144 MISS_MERGE:        425
cpu0->cpu0_L1I RFO          ACCESS:          0 HIT:          0 MISS:          0 MISS_MERGE:          0
cpu0->cpu0_L1I PREFETCH     ACCESS:          0 HIT:          0 MISS:          0 MISS_MERGE:          0
cpu0->cpu0_L1I WRITE        ACCESS:          0 HIT:          0 MISS:          0 MISS_MERGE:          0
cpu0->cpu0_L1I TRANSLATION  ACCESS:          0 HIT:          0 MISS:          0 MISS_MERGE:          0
cpu0->cpu0_L1I PREFETCH REQUESTED:          0 ISSUED:          0 USEFUL:          0 USELESS:          0
cpu0->cpu0_L1I AVERAGE MISS LATENCY: 67.33 cycles
cpu0->cpu0_L2C TOTAL        ACCESS:    2462047 HIT:    1177189 MISS:    1284858 MISS_MERGE:          1
cpu0->cpu0_L2C LOAD         ACCESS:     523331 HIT:     188060 MISS:     335271 MISS_MERGE:          0
cpu0->cpu0_L2C RFO          ACCESS:     939641 HIT:       1642 MISS:     937999 MISS_MERGE:          1
cpu0->cpu0_L2C PREFETCH     ACCESS:          0 HIT:          0 MISS:          0 MISS_MERGE:          0
cpu0->cpu0_L2C WRITE        ACCESS:     983948 HIT:     983782 MISS:        166 MISS_MERGE:          0
cpu0->cpu0_L2C TRANSLATION  ACCESS:      15127 HIT:       3705 MISS:      11422 MISS_MERGE:          0
cpu0->cpu0_L2C PREFETCH REQUESTED:          0 ISSUED:          0 USEFUL:          0 USELESS:          0
cpu0->cpu0_L2C AVERAGE MISS LATENCY: 545.3 cycles
cpu0->cpu0_STLB TOTAL        ACCESS:     564268 HIT:     520721 MISS:      43547 MISS_MERGE:          0
cpu0->cpu0_STLB LOAD         ACCESS:     564268 HIT:     520721 MISS:      43547 MISS_MERGE:          0
cpu0->cpu0_STLB RFO          ACCESS:          0 HIT:          0 MISS:          0 MISS_MERGE:          0
cpu0->cpu0_STLB PREFETCH     ACCESS:          0 HIT:          0 MISS:          0 MISS_MERGE:          0
cpu0->cpu0_STLB WRITE        ACCESS:          0 HIT:          0 MISS:          0 MISS_MERGE:          0
cpu0->cpu0_STLB TRANSLATION  ACCESS:          0 HIT:          0 MISS:          0 MISS_MERGE:          0
cpu0->cpu0_STLB PREFETCH REQUESTED:          0 ISSUED:          0 USEFUL:          0 USELESS:          0
cpu0->cpu0_STLB AVERAGE MISS LATENCY: 165.2 cycles

DRAM Statistics

Channel 0 RQ ROW_BUFFER_HIT:      41180
  ROW_BUFFER_MISS:    1230248
  AVG DBUS CONGESTED CYCLE: 7.418
Channel 0 WQ ROW_BUFFER_HIT:     111076
  ROW_BUFFER_MISS:     860938
  FULL:          0
Channel 0 REFRESHES ISSUED:      10396
