[VMEM] WARNING: physical memory size is smaller than virtual memory size.

*** ChampSim Multicore Out-of-Order Simulator ***
Warmup Instructions: 12500000
Simulation Instructions: 50000000
Number of CPUs: 1
Page size: 4096

Off-chip DRAM Size: 16 GiB Channels: 1 Width: 64-bit Data Rate: 3205 MT/s
Heartbeat CPU 0 instructions: 10000000 cycles: 5025963 heartbeat IPC: 1.99 cumulative IPC: 1.99 (Simulation time: 00 hr 00 min 40 sec)
Warmup finished CPU 0 instructions: 12500004 cycles: 6105860 cumulative IPC: 2.047 (Simulation time: 00 hr 00 min 49 sec)
Warmup complete CPU 0 instructions: 12500004 cycles: 6105860 cumulative IPC: 2.047 (Simulation time: 00 hr 00 min 49 sec)
Heartbeat CPU 0 instructions: 20000001 cycles: 30314144 heartbeat IPC: 0.3954 cumulative IPC: 0.3098 (Simulation time: 00 hr 02 min 01 sec)
Heartbeat CPU 0 instructions: 30000001 cycles: 64781737 heartbeat IPC: 0.2901 cumulative IPC: 0.2982 (Simulation time: 00 hr 03 min 50 sec)
Heartbeat CPU 0 instructions: 40000001 cycles: 96984002 heartbeat IPC: 0.3105 cumulative IPC: 0.3026 (Simulation time: 00 hr 05 min 30 sec)
Heartbeat CPU 0 instructions: 50000005 cycles: 127500948 heartbeat IPC: 0.3277 cumulative IPC: 0.3089 (Simulation time: 00 hr 07 min 10 sec)
Heartbeat CPU 0 instructions: 60000006 cycles: 164057639 heartbeat IPC: 0.2735 cumulative IPC: 0.3007 (Simulation time: 00 hr 09 min 00 sec)
Simulation finished CPU 0 instructions: 50000000 cycles: 166002958 cumulative IPC: 0.3012 (Simulation time: 00 hr 09 min 24 sec)
Simulation complete CPU 0 instructions: 50000000 cycles: 166002958 cumulative IPC: 0.3012 (Simulation time: 00 hr 09 min 24 sec)

ChampSim completed all CPUs

=== Simulation ===
CPU 0 runs traces/471.omnetpp-188B.champsimtrace.xz

Region of Interest Statistics

CPU 0 cumulative IPC: 0.3012 instructions: 50000000 cycles: 166002958
CPU 0 Branch Prediction Accuracy: 93.3% MPKI: 16.1 Average ROB Occupancy at Mispredict: 38.77
Branch type MPKI
BRANCH_DIRECT_JUMP: 0.00134
BRANCH_INDIRECT: 0.1254
BRANCH_CONDITIONAL: 15.32
BRANCH_DIRECT_CALL: 0.00068
BRANCH_INDIRECT_CALL: 0.1324
BRANCH_RETURN: 0.5249

cpu0->LLC TOTAL        ACCESS:    1527157 HIT:     259869 MISS:    1267288 MISS_MERGE:          0
cpu0->LLC LOAD         ACCESS:     872145 HIT:     147810 MISS:     724335 MISS_MERGE:          0
cpu0->LLC RFO          ACCESS:     149232 HIT:      28898 MISS:     120334 MISS_MERGE:          0
cpu0->LLC PREFETCH     ACCESS:          0 HIT:          0 MISS:          0 MISS_MERGE:          0
cpu0->LLC WRITE        ACCESS:     423783 HIT:      72307 MISS:     351476 MISS_MERGE:          0
cpu0->LLC TRANSLATION  ACCESS:      81997 HIT:      10854 MISS:      71143 MISS_MERGE:          0
cpu0->LLC PREFETCH REQUESTED:          0 ISSUED:          0 USEFUL:          0 USELESS:          0
cpu0->LLC AVERAGE MISS LATENCY: 142.3 cycles
cpu0->cpu0_DTLB TOTAL        ACCESS:   21071168 HIT:   19554818 MISS:    1516350 MISS_MERGE:     548558
cpu0->cpu0_DTLB LOAD         ACCESS:   21071168 HIT:   19554818 MISS:    1516350 MISS_MERGE:     548558
cpu0->cpu0_DTLB RFO          ACCESS:          0 HIT:          0 MISS:          0 MISS_MERGE:          0
cpu0->cpu0_DTLB PREFETCH     ACCESS:          0 HIT:          0 MISS:          0 MISS_MERGE:          0
cpu0->cpu0_DTLB WRITE        ACCESS:          0 HIT:          0 MISS:          0 MISS_MERGE:          0
cpu0->cpu0_DTLB TRANSLATION  ACCESS:          0 HIT:          0 MISS:          0 MISS_MERGE:          0
cpu0->cpu0_DTLB PREFETCH REQUESTED:          0 ISSUED:          0 USEFUL:          0 USELESS:          0
cpu0->cpu0_DTLB AVERAGE MISS LATENCY: 27.81 cycles
cpu0->cpu0_ITLB TOTAL        ACCESS:    5664881 HIT:    5607327 MISS:      57554 MISS_MERGE:      34271
cpu0->cpu0_ITLB LOAD         ACCESS:    5664881 HIT:    5607327 MISS:      57554 MISS_MERGE:      34271
cpu0->cpu0_ITLB RFO          ACCESS:          0 HIT:          0 MISS:          0 MISS_MERGE:          0
cpu0->cpu0_ITLB PREFETCH     ACCESS:          0 HIT:          0 MISS:          0 MISS_MERGE:          0
cpu0->cpu0_ITLB WRITE        ACCESS:          0 HIT:          0 MISS:          0 MISS_MERGE:          0
cpu0->cpu0_ITLB TRANSLATION  ACCESS:          0 HIT:          0 MISS:          0 MISS_MERGE:          0
cpu0->cpu0_ITLB PREFETCH REQUESTED:          0 ISSUED:          0 USEFUL:          0 USELESS:          0
cpu0->cpu0_ITLB AVERAGE MISS LATENCY: 7.368 cycles
cpu0->cpu0_L1D TOTAL        ACCESS:   21505356 HIT:   18901216 MISS:    2604140 MISS_MERGE:    1311796
cpu0->cpu0_L1D LOAD         ACCESS:   12646948 HIT:   10877897 MISS:    1769051 MISS_MERGE:     775304
cpu0->cpu0_L1D RFO          ACCESS:          0 HIT:          0 MISS:          0 MISS_MERGE:          0
cpu0->cpu0_L1D PREFETCH     ACCESS:          0 HIT:          0 MISS:          0 MISS_MERGE:          0
cpu0->cpu0_L1D WRITE        ACCESS:    8424221 HIT:    7727492 MISS:     696729 MISS_MERGE:     534026
cpu0->cpu0_L1D TRANSLATION  ACCESS:     434187 HIT:     295827 MISS:     138360 MISS_MERGE:       2466
cpu0->cpu0_L1D PREFETCH REQUESTED:          0 ISSUED:          0 USEFUL:          0 USELESS:          0
cpu0->cpu0_L1D AVERAGE MISS LATENCY: 159.3 cycles
cpu0->cpu0_L1I TOTAL        ACCESS:    5664881 HIT:    5661798 MISS:       3083 MISS_MERGE:        671
cpu0->cpu0_L1I LOAD         ACCESS:    5664881 HIT:    5661798 MISS:       3083 MISS_MERGE:        671
cpu0->cpu0_L1I RFO          ACCESS:          0 HIT:          0 MISS:          0 MISS_MERGE:          0
cpu0->cpu0_L1I PREFETCH     ACCESS:          0 HIT:          0 MISS:          0 MISS_MERGE:          0
cpu0->cpu0_L1I WRITE        ACCESS:          0 HIT:          0 MISS:          0 MISS_MERGE:          0
cpu0->cpu0_L1I TRANSLATION  ACCESS:          0 HIT:          0 MISS:          0 MISS_MERGE:          0
cpu0->cpu0_L1I PREFETCH REQUESTED:          0 ISSUED:          0 USEFUL:          0 USELESS:          0
cpu0->cpu0_L1I AVERAGE MISS LATENCY: 124.4 cycles
cpu0->cpu0_L2C TOTAL        ACCESS:    1774435 HIT:     669960 MISS:    1104475 MISS_MERGE:          0
cpu0->cpu0_L2C LOAD         ACCESS:     996159 HIT:     124014 MISS:     872145 MISS_MERGE:          0
cpu0->cpu0_L2C RFO          ACCESS:     162703 HIT:      13471 MISS:     149232 MISS_MERGE:          0
cpu0->cpu0_L2C PREFETCH     ACCESS:          0 HIT:          0 MISS:          0 MISS_MERGE:          0
cpu0->cpu0_L2C WRITE        ACCESS:     479679 HIT:     478578 MISS:       1101 MISS_MERGE:          0
cpu0->cpu0_L2C TRANSLATION  ACCESS:     135894 HIT:      53897 MISS:      81997 MISS_MERGE:          0
cpu0->cpu0_L2C PREFETCH REQUESTED:          0 ISSUED:          0 USEFUL:          0 USELESS:          0
cpu0->cpu0_L2C AVERAGE MISS LATENCY: 176.2 cycles
cpu0->cpu0_STLB TOTAL        ACCESS:     991075 HIT:     778428 MISS:     212647 MISS_MERGE:          0
cpu0->cpu0_STLB LOAD         ACCESS:     991075 HIT:     778428 MISS:     212647 MISS_MERGE:          0
cpu0->cpu0_STLB RFO          ACCESS:          0 HIT:          0 MISS:          0 MISS_MERGE:          0
cpu0->cpu0_STLB PREFETCH     ACCESS:          0 HIT:          0 MISS:          0 MISS_MERGE:          0
cpu0->cpu0_STLB WRITE        ACCESS:          0 HIT:          0 MISS:          0 MISS_MERGE:          0
cpu0->cpu0_STLB TRANSLATION  ACCESS:          0 HIT:          0 MISS:          0 MISS_MERGE:          0
cpu0->cpu0_STLB PREFETCH REQUESTED:          0 ISSUED:          0 USEFUL:          0 USELESS:          0
cpu0->cpu0_STLB AVERAGE MISS LATENCY: 103.1 cycles

DRAM Statistics

Channel 0 RQ ROW_BUFFER_HIT:      16562
  ROW_BUFFER_MISS:     899206
  AVG DBUS CONGESTED CYCLE: 18.83
Channel 0 WQ ROW_BUFFER_HIT:     135438
  ROW_BUFFER_MISS:     265171
  FULL:          0
Channel 0 REFRESHES ISSUED:      13834
