[VMEM] WARNING: physical memory size is smaller than virtual memory size.

*** ChampSim Multicore Out-of-Order Simulator ***
Warmup Instructions: 12500000
Simulation Instructions: 50000000
Number of CPUs: 1
Page size: 4096

Off-chip DRAM Size: 16 GiB Channels: 1 Width: 64-bit Data Rate: 3205 MT/s
Heartbeat CPU 0 instructions: 10000000 cycles: 2681623 heartbeat IPC: 3.729 cumulative IPC: 3.729 (Simulation time: 00 hr 00 min 24 sec)
Warmup finished CPU 0 instructions: 12500001 cycles: 3346300 cumulative IPC: 3.735 (Simulation time: 00 hr 00 min 30 sec)
Warmup complete CPU 0 instructions: 12500001 cycles: 3346300 cumulative IPC: 3.735 (Simulation time: 00 hr 00 min 30 sec)
Heartbeat CPU 0 instructions: 20000003 cycles: 15442421 heartbeat IPC: 0.7837 cumulative IPC: 0.62 (Simulation time: 00 hr 01 min 56 sec)
Heartbeat CPU 0 instructions: 30000004 cycles: 31679079 heartbeat IPC: 0.6159 cumulative IPC: 0.6177 (Simulation time: 00 hr 03 min 50 sec)
Heartbeat CPU 0 instructions: 40000006 cycles: 47954868 heartbeat IPC: 0.6144 cumulative IPC: 0.6165 (Simulation time: 00 hr 05 min 45 sec)
Heartbeat CPU 0 instructions: 50000007 cycles: 64194747 heartbeat IPC: 0.6158 cumulative IPC: 0.6163 (Simulation time: 00 hr 07 min 41 sec)
Heartbeat CPU 0 instructions: 60000011 cycles: 80553039 heartbeat IPC: 0.6113 cumulative IPC: 0.6152 (Simulation time: 00 hr 09 min 36 sec)
Simulation finished CPU 0 instructions: 50000001 cycles: 81231831 cumulative IPC: 0.6155 (Simulation time: 00 hr 10 min 04 sec)
Simulation complete CPU 0 instructions: 50000001 cycles: 81231831 cumulative IPC: 0.6155 (Simulation time: 00 hr 10 min 04 sec)

ChampSim completed all CPUs

=== Simulation ===
CPU 0 runs traces/470.lbm-1274B.champsimtrace.xz

Region of Interest Statistics

CPU 0 cumulative IPC: 0.6155 instructions: 50000001 cycles: 81231831
CPU 0 Branch Prediction Accuracy: 99.4% MPKI: 0.08384 Average ROB Occupancy at Mispredict: 158.6
Branch type MPKI
BRANCH_DIRECT_JUMP: 0
BRANCH_INDIRECT: 0
BRANCH_CONDITIONAL: 0.08384
BRANCH_DIRECT_CALL: 0
BRANCH_INDIRECT_CALL: 0
BRANCH_RETURN: 0

cpu0->LLC TOTAL        ACCESS:    2491024 HIT:      11236 MISS:    2479788 MISS_MERGE:          0
cpu0->LLC LOAD         ACCESS:     355370 HIT:          0 MISS:     355370 MISS_MERGE:          0
cpu0->LLC RFO          ACCESS:    1066415 HIT:       8467 MISS:    1057948 MISS_MERGE:          0
cpu0->LLC PREFETCH     ACCESS:          0 HIT:          0 MISS:          0 MISS_MERGE:          0
cpu0->LLC WRITE        ACCESS:    1066424 HIT:       2764 MISS:    1063660 MISS_MERGE:          0
cpu0->LLC TRANSLATION  ACCESS:       2815 HIT:          5 MISS:       2810 MISS_MERGE:          0
cpu0->LLC PREFETCH REQUESTED:          0 ISSUED:          0 USEFUL:          0 USELESS:          0
cpu0->LLC AVERAGE MISS LATENCY: 203.4 cycles
cpu0->cpu0_DTLB TOTAL        ACCESS:   11549901 HIT:   11476532 MISS:      73369 MISS_MERGE:      51138
cpu0->cpu0_DTLB LOAD         ACCESS:   11549901 HIT:   11476532 MISS:      73369 MISS_MERGE:      51138
cpu0->cpu0_DTLB RFO          ACCESS:          0 HIT:          0 MISS:          0 MISS_MERGE:          0
cpu0->cpu0_DTLB PREFETCH     ACCESS:          0 HIT:          0 MISS:          0 MISS_MERGE:          0
cpu0->cpu0_DTLB WRITE        ACCESS:          0 HIT:          0 MISS:          0 MISS_MERGE:          0
cpu0->cpu0_DTLB TRANSLATION  ACCESS:          0 HIT:          0 MISS:          0 MISS_MERGE:          0
cpu0->cpu0_DTLB PREFETCH REQUESTED:          0 ISSUED:          0 USEFUL:          0 USELESS:          0
cpu0->cpu0_DTLB AVERAGE MISS LATENCY: 169.1 cycles
cpu0->cpu0_ITLB TOTAL        ACCESS:    9208546 HIT:    9208546 MISS:          0 MISS_MERGE:          0
cpu0->cpu0_ITLB LOAD         ACCESS:    9208546 HIT:    9208546 MISS:          0 MISS_MERGE:          0
cpu0->cpu0_ITLB RFO          ACCESS:          0 HIT:          0 MISS:          0 MISS_MERGE:          0
cpu0->cpu0_ITLB PREFETCH     ACCESS:          0 HIT:          0 MISS:          0 MISS_MERGE:          0
cpu0->cpu0_ITLB WRITE        ACCESS:          0 HIT:          0 MISS:          0 MISS_MERGE:          0
cpu0->cpu0_ITLB TRANSLATION  ACCESS:          0 HIT:          0 MISS:          0 MISS_MERGE:          0
cpu0->cpu0_ITLB PREFETCH REQUESTED:          0 ISSUED:          0 USEFUL:          0 USELESS:          0
cpu0->cpu0_ITLB AVERAGE MISS LATENCY: - cycles
cpu0->cpu0_L1D TOTAL        ACCESS:   11594385 HIT:    7287479 MISS:    4306906 MISS_MERGE:    1949309
cpu0->cpu0_L1D LOAD         ACCESS:    6528687 HIT:    4242733 MISS:    2285954 MISS_MERGE:    1930583
cpu0->cpu0_L1D RFO          ACCESS:          0 HIT:          0 MISS:          0 MISS_MERGE:          0
cpu0->cpu0_L1D PREFETCH     ACCESS:          0 HIT:          0 MISS:          0 MISS_MERGE:          0
cpu0->cpu0_L1D WRITE        ACCESS:    5021214 HIT:    3003084 MISS:    2018130 MISS_MERGE:      18723
cpu0->cpu0_L1D TRANSLATION  ACCESS:      44484 HIT:      41662 MISS:       2822 MISS_MERGE:          3
cpu0->cpu0_L1D PREFETCH REQUESTED:          0 ISSUED:          0 USEFUL:          0 USELESS:          0
cpu0->cpu0_L1D AVERAGE MISS LATENCY: 228.4 cycles
cpu0->cpu0_L1I TOTAL        ACCESS:    9208546 HIT:    9208546 MISS:          0 MISS_MERGE:          0
cpu0->cpu0_L1I LOAD         ACCESS:    9208546 HIT:    9208546 MISS:          0 MISS_MERGE:          0
cpu0->cpu0_L1I RFO          ACCESS:          0 HIT:          0 MISS:          0 MISS_MERGE:          0
cpu0->cpu0_L1I PREFETCH     ACCESS:          0 HIT:          0 MISS:          0 MISS_MERGE:          0
cpu0->cpu0_L1I WRITE        ACCESS:          0 HIT:          0 MISS:          0 MISS_MERGE:          0
cpu0->cpu0_L1I TRANSLATION  ACCESS:          0 HIT:          0 MISS:          0 MISS_MERGE:          0
cpu0->cpu0_L1I PREFETCH REQUESTED:          0 ISSUED:          0 USEFUL:          0 USELESS:          0
cpu0->cpu0_L1I AVERAGE MISS LATENCY: - cycles
cpu0->cpu0_L2C TOTAL        ACCESS:    4357005 HIT:    2932405 MISS:    1424600 MISS_MERGE:          0
cpu0->cpu0_L2C LOAD         ACCESS:     355370 HIT:          0 MISS:     355370 MISS_MERGE:          0
cpu0->cpu0_L2C RFO          ACCESS:    1999410 HIT:     932995 MISS:    1066415 MISS_MERGE:          0
cpu0->cpu0_L2C PREFETCH     ACCESS:          0 HIT:          0 MISS:          0 MISS_MERGE:          0
cpu0->cpu0_L2C WRITE        ACCESS:    1999406 HIT:    1999406 MISS:          0 MISS_MERGE:          0
cpu0->cpu0_L2C TRANSLATION  ACCESS:       2819 HIT:          4 MISS:       2815 MISS_MERGE:          0
cpu0->cpu0_L2C PREFETCH REQUESTED:          0 ISSUED:          0 USEFUL:          0 USELESS:          0
cpu0->cpu0_L2C AVERAGE MISS LATENCY: 363.3 cycles
cpu0->cpu0_STLB TOTAL        ACCESS:      22231 HIT:          0 MISS:      22231 MISS_MERGE:          0
cpu0->cpu0_STLB LOAD         ACCESS:      22231 HIT:          0 MISS:      22231 MISS_MERGE:          0
cpu0->cpu0_STLB RFO          ACCESS:          0 HIT:          0 MISS:          0 MISS_MERGE:          0
cpu0->cpu0_STLB PREFETCH     ACCESS:          0 HIT:          0 MISS:          0 MISS_MERGE:          0
cpu0->cpu0_STLB WRITE        ACCESS:          0 HIT:          0 MISS:          0 MISS_MERGE:          0
cpu0->cpu0_STLB TRANSLATION  ACCESS:          0 HIT:          0 MISS:          0 MISS_MERGE:          0
cpu0->cpu0_STLB PREFETCH REQUESTED:          0 ISSUED:          0 USEFUL:          0 USELESS:          0
cpu0->cpu0_STLB AVERAGE MISS LATENCY: 163.1 cycles

DRAM Statistics

Channel 0 RQ ROW_BUFFER_HIT:      17236
  ROW_BUFFER_MISS:    1398888
  AVG DBUS CONGESTED CYCLE: 5.728
Channel 0 WQ ROW_BUFFER_HIT:     220084
  ROW_BUFFER_MISS:     846990
  FULL:          0
Channel 0 REFRESHES ISSUED:       6770
