[VMEM] WARNING: physical memory size is smaller than virtual memory size.

*** ChampSim Multicore Out-of-Order Simulator ***
Warmup Instructions: 12500000
Simulation Instructions: 50000000
Number of CPUs: 1
Page size: 4096

Off-chip DRAM Size: 16 GiB Channels: 1 Width: 64-bit Data Rate: 3205 MT/s
Heartbeat CPU 0 instructions: 10000004 cycles: 5097736 heartbeat IPC: 1.962 cumulative IPC: 1.962 (Simulation time: 00 hr 00 min 42 sec)
Warmup finished CPU 0 instructions: 12500001 cycles: 6139895 cumulative IPC: 2.036 (Simulation time: 00 hr 00 min 50 sec)
Warmup complete CPU 0 instructions: 12500001 cycles: 6139895 cumulative IPC: 2.036 (Simulation time: 00 hr 00 min 50 sec)
Heartbeat CPU 0 instructions: 20000006 cycles: 60452512 heartbeat IPC: 0.1807 cumulative IPC: 0.1381 (Simulation time: 00 hr 03 min 44 sec)
Heartbeat CPU 0 instructions: 30000009 cycles: 138537043 heartbeat IPC: 0.1281 cumulative IPC: 0.1322 (Simulation time: 00 hr 07 min 52 sec)
Heartbeat CPU 0 instructions: 40000009 cycles: 207992383 heartbeat IPC: 0.144 cumulative IPC: 0.1362 (Simulation time: 00 hr 11 min 32 sec)
Simulation CPU 0 warning: IPC 0.047275 < 0.05
Heartbeat CPU 0 instructions: 50000009 cycles: 295799175 heartbeat IPC: 0.1139 cumulative IPC: 0.1295 (Simulation time: 00 hr 19 min 04 sec)
Heartbeat CPU 0 instructions: 60000010 cycles: 370508923 heartbeat IPC: 0.1339 cumulative IPC: 0.1304 (Simulation time: 00 hr 22 min 52 sec)
Simulation finished CPU 0 instructions: 50000000 cycles: 386926858 cumulative IPC: 0.1292 (Simulation time: 00 hr 24 min 09 sec)
Simulation complete CPU 0 instructions: 50000000 cycles: 386926858 cumulative IPC: 0.1292 (Simulation time: 00 hr 24 min 09 sec)

ChampSim completed all CPUs

=== Simulation ===
CPU 0 runs traces/429.mcf-51B.champsimtrace.xz

Region of Interest Statistics

CPU 0 cumulative IPC: 0.1292 instructions: 50000000 cycles: 386926858
CPU 0 Branch Prediction Accuracy: 85.8% MPKI: 34.3 Average ROB Occupancy at Mispredict: 25.8
Branch type MPKI
BRANCH_DIRECT_JUMP: 0.7198
BRANCH_INDIRECT: 0
BRANCH_CONDITIONAL: 33.58
BRANCH_DIRECT_CALL: 0
BRANCH_INDIRECT_CALL: 0
BRANCH_RETURN: 0

cpu0->LLC TOTAL        ACCESS:    4487572 HIT:     636566 MISS:    3851006 MISS_MERGE:          0
cpu0->LLC LOAD         ACCESS:    3360131 HIT:     478316 MISS:    2881815 MISS_MERGE:          0
cpu0->LLC RFO          ACCESS:      79438 HIT:      11683 MISS:      67755 MISS_MERGE:          0
cpu0->LLC PREFETCH     ACCESS:          0 HIT:          0 MISS:          0 MISS_MERGE:          0
cpu0->LLC WRITE        ACCESS:     772201 HIT:     127303 MISS:     644898 MISS_MERGE:          0
cpu0->LLC TRANSLATION  ACCESS:     275802 HIT:      19264 MISS:     256538 MISS_MERGE:          0
cpu0->LLC PREFETCH REQUESTED:          0 ISSUED:          0 USEFUL:          0 USELESS:          0
cpu0->LLC AVERAGE MISS LATENCY: 186 cycles
cpu0->cpu0_DTLB TOTAL        ACCESS:   18651246 HIT:   11443705 MISS:    7207541 MISS_MERGE:    3139972
cpu0->cpu0_DTLB LOAD         ACCESS:   18651246 HIT:   11443705 MISS:    7207541 MISS_MERGE:    3139972
cpu0->cpu0_DTLB RFO          ACCESS:          0 HIT:          0 MISS:          0 MISS_MERGE:          0
cpu0->cpu0_DTLB PREFETCH     ACCESS:          0 HIT:          0 MISS:          0 MISS_MERGE:          0
cpu0->cpu0_DTLB WRITE        ACCESS:          0 HIT:          0 MISS:          0 MISS_MERGE:          0
cpu0->cpu0_DTLB TRANSLATION  ACCESS:          0 HIT:          0 MISS:          0 MISS_MERGE:          0
cpu0->cpu0_DTLB PREFETCH REQUESTED:          0 ISSUED:          0 USEFUL:          0 USELESS:          0
cpu0->cpu0_DTLB AVERAGE MISS LATENCY: 24.36 cycles
cpu0->cpu0_ITLB TOTAL        ACCESS:     821716 HIT:     821716 MISS:          0 MISS_MERGE:          0
cpu0->cpu0_ITLB LOAD         ACCESS:     821716 HIT:     821716 MISS:          0 MISS_MERGE:          0
cpu0->cpu0_ITLB RFO          ACCESS:          0 HIT:          0 MISS:          0 MISS_MERGE:          0
cpu0->cpu0_ITLB PREFETCH     ACCESS:          0 HIT:          0 MISS:          0 MISS_MERGE:          0
cpu0->cpu0_ITLB WRITE        ACCESS:          0 HIT:          0 MISS:          0 MISS_MERGE:          0
cpu0->cpu0_ITLB TRANSLATION  ACCESS:          0 HIT:          0 MISS:          0 MISS_MERGE:          0
cpu0->cpu0_ITLB PREFETCH REQUESTED:          0 ISSUED:          0 USEFUL:          0 USELESS:          0
cpu0->cpu0_ITLB AVERAGE MISS LATENCY: - cycles
cpu0->cpu0_L1D TOTAL        ACCESS:   19977190 HIT:   10997182 MISS:    8980008 MISS_MERGE:    3309285
cpu0->cpu0_L1D LOAD         ACCESS:   16071780 HIT:    7915545 MISS:    8156235 MISS_MERGE:    3162276
cpu0->cpu0_L1D RFO          ACCESS:          0 HIT:          0 MISS:          0 MISS_MERGE:          0
cpu0->cpu0_L1D PREFETCH     ACCESS:          0 HIT:          0 MISS:          0 MISS_MERGE:          0
cpu0->cpu0_L1D WRITE        ACCESS:    2579466 HIT:    2282250 MISS:     297216 MISS_MERGE:     142078
cpu0->cpu0_L1D TRANSLATION  ACCESS:    1325944 HIT:     799387 MISS:     526557 MISS_MERGE:       4931
cpu0->cpu0_L1D PREFETCH REQUESTED:          0 ISSUED:          0 USEFUL:          0 USELESS:          0
cpu0->cpu0_L1D AVERAGE MISS LATENCY: 144.4 cycles
cpu0->cpu0_L1I TOTAL        ACCESS:     821854 HIT:     821854 MISS:          0 MISS_MERGE:          0
cpu0->cpu0_L1I LOAD         ACCESS:     821854 HIT:     821854 MISS:          0 MISS_MERGE:          0
cpu0->cpu0_L1I RFO          ACCESS:          0 HIT:          0 MISS:          0 MISS_MERGE:          0
cpu0->cpu0_L1I PREFETCH     ACCESS:          0 HIT:          0 MISS:          0 MISS_MERGE:          0
cpu0->cpu0_L1I WRITE        ACCESS:          0 HIT:          0 MISS:          0 MISS_MERGE:          0
cpu0->cpu0_L1I TRANSLATION  ACCESS:          0 HIT:          0 MISS:          0 MISS_MERGE:          0
cpu0->cpu0_L1I PREFETCH REQUESTED:          0 ISSUED:          0 USEFUL:          0 USELESS:          0
cpu0->cpu0_L1I AVERAGE MISS LATENCY: - cycles
cpu0->cpu0_L2C TOTAL        ACCESS:    6885445 HIT:    3169938 MISS:    3715507 MISS_MERGE:          0
cpu0->cpu0_L2C LOAD         ACCESS:    4993956 HIT:    1633825 MISS:    3360131 MISS_MERGE:          0
cpu0->cpu0_L2C RFO          ACCESS:     155138 HIT:      75700 MISS:      79438 MISS_MERGE:          0
cpu0->cpu0_L2C PREFETCH     ACCESS:          0 HIT:          0 MISS:          0 MISS_MERGE:          0
cpu0->cpu0_L2C WRITE        ACCESS:    1214725 HIT:    1214589 MISS:        136 MISS_MERGE:          0
cpu0->cpu0_L2C TRANSLATION  ACCESS:     521626 HIT:     245824 MISS:     275802 MISS_MERGE:          0
cpu0->cpu0_L2C PREFETCH REQUESTED:          0 ISSUED:          0 USEFUL:          0 USELESS:          0
cpu0->cpu0_L2C AVERAGE MISS LATENCY: 207.1 cycles
cpu0->cpu0_STLB TOTAL        ACCESS:    4067569 HIT:    3492786 MISS:     574783 MISS_MERGE:          0
cpu0->cpu0_STLB LOAD         ACCESS:    4067569 HIT:    3492786 MISS:     574783 MISS_MERGE:          0
cpu0->cpu0_STLB RFO          ACCESS:          0 HIT:          0 MISS:          0 MISS_MERGE:          0
cpu0->cpu0_STLB PREFETCH     ACCESS:          0 HIT:          0 MISS:          0 MISS_MERGE:          0
cpu0->cpu0_STLB WRITE        ACCESS:          0 HIT:          0 MISS:          0 MISS_MERGE:          0
cpu0->cpu0_STLB TRANSLATION  ACCESS:          0 HIT:          0 MISS:          0 MISS_MERGE:          0
cpu0->cpu0_STLB PREFETCH REQUESTED:          0 ISSUED:          0 USEFUL:          0 USELESS:          0
cpu0->cpu0_STLB AVERAGE MISS LATENCY: 136 cycles

DRAM Statistics

Channel 0 RQ ROW_BUFFER_HIT:       3192
  ROW_BUFFER_MISS:    3202492
  AVG DBUS CONGESTED CYCLE: 8.711
Channel 0 WQ ROW_BUFFER_HIT:     206557
  ROW_BUFFER_MISS:     438243
  FULL:          0
Channel 0 REFRESHES ISSUED:      32244
