[VMEM] WARNING: physical memory size is smaller than virtual memory size.

*** ChampSim Multicore Out-of-Order Simulator ***
Warmup Instructions: 12500000
Simulation Instructions: 50000000
Number of CPUs: 1
Page size: 4096

Off-chip DRAM Size: 16 GiB Channels: 1 Width: 64-bit Data Rate: 3205 MT/s
Heartbeat CPU 0 instructions: 10000000 cycles: 2681663 heartbeat IPC: 3.729 cumulative IPC: 3.729 (Simulation time: 00 hr 00 min 21 sec)
Warmup finished CPU 0 instructions: 12500001 cycles: 3346340 cumulative IPC: 3.735 (Simulation time: 00 hr 00 min 27 sec)
Warmup complete CPU 0 instructions: 12500001 cycles: 3346340 cumulative IPC: 3.735 (Simulation time: 00 hr 00 min 27 sec)
Heartbeat CPU 0 instructions: 20000003 cycles: 15570190 heartbeat IPC: 0.7759 cumulative IPC: 0.6136 (Simulation time: 00 hr 01 min 39 sec)
Heartbeat CPU 0 instructions: 30000004 cycles: 31882319 heartbeat IPC: 0.613 cumulative IPC: 0.6133 (Simulation time: 00 hr 03 min 15 sec)
Heartbeat CPU 0 instructions: 40000006 cycles: 48189603 heartbeat IPC: 0.6132 cumulative IPC: 0.6132 (Simulation time: 00 hr 04 min 50 sec)
Heartbeat CPU 0 instructions: 50000007 cycles: 64449517 heartbeat IPC: 0.615 cumulative IPC: 0.6137 (Simulation time: 00 hr 06 min 26 sec)
Heartbeat CPU 0 instructions: 60000011 cycles: 80811466 heartbeat IPC: 0.6112 cumulative IPC: 0.6132 (Simulation time: 00 hr 08 min 03 sec)
Simulation finished CPU 0 instructions: 50000003 cycles: 81509418 cumulative IPC: 0.6134 (Simulation time: 00 hr 08 min 27 sec)
Simulation complete CPU 0 instructions: 50000003 cycles: 81509418 cumulative IPC: 0.6134 (Simulation time: 00 hr 08 min 27 sec)

ChampSim completed all CPUs

=== Simulation ===
CPU 0 runs traces/470.lbm-1274B.champsimtrace.xz

Region of Interest Statistics

CPU 0 cumulative IPC: 0.6134 instructions: 50000003 cycles: 81509418
CPU 0 Branch Prediction Accuracy: 99.4% MPKI: 0.08384 Average ROB Occupancy at Mispredict: 158.6
Branch type MPKI
BRANCH_DIRECT_JUMP: 0
BRANCH_INDIRECT: 0
BRANCH_CONDITIONAL: 0.08384
BRANCH_DIRECT_CALL: 0
BRANCH_INDIRECT_CALL: 0
BRANCH_RETURN: 0

cpu0->LLC TOTAL        ACCESS:    2491012 HIT:        405 MISS:    2490607 MISS_MERGE:          0
cpu0->LLC LOAD         ACCESS:     355370 HIT:         14 MISS:     355356 MISS_MERGE:          0
cpu0->LLC RFO          ACCESS:    1066415 HIT:        391 MISS:    1066024 MISS_MERGE:          0
cpu0->LLC PREFETCH     ACCESS:          0 HIT:          0 MISS:          0 MISS_MERGE:          0
cpu0->LLC WRITE        ACCESS:    1066412 HIT:          0 MISS:    1066412 MISS_MERGE:          0
cpu0->LLC TRANSLATION  ACCESS:       2815 HIT:          0 MISS:       2815 MISS_MERGE:          0
cpu0->LLC PREFETCH REQUESTED:          0 ISSUED:          0 USEFUL:          0 USELESS:          0
cpu0->LLC AVERAGE MISS LATENCY: 207.7 cycles
cpu0->cpu0_DTLB TOTAL        ACCESS:   11549891 HIT:   11476461 MISS:      73430 MISS_MERGE:      51199
cpu0->cpu0_DTLB LOAD         ACCESS:   11549891 HIT:   11476461 MISS:      73430 MISS_MERGE:      51199
cpu0->cpu0_DTLB RFO          ACCESS:          0 HIT:          0 MISS:          0 MISS_MERGE:          0
cpu0->cpu0_DTLB PREFETCH     ACCESS:          0 HIT:          0 MISS:          0 MISS_MERGE:          0
cpu0->cpu0_DTLB WRITE        ACCESS:          0 HIT:          0 MISS:          0 MISS_MERGE:          0
cpu0->cpu0_DTLB TRANSLATION  ACCESS:          0 HIT:          0 MISS:          0 MISS_MERGE:          0
cpu0->cpu0_DTLB PREFETCH REQUESTED:          0 ISSUED:          0 USEFUL:          0 USELESS:          0
cpu0->cpu0_DTLB AVERAGE MISS LATENCY: 169 cycles
cpu0->cpu0_ITLB TOTAL        ACCESS:    9203962 HIT:    9203962 MISS:          0 MISS_MERGE:          0
cpu0->cpu0_ITLB LOAD         ACCESS:    9203962 HIT:    9203962 MISS:          0 MISS_MERGE:          0
cpu0->cpu0_ITLB RFO          ACCESS:          0 HIT:          0 MISS:          0 MISS_MERGE:          0
cpu0->cpu0_ITLB PREFETCH     ACCESS:          0 HIT:          0 MISS:          0 MISS_MERGE:          0
cpu0->cpu0_ITLB WRITE        ACCESS:          0 HIT:          0 MISS:          0 MISS_MERGE:          0
cpu0->cpu0_ITLB TRANSLATION  ACCESS:          0 HIT:          0 MISS:          0 MISS_MERGE:          0
cpu0->cpu0_ITLB PREFETCH REQUESTED:          0 ISSUED:          0 USEFUL:          0 USELESS:          0
cpu0->cpu0_ITLB AVERAGE MISS LATENCY: - cycles
cpu0->cpu0_L1D TOTAL        ACCESS:   11594373 HIT:    7287710 MISS:    4306663 MISS_MERGE:    1949059
cpu0->cpu0_L1D LOAD         ACCESS:    6528668 HIT:    4243035 MISS:    2285633 MISS_MERGE:    1930263
cpu0->cpu0_L1D RFO          ACCESS:          0 HIT:          0 MISS:          0 MISS_MERGE:          0
cpu0->cpu0_L1D PREFETCH     ACCESS:          0 HIT:          0 MISS:          0 MISS_MERGE:          0
cpu0->cpu0_L1D WRITE        ACCESS:    5021221 HIT:    3003013 MISS:    2018208 MISS_MERGE:      18793
cpu0->cpu0_L1D TRANSLATION  ACCESS:      44484 HIT:      41662 MISS:       2822 MISS_MERGE:          3
cpu0->cpu0_L1D PREFETCH REQUESTED:          0 ISSUED:          0 USEFUL:          0 USELESS:          0
cpu0->cpu0_L1D AVERAGE MISS LATENCY: 233.9 cycles
cpu0->cpu0_L1I TOTAL        ACCESS:    9203962 HIT:    9203962 MISS:          0 MISS_MERGE:          0
cpu0->cpu0_L1I LOAD         ACCESS:    9203962 HIT:    9203962 MISS:          0 MISS_MERGE:          0
cpu0->cpu0_L1I RFO          ACCESS:          0 HIT:          0 MISS:          0 MISS_MERGE:          0
cpu0->cpu0_L1I PREFETCH     ACCESS:          0 HIT:          0 MISS:          0 MISS_MERGE:          0
cpu0->cpu0_L1I WRITE        ACCESS:          0 HIT:          0 MISS:          0 MISS_MERGE:          0
cpu0->cpu0_L1I TRANSLATION  ACCESS:          0 HIT:          0 MISS:          0 MISS_MERGE:          0
cpu0->cpu0_L1I PREFETCH REQUESTED:          0 ISSUED:          0 USEFUL:          0 USELESS:          0
cpu0->cpu0_L1I AVERAGE MISS LATENCY: - cycles
cpu0->cpu0_L2C TOTAL        ACCESS:    4357010 HIT:    2932410 MISS:    1424600 MISS_MERGE:          0
cpu0->cpu0_L2C LOAD         ACCESS:     355370 HIT:          0 MISS:     355370 MISS_MERGE:          0
cpu0->cpu0_L2C RFO          ACCESS:    1999417 HIT:     933002 MISS:    1066415 MISS_MERGE:          0
cpu0->cpu0_L2C PREFETCH     ACCESS:          0 HIT:          0 MISS:          0 MISS_MERGE:          0
cpu0->cpu0_L2C WRITE        ACCESS:    1999404 HIT:    1999404 MISS:          0 MISS_MERGE:          0
cpu0->cpu0_L2C TRANSLATION  ACCESS:       2819 HIT:          4 MISS:       2815 MISS_MERGE:          0
cpu0->cpu0_L2C PREFETCH REQUESTED:          0 ISSUED:          0 USEFUL:          0 USELESS:          0
cpu0->cpu0_L2C AVERAGE MISS LATENCY: 372.5 cycles
cpu0->cpu0_STLB TOTAL        ACCESS:      22231 HIT:          0 MISS:      22231 MISS_MERGE:          0
cpu0->cpu0_STLB LOAD         ACCESS:      22231 HIT:          0 MISS:      22231 MISS_MERGE:          0
cpu0->cpu0_STLB RFO          ACCESS:          0 HIT:          0 MISS:          0 MISS_MERGE:          0
cpu0->cpu0_STLB PREFETCH     ACCESS:          0 HIT:          0 MISS:          0 MISS_MERGE:          0
cpu0->cpu0_STLB WRITE        ACCESS:          0 HIT:          0 MISS:          0 MISS_MERGE:          0
cpu0->cpu0_STLB TRANSLATION  ACCESS:          0 HIT:          0 MISS:          0 MISS_MERGE:          0
cpu0->cpu0_STLB PREFETCH REQUESTED:          0 ISSUED:          0 USEFUL:          0 USELESS:          0
cpu0->cpu0_STLB AVERAGE MISS LATENCY: 163 cycles

DRAM Statistics

Channel 0 RQ ROW_BUFFER_HIT:      18636
  ROW_BUFFER_MISS:    1405546
  AVG DBUS CONGESTED CYCLE: 5.77
Channel 0 WQ ROW_BUFFER_HIT:     218136
  ROW_BUFFER_MISS:     848252
  FULL:          0
Channel 0 REFRESHES ISSUED:       6793
