[VMEM] WARNING: physical memory size is smaller than virtual memory size.

*** ChampSim Multicore Out-of-Order Simulator ***
Warmup Instructions: 12500000
Simulation Instructions: 50000000
Number of CPUs: 1
Page size: 4096

Off-chip DRAM Size: 16 GiB Channels: 1 Width: 64-bit Data Rate: 3205 MT/s
Heartbeat CPU 0 instructions: 10000000 cycles: 2681673 heartbeat IPC: 3.729 cumulative IPC: 3.729 (Simulation time: 00 hr 00 min 22 sec)
Warmup finished CPU 0 instructions: 12500001 cycles: 3346350 cumulative IPC: 3.735 (Simulation time: 00 hr 00 min 28 sec)
Warmup complete CPU 0 instructions: 12500001 cycles: 3346350 cumulative IPC: 3.735 (Simulation time: 00 hr 00 min 28 sec)
Heartbeat CPU 0 instructions: 20000003 cycles: 15557352 heartbeat IPC: 0.7767 cumulative IPC: 0.6142 (Simulation time: 00 hr 01 min 39 sec)
Heartbeat CPU 0 instructions: 30000004 cycles: 31863766 heartbeat IPC: 0.6133 cumulative IPC: 0.6137 (Simulation time: 00 hr 03 min 15 sec)
Heartbeat CPU 0 instructions: 40000006 cycles: 48152281 heartbeat IPC: 0.6139 cumulative IPC: 0.6138 (Simulation time: 00 hr 04 min 50 sec)
Heartbeat CPU 0 instructions: 50000007 cycles: 64419284 heartbeat IPC: 0.6147 cumulative IPC: 0.614 (Simulation time: 00 hr 06 min 27 sec)
Heartbeat CPU 0 instructions: 60000010 cycles: 80740461 heartbeat IPC: 0.6127 cumulative IPC: 0.6137 (Simulation time: 00 hr 08 min 09 sec)
Simulation finished CPU 0 instructions: 50000003 cycles: 81429196 cumulative IPC: 0.614 (Simulation time: 00 hr 08 min 34 sec)
Simulation complete CPU 0 instructions: 50000003 cycles: 81429196 cumulative IPC: 0.614 (Simulation time: 00 hr 08 min 34 sec)

ChampSim completed all CPUs

=== Simulation ===
CPU 0 runs traces/470.lbm-1274B.champsimtrace.xz

Region of Interest Statistics

CPU 0 cumulative IPC: 0.614 instructions: 50000003 cycles: 81429196
CPU 0 Branch Prediction Accuracy: 99.4% MPKI: 0.08384 Average ROB Occupancy at Mispredict: 158.6
Branch type MPKI
BRANCH_DIRECT_JUMP: 0
BRANCH_INDIRECT: 0
BRANCH_CONDITIONAL: 0.08384
BRANCH_DIRECT_CALL: 0
BRANCH_INDIRECT_CALL: 0
BRANCH_RETURN: 0

cpu0->LLC TOTAL        ACCESS:    2491030 HIT:       2134 MISS:    2488896 MISS_MERGE:          0
cpu0->LLC LOAD         ACCESS:     355370 HIT:         14 MISS:     355356 MISS_MERGE:          0
cpu0->LLC RFO          ACCESS:    1066419 HIT:       1060 MISS:    1065359 MISS_MERGE:          0
cpu0->LLC PREFETCH     ACCESS:          0 HIT:          0 MISS:          0 MISS_MERGE:          0
cpu0->LLC WRITE        ACCESS:    1066426 HIT:       1060 MISS:    1065366 MISS_MERGE:          0
cpu0->LLC TRANSLATION  ACCESS:       2815 HIT:          0 MISS:       2815 MISS_MERGE:          0
cpu0->LLC PREFETCH REQUESTED:          0 ISSUED:          0 USEFUL:          0 USELESS:          0
cpu0->LLC AVERAGE MISS LATENCY: 207.7 cycles
cpu0->cpu0_DTLB TOTAL        ACCESS:   11549894 HIT:   11476452 MISS:      73442 MISS_MERGE:      51211
cpu0->cpu0_DTLB LOAD         ACCESS:   11549894 HIT:   11476452 MISS:      73442 MISS_MERGE:      51211
cpu0->cpu0_DTLB RFO          ACCESS:          0 HIT:          0 MISS:          0 MISS_MERGE:          0
cpu0->cpu0_DTLB PREFETCH     ACCESS:          0 HIT:          0 MISS:          0 MISS_MERGE:          0
cpu0->cpu0_DTLB WRITE        ACCESS:          0 HIT:          0 MISS:          0 MISS_MERGE:          0
cpu0->cpu0_DTLB TRANSLATION  ACCESS:          0 HIT:          0 MISS:          0 MISS_MERGE:          0
cpu0->cpu0_DTLB PREFETCH REQUESTED:          0 ISSUED:          0 USEFUL:          0 USELESS:          0
cpu0->cpu0_DTLB AVERAGE MISS LATENCY: 169.6 cycles
cpu0->cpu0_ITLB TOTAL        ACCESS:    9202175 HIT:    9202175 MISS:          0 MISS_MERGE:          0
cpu0->cpu0_ITLB LOAD         ACCESS:    9202175 HIT:    9202175 MISS:          0 MISS_MERGE:          0
cpu0->cpu0_ITLB RFO          ACCESS:          0 HIT:          0 MISS:          0 MISS_MERGE:          0
cpu0->cpu0_ITLB PREFETCH     ACCESS:          0 HIT:          0 MISS:          0 MISS_MERGE:          0
cpu0->cpu0_ITLB WRITE        ACCESS:          0 HIT:          0 MISS:          0 MISS_MERGE:          0
cpu0->cpu0_ITLB TRANSLATION  ACCESS:          0 HIT:          0 MISS:          0 MISS_MERGE:          0
cpu0->cpu0_ITLB PREFETCH REQUESTED:          0 ISSUED:          0 USEFUL:          0 USELESS:          0
cpu0->cpu0_ITLB AVERAGE MISS LATENCY: - cycles
cpu0->cpu0_L1D TOTAL        ACCESS:   11594378 HIT:    7287476 MISS:    4306902 MISS_MERGE:    1949286
cpu0->cpu0_L1D LOAD         ACCESS:    6528670 HIT:    4242717 MISS:    2285953 MISS_MERGE:    1930582
cpu0->cpu0_L1D RFO          ACCESS:          0 HIT:          0 MISS:          0 MISS_MERGE:          0
cpu0->cpu0_L1D PREFETCH     ACCESS:          0 HIT:          0 MISS:          0 MISS_MERGE:          0
cpu0->cpu0_L1D WRITE        ACCESS:    5021224 HIT:    3003098 MISS:    2018126 MISS_MERGE:      18701
cpu0->cpu0_L1D TRANSLATION  ACCESS:      44484 HIT:      41661 MISS:       2823 MISS_MERGE:          3
cpu0->cpu0_L1D PREFETCH REQUESTED:          0 ISSUED:          0 USEFUL:          0 USELESS:          0
cpu0->cpu0_L1D AVERAGE MISS LATENCY: 233.7 cycles
cpu0->cpu0_L1I TOTAL        ACCESS:    9202175 HIT:    9202175 MISS:          0 MISS_MERGE:          0
cpu0->cpu0_L1I LOAD         ACCESS:    9202175 HIT:    9202175 MISS:          0 MISS_MERGE:          0
cpu0->cpu0_L1I RFO          ACCESS:          0 HIT:          0 MISS:          0 MISS_MERGE:          0
cpu0->cpu0_L1I PREFETCH     ACCESS:          0 HIT:          0 MISS:          0 MISS_MERGE:          0
cpu0->cpu0_L1I WRITE        ACCESS:          0 HIT:          0 MISS:          0 MISS_MERGE:          0
cpu0->cpu0_L1I TRANSLATION  ACCESS:          0 HIT:          0 MISS:          0 MISS_MERGE:          0
cpu0->cpu0_L1I PREFETCH REQUESTED:          0 ISSUED:          0 USEFUL:          0 USELESS:          0
cpu0->cpu0_L1I AVERAGE MISS LATENCY: - cycles
cpu0->cpu0_L2C TOTAL        ACCESS:    4357033 HIT:    2932428 MISS:    1424605 MISS_MERGE:          0
cpu0->cpu0_L2C LOAD         ACCESS:     355370 HIT:          0 MISS:     355370 MISS_MERGE:          0
cpu0->cpu0_L2C RFO          ACCESS:    1999425 HIT:     933005 MISS:    1066420 MISS_MERGE:          0
cpu0->cpu0_L2C PREFETCH     ACCESS:          0 HIT:          0 MISS:          0 MISS_MERGE:          0
cpu0->cpu0_L2C WRITE        ACCESS:    1999418 HIT:    1999418 MISS:          0 MISS_MERGE:          0
cpu0->cpu0_L2C TRANSLATION  ACCESS:       2820 HIT:          5 MISS:       2815 MISS_MERGE:          0
cpu0->cpu0_L2C PREFETCH REQUESTED:          0 ISSUED:          0 USEFUL:          0 USELESS:          0
cpu0->cpu0_L2C AVERAGE MISS LATENCY: 372.1 cycles
cpu0->cpu0_STLB TOTAL        ACCESS:      22231 HIT:          0 MISS:      22231 MISS_MERGE:          0
cpu0->cpu0_STLB LOAD         ACCESS:      22231 HIT:          0 MISS:      22231 MISS_MERGE:          0
cpu0->cpu0_STLB RFO          ACCESS:          0 HIT:          0 MISS:          0 MISS_MERGE:          0
cpu0->cpu0_STLB PREFETCH     ACCESS:          0 HIT:          0 MISS:          0 MISS_MERGE:          0
cpu0->cpu0_STLB WRITE        ACCESS:          0 HIT:          0 MISS:          0 MISS_MERGE:          0
cpu0->cpu0_STLB TRANSLATION  ACCESS:          0 HIT:          0 MISS:          0 MISS_MERGE:          0
cpu0->cpu0_STLB PREFETCH REQUESTED:          0 ISSUED:          0 USEFUL:          0 USELESS:          0
cpu0->cpu0_STLB AVERAGE MISS LATENCY: 163.6 cycles

DRAM Statistics

Channel 0 RQ ROW_BUFFER_HIT:      18819
  ROW_BUFFER_MISS:    1404707
  AVG DBUS CONGESTED CYCLE: 5.774
Channel 0 WQ ROW_BUFFER_HIT:     217165
  ROW_BUFFER_MISS:     847794
  FULL:          0
Channel 0 REFRESHES ISSUED:       6786
