[VMEM] WARNING: physical memory size is smaller than virtual memory size.

*** ChampSim Multicore Out-of-Order Simulator ***
Warmup Instructions: 12500000
Simulation Instructions: 50000000
Number of CPUs: 1
Page size: 4096

Off-chip DRAM Size: 16 GiB Channels: 1 Width: 64-bit Data Rate: 3205 MT/s
Heartbeat CPU 0 instructions: 10000002 cycles: 3345081 heartbeat IPC: 2.989 cumulative IPC: 2.989 (Simulation time: 00 hr 00 min 34 sec)
Warmup finished CPU 0 instructions: 12500003 cycles: 4460129 cumulative IPC: 2.803 (Simulation time: 00 hr 00 min 45 sec)
Warmup complete CPU 0 instructions: 12500003 cycles: 4460129 cumulative IPC: 2.803 (Simulation time: 00 hr 00 min 45 sec)
Heartbeat CPU 0 instructions: 20000006 cycles: 25295720 heartbeat IPC: 0.4556 cumulative IPC: 0.36 (Simulation time: 00 hr 01 min 51 sec)
Heartbeat CPU 0 instructions: 30000007 cycles: 52687459 heartbeat IPC: 0.3651 cumulative IPC: 0.3629 (Simulation time: 00 hr 03 min 55 sec)
Heartbeat CPU 0 instructions: 40000009 cycles: 86433698 heartbeat IPC: 0.2963 cumulative IPC: 0.3355 (Simulation time: 00 hr 06 min 56 sec)
Heartbeat CPU 0 instructions: 50000009 cycles: 104084340 heartbeat IPC: 0.5666 cumulative IPC: 0.3764 (Simulation time: 00 hr 08 min 12 sec)
Heartbeat CPU 0 instructions: 60000010 cycles: 121378121 heartbeat IPC: 0.5782 cumulative IPC: 0.4063 (Simulation time: 00 hr 09 min 37 sec)
Simulation finished CPU 0 instructions: 50000004 cycles: 121033064 cumulative IPC: 0.4131 (Simulation time: 00 hr 09 min 53 sec)
Simulation complete CPU 0 instructions: 50000004 cycles: 121033064 cumulative IPC: 0.4131 (Simulation time: 00 hr 09 min 53 sec)

ChampSim completed all CPUs

=== Simulation ===
CPU 0 runs traces/403.gcc-17B.champsimtrace.xz

Region of Interest Statistics

CPU 0 cumulative IPC: 0.4131 instructions: 50000004 cycles: 121033064
CPU 0 Branch Prediction Accuracy: 91.45% MPKI: 17.95 Average ROB Occupancy at Mispredict: 31.85
Branch type MPKI
BRANCH_DIRECT_JUMP: 0.1334
BRANCH_INDIRECT: 0.4934
BRANCH_CONDITIONAL: 17.21
BRANCH_DIRECT_CALL: 0.1022
BRANCH_INDIRECT_CALL: 0.002
BRANCH_RETURN: 0.00512

cpu0->LLC TOTAL        ACCESS:    2259397 HIT:     684332 MISS:    1575065 MISS_MERGE:          0
cpu0->LLC LOAD         ACCESS:     335224 HIT:      24511 MISS:     310713 MISS_MERGE:          0
cpu0->LLC RFO          ACCESS:     937997 HIT:        865 MISS:     937132 MISS_MERGE:          0
cpu0->LLC PREFETCH     ACCESS:          0 HIT:          0 MISS:          0 MISS_MERGE:          0
cpu0->LLC WRITE        ACCESS:     974748 HIT:     654552 MISS:     320196 MISS_MERGE:          0
cpu0->LLC TRANSLATION  ACCESS:      11428 HIT:       4404 MISS:       7024 MISS_MERGE:          0
cpu0->LLC PREFETCH REQUESTED:          0 ISSUED:          0 USEFUL:          0 USELESS:          0
cpu0->LLC AVERAGE MISS LATENCY: 419 cycles
cpu0->cpu0_DTLB TOTAL        ACCESS:   21959530 HIT:   20967204 MISS:     992326 MISS_MERGE:     429434
cpu0->cpu0_DTLB LOAD         ACCESS:   21959530 HIT:   20967204 MISS:     992326 MISS_MERGE:     429434
cpu0->cpu0_DTLB RFO          ACCESS:          0 HIT:          0 MISS:          0 MISS_MERGE:          0
cpu0->cpu0_DTLB PREFETCH     ACCESS:          0 HIT:          0 MISS:          0 MISS_MERGE:          0
cpu0->cpu0_DTLB WRITE        ACCESS:          0 HIT:          0 MISS:          0 MISS_MERGE:          0
cpu0->cpu0_DTLB TRANSLATION  ACCESS:          0 HIT:          0 MISS:          0 MISS_MERGE:          0
cpu0->cpu0_DTLB PREFETCH REQUESTED:          0 ISSUED:          0 USEFUL:          0 USELESS:          0
cpu0->cpu0_DTLB AVERAGE MISS LATENCY: 16.87 cycles
cpu0->cpu0_ITLB TOTAL        ACCESS:    6047612 HIT:    6043942 MISS:       3670 MISS_MERGE:       2261
cpu0->cpu0_ITLB LOAD         ACCESS:    6047612 HIT:    6043942 MISS:       3670 MISS_MERGE:       2261
cpu0->cpu0_ITLB RFO          ACCESS:          0 HIT:          0 MISS:          0 MISS_MERGE:          0
cpu0->cpu0_ITLB PREFETCH     ACCESS:          0 HIT:          0 MISS:          0 MISS_MERGE:          0
cpu0->cpu0_ITLB WRITE        ACCESS:          0 HIT:          0 MISS:          0 MISS_MERGE:          0
cpu0->cpu0_ITLB TRANSLATION  ACCESS:          0 HIT:          0 MISS:          0 MISS_MERGE:          0
cpu0->cpu0_ITLB PREFETCH REQUESTED:          0 ISSUED:          0 USEFUL:          0 USELESS:          0
cpu0->cpu0_ITLB AVERAGE MISS LATENCY: 11.95 cycles
cpu0->cpu0_L1D TOTAL        ACCESS:   22047123 HIT:   13744928 MISS:    8302195 MISS_MERGE:    6825803
cpu0->cpu0_L1D LOAD         ACCESS:    9660804 HIT:    8809831 MISS:     850973 MISS_MERGE:     329353
cpu0->cpu0_L1D RFO          ACCESS:          0 HIT:          0 MISS:          0 MISS_MERGE:          0
cpu0->cpu0_L1D PREFETCH     ACCESS:          0 HIT:          0 MISS:          0 MISS_MERGE:          0
cpu0->cpu0_L1D WRITE        ACCESS:   12298726 HIT:    4862651 MISS:    7436075 MISS_MERGE:    6496434
cpu0->cpu0_L1D TRANSLATION  ACCESS:      87593 HIT:      72446 MISS:      15147 MISS_MERGE:         16
cpu0->cpu0_L1D PREFETCH REQUESTED:          0 ISSUED:          0 USEFUL:          0 USELESS:          0
cpu0->cpu0_L1D AVERAGE MISS LATENCY: 467.8 cycles
cpu0->cpu0_L1I TOTAL        ACCESS:    6047612 HIT:    6045465 MISS:       2147 MISS_MERGE:        428
cpu0->cpu0_L1I LOAD         ACCESS:    6047612 HIT:    6045465 MISS:       2147 MISS_MERGE:        428
cpu0->cpu0_L1I RFO          ACCESS:          0 HIT:          0 MISS:          0 MISS_MERGE:          0
cpu0->cpu0_L1I PREFETCH     ACCESS:          0 HIT:          0 MISS:          0 MISS_MERGE:          0
cpu0->cpu0_L1I WRITE        ACCESS:          0 HIT:          0 MISS:          0 MISS_MERGE:          0
cpu0->cpu0_L1I TRANSLATION  ACCESS:          0 HIT:          0 MISS:          0 MISS_MERGE:          0
cpu0->cpu0_L1I PREFETCH REQUESTED:          0 ISSUED:          0 USEFUL:          0 USELESS:          0
cpu0->cpu0_L1I AVERAGE MISS LATENCY: 59.13 cycles
cpu0->cpu0_L2C TOTAL        ACCESS:    2462058 HIT:    1177242 MISS:    1284816 MISS_MERGE:          1
cpu0->cpu0_L2C LOAD         ACCESS:     523339 HIT:     188115 MISS:     335224 MISS_MERGE:          0
cpu0->cpu0_L2C RFO          ACCESS:     939641 HIT:       1643 MISS:     937998 MISS_MERGE:          1
cpu0->cpu0_L2C PREFETCH     ACCESS:          0 HIT:          0 MISS:          0 MISS_MERGE:          0
cpu0->cpu0_L2C WRITE        ACCESS:     983947 HIT:     983781 MISS:        166 MISS_MERGE:          0
cpu0->cpu0_L2C TRANSLATION  ACCESS:      15131 HIT:       3703 MISS:      11428 MISS_MERGE:          0
cpu0->cpu0_L2C PREFETCH REQUESTED:          0 ISSUED:          0 USEFUL:          0 USELESS:          0
cpu0->cpu0_L2C AVERAGE MISS LATENCY: 527.4 cycles
cpu0->cpu0_STLB TOTAL        ACCESS:     564301 HIT:     520748 MISS:      43553 MISS_MERGE:          0
cpu0->cpu0_STLB LOAD         ACCESS:     564301 HIT:     520748 MISS:      43553 MISS_MERGE:          0
cpu0->cpu0_STLB RFO          ACCESS:          0 HIT:          0 MISS:          0 MISS_MERGE:          0
cpu0->cpu0_STLB PREFETCH     ACCESS:          0 HIT:          0 MISS:          0 MISS_MERGE:          0
cpu0->cpu0_STLB WRITE        ACCESS:          0 HIT:          0 MISS:          0 MISS_MERGE:          0
cpu0->cpu0_STLB TRANSLATION  ACCESS:          0 HIT:          0 MISS:          0 MISS_MERGE:          0
cpu0->cpu0_STLB PREFETCH REQUESTED:          0 ISSUED:          0 USEFUL:          0 USELESS:          0
cpu0->cpu0_STLB AVERAGE MISS LATENCY: 152.5 cycles

DRAM Statistics

Channel 0 RQ ROW_BUFFER_HIT:     110997
  ROW_BUFFER_MISS:    1143871
  AVG DBUS CONGESTED CYCLE: 7.984
Channel 0 WQ ROW_BUFFER_HIT:      70274
  ROW_BUFFER_MISS:     875165
  FULL:          0
Channel 0 REFRESHES ISSUED:      10086
