[VMEM] WARNING: physical memory size is smaller than virtual memory size.

*** ChampSim Multicore Out-of-Order Simulator ***
Warmup Instructions: 12500000
Simulation Instructions: 50000000
Number of CPUs: 1
Page size: 4096

Off-chip DRAM Size: 16 GiB Channels: 1 Width: 64-bit Data Rate: 3205 MT/s
Heartbeat CPU 0 instructions: 10000002 cycles: 5091602 heartbeat IPC: 1.964 cumulative IPC: 1.964 (Simulation time: 00 hr 00 min 42 sec)
Warmup finished CPU 0 instructions: 12500001 cycles: 6133561 cumulative IPC: 2.038 (Simulation time: 00 hr 00 min 51 sec)
Warmup complete CPU 0 instructions: 12500001 cycles: 6133561 cumulative IPC: 2.038 (Simulation time: 00 hr 00 min 51 sec)
Heartbeat CPU 0 instructions: 20000002 cycles: 47144693 heartbeat IPC: 0.2378 cumulative IPC: 0.1829 (Simulation time: 00 hr 03 min 04 sec)
Heartbeat CPU 0 instructions: 30000002 cycles: 104135971 heartbeat IPC: 0.1755 cumulative IPC: 0.1786 (Simulation time: 00 hr 06 min 09 sec)
Heartbeat CPU 0 instructions: 40000004 cycles: 155073912 heartbeat IPC: 0.1963 cumulative IPC: 0.1846 (Simulation time: 00 hr 08 min 53 sec)
Heartbeat CPU 0 instructions: 50000005 cycles: 216185234 heartbeat IPC: 0.1636 cumulative IPC: 0.1785 (Simulation time: 00 hr 12 min 06 sec)
Heartbeat CPU 0 instructions: 60000005 cycles: 269414823 heartbeat IPC: 0.1879 cumulative IPC: 0.1804 (Simulation time: 00 hr 14 min 52 sec)
Simulation finished CPU 0 instructions: 50000000 cycles: 279230382 cumulative IPC: 0.1791 (Simulation time: 00 hr 15 min 46 sec)
Simulation complete CPU 0 instructions: 50000000 cycles: 279230382 cumulative IPC: 0.1791 (Simulation time: 00 hr 15 min 46 sec)

ChampSim completed all CPUs

=== Simulation ===
CPU 0 runs traces/429.mcf-51B.champsimtrace.xz

Region of Interest Statistics

CPU 0 cumulative IPC: 0.1791 instructions: 50000000 cycles: 279230382
CPU 0 Branch Prediction Accuracy: 85.8% MPKI: 34.3 Average ROB Occupancy at Mispredict: 29.76
Branch type MPKI
BRANCH_DIRECT_JUMP: 0.7198
BRANCH_INDIRECT: 0
BRANCH_CONDITIONAL: 33.58
BRANCH_DIRECT_CALL: 0
BRANCH_INDIRECT_CALL: 0
BRANCH_RETURN: 0

cpu0->LLC TOTAL        ACCESS:    4488989 HIT:    2205251 MISS:    2283738 MISS_MERGE:          0
cpu0->LLC LOAD         ACCESS:    3360011 HIT:    1453279 MISS:    1906732 MISS_MERGE:          0
cpu0->LLC RFO          ACCESS:      79510 HIT:      58056 MISS:      21454 MISS_MERGE:          0
cpu0->LLC PREFETCH     ACCESS:          0 HIT:          0 MISS:          0 MISS_MERGE:          0
cpu0->LLC WRITE        ACCESS:     773585 HIT:     550535 MISS:     223050 MISS_MERGE:          0
cpu0->LLC TRANSLATION  ACCESS:     275883 HIT:     143381 MISS:     132502 MISS_MERGE:          0
cpu0->LLC PREFETCH REQUESTED:          0 ISSUED:          0 USEFUL:          0 USELESS:          0
cpu0->LLC AVERAGE MISS LATENCY: 192.3 cycles
cpu0->cpu0_DTLB TOTAL        ACCESS:   18643747 HIT:   11457525 MISS:    7186222 MISS_MERGE:    3118520
cpu0->cpu0_DTLB LOAD         ACCESS:   18643747 HIT:   11457525 MISS:    7186222 MISS_MERGE:    3118520
cpu0->cpu0_DTLB RFO          ACCESS:          0 HIT:          0 MISS:          0 MISS_MERGE:          0
cpu0->cpu0_DTLB PREFETCH     ACCESS:          0 HIT:          0 MISS:          0 MISS_MERGE:          0
cpu0->cpu0_DTLB WRITE        ACCESS:          0 HIT:          0 MISS:          0 MISS_MERGE:          0
cpu0->cpu0_DTLB TRANSLATION  ACCESS:          0 HIT:          0 MISS:          0 MISS_MERGE:          0
cpu0->cpu0_DTLB PREFETCH REQUESTED:          0 ISSUED:          0 USEFUL:          0 USELESS:          0
cpu0->cpu0_DTLB AVERAGE MISS LATENCY: 16.89 cycles
cpu0->cpu0_ITLB TOTAL        ACCESS:     830259 HIT:     830259 MISS:          0 MISS_MERGE:          0
cpu0->cpu0_ITLB LOAD         ACCESS:     830259 HIT:     830259 MISS:          0 MISS_MERGE:          0
cpu0->cpu0_ITLB RFO          ACCESS:          0 HIT:          0 MISS:          0 MISS_MERGE:          0
cpu0->cpu0_ITLB PREFETCH     ACCESS:          0 HIT:          0 MISS:          0 MISS_MERGE:          0
cpu0->cpu0_ITLB WRITE        ACCESS:          0 HIT:          0 MISS:          0 MISS_MERGE:          0
cpu0->cpu0_ITLB TRANSLATION  ACCESS:          0 HIT:          0 MISS:          0 MISS_MERGE:          0
cpu0->cpu0_ITLB PREFETCH REQUESTED:          0 ISSUED:          0 USEFUL:          0 USELESS:          0
cpu0->cpu0_ITLB AVERAGE MISS LATENCY: - cycles
cpu0->cpu0_L1D TOTAL        ACCESS:   19971059 HIT:   10955659 MISS:    9015400 MISS_MERGE:    3344558
cpu0->cpu0_L1D LOAD         ACCESS:   16064283 HIT:    7874664 MISS:    8189619 MISS_MERGE:    3195619
cpu0->cpu0_L1D RFO          ACCESS:          0 HIT:          0 MISS:          0 MISS_MERGE:          0
cpu0->cpu0_L1D PREFETCH     ACCESS:          0 HIT:          0 MISS:          0 MISS_MERGE:          0
cpu0->cpu0_L1D WRITE        ACCESS:    2579466 HIT:    2282388 MISS:     297078 MISS_MERGE:     141942
cpu0->cpu0_L1D TRANSLATION  ACCESS:    1327310 HIT:     798607 MISS:     528703 MISS_MERGE:       6997
cpu0->cpu0_L1D PREFETCH REQUESTED:          0 ISSUED:          0 USEFUL:          0 USELESS:          0
cpu0->cpu0_L1D AVERAGE MISS LATENCY: 96.02 cycles
cpu0->cpu0_L1I TOTAL        ACCESS:     830397 HIT:     830397 MISS:          0 MISS_MERGE:          0
cpu0->cpu0_L1I LOAD         ACCESS:     830397 HIT:     830397 MISS:          0 MISS_MERGE:          0
cpu0->cpu0_L1I RFO          ACCESS:          0 HIT:          0 MISS:          0 MISS_MERGE:          0
cpu0->cpu0_L1I PREFETCH     ACCESS:          0 HIT:          0 MISS:          0 MISS_MERGE:          0
cpu0->cpu0_L1I WRITE        ACCESS:          0 HIT:          0 MISS:          0 MISS_MERGE:          0
cpu0->cpu0_L1I TRANSLATION  ACCESS:          0 HIT:          0 MISS:          0 MISS_MERGE:          0
cpu0->cpu0_L1I PREFETCH REQUESTED:          0 ISSUED:          0 USEFUL:          0 USELESS:          0
cpu0->cpu0_L1I AVERAGE MISS LATENCY: - cycles
cpu0->cpu0_L2C TOTAL        ACCESS:    6886983 HIT:    3171443 MISS:    3715540 MISS_MERGE:          0
cpu0->cpu0_L2C LOAD         ACCESS:    4993997 HIT:    1633986 MISS:    3360011 MISS_MERGE:          0
cpu0->cpu0_L2C RFO          ACCESS:     155136 HIT:      75626 MISS:      79510 MISS_MERGE:          0
cpu0->cpu0_L2C PREFETCH     ACCESS:          0 HIT:          0 MISS:          0 MISS_MERGE:          0
cpu0->cpu0_L2C WRITE        ACCESS:    1216144 HIT:    1216008 MISS:        136 MISS_MERGE:          0
cpu0->cpu0_L2C TRANSLATION  ACCESS:     521706 HIT:     245823 MISS:     275883 MISS_MERGE:          0
cpu0->cpu0_L2C PREFETCH REQUESTED:          0 ISSUED:          0 USEFUL:          0 USELESS:          0
cpu0->cpu0_L2C AVERAGE MISS LATENCY: 133.2 cycles
cpu0->cpu0_STLB TOTAL        ACCESS:    4067702 HIT:    3492862 MISS:     574840 MISS_MERGE:          0
cpu0->cpu0_STLB LOAD         ACCESS:    4067702 HIT:    3492862 MISS:     574840 MISS_MERGE:          0
cpu0->cpu0_STLB RFO          ACCESS:          0 HIT:          0 MISS:          0 MISS_MERGE:          0
cpu0->cpu0_STLB PREFETCH     ACCESS:          0 HIT:          0 MISS:          0 MISS_MERGE:          0
cpu0->cpu0_STLB WRITE        ACCESS:          0 HIT:          0 MISS:          0 MISS_MERGE:          0
cpu0->cpu0_STLB TRANSLATION  ACCESS:          0 HIT:          0 MISS:          0 MISS_MERGE:          0
cpu0->cpu0_STLB PREFETCH REQUESTED:          0 ISSUED:          0 USEFUL:          0 USELESS:          0
cpu0->cpu0_STLB AVERAGE MISS LATENCY: 83.15 cycles

DRAM Statistics

Channel 0 RQ ROW_BUFFER_HIT:       1630
  ROW_BUFFER_MISS:    2058754
  AVG DBUS CONGESTED CYCLE: 10.48
Channel 0 WQ ROW_BUFFER_HIT:      98063
  ROW_BUFFER_MISS:     199768
  FULL:          0
Channel 0 REFRESHES ISSUED:      23269
