[VMEM] WARNING: physical memory size is smaller than virtual memory size.

*** ChampSim Multicore Out-of-Order Simulator ***
Warmup Instructions: 12500000
Simulation Instructions: 50000000
Number of CPUs: 1
Page size: 4096

Off-chip DRAM Size: 16 GiB Channels: 1 Width: 64-bit Data Rate: 3205 MT/s
Heartbeat CPU 0 instructions: 10000002 cycles: 3344856 heartbeat IPC: 2.99 cumulative IPC: 2.99 (Simulation time: 00 hr 00 min 30 sec)
Warmup finished CPU 0 instructions: 12500003 cycles: 4458826 cumulative IPC: 2.803 (Simulation time: 00 hr 00 min 39 sec)
Warmup complete CPU 0 instructions: 12500003 cycles: 4458826 cumulative IPC: 2.803 (Simulation time: 00 hr 00 min 39 sec)
Heartbeat CPU 0 instructions: 20000006 cycles: 25422795 heartbeat IPC: 0.4529 cumulative IPC: 0.3578 (Simulation time: 00 hr 01 min 38 sec)
Heartbeat CPU 0 instructions: 30000007 cycles: 52484769 heartbeat IPC: 0.3695 cumulative IPC: 0.3644 (Simulation time: 00 hr 03 min 19 sec)
Heartbeat CPU 0 instructions: 40000009 cycles: 86839073 heartbeat IPC: 0.2911 cumulative IPC: 0.3338 (Simulation time: 00 hr 05 min 55 sec)
Heartbeat CPU 0 instructions: 50000009 cycles: 104735450 heartbeat IPC: 0.5588 cumulative IPC: 0.374 (Simulation time: 00 hr 06 min 56 sec)
Heartbeat CPU 0 instructions: 60000010 cycles: 122164564 heartbeat IPC: 0.5738 cumulative IPC: 0.4035 (Simulation time: 00 hr 07 min 54 sec)
Simulation finished CPU 0 instructions: 50000004 cycles: 121873597 cumulative IPC: 0.4103 (Simulation time: 00 hr 08 min 09 sec)
Simulation complete CPU 0 instructions: 50000004 cycles: 121873597 cumulative IPC: 0.4103 (Simulation time: 00 hr 08 min 09 sec)

ChampSim completed all CPUs

=== Simulation ===
CPU 0 runs traces/403.gcc-17B.champsimtrace.xz

Region of Interest Statistics

CPU 0 cumulative IPC: 0.4103 instructions: 50000004 cycles: 121873597
CPU 0 Branch Prediction Accuracy: 91.45% MPKI: 17.95 Average ROB Occupancy at Mispredict: 31.86
Branch type MPKI
BRANCH_DIRECT_JUMP: 0.1334
BRANCH_INDIRECT: 0.4934
BRANCH_CONDITIONAL: 17.21
BRANCH_DIRECT_CALL: 0.1022
BRANCH_INDIRECT_CALL: 0.002
BRANCH_RETURN: 0.00512

cpu0->LLC TOTAL        ACCESS:    2259309 HIT:    1001551 MISS:    1257758 MISS_MERGE:          0
cpu0->LLC LOAD         ACCESS:     335132 HIT:      21541 MISS:     313591 MISS_MERGE:          0
cpu0->LLC RFO          ACCESS:     937998 HIT:        568 MISS:     937430 MISS_MERGE:          0
cpu0->LLC PREFETCH     ACCESS:          0 HIT:          0 MISS:          0 MISS_MERGE:          0
cpu0->LLC WRITE        ACCESS:     974750 HIT:     974511 MISS:        239 MISS_MERGE:          0
cpu0->LLC TRANSLATION  ACCESS:      11429 HIT:       4931 MISS:       6498 MISS_MERGE:          0
cpu0->LLC PREFETCH REQUESTED:          0 ISSUED:          0 USEFUL:          0 USELESS:          0
cpu0->LLC AVERAGE MISS LATENCY: 520 cycles
cpu0->cpu0_DTLB TOTAL        ACCESS:   21959545 HIT:   20967609 MISS:     991936 MISS_MERGE:     428991
cpu0->cpu0_DTLB LOAD         ACCESS:   21959545 HIT:   20967609 MISS:     991936 MISS_MERGE:     428991
cpu0->cpu0_DTLB RFO          ACCESS:          0 HIT:          0 MISS:          0 MISS_MERGE:          0
cpu0->cpu0_DTLB PREFETCH     ACCESS:          0 HIT:          0 MISS:          0 MISS_MERGE:          0
cpu0->cpu0_DTLB WRITE        ACCESS:          0 HIT:          0 MISS:          0 MISS_MERGE:          0
cpu0->cpu0_DTLB TRANSLATION  ACCESS:          0 HIT:          0 MISS:          0 MISS_MERGE:          0
cpu0->cpu0_DTLB PREFETCH REQUESTED:          0 ISSUED:          0 USEFUL:          0 USELESS:          0
cpu0->cpu0_DTLB AVERAGE MISS LATENCY: 16.7 cycles
cpu0->cpu0_ITLB TOTAL        ACCESS:    6038124 HIT:    6034456 MISS:       3668 MISS_MERGE:       2259
cpu0->cpu0_ITLB LOAD         ACCESS:    6038124 HIT:    6034456 MISS:       3668 MISS_MERGE:       2259
cpu0->cpu0_ITLB RFO          ACCESS:          0 HIT:          0 MISS:          0 MISS_MERGE:          0
cpu0->cpu0_ITLB PREFETCH     ACCESS:          0 HIT:          0 MISS:          0 MISS_MERGE:          0
cpu0->cpu0_ITLB WRITE        ACCESS:          0 HIT:          0 MISS:          0 MISS_MERGE:          0
cpu0->cpu0_ITLB TRANSLATION  ACCESS:          0 HIT:          0 MISS:          0 MISS_MERGE:          0
cpu0->cpu0_ITLB PREFETCH REQUESTED:          0 ISSUED:          0 USEFUL:          0 USELESS:          0
cpu0->cpu0_ITLB AVERAGE MISS LATENCY: 10.75 cycles
cpu0->cpu0_L1D TOTAL        ACCESS:   22047136 HIT:   13744737 MISS:    8302399 MISS_MERGE:    6825998
cpu0->cpu0_L1D LOAD         ACCESS:    9660819 HIT:    8809517 MISS:     851302 MISS_MERGE:     329670
cpu0->cpu0_L1D RFO          ACCESS:          0 HIT:          0 MISS:          0 MISS_MERGE:          0
cpu0->cpu0_L1D PREFETCH     ACCESS:          0 HIT:          0 MISS:          0 MISS_MERGE:          0
cpu0->cpu0_L1D WRITE        ACCESS:   12298726 HIT:    4862781 MISS:    7435945 MISS_MERGE:    6496307
cpu0->cpu0_L1D TRANSLATION  ACCESS:      87591 HIT:      72439 MISS:      15152 MISS_MERGE:         21
cpu0->cpu0_L1D PREFETCH REQUESTED:          0 ISSUED:          0 USEFUL:          0 USELESS:          0
cpu0->cpu0_L1D AVERAGE MISS LATENCY: 465.7 cycles
cpu0->cpu0_L1I TOTAL        ACCESS:    6038124 HIT:    6035977 MISS:       2147 MISS_MERGE:        428
cpu0->cpu0_L1I LOAD         ACCESS:    6038124 HIT:    6035977 MISS:       2147 MISS_MERGE:        428
cpu0->cpu0_L1I RFO          ACCESS:          0 HIT:          0 MISS:          0 MISS_MERGE:          0
cpu0->cpu0_L1I PREFETCH     ACCESS:          0 HIT:          0 MISS:          0 MISS_MERGE:          0
cpu0->cpu0_L1I WRITE        ACCESS:          0 HIT:          0 MISS:          0 MISS_MERGE:          0
cpu0->cpu0_L1I TRANSLATION  ACCESS:          0 HIT:          0 MISS:          0 MISS_MERGE:          0
cpu0->cpu0_L1I PREFETCH REQUESTED:          0 ISSUED:          0 USEFUL:          0 USELESS:          0
cpu0->cpu0_L1I AVERAGE MISS LATENCY: 55.59 cycles
cpu0->cpu0_L2C TOTAL        ACCESS:    2462067 HIT:    1177340 MISS:    1284727 MISS_MERGE:          1
cpu0->cpu0_L2C LOAD         ACCESS:     523351 HIT:     188219 MISS:     335132 MISS_MERGE:          0
cpu0->cpu0_L2C RFO          ACCESS:     939638 HIT:       1639 MISS:     937999 MISS_MERGE:          1
cpu0->cpu0_L2C PREFETCH     ACCESS:          0 HIT:          0 MISS:          0 MISS_MERGE:          0
cpu0->cpu0_L2C WRITE        ACCESS:     983947 HIT:     983780 MISS:        167 MISS_MERGE:          0
cpu0->cpu0_L2C TRANSLATION  ACCESS:      15131 HIT:       3702 MISS:      11429 MISS_MERGE:          0
cpu0->cpu0_L2C PREFETCH REQUESTED:          0 ISSUED:          0 USEFUL:          0 USELESS:          0
cpu0->cpu0_L2C AVERAGE MISS LATENCY: 525.1 cycles
cpu0->cpu0_STLB TOTAL        ACCESS:     564354 HIT:     520802 MISS:      43552 MISS_MERGE:          0
cpu0->cpu0_STLB LOAD         ACCESS:     564354 HIT:     520802 MISS:      43552 MISS_MERGE:          0
cpu0->cpu0_STLB RFO          ACCESS:          0 HIT:          0 MISS:          0 MISS_MERGE:          0
cpu0->cpu0_STLB PREFETCH     ACCESS:          0 HIT:          0 MISS:          0 MISS_MERGE:          0
cpu0->cpu0_STLB WRITE        ACCESS:          0 HIT:          0 MISS:          0 MISS_MERGE:          0
cpu0->cpu0_STLB TRANSLATION  ACCESS:          0 HIT:          0 MISS:          0 MISS_MERGE:          0
cpu0->cpu0_STLB PREFETCH REQUESTED:          0 ISSUED:          0 USEFUL:          0 USELESS:          0
cpu0->cpu0_STLB AVERAGE MISS LATENCY: 150.3 cycles

DRAM Statistics

Channel 0 RQ ROW_BUFFER_HIT:      59505
  ROW_BUFFER_MISS:    1198013
  AVG DBUS CONGESTED CYCLE: 7.482
Channel 0 WQ ROW_BUFFER_HIT:     116072
  ROW_BUFFER_MISS:     842739
  FULL:          0
Channel 0 REFRESHES ISSUED:      10156
