[VMEM] WARNING: physical memory size is smaller than virtual memory size.

*** ChampSim Multicore Out-of-Order Simulator ***
Warmup Instructions: 12500000
Simulation Instructions: 50000000
Number of CPUs: 1
Page size: 4096

Off-chip DRAM Size: 16 GiB Channels: 1 Width: 64-bit Data Rate: 3205 MT/s
Heartbeat CPU 0 instructions: 10000000 cycles: 2681583 heartbeat IPC: 3.729 cumulative IPC: 3.729 (Simulation time: 00 hr 00 min 22 sec)
Warmup finished CPU 0 instructions: 12500001 cycles: 3346260 cumulative IPC: 3.736 (Simulation time: 00 hr 00 min 27 sec)
Warmup complete CPU 0 instructions: 12500001 cycles: 3346260 cumulative IPC: 3.736 (Simulation time: 00 hr 00 min 27 sec)
Heartbeat CPU 0 instructions: 20000003 cycles: 15533252 heartbeat IPC: 0.7781 cumulative IPC: 0.6154 (Simulation time: 00 hr 01 min 41 sec)
Heartbeat CPU 0 instructions: 30000004 cycles: 31822009 heartbeat IPC: 0.6139 cumulative IPC: 0.6146 (Simulation time: 00 hr 03 min 18 sec)
Heartbeat CPU 0 instructions: 40000006 cycles: 48089713 heartbeat IPC: 0.6147 cumulative IPC: 0.6146 (Simulation time: 00 hr 04 min 55 sec)
Heartbeat CPU 0 instructions: 50000007 cycles: 64309060 heartbeat IPC: 0.6165 cumulative IPC: 0.6151 (Simulation time: 00 hr 06 min 31 sec)
Heartbeat CPU 0 instructions: 60000010 cycles: 80653804 heartbeat IPC: 0.6118 cumulative IPC: 0.6144 (Simulation time: 00 hr 08 min 08 sec)
Simulation finished CPU 0 instructions: 50000003 cycles: 81330765 cumulative IPC: 0.6148 (Simulation time: 00 hr 08 min 31 sec)
Simulation complete CPU 0 instructions: 50000003 cycles: 81330765 cumulative IPC: 0.6148 (Simulation time: 00 hr 08 min 31 sec)

ChampSim completed all CPUs

=== Simulation ===
CPU 0 runs traces/470.lbm-1274B.champsimtrace.xz

Region of Interest Statistics

CPU 0 cumulative IPC: 0.6148 instructions: 50000003 cycles: 81330765
CPU 0 Branch Prediction Accuracy: 99.4% MPKI: 0.08384 Average ROB Occupancy at Mispredict: 158.6
Branch type MPKI
BRANCH_DIRECT_JUMP: 0
BRANCH_INDIRECT: 0
BRANCH_CONDITIONAL: 0.08384
BRANCH_DIRECT_CALL: 0
BRANCH_INDIRECT_CALL: 0
BRANCH_RETURN: 0

cpu0->LLC TOTAL        ACCESS:    2491021 HIT:       3021 MISS:    2488000 MISS_MERGE:          0
cpu0->LLC LOAD         ACCESS:     355371 HIT:          0 MISS:     355371 MISS_MERGE:          0
cpu0->LLC RFO          ACCESS:    1066415 HIT:       1393 MISS:    1065022 MISS_MERGE:          0
cpu0->LLC PREFETCH     ACCESS:          0 HIT:          0 MISS:          0 MISS_MERGE:          0
cpu0->LLC WRITE        ACCESS:    1066420 HIT:       1628 MISS:    1064792 MISS_MERGE:          0
cpu0->LLC TRANSLATION  ACCESS:       2815 HIT:          0 MISS:       2815 MISS_MERGE:          0
cpu0->LLC PREFETCH REQUESTED:          0 ISSUED:          0 USEFUL:          0 USELESS:          0
cpu0->LLC AVERAGE MISS LATENCY: 203.8 cycles
cpu0->cpu0_DTLB TOTAL        ACCESS:   11549892 HIT:   11476403 MISS:      73489 MISS_MERGE:      51258
cpu0->cpu0_DTLB LOAD         ACCESS:   11549892 HIT:   11476403 MISS:      73489 MISS_MERGE:      51258
cpu0->cpu0_DTLB RFO          ACCESS:          0 HIT:          0 MISS:          0 MISS_MERGE:          0
cpu0->cpu0_DTLB PREFETCH     ACCESS:          0 HIT:          0 MISS:          0 MISS_MERGE:          0
cpu0->cpu0_DTLB WRITE        ACCESS:          0 HIT:          0 MISS:          0 MISS_MERGE:          0
cpu0->cpu0_DTLB TRANSLATION  ACCESS:          0 HIT:          0 MISS:          0 MISS_MERGE:          0
cpu0->cpu0_DTLB PREFETCH REQUESTED:          0 ISSUED:          0 USEFUL:          0 USELESS:          0
cpu0->cpu0_DTLB AVERAGE MISS LATENCY: 169.9 cycles
cpu0->cpu0_ITLB TOTAL        ACCESS:    9208856 HIT:    9208856 MISS:          0 MISS_MERGE:          0
cpu0->cpu0_ITLB LOAD         ACCESS:    9208856 HIT:    9208856 MISS:          0 MISS_MERGE:          0
cpu0->cpu0_ITLB RFO          ACCESS:          0 HIT:          0 MISS:          0 MISS_MERGE:          0
cpu0->cpu0_ITLB PREFETCH     ACCESS:          0 HIT:          0 MISS:          0 MISS_MERGE:          0
cpu0->cpu0_ITLB WRITE        ACCESS:          0 HIT:          0 MISS:          0 MISS_MERGE:          0
cpu0->cpu0_ITLB TRANSLATION  ACCESS:          0 HIT:          0 MISS:          0 MISS_MERGE:          0
cpu0->cpu0_ITLB PREFETCH REQUESTED:          0 ISSUED:          0 USEFUL:          0 USELESS:          0
cpu0->cpu0_ITLB AVERAGE MISS LATENCY: - cycles
cpu0->cpu0_L1D TOTAL        ACCESS:   11594376 HIT:    7287797 MISS:    4306579 MISS_MERGE:    1948976
cpu0->cpu0_L1D LOAD         ACCESS:    6528676 HIT:    4242967 MISS:    2285709 MISS_MERGE:    1930338
cpu0->cpu0_L1D RFO          ACCESS:          0 HIT:          0 MISS:          0 MISS_MERGE:          0
cpu0->cpu0_L1D PREFETCH     ACCESS:          0 HIT:          0 MISS:          0 MISS_MERGE:          0
cpu0->cpu0_L1D WRITE        ACCESS:    5021216 HIT:    3003169 MISS:    2018047 MISS_MERGE:      18633
cpu0->cpu0_L1D TRANSLATION  ACCESS:      44484 HIT:      41661 MISS:       2823 MISS_MERGE:          5
cpu0->cpu0_L1D PREFETCH REQUESTED:          0 ISSUED:          0 USEFUL:          0 USELESS:          0
cpu0->cpu0_L1D AVERAGE MISS LATENCY: 229.5 cycles
cpu0->cpu0_L1I TOTAL        ACCESS:    9208856 HIT:    9208856 MISS:          0 MISS_MERGE:          0
cpu0->cpu0_L1I LOAD         ACCESS:    9208856 HIT:    9208856 MISS:          0 MISS_MERGE:          0
cpu0->cpu0_L1I RFO          ACCESS:          0 HIT:          0 MISS:          0 MISS_MERGE:          0
cpu0->cpu0_L1I PREFETCH     ACCESS:          0 HIT:          0 MISS:          0 MISS_MERGE:          0
cpu0->cpu0_L1I WRITE        ACCESS:          0 HIT:          0 MISS:          0 MISS_MERGE:          0
cpu0->cpu0_L1I TRANSLATION  ACCESS:          0 HIT:          0 MISS:          0 MISS_MERGE:          0
cpu0->cpu0_L1I PREFETCH REQUESTED:          0 ISSUED:          0 USEFUL:          0 USELESS:          0
cpu0->cpu0_L1I AVERAGE MISS LATENCY: - cycles
cpu0->cpu0_L2C TOTAL        ACCESS:    4357018 HIT:    2932417 MISS:    1424601 MISS_MERGE:          0
cpu0->cpu0_L2C LOAD         ACCESS:     355371 HIT:          0 MISS:     355371 MISS_MERGE:          0
cpu0->cpu0_L2C RFO          ACCESS:    1999417 HIT:     933002 MISS:    1066415 MISS_MERGE:          0
cpu0->cpu0_L2C PREFETCH     ACCESS:          0 HIT:          0 MISS:          0 MISS_MERGE:          0
cpu0->cpu0_L2C WRITE        ACCESS:    1999412 HIT:    1999412 MISS:          0 MISS_MERGE:          0
cpu0->cpu0_L2C TRANSLATION  ACCESS:       2818 HIT:          3 MISS:       2815 MISS_MERGE:          0
cpu0->cpu0_L2C PREFETCH REQUESTED:          0 ISSUED:          0 USEFUL:          0 USELESS:          0
cpu0->cpu0_L2C AVERAGE MISS LATENCY: 365.1 cycles
cpu0->cpu0_STLB TOTAL        ACCESS:      22231 HIT:          0 MISS:      22231 MISS_MERGE:          0
cpu0->cpu0_STLB LOAD         ACCESS:      22231 HIT:          0 MISS:      22231 MISS_MERGE:          0
cpu0->cpu0_STLB RFO          ACCESS:          0 HIT:          0 MISS:          0 MISS_MERGE:          0
cpu0->cpu0_STLB PREFETCH     ACCESS:          0 HIT:          0 MISS:          0 MISS_MERGE:          0
cpu0->cpu0_STLB WRITE        ACCESS:          0 HIT:          0 MISS:          0 MISS_MERGE:          0
cpu0->cpu0_STLB TRANSLATION  ACCESS:          0 HIT:          0 MISS:          0 MISS_MERGE:          0
cpu0->cpu0_STLB PREFETCH REQUESTED:          0 ISSUED:          0 USEFUL:          0 USELESS:          0
cpu0->cpu0_STLB AVERAGE MISS LATENCY: 163.9 cycles

DRAM Statistics

Channel 0 RQ ROW_BUFFER_HIT:      17107
  ROW_BUFFER_MISS:    1406093
  AVG DBUS CONGESTED CYCLE: 5.708
Channel 0 WQ ROW_BUFFER_HIT:     219299
  ROW_BUFFER_MISS:     845167
  FULL:          0
Channel 0 REFRESHES ISSUED:       6778
