[VMEM] WARNING: physical memory size is smaller than virtual memory size.

*** ChampSim Multicore Out-of-Order Simulator ***
Warmup Instructions: 12500000
Simulation Instructions: 50000000
Number of CPUs: 1
Page size: 4096

Off-chip DRAM Size: 16 GiB Channels: 1 Width: 64-bit Data Rate: 3205 MT/s
Heartbeat CPU 0 instructions: 10000000 cycles: 2681493 heartbeat IPC: 3.729 cumulative IPC: 3.729 (Simulation time: 00 hr 00 min 22 sec)
Warmup finished CPU 0 instructions: 12500001 cycles: 3346150 cumulative IPC: 3.736 (Simulation time: 00 hr 00 min 28 sec)
Warmup complete CPU 0 instructions: 12500001 cycles: 3346150 cumulative IPC: 3.736 (Simulation time: 00 hr 00 min 28 sec)
Heartbeat CPU 0 instructions: 20000003 cycles: 15277558 heartbeat IPC: 0.7939 cumulative IPC: 0.6286 (Simulation time: 00 hr 01 min 41 sec)
Heartbeat CPU 0 instructions: 30000004 cycles: 31262214 heartbeat IPC: 0.6256 cumulative IPC: 0.6269 (Simulation time: 00 hr 03 min 18 sec)
Heartbeat CPU 0 instructions: 40000006 cycles: 47334063 heartbeat IPC: 0.6222 cumulative IPC: 0.6252 (Simulation time: 00 hr 04 min 54 sec)
Heartbeat CPU 0 instructions: 50000007 cycles: 63337444 heartbeat IPC: 0.6249 cumulative IPC: 0.6251 (Simulation time: 00 hr 06 min 29 sec)
Heartbeat CPU 0 instructions: 60000011 cycles: 79420981 heartbeat IPC: 0.6218 cumulative IPC: 0.6244 (Simulation time: 00 hr 08 min 05 sec)
Simulation finished CPU 0 instructions: 50000001 cycles: 80112264 cumulative IPC: 0.6241 (Simulation time: 00 hr 08 min 29 sec)
Simulation complete CPU 0 instructions: 50000001 cycles: 80112264 cumulative IPC: 0.6241 (Simulation time: 00 hr 08 min 29 sec)

ChampSim completed all CPUs

=== Simulation ===
CPU 0 runs traces/470.lbm-1274B.champsimtrace.xz

Region of Interest Statistics

CPU 0 cumulative IPC: 0.6241 instructions: 50000001 cycles: 80112264
CPU 0 Branch Prediction Accuracy: 99.4% MPKI: 0.08384 Average ROB Occupancy at Mispredict: 158.6
Branch type MPKI
BRANCH_DIRECT_JUMP: 0
BRANCH_INDIRECT: 0
BRANCH_CONDITIONAL: 0.08384
BRANCH_DIRECT_CALL: 0
BRANCH_INDIRECT_CALL: 0
BRANCH_RETURN: 0

cpu0->LLC TOTAL        ACCESS:    2491019 HIT:    1093425 MISS:    1397594 MISS_MERGE:          0
cpu0->LLC LOAD         ACCESS:     355370 HIT:          5 MISS:     355365 MISS_MERGE:          0
cpu0->LLC RFO          ACCESS:    1066416 HIT:      36039 MISS:    1030377 MISS_MERGE:          0
cpu0->LLC PREFETCH     ACCESS:          0 HIT:          0 MISS:          0 MISS_MERGE:          0
cpu0->LLC WRITE        ACCESS:    1066418 HIT:    1057256 MISS:       9162 MISS_MERGE:          0
cpu0->LLC TRANSLATION  ACCESS:       2815 HIT:        125 MISS:       2690 MISS_MERGE:          0
cpu0->LLC PREFETCH REQUESTED:          0 ISSUED:          0 USEFUL:          0 USELESS:          0
cpu0->LLC AVERAGE MISS LATENCY: 347.9 cycles
cpu0->cpu0_DTLB TOTAL        ACCESS:   11549892 HIT:   11476493 MISS:      73399 MISS_MERGE:      51168
cpu0->cpu0_DTLB LOAD         ACCESS:   11549892 HIT:   11476493 MISS:      73399 MISS_MERGE:      51168
cpu0->cpu0_DTLB RFO          ACCESS:          0 HIT:          0 MISS:          0 MISS_MERGE:          0
cpu0->cpu0_DTLB PREFETCH     ACCESS:          0 HIT:          0 MISS:          0 MISS_MERGE:          0
cpu0->cpu0_DTLB WRITE        ACCESS:          0 HIT:          0 MISS:          0 MISS_MERGE:          0
cpu0->cpu0_DTLB TRANSLATION  ACCESS:          0 HIT:          0 MISS:          0 MISS_MERGE:          0
cpu0->cpu0_DTLB PREFETCH REQUESTED:          0 ISSUED:          0 USEFUL:          0 USELESS:          0
cpu0->cpu0_DTLB AVERAGE MISS LATENCY: 166.9 cycles
cpu0->cpu0_ITLB TOTAL        ACCESS:    9208520 HIT:    9208520 MISS:          0 MISS_MERGE:          0
cpu0->cpu0_ITLB LOAD         ACCESS:    9208520 HIT:    9208520 MISS:          0 MISS_MERGE:          0
cpu0->cpu0_ITLB RFO          ACCESS:          0 HIT:          0 MISS:          0 MISS_MERGE:          0
cpu0->cpu0_ITLB PREFETCH     ACCESS:          0 HIT:          0 MISS:          0 MISS_MERGE:          0
cpu0->cpu0_ITLB WRITE        ACCESS:          0 HIT:          0 MISS:          0 MISS_MERGE:          0
cpu0->cpu0_ITLB TRANSLATION  ACCESS:          0 HIT:          0 MISS:          0 MISS_MERGE:          0
cpu0->cpu0_ITLB PREFETCH REQUESTED:          0 ISSUED:          0 USEFUL:          0 USELESS:          0
cpu0->cpu0_ITLB AVERAGE MISS LATENCY: - cycles
cpu0->cpu0_L1D TOTAL        ACCESS:   11594377 HIT:    7287499 MISS:    4306878 MISS_MERGE:    1949273
cpu0->cpu0_L1D LOAD         ACCESS:    6528678 HIT:    4242700 MISS:    2285978 MISS_MERGE:    1930606
cpu0->cpu0_L1D RFO          ACCESS:          0 HIT:          0 MISS:          0 MISS_MERGE:          0
cpu0->cpu0_L1D PREFETCH     ACCESS:          0 HIT:          0 MISS:          0 MISS_MERGE:          0
cpu0->cpu0_L1D WRITE        ACCESS:    5021215 HIT:    3003136 MISS:    2018079 MISS_MERGE:      18664
cpu0->cpu0_L1D TRANSLATION  ACCESS:      44484 HIT:      41663 MISS:       2821 MISS_MERGE:          3
cpu0->cpu0_L1D PREFETCH REQUESTED:          0 ISSUED:          0 USEFUL:          0 USELESS:          0
cpu0->cpu0_L1D AVERAGE MISS LATENCY: 224.7 cycles
cpu0->cpu0_L1I TOTAL        ACCESS:    9208520 HIT:    9208520 MISS:          0 MISS_MERGE:          0
cpu0->cpu0_L1I LOAD         ACCESS:    9208520 HIT:    9208520 MISS:          0 MISS_MERGE:          0
cpu0->cpu0_L1I RFO          ACCESS:          0 HIT:          0 MISS:          0 MISS_MERGE:          0
cpu0->cpu0_L1I PREFETCH     ACCESS:          0 HIT:          0 MISS:          0 MISS_MERGE:          0
cpu0->cpu0_L1I WRITE        ACCESS:          0 HIT:          0 MISS:          0 MISS_MERGE:          0
cpu0->cpu0_L1I TRANSLATION  ACCESS:          0 HIT:          0 MISS:          0 MISS_MERGE:          0
cpu0->cpu0_L1I PREFETCH REQUESTED:          0 ISSUED:          0 USEFUL:          0 USELESS:          0
cpu0->cpu0_L1I AVERAGE MISS LATENCY: - cycles
cpu0->cpu0_L2C TOTAL        ACCESS:    4357015 HIT:    2932414 MISS:    1424601 MISS_MERGE:          0
cpu0->cpu0_L2C LOAD         ACCESS:     355371 HIT:          1 MISS:     355370 MISS_MERGE:          0
cpu0->cpu0_L2C RFO          ACCESS:    1999417 HIT:     933001 MISS:    1066416 MISS_MERGE:          0
cpu0->cpu0_L2C PREFETCH     ACCESS:          0 HIT:          0 MISS:          0 MISS_MERGE:          0
cpu0->cpu0_L2C WRITE        ACCESS:    1999409 HIT:    1999409 MISS:          0 MISS_MERGE:          0
cpu0->cpu0_L2C TRANSLATION  ACCESS:       2818 HIT:          3 MISS:       2815 MISS_MERGE:          0
cpu0->cpu0_L2C PREFETCH REQUESTED:          0 ISSUED:          0 USEFUL:          0 USELESS:          0
cpu0->cpu0_L2C AVERAGE MISS LATENCY: 357.3 cycles
cpu0->cpu0_STLB TOTAL        ACCESS:      22231 HIT:          0 MISS:      22231 MISS_MERGE:          0
cpu0->cpu0_STLB LOAD         ACCESS:      22231 HIT:          0 MISS:      22231 MISS_MERGE:          0
cpu0->cpu0_STLB RFO          ACCESS:          0 HIT:          0 MISS:          0 MISS_MERGE:          0
cpu0->cpu0_STLB PREFETCH     ACCESS:          0 HIT:          0 MISS:          0 MISS_MERGE:          0
cpu0->cpu0_STLB WRITE        ACCESS:          0 HIT:          0 MISS:          0 MISS_MERGE:          0
cpu0->cpu0_STLB TRANSLATION  ACCESS:          0 HIT:          0 MISS:          0 MISS_MERGE:          0
cpu0->cpu0_STLB PREFETCH REQUESTED:          0 ISSUED:          0 USEFUL:          0 USELESS:          0
cpu0->cpu0_STLB AVERAGE MISS LATENCY: 160.9 cycles

DRAM Statistics

Channel 0 RQ ROW_BUFFER_HIT:      15957
  ROW_BUFFER_MISS:    1372329
  AVG DBUS CONGESTED CYCLE: 5.656
Channel 0 WQ ROW_BUFFER_HIT:     221704
  ROW_BUFFER_MISS:     817787
  FULL:          0
Channel 0 REFRESHES ISSUED:       6676
