[VMEM] WARNING: physical memory size is smaller than virtual memory size.

*** ChampSim Multicore Out-of-Order Simulator ***
Warmup Instructions: 12500000
Simulation Instructions: 50000000
Number of CPUs: 1
Page size: 4096

Off-chip DRAM Size: 16 GiB Channels: 1 Width: 64-bit Data Rate: 3205 MT/s
Heartbeat CPU 0 instructions: 10000002 cycles: 3345061 heartbeat IPC: 2.989 cumulative IPC: 2.989 (Simulation time: 00 hr 00 min 29 sec)
Warmup finished CPU 0 instructions: 12500003 cycles: 4460099 cumulative IPC: 2.803 (Simulation time: 00 hr 00 min 38 sec)
Warmup complete CPU 0 instructions: 12500003 cycles: 4460099 cumulative IPC: 2.803 (Simulation time: 00 hr 00 min 38 sec)
Heartbeat CPU 0 instructions: 20000006 cycles: 24234567 heartbeat IPC: 0.4787 cumulative IPC: 0.3793 (Simulation time: 00 hr 01 min 32 sec)
Heartbeat CPU 0 instructions: 30000007 cycles: 52774687 heartbeat IPC: 0.3504 cumulative IPC: 0.3622 (Simulation time: 00 hr 03 min 21 sec)
Heartbeat CPU 0 instructions: 40000009 cycles: 87078543 heartbeat IPC: 0.2915 cumulative IPC: 0.3329 (Simulation time: 00 hr 05 min 53 sec)
Heartbeat CPU 0 instructions: 50000009 cycles: 105425115 heartbeat IPC: 0.5451 cumulative IPC: 0.3714 (Simulation time: 00 hr 06 min 52 sec)
Heartbeat CPU 0 instructions: 60000010 cycles: 122311271 heartbeat IPC: 0.5922 cumulative IPC: 0.4031 (Simulation time: 00 hr 07 min 49 sec)
Simulation finished CPU 0 instructions: 50000004 cycles: 122142214 cumulative IPC: 0.4094 (Simulation time: 00 hr 08 min 03 sec)
Simulation complete CPU 0 instructions: 50000004 cycles: 122142214 cumulative IPC: 0.4094 (Simulation time: 00 hr 08 min 03 sec)

ChampSim completed all CPUs

=== Simulation ===
CPU 0 runs traces/403.gcc-17B.champsimtrace.xz

Region of Interest Statistics

CPU 0 cumulative IPC: 0.4094 instructions: 50000004 cycles: 122142214
CPU 0 Branch Prediction Accuracy: 91.45% MPKI: 17.95 Average ROB Occupancy at Mispredict: 31.71
Branch type MPKI
BRANCH_DIRECT_JUMP: 0.1334
BRANCH_INDIRECT: 0.4934
BRANCH_CONDITIONAL: 17.21
BRANCH_DIRECT_CALL: 0.1022
BRANCH_INDIRECT_CALL: 0.002
BRANCH_RETURN: 0.00512

cpu0->LLC TOTAL        ACCESS:    2259174 HIT:      29337 MISS:    2229837 MISS_MERGE:          1
cpu0->LLC LOAD         ACCESS:     335024 HIT:      27597 MISS:     307427 MISS_MERGE:          1
cpu0->LLC RFO          ACCESS:     938000 HIT:        175 MISS:     937825 MISS_MERGE:          0
cpu0->LLC PREFETCH     ACCESS:          0 HIT:          0 MISS:          0 MISS_MERGE:          0
cpu0->LLC WRITE        ACCESS:     974740 HIT:        719 MISS:     974021 MISS_MERGE:          0
cpu0->LLC TRANSLATION  ACCESS:      11410 HIT:        846 MISS:      10564 MISS_MERGE:          0
cpu0->LLC PREFETCH REQUESTED:          0 ISSUED:          0 USEFUL:          0 USELESS:          0
cpu0->LLC AVERAGE MISS LATENCY: 309.3 cycles
cpu0->cpu0_DTLB TOTAL        ACCESS:   21960903 HIT:   20970463 MISS:     990440 MISS_MERGE:     427631
cpu0->cpu0_DTLB LOAD         ACCESS:   21960903 HIT:   20970463 MISS:     990440 MISS_MERGE:     427631
cpu0->cpu0_DTLB RFO          ACCESS:          0 HIT:          0 MISS:          0 MISS_MERGE:          0
cpu0->cpu0_DTLB PREFETCH     ACCESS:          0 HIT:          0 MISS:          0 MISS_MERGE:          0
cpu0->cpu0_DTLB WRITE        ACCESS:          0 HIT:          0 MISS:          0 MISS_MERGE:          0
cpu0->cpu0_DTLB TRANSLATION  ACCESS:          0 HIT:          0 MISS:          0 MISS_MERGE:          0
cpu0->cpu0_DTLB PREFETCH REQUESTED:          0 ISSUED:          0 USEFUL:          0 USELESS:          0
cpu0->cpu0_DTLB AVERAGE MISS LATENCY: 18.1 cycles
cpu0->cpu0_ITLB TOTAL        ACCESS:    6049536 HIT:    6045866 MISS:       3670 MISS_MERGE:       2261
cpu0->cpu0_ITLB LOAD         ACCESS:    6049536 HIT:    6045866 MISS:       3670 MISS_MERGE:       2261
cpu0->cpu0_ITLB RFO          ACCESS:          0 HIT:          0 MISS:          0 MISS_MERGE:          0
cpu0->cpu0_ITLB PREFETCH     ACCESS:          0 HIT:          0 MISS:          0 MISS_MERGE:          0
cpu0->cpu0_ITLB WRITE        ACCESS:          0 HIT:          0 MISS:          0 MISS_MERGE:          0
cpu0->cpu0_ITLB TRANSLATION  ACCESS:          0 HIT:          0 MISS:          0 MISS_MERGE:          0
cpu0->cpu0_ITLB PREFETCH REQUESTED:          0 ISSUED:          0 USEFUL:          0 USELESS:          0
cpu0->cpu0_ITLB AVERAGE MISS LATENCY: 12.44 cycles
cpu0->cpu0_L1D TOTAL        ACCESS:   22048485 HIT:   13749605 MISS:    8298880 MISS_MERGE:    6822500
cpu0->cpu0_L1D LOAD         ACCESS:    9662177 HIT:    8814617 MISS:     847560 MISS_MERGE:     325949
cpu0->cpu0_L1D RFO          ACCESS:          0 HIT:          0 MISS:          0 MISS_MERGE:          0
cpu0->cpu0_L1D PREFETCH     ACCESS:          0 HIT:          0 MISS:          0 MISS_MERGE:          0
cpu0->cpu0_L1D WRITE        ACCESS:   12298726 HIT:    4862557 MISS:    7436169 MISS_MERGE:    6496526
cpu0->cpu0_L1D TRANSLATION  ACCESS:      87582 HIT:      72431 MISS:      15151 MISS_MERGE:         25
cpu0->cpu0_L1D PREFETCH REQUESTED:          0 ISSUED:          0 USEFUL:          0 USELESS:          0
cpu0->cpu0_L1D AVERAGE MISS LATENCY: 483.9 cycles
cpu0->cpu0_L1I TOTAL        ACCESS:    6049536 HIT:    6047389 MISS:       2147 MISS_MERGE:        428
cpu0->cpu0_L1I LOAD         ACCESS:    6049536 HIT:    6047389 MISS:       2147 MISS_MERGE:        428
cpu0->cpu0_L1I RFO          ACCESS:          0 HIT:          0 MISS:          0 MISS_MERGE:          0
cpu0->cpu0_L1I PREFETCH     ACCESS:          0 HIT:          0 MISS:          0 MISS_MERGE:          0
cpu0->cpu0_L1I WRITE        ACCESS:          0 HIT:          0 MISS:          0 MISS_MERGE:          0
cpu0->cpu0_L1I TRANSLATION  ACCESS:          0 HIT:          0 MISS:          0 MISS_MERGE:          0
cpu0->cpu0_L1I PREFETCH REQUESTED:          0 ISSUED:          0 USEFUL:          0 USELESS:          0
cpu0->cpu0_L1I AVERAGE MISS LATENCY: 71.61 cycles
cpu0->cpu0_L2C TOTAL        ACCESS:    2462048 HIT:    1177449 MISS:    1284599 MISS_MERGE:          1
cpu0->cpu0_L2C LOAD         ACCESS:     523330 HIT:     188306 MISS:     335024 MISS_MERGE:          0
cpu0->cpu0_L2C RFO          ACCESS:     939643 HIT:       1642 MISS:     938001 MISS_MERGE:          1
cpu0->cpu0_L2C PREFETCH     ACCESS:          0 HIT:          0 MISS:          0 MISS_MERGE:          0
cpu0->cpu0_L2C WRITE        ACCESS:     983949 HIT:     983785 MISS:        164 MISS_MERGE:          0
cpu0->cpu0_L2C TRANSLATION  ACCESS:      15126 HIT:       3716 MISS:      11410 MISS_MERGE:          0
cpu0->cpu0_L2C PREFETCH REQUESTED:          0 ISSUED:          0 USEFUL:          0 USELESS:          0
cpu0->cpu0_L2C AVERAGE MISS LATENCY: 546.1 cycles
cpu0->cpu0_STLB TOTAL        ACCESS:     564218 HIT:     520671 MISS:      43547 MISS_MERGE:          0
cpu0->cpu0_STLB LOAD         ACCESS:     564218 HIT:     520671 MISS:      43547 MISS_MERGE:          0
cpu0->cpu0_STLB RFO          ACCESS:          0 HIT:          0 MISS:          0 MISS_MERGE:          0
cpu0->cpu0_STLB PREFETCH     ACCESS:          0 HIT:          0 MISS:          0 MISS_MERGE:          0
cpu0->cpu0_STLB WRITE        ACCESS:          0 HIT:          0 MISS:          0 MISS_MERGE:          0
cpu0->cpu0_STLB TRANSLATION  ACCESS:          0 HIT:          0 MISS:          0 MISS_MERGE:          0
cpu0->cpu0_STLB PREFETCH REQUESTED:          0 ISSUED:          0 USEFUL:          0 USELESS:          0
cpu0->cpu0_STLB AVERAGE MISS LATENCY: 168.5 cycles

DRAM Statistics

Channel 0 RQ ROW_BUFFER_HIT:      37021
  ROW_BUFFER_MISS:    1218777
  AVG DBUS CONGESTED CYCLE: 7.422
Channel 0 WQ ROW_BUFFER_HIT:     111642
  ROW_BUFFER_MISS:     862370
  FULL:          0
Channel 0 REFRESHES ISSUED:      10179
