[VMEM] WARNING: physical memory size is smaller than virtual memory size.

*** ChampSim Multicore Out-of-Order Simulator ***
Warmup Instructions: 12500000
Simulation Instructions: 50000000
Number of CPUs: 1
Page size: 4096

Off-chip DRAM Size: 16 GiB Channels: 1 Width: 64-bit Data Rate: 3205 MT/s
Heartbeat CPU 0 instructions: 10000000 cycles: 2681593 heartbeat IPC: 3.729 cumulative IPC: 3.729 (Simulation time: 00 hr 00 min 26 sec)
Warmup finished CPU 0 instructions: 12500001 cycles: 3346270 cumulative IPC: 3.736 (Simulation time: 00 hr 00 min 32 sec)
Warmup complete CPU 0 instructions: 12500001 cycles: 3346270 cumulative IPC: 3.736 (Simulation time: 00 hr 00 min 32 sec)
Heartbeat CPU 0 instructions: 20000003 cycles: 15558433 heartbeat IPC: 0.7766 cumulative IPC: 0.6141 (Simulation time: 00 hr 01 min 59 sec)
Heartbeat CPU 0 instructions: 30000004 cycles: 31854644 heartbeat IPC: 0.6136 cumulative IPC: 0.6139 (Simulation time: 00 hr 03 min 55 sec)
Heartbeat CPU 0 instructions: 40000006 cycles: 48141746 heartbeat IPC: 0.614 cumulative IPC: 0.6139 (Simulation time: 00 hr 05 min 50 sec)
Heartbeat CPU 0 instructions: 50000007 cycles: 64379817 heartbeat IPC: 0.6158 cumulative IPC: 0.6144 (Simulation time: 00 hr 07 min 43 sec)
Heartbeat CPU 0 instructions: 60000011 cycles: 80734716 heartbeat IPC: 0.6114 cumulative IPC: 0.6138 (Simulation time: 00 hr 09 min 38 sec)
Simulation finished CPU 0 instructions: 50000003 cycles: 81412330 cumulative IPC: 0.6142 (Simulation time: 00 hr 10 min 07 sec)
Simulation complete CPU 0 instructions: 50000003 cycles: 81412330 cumulative IPC: 0.6142 (Simulation time: 00 hr 10 min 07 sec)

ChampSim completed all CPUs

=== Simulation ===
CPU 0 runs traces/470.lbm-1274B.champsimtrace.xz

Region of Interest Statistics

CPU 0 cumulative IPC: 0.6142 instructions: 50000003 cycles: 81412330
CPU 0 Branch Prediction Accuracy: 99.4% MPKI: 0.08384 Average ROB Occupancy at Mispredict: 158.6
Branch type MPKI
BRANCH_DIRECT_JUMP: 0
BRANCH_INDIRECT: 0
BRANCH_CONDITIONAL: 0.08384
BRANCH_DIRECT_CALL: 0
BRANCH_INDIRECT_CALL: 0
BRANCH_RETURN: 0

cpu0->LLC TOTAL        ACCESS:    2491026 HIT:        629 MISS:    2490397 MISS_MERGE:          0
cpu0->LLC LOAD         ACCESS:     355371 HIT:          0 MISS:     355371 MISS_MERGE:          0
cpu0->LLC RFO          ACCESS:    1066416 HIT:        394 MISS:    1066022 MISS_MERGE:          0
cpu0->LLC PREFETCH     ACCESS:          0 HIT:          0 MISS:          0 MISS_MERGE:          0
cpu0->LLC WRITE        ACCESS:    1066424 HIT:        235 MISS:    1066189 MISS_MERGE:          0
cpu0->LLC TRANSLATION  ACCESS:       2815 HIT:          0 MISS:       2815 MISS_MERGE:          0
cpu0->LLC PREFETCH REQUESTED:          0 ISSUED:          0 USEFUL:          0 USELESS:          0
cpu0->LLC AVERAGE MISS LATENCY: 203.7 cycles
cpu0->cpu0_DTLB TOTAL        ACCESS:   11549891 HIT:   11476557 MISS:      73334 MISS_MERGE:      51103
cpu0->cpu0_DTLB LOAD         ACCESS:   11549891 HIT:   11476557 MISS:      73334 MISS_MERGE:      51103
cpu0->cpu0_DTLB RFO          ACCESS:          0 HIT:          0 MISS:          0 MISS_MERGE:          0
cpu0->cpu0_DTLB PREFETCH     ACCESS:          0 HIT:          0 MISS:          0 MISS_MERGE:          0
cpu0->cpu0_DTLB WRITE        ACCESS:          0 HIT:          0 MISS:          0 MISS_MERGE:          0
cpu0->cpu0_DTLB TRANSLATION  ACCESS:          0 HIT:          0 MISS:          0 MISS_MERGE:          0
cpu0->cpu0_DTLB PREFETCH REQUESTED:          0 ISSUED:          0 USEFUL:          0 USELESS:          0
cpu0->cpu0_DTLB AVERAGE MISS LATENCY: 168.4 cycles
cpu0->cpu0_ITLB TOTAL        ACCESS:    9208641 HIT:    9208641 MISS:          0 MISS_MERGE:          0
cpu0->cpu0_ITLB LOAD         ACCESS:    9208641 HIT:    9208641 MISS:          0 MISS_MERGE:          0
cpu0->cpu0_ITLB RFO          ACCESS:          0 HIT:          0 MISS:          0 MISS_MERGE:          0
cpu0->cpu0_ITLB PREFETCH     ACCESS:          0 HIT:          0 MISS:          0 MISS_MERGE:          0
cpu0->cpu0_ITLB WRITE        ACCESS:          0 HIT:          0 MISS:          0 MISS_MERGE:          0
cpu0->cpu0_ITLB TRANSLATION  ACCESS:          0 HIT:          0 MISS:          0 MISS_MERGE:          0
cpu0->cpu0_ITLB PREFETCH REQUESTED:          0 ISSUED:          0 USEFUL:          0 USELESS:          0
cpu0->cpu0_ITLB AVERAGE MISS LATENCY: - cycles
cpu0->cpu0_L1D TOTAL        ACCESS:   11594375 HIT:    7287573 MISS:    4306802 MISS_MERGE:    1949199
cpu0->cpu0_L1D LOAD         ACCESS:    6528675 HIT:    4242801 MISS:    2285874 MISS_MERGE:    1930501
cpu0->cpu0_L1D RFO          ACCESS:          0 HIT:          0 MISS:          0 MISS_MERGE:          0
cpu0->cpu0_L1D PREFETCH     ACCESS:          0 HIT:          0 MISS:          0 MISS_MERGE:          0
cpu0->cpu0_L1D WRITE        ACCESS:    5021216 HIT:    3003110 MISS:    2018106 MISS_MERGE:      18695
cpu0->cpu0_L1D TRANSLATION  ACCESS:      44484 HIT:      41662 MISS:       2822 MISS_MERGE:          3
cpu0->cpu0_L1D PREFETCH REQUESTED:          0 ISSUED:          0 USEFUL:          0 USELESS:          0
cpu0->cpu0_L1D AVERAGE MISS LATENCY: 229.6 cycles
cpu0->cpu0_L1I TOTAL        ACCESS:    9208641 HIT:    9208641 MISS:          0 MISS_MERGE:          0
cpu0->cpu0_L1I LOAD         ACCESS:    9208641 HIT:    9208641 MISS:          0 MISS_MERGE:          0
cpu0->cpu0_L1I RFO          ACCESS:          0 HIT:          0 MISS:          0 MISS_MERGE:          0
cpu0->cpu0_L1I PREFETCH     ACCESS:          0 HIT:          0 MISS:          0 MISS_MERGE:          0
cpu0->cpu0_L1I WRITE        ACCESS:          0 HIT:          0 MISS:          0 MISS_MERGE:          0
cpu0->cpu0_L1I TRANSLATION  ACCESS:          0 HIT:          0 MISS:          0 MISS_MERGE:          0
cpu0->cpu0_L1I PREFETCH REQUESTED:          0 ISSUED:          0 USEFUL:          0 USELESS:          0
cpu0->cpu0_L1I AVERAGE MISS LATENCY: - cycles
cpu0->cpu0_L2C TOTAL        ACCESS:    4357018 HIT:    2932416 MISS:    1424602 MISS_MERGE:          0
cpu0->cpu0_L2C LOAD         ACCESS:     355373 HIT:          2 MISS:     355371 MISS_MERGE:          0
cpu0->cpu0_L2C RFO          ACCESS:    1999414 HIT:     932998 MISS:    1066416 MISS_MERGE:          0
cpu0->cpu0_L2C PREFETCH     ACCESS:          0 HIT:          0 MISS:          0 MISS_MERGE:          0
cpu0->cpu0_L2C WRITE        ACCESS:    1999412 HIT:    1999412 MISS:          0 MISS_MERGE:          0
cpu0->cpu0_L2C TRANSLATION  ACCESS:       2819 HIT:          4 MISS:       2815 MISS_MERGE:          0
cpu0->cpu0_L2C PREFETCH REQUESTED:          0 ISSUED:          0 USEFUL:          0 USELESS:          0
cpu0->cpu0_L2C AVERAGE MISS LATENCY: 365.3 cycles
cpu0->cpu0_STLB TOTAL        ACCESS:      22231 HIT:          0 MISS:      22231 MISS_MERGE:          0
cpu0->cpu0_STLB LOAD         ACCESS:      22231 HIT:          0 MISS:      22231 MISS_MERGE:          0
cpu0->cpu0_STLB RFO          ACCESS:          0 HIT:          0 MISS:          0 MISS_MERGE:          0
cpu0->cpu0_STLB PREFETCH     ACCESS:          0 HIT:          0 MISS:          0 MISS_MERGE:          0
cpu0->cpu0_STLB WRITE        ACCESS:          0 HIT:          0 MISS:          0 MISS_MERGE:          0
cpu0->cpu0_STLB TRANSLATION  ACCESS:          0 HIT:          0 MISS:          0 MISS_MERGE:          0
cpu0->cpu0_STLB PREFETCH REQUESTED:          0 ISSUED:          0 USEFUL:          0 USELESS:          0
cpu0->cpu0_STLB AVERAGE MISS LATENCY: 162.4 cycles

DRAM Statistics

Channel 0 RQ ROW_BUFFER_HIT:      17122
  ROW_BUFFER_MISS:    1407080
  AVG DBUS CONGESTED CYCLE: 5.714
Channel 0 WQ ROW_BUFFER_HIT:     219770
  ROW_BUFFER_MISS:     846637
  FULL:          0
Channel 0 REFRESHES ISSUED:       6785
