[VMEM] WARNING: physical memory size is smaller than virtual memory size.

*** ChampSim Multicore Out-of-Order Simulator ***
Warmup Instructions: 12500000
Simulation Instructions: 50000000
Number of CPUs: 1
Page size: 4096

Off-chip DRAM Size: 16 GiB Channels: 1 Width: 64-bit Data Rate: 3205 MT/s
Heartbeat CPU 0 instructions: 10000000 cycles: 2681653 heartbeat IPC: 3.729 cumulative IPC: 3.729 (Simulation time: 00 hr 00 min 21 sec)
Warmup finished CPU 0 instructions: 12500001 cycles: 3346330 cumulative IPC: 3.735 (Simulation time: 00 hr 00 min 26 sec)
Warmup complete CPU 0 instructions: 12500001 cycles: 3346330 cumulative IPC: 3.735 (Simulation time: 00 hr 00 min 26 sec)
Heartbeat CPU 0 instructions: 20000003 cycles: 15515317 heartbeat IPC: 0.7792 cumulative IPC: 0.6163 (Simulation time: 00 hr 01 min 37 sec)
Heartbeat CPU 0 instructions: 30000004 cycles: 31780546 heartbeat IPC: 0.6148 cumulative IPC: 0.6155 (Simulation time: 00 hr 03 min 12 sec)
Heartbeat CPU 0 instructions: 40000006 cycles: 48070911 heartbeat IPC: 0.6139 cumulative IPC: 0.6149 (Simulation time: 00 hr 04 min 48 sec)
Heartbeat CPU 0 instructions: 50000007 cycles: 64328707 heartbeat IPC: 0.6151 cumulative IPC: 0.6149 (Simulation time: 00 hr 06 min 23 sec)
Heartbeat CPU 0 instructions: 60000010 cycles: 80674186 heartbeat IPC: 0.6118 cumulative IPC: 0.6143 (Simulation time: 00 hr 08 min 00 sec)
Simulation finished CPU 0 instructions: 50000003 cycles: 81364387 cumulative IPC: 0.6145 (Simulation time: 00 hr 08 min 24 sec)
Simulation complete CPU 0 instructions: 50000003 cycles: 81364387 cumulative IPC: 0.6145 (Simulation time: 00 hr 08 min 24 sec)

ChampSim completed all CPUs

=== Simulation ===
CPU 0 runs traces/470.lbm-1274B.champsimtrace.xz

Region of Interest Statistics

CPU 0 cumulative IPC: 0.6145 instructions: 50000003 cycles: 81364387
CPU 0 Branch Prediction Accuracy: 99.4% MPKI: 0.08384 Average ROB Occupancy at Mispredict: 158.6
Branch type MPKI
BRANCH_DIRECT_JUMP: 0
BRANCH_INDIRECT: 0
BRANCH_CONDITIONAL: 0.08384
BRANCH_DIRECT_CALL: 0
BRANCH_INDIRECT_CALL: 0
BRANCH_RETURN: 0

cpu0->LLC TOTAL        ACCESS:    2491018 HIT:       6163 MISS:    2484855 MISS_MERGE:          0
cpu0->LLC LOAD         ACCESS:     355371 HIT:          0 MISS:     355371 MISS_MERGE:          0
cpu0->LLC RFO          ACCESS:    1066415 HIT:       5161 MISS:    1061254 MISS_MERGE:          0
cpu0->LLC PREFETCH     ACCESS:          0 HIT:          0 MISS:          0 MISS_MERGE:          0
cpu0->LLC WRITE        ACCESS:    1066417 HIT:       1002 MISS:    1065415 MISS_MERGE:          0
cpu0->LLC TRANSLATION  ACCESS:       2815 HIT:          0 MISS:       2815 MISS_MERGE:          0
cpu0->LLC PREFETCH REQUESTED:          0 ISSUED:          0 USEFUL:          0 USELESS:          0
cpu0->LLC AVERAGE MISS LATENCY: 207.5 cycles
cpu0->cpu0_DTLB TOTAL        ACCESS:   11549897 HIT:   11476584 MISS:      73313 MISS_MERGE:      51082
cpu0->cpu0_DTLB LOAD         ACCESS:   11549897 HIT:   11476584 MISS:      73313 MISS_MERGE:      51082
cpu0->cpu0_DTLB RFO          ACCESS:          0 HIT:          0 MISS:          0 MISS_MERGE:          0
cpu0->cpu0_DTLB PREFETCH     ACCESS:          0 HIT:          0 MISS:          0 MISS_MERGE:          0
cpu0->cpu0_DTLB WRITE        ACCESS:          0 HIT:          0 MISS:          0 MISS_MERGE:          0
cpu0->cpu0_DTLB TRANSLATION  ACCESS:          0 HIT:          0 MISS:          0 MISS_MERGE:          0
cpu0->cpu0_DTLB PREFETCH REQUESTED:          0 ISSUED:          0 USEFUL:          0 USELESS:          0
cpu0->cpu0_DTLB AVERAGE MISS LATENCY: 170 cycles
cpu0->cpu0_ITLB TOTAL        ACCESS:    9201598 HIT:    9201598 MISS:          0 MISS_MERGE:          0
cpu0->cpu0_ITLB LOAD         ACCESS:    9201598 HIT:    9201598 MISS:          0 MISS_MERGE:          0
cpu0->cpu0_ITLB RFO          ACCESS:          0 HIT:          0 MISS:          0 MISS_MERGE:          0
cpu0->cpu0_ITLB PREFETCH     ACCESS:          0 HIT:          0 MISS:          0 MISS_MERGE:          0
cpu0->cpu0_ITLB WRITE        ACCESS:          0 HIT:          0 MISS:          0 MISS_MERGE:          0
cpu0->cpu0_ITLB TRANSLATION  ACCESS:          0 HIT:          0 MISS:          0 MISS_MERGE:          0
cpu0->cpu0_ITLB PREFETCH REQUESTED:          0 ISSUED:          0 USEFUL:          0 USELESS:          0
cpu0->cpu0_ITLB AVERAGE MISS LATENCY: - cycles
cpu0->cpu0_L1D TOTAL        ACCESS:   11594381 HIT:    7287423 MISS:    4306958 MISS_MERGE:    1949352
cpu0->cpu0_L1D LOAD         ACCESS:    6528681 HIT:    4242718 MISS:    2285963 MISS_MERGE:    1930592
cpu0->cpu0_L1D RFO          ACCESS:          0 HIT:          0 MISS:          0 MISS_MERGE:          0
cpu0->cpu0_L1D PREFETCH     ACCESS:          0 HIT:          0 MISS:          0 MISS_MERGE:          0
cpu0->cpu0_L1D WRITE        ACCESS:    5021216 HIT:    3003043 MISS:    2018173 MISS_MERGE:      18758
cpu0->cpu0_L1D TRANSLATION  ACCESS:      44484 HIT:      41662 MISS:       2822 MISS_MERGE:          2
cpu0->cpu0_L1D PREFETCH REQUESTED:          0 ISSUED:          0 USEFUL:          0 USELESS:          0
cpu0->cpu0_L1D AVERAGE MISS LATENCY: 233.2 cycles
cpu0->cpu0_L1I TOTAL        ACCESS:    9201598 HIT:    9201598 MISS:          0 MISS_MERGE:          0
cpu0->cpu0_L1I LOAD         ACCESS:    9201598 HIT:    9201598 MISS:          0 MISS_MERGE:          0
cpu0->cpu0_L1I RFO          ACCESS:          0 HIT:          0 MISS:          0 MISS_MERGE:          0
cpu0->cpu0_L1I PREFETCH     ACCESS:          0 HIT:          0 MISS:          0 MISS_MERGE:          0
cpu0->cpu0_L1I WRITE        ACCESS:          0 HIT:          0 MISS:          0 MISS_MERGE:          0
cpu0->cpu0_L1I TRANSLATION  ACCESS:          0 HIT:          0 MISS:          0 MISS_MERGE:          0
cpu0->cpu0_L1I PREFETCH REQUESTED:          0 ISSUED:          0 USEFUL:          0 USELESS:          0
cpu0->cpu0_L1I AVERAGE MISS LATENCY: - cycles
cpu0->cpu0_L2C TOTAL        ACCESS:    4357019 HIT:    2932418 MISS:    1424601 MISS_MERGE:          0
cpu0->cpu0_L2C LOAD         ACCESS:     355371 HIT:          0 MISS:     355371 MISS_MERGE:          0
cpu0->cpu0_L2C RFO          ACCESS:    1999418 HIT:     933003 MISS:    1066415 MISS_MERGE:          0
cpu0->cpu0_L2C PREFETCH     ACCESS:          0 HIT:          0 MISS:          0 MISS_MERGE:          0
cpu0->cpu0_L2C WRITE        ACCESS:    1999410 HIT:    1999410 MISS:          0 MISS_MERGE:          0
cpu0->cpu0_L2C TRANSLATION  ACCESS:       2820 HIT:          5 MISS:       2815 MISS_MERGE:          0
cpu0->cpu0_L2C PREFETCH REQUESTED:          0 ISSUED:          0 USEFUL:          0 USELESS:          0
cpu0->cpu0_L2C AVERAGE MISS LATENCY: 371.2 cycles
cpu0->cpu0_STLB TOTAL        ACCESS:      22231 HIT:          0 MISS:      22231 MISS_MERGE:          0
cpu0->cpu0_STLB LOAD         ACCESS:      22231 HIT:          0 MISS:      22231 MISS_MERGE:          0
cpu0->cpu0_STLB RFO          ACCESS:          0 HIT:          0 MISS:          0 MISS_MERGE:          0
cpu0->cpu0_STLB PREFETCH     ACCESS:          0 HIT:          0 MISS:          0 MISS_MERGE:          0
cpu0->cpu0_STLB WRITE        ACCESS:          0 HIT:          0 MISS:          0 MISS_MERGE:          0
cpu0->cpu0_STLB TRANSLATION  ACCESS:          0 HIT:          0 MISS:          0 MISS_MERGE:          0
cpu0->cpu0_STLB PREFETCH REQUESTED:          0 ISSUED:          0 USEFUL:          0 USELESS:          0
cpu0->cpu0_STLB AVERAGE MISS LATENCY: 164 cycles

DRAM Statistics

Channel 0 RQ ROW_BUFFER_HIT:      19092
  ROW_BUFFER_MISS:    1400339
  AVG DBUS CONGESTED CYCLE: 5.793
Channel 0 WQ ROW_BUFFER_HIT:     218248
  ROW_BUFFER_MISS:     848468
  FULL:          0
Channel 0 REFRESHES ISSUED:       6781
