[VMEM] WARNING: physical memory size is smaller than virtual memory size.

*** ChampSim Multicore Out-of-Order Simulator ***
Warmup Instructions: 12500000
Simulation Instructions: 50000000
Number of CPUs: 1
Page size: 4096

Off-chip DRAM Size: 16 GiB Channels: 1 Width: 64-bit Data Rate: 3205 MT/s
Heartbeat CPU 0 instructions: 10000002 cycles: 5028884 heartbeat IPC: 1.989 cumulative IPC: 1.989 (Simulation time: 00 hr 00 min 39 sec)
Warmup finished CPU 0 instructions: 12500003 cycles: 6108296 cumulative IPC: 2.046 (Simulation time: 00 hr 00 min 47 sec)
Warmup complete CPU 0 instructions: 12500003 cycles: 6108296 cumulative IPC: 2.046 (Simulation time: 00 hr 00 min 47 sec)
Heartbeat CPU 0 instructions: 20000006 cycles: 28493956 heartbeat IPC: 0.4262 cumulative IPC: 0.335 (Simulation time: 00 hr 01 min 55 sec)
Heartbeat CPU 0 instructions: 30000006 cycles: 64492452 heartbeat IPC: 0.2778 cumulative IPC: 0.2997 (Simulation time: 00 hr 03 min 50 sec)
Heartbeat CPU 0 instructions: 40000006 cycles: 95414117 heartbeat IPC: 0.3234 cumulative IPC: 0.3079 (Simulation time: 00 hr 05 min 23 sec)
Heartbeat CPU 0 instructions: 50000009 cycles: 130225403 heartbeat IPC: 0.2873 cumulative IPC: 0.3021 (Simulation time: 00 hr 07 min 11 sec)
Heartbeat CPU 0 instructions: 60000011 cycles: 164336262 heartbeat IPC: 0.2932 cumulative IPC: 0.3002 (Simulation time: 00 hr 09 min 04 sec)
Simulation finished CPU 0 instructions: 50000001 cycles: 166386912 cumulative IPC: 0.3005 (Simulation time: 00 hr 09 min 32 sec)
Simulation complete CPU 0 instructions: 50000001 cycles: 166386912 cumulative IPC: 0.3005 (Simulation time: 00 hr 09 min 32 sec)

ChampSim completed all CPUs

=== Simulation ===
CPU 0 runs traces/471.omnetpp-188B.champsimtrace.xz

Region of Interest Statistics

CPU 0 cumulative IPC: 0.3005 instructions: 50000001 cycles: 166386912
CPU 0 Branch Prediction Accuracy: 93.3% MPKI: 16.1 Average ROB Occupancy at Mispredict: 39.21
Branch type MPKI
BRANCH_DIRECT_JUMP: 0.00134
BRANCH_INDIRECT: 0.1254
BRANCH_CONDITIONAL: 15.32
BRANCH_DIRECT_CALL: 0.00068
BRANCH_INDIRECT_CALL: 0.1324
BRANCH_RETURN: 0.5249

cpu0->LLC TOTAL        ACCESS:    1527063 HIT:     304177 MISS:    1222886 MISS_MERGE:          1
cpu0->LLC LOAD         ACCESS:     872129 HIT:     121282 MISS:     750847 MISS_MERGE:          1
cpu0->LLC RFO          ACCESS:     149196 HIT:      18975 MISS:     130221 MISS_MERGE:          0
cpu0->LLC PREFETCH     ACCESS:          0 HIT:          0 MISS:          0 MISS_MERGE:          0
cpu0->LLC WRITE        ACCESS:     423733 HIT:     138545 MISS:     285188 MISS_MERGE:          0
cpu0->LLC TRANSLATION  ACCESS:      82005 HIT:      25375 MISS:      56630 MISS_MERGE:          0
cpu0->LLC PREFETCH REQUESTED:          0 ISSUED:          0 USEFUL:          0 USELESS:          0
cpu0->LLC AVERAGE MISS LATENCY: 149.9 cycles
cpu0->cpu0_DTLB TOTAL        ACCESS:   21068970 HIT:   19553635 MISS:    1515335 MISS_MERGE:     547557
cpu0->cpu0_DTLB LOAD         ACCESS:   21068970 HIT:   19553635 MISS:    1515335 MISS_MERGE:     547557
cpu0->cpu0_DTLB RFO          ACCESS:          0 HIT:          0 MISS:          0 MISS_MERGE:          0
cpu0->cpu0_DTLB PREFETCH     ACCESS:          0 HIT:          0 MISS:          0 MISS_MERGE:          0
cpu0->cpu0_DTLB WRITE        ACCESS:          0 HIT:          0 MISS:          0 MISS_MERGE:          0
cpu0->cpu0_DTLB TRANSLATION  ACCESS:          0 HIT:          0 MISS:          0 MISS_MERGE:          0
cpu0->cpu0_DTLB PREFETCH REQUESTED:          0 ISSUED:          0 USEFUL:          0 USELESS:          0
cpu0->cpu0_DTLB AVERAGE MISS LATENCY: 24.82 cycles
cpu0->cpu0_ITLB TOTAL        ACCESS:    5665985 HIT:    5608437 MISS:      57548 MISS_MERGE:      34265
cpu0->cpu0_ITLB LOAD         ACCESS:    5665985 HIT:    5608437 MISS:      57548 MISS_MERGE:      34265
cpu0->cpu0_ITLB RFO          ACCESS:          0 HIT:          0 MISS:          0 MISS_MERGE:          0
cpu0->cpu0_ITLB PREFETCH     ACCESS:          0 HIT:          0 MISS:          0 MISS_MERGE:          0
cpu0->cpu0_ITLB WRITE        ACCESS:          0 HIT:          0 MISS:          0 MISS_MERGE:          0
cpu0->cpu0_ITLB TRANSLATION  ACCESS:          0 HIT:          0 MISS:          0 MISS_MERGE:          0
cpu0->cpu0_ITLB PREFETCH REQUESTED:          0 ISSUED:          0 USEFUL:          0 USELESS:          0
cpu0->cpu0_ITLB AVERAGE MISS LATENCY: 7.076 cycles
cpu0->cpu0_L1D TOTAL        ACCESS:   21503156 HIT:   18875171 MISS:    2627985 MISS_MERGE:    1335571
cpu0->cpu0_L1D LOAD         ACCESS:   12644755 HIT:   10870505 MISS:    1774250 MISS_MERGE:     780444
cpu0->cpu0_L1D RFO          ACCESS:          0 HIT:          0 MISS:          0 MISS_MERGE:          0
cpu0->cpu0_L1D PREFETCH     ACCESS:          0 HIT:          0 MISS:          0 MISS_MERGE:          0
cpu0->cpu0_L1D WRITE        ACCESS:    8424215 HIT:    7708835 MISS:     715380 MISS_MERGE:     552662
cpu0->cpu0_L1D TRANSLATION  ACCESS:     434186 HIT:     295831 MISS:     138355 MISS_MERGE:       2465
cpu0->cpu0_L1D PREFETCH REQUESTED:          0 ISSUED:          0 USEFUL:          0 USELESS:          0
cpu0->cpu0_L1D AVERAGE MISS LATENCY: 162 cycles
cpu0->cpu0_L1I TOTAL        ACCESS:    5665985 HIT:    5662900 MISS:       3085 MISS_MERGE:        674
cpu0->cpu0_L1I LOAD         ACCESS:    5665985 HIT:    5662900 MISS:       3085 MISS_MERGE:        674
cpu0->cpu0_L1I RFO          ACCESS:          0 HIT:          0 MISS:          0 MISS_MERGE:          0
cpu0->cpu0_L1I PREFETCH     ACCESS:          0 HIT:          0 MISS:          0 MISS_MERGE:          0
cpu0->cpu0_L1I WRITE        ACCESS:          0 HIT:          0 MISS:          0 MISS_MERGE:          0
cpu0->cpu0_L1I TRANSLATION  ACCESS:          0 HIT:          0 MISS:          0 MISS_MERGE:          0
cpu0->cpu0_L1I PREFETCH REQUESTED:          0 ISSUED:          0 USEFUL:          0 USELESS:          0
cpu0->cpu0_L1I AVERAGE MISS LATENCY: 144.1 cycles
cpu0->cpu0_L2C TOTAL        ACCESS:    1774546 HIT:     670112 MISS:    1104434 MISS_MERGE:          0
cpu0->cpu0_L2C LOAD         ACCESS:     996217 HIT:     124088 MISS:     872129 MISS_MERGE:          0
cpu0->cpu0_L2C RFO          ACCESS:     162718 HIT:      13522 MISS:     149196 MISS_MERGE:          0
cpu0->cpu0_L2C PREFETCH     ACCESS:          0 HIT:          0 MISS:          0 MISS_MERGE:          0
cpu0->cpu0_L2C WRITE        ACCESS:     479721 HIT:     478617 MISS:       1104 MISS_MERGE:          0
cpu0->cpu0_L2C TRANSLATION  ACCESS:     135890 HIT:      53885 MISS:      82005 MISS_MERGE:          0
cpu0->cpu0_L2C PREFETCH REQUESTED:          0 ISSUED:          0 USEFUL:          0 USELESS:          0
cpu0->cpu0_L2C AVERAGE MISS LATENCY: 179.5 cycles
cpu0->cpu0_STLB TOTAL        ACCESS:     991061 HIT:     778412 MISS:     212649 MISS_MERGE:          0
cpu0->cpu0_STLB LOAD         ACCESS:     991061 HIT:     778412 MISS:     212649 MISS_MERGE:          0
cpu0->cpu0_STLB RFO          ACCESS:          0 HIT:          0 MISS:          0 MISS_MERGE:          0
cpu0->cpu0_STLB PREFETCH     ACCESS:          0 HIT:          0 MISS:          0 MISS_MERGE:          0
cpu0->cpu0_STLB WRITE        ACCESS:          0 HIT:          0 MISS:          0 MISS_MERGE:          0
cpu0->cpu0_STLB TRANSLATION  ACCESS:          0 HIT:          0 MISS:          0 MISS_MERGE:          0
cpu0->cpu0_STLB PREFETCH REQUESTED:          0 ISSUED:          0 USEFUL:          0 USELESS:          0
cpu0->cpu0_STLB AVERAGE MISS LATENCY: 89.43 cycles

DRAM Statistics

Channel 0 RQ ROW_BUFFER_HIT:      20791
  ROW_BUFFER_MISS:     916883
  AVG DBUS CONGESTED CYCLE: 18.72
Channel 0 WQ ROW_BUFFER_HIT:     110733
  ROW_BUFFER_MISS:     228325
  FULL:          0
Channel 0 REFRESHES ISSUED:      13865
