[VMEM] WARNING: physical memory size is smaller than virtual memory size.

*** ChampSim Multicore Out-of-Order Simulator ***
Warmup Instructions: 12500000
Simulation Instructions: 50000000
Number of CPUs: 1
Page size: 4096

Off-chip DRAM Size: 16 GiB Channels: 1 Width: 64-bit Data Rate: 3205 MT/s
Heartbeat CPU 0 instructions: 10000000 cycles: 2681333 heartbeat IPC: 3.729 cumulative IPC: 3.729 (Simulation time: 00 hr 00 min 21 sec)
Warmup finished CPU 0 instructions: 12500001 cycles: 3345990 cumulative IPC: 3.736 (Simulation time: 00 hr 00 min 26 sec)
Warmup complete CPU 0 instructions: 12500001 cycles: 3345990 cumulative IPC: 3.736 (Simulation time: 00 hr 00 min 26 sec)
Heartbeat CPU 0 instructions: 20000003 cycles: 15640485 heartbeat IPC: 0.7717 cumulative IPC: 0.61 (Simulation time: 00 hr 01 min 39 sec)
Heartbeat CPU 0 instructions: 30000004 cycles: 32029941 heartbeat IPC: 0.6101 cumulative IPC: 0.6101 (Simulation time: 00 hr 03 min 17 sec)
Heartbeat CPU 0 instructions: 40000006 cycles: 48431743 heartbeat IPC: 0.6097 cumulative IPC: 0.6099 (Simulation time: 00 hr 04 min 55 sec)
Heartbeat CPU 0 instructions: 50000007 cycles: 64787174 heartbeat IPC: 0.6114 cumulative IPC: 0.6103 (Simulation time: 00 hr 09 min 27 sec)
Heartbeat CPU 0 instructions: 60000011 cycles: 81261359 heartbeat IPC: 0.607 cumulative IPC: 0.6096 (Simulation time: 00 hr 11 min 06 sec)
Simulation finished CPU 0 instructions: 50000003 cycles: 81974858 cumulative IPC: 0.6099 (Simulation time: 00 hr 11 min 29 sec)
Simulation complete CPU 0 instructions: 50000003 cycles: 81974858 cumulative IPC: 0.6099 (Simulation time: 00 hr 11 min 29 sec)

ChampSim completed all CPUs

=== Simulation ===
CPU 0 runs traces/470.lbm-1274B.champsimtrace.xz

Region of Interest Statistics

CPU 0 cumulative IPC: 0.6099 instructions: 50000003 cycles: 81974858
CPU 0 Branch Prediction Accuracy: 99.4% MPKI: 0.08384 Average ROB Occupancy at Mispredict: 158.6
Branch type MPKI
BRANCH_DIRECT_JUMP: 0
BRANCH_INDIRECT: 0
BRANCH_CONDITIONAL: 0.08384
BRANCH_DIRECT_CALL: 0
BRANCH_INDIRECT_CALL: 0
BRANCH_RETURN: 0

cpu0->LLC TOTAL        ACCESS:    2491012 HIT:     447043 MISS:    2043969 MISS_MERGE:          0
cpu0->LLC LOAD         ACCESS:     355370 HIT:          0 MISS:     355370 MISS_MERGE:          0
cpu0->LLC RFO          ACCESS:    1066413 HIT:        437 MISS:    1065976 MISS_MERGE:          0
cpu0->LLC PREFETCH     ACCESS:          0 HIT:          0 MISS:          0 MISS_MERGE:          0
cpu0->LLC WRITE        ACCESS:    1066414 HIT:     446606 MISS:     619808 MISS_MERGE:          0
cpu0->LLC TRANSLATION  ACCESS:       2815 HIT:          0 MISS:       2815 MISS_MERGE:          0
cpu0->LLC PREFETCH REQUESTED:          0 ISSUED:          0 USEFUL:          0 USELESS:          0
cpu0->LLC AVERAGE MISS LATENCY: 247.5 cycles
cpu0->cpu0_DTLB TOTAL        ACCESS:   11549873 HIT:   11476439 MISS:      73434 MISS_MERGE:      51203
cpu0->cpu0_DTLB LOAD         ACCESS:   11549873 HIT:   11476439 MISS:      73434 MISS_MERGE:      51203
cpu0->cpu0_DTLB RFO          ACCESS:          0 HIT:          0 MISS:          0 MISS_MERGE:          0
cpu0->cpu0_DTLB PREFETCH     ACCESS:          0 HIT:          0 MISS:          0 MISS_MERGE:          0
cpu0->cpu0_DTLB WRITE        ACCESS:          0 HIT:          0 MISS:          0 MISS_MERGE:          0
cpu0->cpu0_DTLB TRANSLATION  ACCESS:          0 HIT:          0 MISS:          0 MISS_MERGE:          0
cpu0->cpu0_DTLB PREFETCH REQUESTED:          0 ISSUED:          0 USEFUL:          0 USELESS:          0
cpu0->cpu0_DTLB AVERAGE MISS LATENCY: 169.1 cycles
cpu0->cpu0_ITLB TOTAL        ACCESS:    9204983 HIT:    9204983 MISS:          0 MISS_MERGE:          0
cpu0->cpu0_ITLB LOAD         ACCESS:    9204983 HIT:    9204983 MISS:          0 MISS_MERGE:          0
cpu0->cpu0_ITLB RFO          ACCESS:          0 HIT:          0 MISS:          0 MISS_MERGE:          0
cpu0->cpu0_ITLB PREFETCH     ACCESS:          0 HIT:          0 MISS:          0 MISS_MERGE:          0
cpu0->cpu0_ITLB WRITE        ACCESS:          0 HIT:          0 MISS:          0 MISS_MERGE:          0
cpu0->cpu0_ITLB TRANSLATION  ACCESS:          0 HIT:          0 MISS:          0 MISS_MERGE:          0
cpu0->cpu0_ITLB PREFETCH REQUESTED:          0 ISSUED:          0 USEFUL:          0 USELESS:          0
cpu0->cpu0_ITLB AVERAGE MISS LATENCY: - cycles
cpu0->cpu0_L1D TOTAL        ACCESS:   11594357 HIT:    7287755 MISS:    4306602 MISS_MERGE:    1948985
cpu0->cpu0_L1D LOAD         ACCESS:    6528655 HIT:    4243082 MISS:    2285573 MISS_MERGE:    1930203
cpu0->cpu0_L1D RFO          ACCESS:          0 HIT:          0 MISS:          0 MISS_MERGE:          0
cpu0->cpu0_L1D PREFETCH     ACCESS:          0 HIT:          0 MISS:          0 MISS_MERGE:          0
cpu0->cpu0_L1D WRITE        ACCESS:    5021218 HIT:    3003012 MISS:    2018206 MISS_MERGE:      18778
cpu0->cpu0_L1D TRANSLATION  ACCESS:      44484 HIT:      41661 MISS:       2823 MISS_MERGE:          4
cpu0->cpu0_L1D PREFETCH REQUESTED:          0 ISSUED:          0 USEFUL:          0 USELESS:          0
cpu0->cpu0_L1D AVERAGE MISS LATENCY: 230.7 cycles
cpu0->cpu0_L1I TOTAL        ACCESS:    9204983 HIT:    9204983 MISS:          0 MISS_MERGE:          0
cpu0->cpu0_L1I LOAD         ACCESS:    9204983 HIT:    9204983 MISS:          0 MISS_MERGE:          0
cpu0->cpu0_L1I RFO          ACCESS:          0 HIT:          0 MISS:          0 MISS_MERGE:          0
cpu0->cpu0_L1I PREFETCH     ACCESS:          0 HIT:          0 MISS:          0 MISS_MERGE:          0
cpu0->cpu0_L1I WRITE        ACCESS:          0 HIT:          0 MISS:          0 MISS_MERGE:          0
cpu0->cpu0_L1I TRANSLATION  ACCESS:          0 HIT:          0 MISS:          0 MISS_MERGE:          0
cpu0->cpu0_L1I PREFETCH REQUESTED:          0 ISSUED:          0 USEFUL:          0 USELESS:          0
cpu0->cpu0_L1I AVERAGE MISS LATENCY: - cycles
cpu0->cpu0_L2C TOTAL        ACCESS:    4357031 HIT:    2932430 MISS:    1424601 MISS_MERGE:          0
cpu0->cpu0_L2C LOAD         ACCESS:     355370 HIT:          0 MISS:     355370 MISS_MERGE:          0
cpu0->cpu0_L2C RFO          ACCESS:    1999429 HIT:     933013 MISS:    1066416 MISS_MERGE:          0
cpu0->cpu0_L2C PREFETCH     ACCESS:          0 HIT:          0 MISS:          0 MISS_MERGE:          0
cpu0->cpu0_L2C WRITE        ACCESS:    1999413 HIT:    1999413 MISS:          0 MISS_MERGE:          0
cpu0->cpu0_L2C TRANSLATION  ACCESS:       2819 HIT:          4 MISS:       2815 MISS_MERGE:          0
cpu0->cpu0_L2C PREFETCH REQUESTED:          0 ISSUED:          0 USEFUL:          0 USELESS:          0
cpu0->cpu0_L2C AVERAGE MISS LATENCY: 367.1 cycles
cpu0->cpu0_STLB TOTAL        ACCESS:      22231 HIT:          0 MISS:      22231 MISS_MERGE:          0
cpu0->cpu0_STLB LOAD         ACCESS:      22231 HIT:          0 MISS:      22231 MISS_MERGE:          0
cpu0->cpu0_STLB RFO          ACCESS:          0 HIT:          0 MISS:          0 MISS_MERGE:          0
cpu0->cpu0_STLB PREFETCH     ACCESS:          0 HIT:          0 MISS:          0 MISS_MERGE:          0
cpu0->cpu0_STLB WRITE        ACCESS:          0 HIT:          0 MISS:          0 MISS_MERGE:          0
cpu0->cpu0_STLB TRANSLATION  ACCESS:          0 HIT:          0 MISS:          0 MISS_MERGE:          0
cpu0->cpu0_STLB PREFETCH REQUESTED:          0 ISSUED:          0 USEFUL:          0 USELESS:          0
cpu0->cpu0_STLB AVERAGE MISS LATENCY: 163.1 cycles

DRAM Statistics

Channel 0 RQ ROW_BUFFER_HIT:      20937
  ROW_BUFFER_MISS:    1403216
  AVG DBUS CONGESTED CYCLE: 5.84
Channel 0 WQ ROW_BUFFER_HIT:     199279
  ROW_BUFFER_MISS:     865990
  FULL:          0
Channel 0 REFRESHES ISSUED:       6832
