[VMEM] WARNING: physical memory size is smaller than virtual memory size.

*** ChampSim Multicore Out-of-Order Simulator ***
Warmup Instructions: 12500000
Simulation Instructions: 50000000
Number of CPUs: 1
Page size: 4096

Off-chip DRAM Size: 16 GiB Channels: 1 Width: 64-bit Data Rate: 3205 MT/s
Heartbeat CPU 0 instructions: 10000004 cycles: 5092396 heartbeat IPC: 1.964 cumulative IPC: 1.964 (Simulation time: 00 hr 00 min 41 sec)
Warmup finished CPU 0 instructions: 12500002 cycles: 6134677 cumulative IPC: 2.038 (Simulation time: 00 hr 00 min 50 sec)
Warmup complete CPU 0 instructions: 12500002 cycles: 6134677 cumulative IPC: 2.038 (Simulation time: 00 hr 00 min 50 sec)
Heartbeat CPU 0 instructions: 20000006 cycles: 53377503 heartbeat IPC: 0.2071 cumulative IPC: 0.1588 (Simulation time: 00 hr 03 min 22 sec)
Heartbeat CPU 0 instructions: 30000009 cycles: 121158083 heartbeat IPC: 0.1475 cumulative IPC: 0.1521 (Simulation time: 00 hr 07 min 10 sec)
Heartbeat CPU 0 instructions: 40000009 cycles: 181205128 heartbeat IPC: 0.1665 cumulative IPC: 0.1571 (Simulation time: 00 hr 10 min 21 sec)
Heartbeat CPU 0 instructions: 50000009 cycles: 255598015 heartbeat IPC: 0.1344 cumulative IPC: 0.1503 (Simulation time: 00 hr 14 min 17 sec)
Heartbeat CPU 0 instructions: 60000010 cycles: 319314383 heartbeat IPC: 0.1569 cumulative IPC: 0.1517 (Simulation time: 00 hr 17 min 40 sec)
Simulation finished CPU 0 instructions: 50000000 cycles: 332698716 cumulative IPC: 0.1503 (Simulation time: 00 hr 18 min 44 sec)
Simulation complete CPU 0 instructions: 50000000 cycles: 332698716 cumulative IPC: 0.1503 (Simulation time: 00 hr 18 min 44 sec)

ChampSim completed all CPUs

=== Simulation ===
CPU 0 runs traces/429.mcf-51B.champsimtrace.xz

Region of Interest Statistics

CPU 0 cumulative IPC: 0.1503 instructions: 50000000 cycles: 332698716
CPU 0 Branch Prediction Accuracy: 85.8% MPKI: 34.3 Average ROB Occupancy at Mispredict: 27.75
Branch type MPKI
BRANCH_DIRECT_JUMP: 0.7198
BRANCH_INDIRECT: 0
BRANCH_CONDITIONAL: 33.58
BRANCH_DIRECT_CALL: 0
BRANCH_INDIRECT_CALL: 0
BRANCH_RETURN: 0

cpu0->LLC TOTAL        ACCESS:    4489687 HIT:    1420054 MISS:    3069633 MISS_MERGE:          0
cpu0->LLC LOAD         ACCESS:    3360024 HIT:     963354 MISS:    2396670 MISS_MERGE:          0
cpu0->LLC RFO          ACCESS:      79446 HIT:      40183 MISS:      39263 MISS_MERGE:          0
cpu0->LLC PREFETCH     ACCESS:          0 HIT:          0 MISS:          0 MISS_MERGE:          0
cpu0->LLC WRITE        ACCESS:     773064 HIT:     325895 MISS:     447169 MISS_MERGE:          0
cpu0->LLC TRANSLATION  ACCESS:     277153 HIT:      90622 MISS:     186531 MISS_MERGE:          0
cpu0->LLC PREFETCH REQUESTED:          0 ISSUED:          0 USEFUL:          0 USELESS:          0
cpu0->LLC AVERAGE MISS LATENCY: 187.9 cycles
cpu0->cpu0_DTLB TOTAL        ACCESS:   18643615 HIT:   11443261 MISS:    7200354 MISS_MERGE:    3132768
cpu0->cpu0_DTLB LOAD         ACCESS:   18643615 HIT:   11443261 MISS:    7200354 MISS_MERGE:    3132768
cpu0->cpu0_DTLB RFO          ACCESS:          0 HIT:          0 MISS:          0 MISS_MERGE:          0
cpu0->cpu0_DTLB PREFETCH     ACCESS:          0 HIT:          0 MISS:          0 MISS_MERGE:          0
cpu0->cpu0_DTLB WRITE        ACCESS:          0 HIT:          0 MISS:          0 MISS_MERGE:          0
cpu0->cpu0_DTLB TRANSLATION  ACCESS:          0 HIT:          0 MISS:          0 MISS_MERGE:          0
cpu0->cpu0_DTLB PREFETCH REQUESTED:          0 ISSUED:          0 USEFUL:          0 USELESS:          0
cpu0->cpu0_DTLB AVERAGE MISS LATENCY: 20.22 cycles
cpu0->cpu0_ITLB TOTAL        ACCESS:     826470 HIT:     826470 MISS:          0 MISS_MERGE:          0
cpu0->cpu0_ITLB LOAD         ACCESS:     826470 HIT:     826470 MISS:          0 MISS_MERGE:          0
cpu0->cpu0_ITLB RFO          ACCESS:          0 HIT:          0 MISS:          0 MISS_MERGE:          0
cpu0->cpu0_ITLB PREFETCH     ACCESS:          0 HIT:          0 MISS:          0 MISS_MERGE:          0
cpu0->cpu0_ITLB WRITE        ACCESS:          0 HIT:          0 MISS:          0 MISS_MERGE:          0
cpu0->cpu0_ITLB TRANSLATION  ACCESS:          0 HIT:          0 MISS:          0 MISS_MERGE:          0
cpu0->cpu0_ITLB PREFETCH REQUESTED:          0 ISSUED:          0 USEFUL:          0 USELESS:          0
cpu0->cpu0_ITLB AVERAGE MISS LATENCY: - cycles
cpu0->cpu0_L1D TOTAL        ACCESS:   19970372 HIT:   10964949 MISS:    9005423 MISS_MERGE:    3334687
cpu0->cpu0_L1D LOAD         ACCESS:   16064150 HIT:    7883772 MISS:    8180378 MISS_MERGE:    3186398
cpu0->cpu0_L1D RFO          ACCESS:          0 HIT:          0 MISS:          0 MISS_MERGE:          0
cpu0->cpu0_L1D PREFETCH     ACCESS:          0 HIT:          0 MISS:          0 MISS_MERGE:          0
cpu0->cpu0_L1D WRITE        ACCESS:    2579466 HIT:    2282322 MISS:     297144 MISS_MERGE:     142008
cpu0->cpu0_L1D TRANSLATION  ACCESS:    1326756 HIT:     798855 MISS:     527901 MISS_MERGE:       6281
cpu0->cpu0_L1D PREFETCH REQUESTED:          0 ISSUED:          0 USEFUL:          0 USELESS:          0
cpu0->cpu0_L1D AVERAGE MISS LATENCY: 120 cycles
cpu0->cpu0_L1I TOTAL        ACCESS:     826608 HIT:     826608 MISS:          0 MISS_MERGE:          0
cpu0->cpu0_L1I LOAD         ACCESS:     826608 HIT:     826608 MISS:          0 MISS_MERGE:          0
cpu0->cpu0_L1I RFO          ACCESS:          0 HIT:          0 MISS:          0 MISS_MERGE:          0
cpu0->cpu0_L1I PREFETCH     ACCESS:          0 HIT:          0 MISS:          0 MISS_MERGE:          0
cpu0->cpu0_L1I WRITE        ACCESS:          0 HIT:          0 MISS:          0 MISS_MERGE:          0
cpu0->cpu0_L1I TRANSLATION  ACCESS:          0 HIT:          0 MISS:          0 MISS_MERGE:          0
cpu0->cpu0_L1I PREFETCH REQUESTED:          0 ISSUED:          0 USEFUL:          0 USELESS:          0
cpu0->cpu0_L1I AVERAGE MISS LATENCY: - cycles
cpu0->cpu0_L2C TOTAL        ACCESS:    6886392 HIT:    3169634 MISS:    3716758 MISS_MERGE:          0
cpu0->cpu0_L2C LOAD         ACCESS:    4993979 HIT:    1633955 MISS:    3360024 MISS_MERGE:          0
cpu0->cpu0_L2C RFO          ACCESS:     155136 HIT:      75690 MISS:      79446 MISS_MERGE:          0
cpu0->cpu0_L2C PREFETCH     ACCESS:          0 HIT:          0 MISS:          0 MISS_MERGE:          0
cpu0->cpu0_L2C WRITE        ACCESS:    1215657 HIT:    1215522 MISS:        135 MISS_MERGE:          0
cpu0->cpu0_L2C TRANSLATION  ACCESS:     521620 HIT:     244467 MISS:     277153 MISS_MERGE:          0
cpu0->cpu0_L2C PREFETCH REQUESTED:          0 ISSUED:          0 USEFUL:          0 USELESS:          0
cpu0->cpu0_L2C AVERAGE MISS LATENCY: 169.8 cycles
cpu0->cpu0_STLB TOTAL        ACCESS:    4067586 HIT:    3492790 MISS:     574796 MISS_MERGE:          0
cpu0->cpu0_STLB LOAD         ACCESS:    4067586 HIT:    3492790 MISS:     574796 MISS_MERGE:          0
cpu0->cpu0_STLB RFO          ACCESS:          0 HIT:          0 MISS:          0 MISS_MERGE:          0
cpu0->cpu0_STLB PREFETCH     ACCESS:          0 HIT:          0 MISS:          0 MISS_MERGE:          0
cpu0->cpu0_STLB WRITE        ACCESS:          0 HIT:          0 MISS:          0 MISS_MERGE:          0
cpu0->cpu0_STLB TRANSLATION  ACCESS:          0 HIT:          0 MISS:          0 MISS_MERGE:          0
cpu0->cpu0_STLB PREFETCH REQUESTED:          0 ISSUED:          0 USEFUL:          0 USELESS:          0
cpu0->cpu0_STLB AVERAGE MISS LATENCY: 106.7 cycles

DRAM Statistics

Channel 0 RQ ROW_BUFFER_HIT:       2313
  ROW_BUFFER_MISS:    2619797
  AVG DBUS CONGESTED CYCLE: 9.408
Channel 0 WQ ROW_BUFFER_HIT:     155689
  ROW_BUFFER_MISS:     319501
  FULL:          0
Channel 0 REFRESHES ISSUED:      27725
