[VMEM] WARNING: physical memory size is smaller than virtual memory size.

*** ChampSim Multicore Out-of-Order Simulator ***
Warmup Instructions: 12500000
Simulation Instructions: 50000000
Number of CPUs: 1
Page size: 4096

Off-chip DRAM Size: 16 GiB Channels: 1 Width: 64-bit Data Rate: 3205 MT/s
Heartbeat CPU 0 instructions: 10000002 cycles: 3344936 heartbeat IPC: 2.99 cumulative IPC: 2.99 (Simulation time: 00 hr 00 min 29 sec)
Warmup finished CPU 0 instructions: 12500003 cycles: 4458649 cumulative IPC: 2.804 (Simulation time: 00 hr 00 min 38 sec)
Warmup complete CPU 0 instructions: 12500003 cycles: 4458649 cumulative IPC: 2.804 (Simulation time: 00 hr 00 min 38 sec)
Heartbeat CPU 0 instructions: 20000006 cycles: 23958462 heartbeat IPC: 0.4851 cumulative IPC: 0.3846 (Simulation time: 00 hr 01 min 32 sec)
Heartbeat CPU 0 instructions: 30000007 cycles: 50119972 heartbeat IPC: 0.3822 cumulative IPC: 0.3833 (Simulation time: 00 hr 03 min 13 sec)
Heartbeat CPU 0 instructions: 40000009 cycles: 83027338 heartbeat IPC: 0.3039 cumulative IPC: 0.35 (Simulation time: 00 hr 05 min 59 sec)
Heartbeat CPU 0 instructions: 50000009 cycles: 101381975 heartbeat IPC: 0.5448 cumulative IPC: 0.3869 (Simulation time: 00 hr 07 min 09 sec)
Heartbeat CPU 0 instructions: 60000010 cycles: 117586328 heartbeat IPC: 0.6171 cumulative IPC: 0.4199 (Simulation time: 00 hr 08 min 14 sec)
Simulation finished CPU 0 instructions: 50000004 cycles: 116422937 cumulative IPC: 0.4295 (Simulation time: 00 hr 08 min 27 sec)
Simulation complete CPU 0 instructions: 50000004 cycles: 116422937 cumulative IPC: 0.4295 (Simulation time: 00 hr 08 min 27 sec)

ChampSim completed all CPUs

=== Simulation ===
CPU 0 runs traces/403.gcc-17B.champsimtrace.xz

Region of Interest Statistics

CPU 0 cumulative IPC: 0.4295 instructions: 50000004 cycles: 116422937
CPU 0 Branch Prediction Accuracy: 91.45% MPKI: 17.95 Average ROB Occupancy at Mispredict: 31.51
Branch type MPKI
BRANCH_DIRECT_JUMP: 0.1334
BRANCH_INDIRECT: 0.4934
BRANCH_CONDITIONAL: 17.21
BRANCH_DIRECT_CALL: 0.1022
BRANCH_INDIRECT_CALL: 0.002
BRANCH_RETURN: 0.00512

cpu0->LLC TOTAL        ACCESS:    2259199 HIT:      60358 MISS:    2198841 MISS_MERGE:          0
cpu0->LLC LOAD         ACCESS:     335027 HIT:      54333 MISS:     280694 MISS_MERGE:          0
cpu0->LLC RFO          ACCESS:     938000 HIT:        242 MISS:     937758 MISS_MERGE:          0
cpu0->LLC PREFETCH     ACCESS:          0 HIT:          0 MISS:          0 MISS_MERGE:          0
cpu0->LLC WRITE        ACCESS:     974741 HIT:       5056 MISS:     969685 MISS_MERGE:          0
cpu0->LLC TRANSLATION  ACCESS:      11431 HIT:        727 MISS:      10704 MISS_MERGE:          0
cpu0->LLC PREFETCH REQUESTED:          0 ISSUED:          0 USEFUL:          0 USELESS:          0
cpu0->LLC AVERAGE MISS LATENCY: 295 cycles
cpu0->cpu0_DTLB TOTAL        ACCESS:   21962472 HIT:   20971020 MISS:     991452 MISS_MERGE:     428648
cpu0->cpu0_DTLB LOAD         ACCESS:   21962472 HIT:   20971020 MISS:     991452 MISS_MERGE:     428648
cpu0->cpu0_DTLB RFO          ACCESS:          0 HIT:          0 MISS:          0 MISS_MERGE:          0
cpu0->cpu0_DTLB PREFETCH     ACCESS:          0 HIT:          0 MISS:          0 MISS_MERGE:          0
cpu0->cpu0_DTLB WRITE        ACCESS:          0 HIT:          0 MISS:          0 MISS_MERGE:          0
cpu0->cpu0_DTLB TRANSLATION  ACCESS:          0 HIT:          0 MISS:          0 MISS_MERGE:          0
cpu0->cpu0_DTLB PREFETCH REQUESTED:          0 ISSUED:          0 USEFUL:          0 USELESS:          0
cpu0->cpu0_DTLB AVERAGE MISS LATENCY: 17.95 cycles
cpu0->cpu0_ITLB TOTAL        ACCESS:    6035014 HIT:    6031344 MISS:       3670 MISS_MERGE:       2261
cpu0->cpu0_ITLB LOAD         ACCESS:    6035014 HIT:    6031344 MISS:       3670 MISS_MERGE:       2261
cpu0->cpu0_ITLB RFO          ACCESS:          0 HIT:          0 MISS:          0 MISS_MERGE:          0
cpu0->cpu0_ITLB PREFETCH     ACCESS:          0 HIT:          0 MISS:          0 MISS_MERGE:          0
cpu0->cpu0_ITLB WRITE        ACCESS:          0 HIT:          0 MISS:          0 MISS_MERGE:          0
cpu0->cpu0_ITLB TRANSLATION  ACCESS:          0 HIT:          0 MISS:          0 MISS_MERGE:          0
cpu0->cpu0_ITLB PREFETCH REQUESTED:          0 ISSUED:          0 USEFUL:          0 USELESS:          0
cpu0->cpu0_ITLB AVERAGE MISS LATENCY: 14.51 cycles
cpu0->cpu0_L1D TOTAL        ACCESS:   22050056 HIT:   13753308 MISS:    8296748 MISS_MERGE:    6820374
cpu0->cpu0_L1D LOAD         ACCESS:    9663746 HIT:    8818338 MISS:     845408 MISS_MERGE:     323811
cpu0->cpu0_L1D RFO          ACCESS:          0 HIT:          0 MISS:          0 MISS_MERGE:          0
cpu0->cpu0_L1D PREFETCH     ACCESS:          0 HIT:          0 MISS:          0 MISS_MERGE:          0
cpu0->cpu0_L1D WRITE        ACCESS:   12298726 HIT:    4862545 MISS:    7436181 MISS_MERGE:    6496531
cpu0->cpu0_L1D TRANSLATION  ACCESS:      87584 HIT:      72425 MISS:      15159 MISS_MERGE:         32
cpu0->cpu0_L1D PREFETCH REQUESTED:          0 ISSUED:          0 USEFUL:          0 USELESS:          0
cpu0->cpu0_L1D AVERAGE MISS LATENCY: 456.1 cycles
cpu0->cpu0_L1I TOTAL        ACCESS:    6035014 HIT:    6032872 MISS:       2142 MISS_MERGE:        423
cpu0->cpu0_L1I LOAD         ACCESS:    6035014 HIT:    6032872 MISS:       2142 MISS_MERGE:        423
cpu0->cpu0_L1I RFO          ACCESS:          0 HIT:          0 MISS:          0 MISS_MERGE:          0
cpu0->cpu0_L1I PREFETCH     ACCESS:          0 HIT:          0 MISS:          0 MISS_MERGE:          0
cpu0->cpu0_L1I WRITE        ACCESS:          0 HIT:          0 MISS:          0 MISS_MERGE:          0
cpu0->cpu0_L1I TRANSLATION  ACCESS:          0 HIT:          0 MISS:          0 MISS_MERGE:          0
cpu0->cpu0_L1I PREFETCH REQUESTED:          0 ISSUED:          0 USEFUL:          0 USELESS:          0
cpu0->cpu0_L1I AVERAGE MISS LATENCY: 68.5 cycles
cpu0->cpu0_L2C TOTAL        ACCESS:    2462040 HIT:    1177417 MISS:    1284623 MISS_MERGE:          1
cpu0->cpu0_L2C LOAD         ACCESS:     523316 HIT:     188289 MISS:     335027 MISS_MERGE:          0
cpu0->cpu0_L2C RFO          ACCESS:     939650 HIT:       1649 MISS:     938001 MISS_MERGE:          1
cpu0->cpu0_L2C PREFETCH     ACCESS:          0 HIT:          0 MISS:          0 MISS_MERGE:          0
cpu0->cpu0_L2C WRITE        ACCESS:     983947 HIT:     983783 MISS:        164 MISS_MERGE:          0
cpu0->cpu0_L2C TRANSLATION  ACCESS:      15127 HIT:       3696 MISS:      11431 MISS_MERGE:          0
cpu0->cpu0_L2C PREFETCH REQUESTED:          0 ISSUED:          0 USEFUL:          0 USELESS:          0
cpu0->cpu0_L2C AVERAGE MISS LATENCY: 514.1 cycles
cpu0->cpu0_STLB TOTAL        ACCESS:     564213 HIT:     520665 MISS:      43548 MISS_MERGE:          0
cpu0->cpu0_STLB LOAD         ACCESS:     564213 HIT:     520665 MISS:      43548 MISS_MERGE:          0
cpu0->cpu0_STLB RFO          ACCESS:          0 HIT:          0 MISS:          0 MISS_MERGE:          0
cpu0->cpu0_STLB PREFETCH     ACCESS:          0 HIT:          0 MISS:          0 MISS_MERGE:          0
cpu0->cpu0_STLB WRITE        ACCESS:          0 HIT:          0 MISS:          0 MISS_MERGE:          0
cpu0->cpu0_STLB TRANSLATION  ACCESS:          0 HIT:          0 MISS:          0 MISS_MERGE:          0
cpu0->cpu0_STLB PREFETCH REQUESTED:          0 ISSUED:          0 USEFUL:          0 USELESS:          0
cpu0->cpu0_STLB AVERAGE MISS LATENCY: 166.7 cycles

DRAM Statistics

Channel 0 RQ ROW_BUFFER_HIT:      96592
  ROW_BUFFER_MISS:    1132555
  AVG DBUS CONGESTED CYCLE: 7.039
Channel 0 WQ ROW_BUFFER_HIT:     114713
  ROW_BUFFER_MISS:     853357
  FULL:          0
Channel 0 REFRESHES ISSUED:       9702
