[VMEM] WARNING: physical memory size is smaller than virtual memory size.

*** ChampSim Multicore Out-of-Order Simulator ***
Warmup Instructions: 12500000
Simulation Instructions: 50000000
Number of CPUs: 1
Page size: 4096

Off-chip DRAM Size: 16 GiB Channels: 1 Width: 64-bit Data Rate: 3205 MT/s
Heartbeat CPU 0 instructions: 10000001 cycles: 5027508 heartbeat IPC: 1.989 cumulative IPC: 1.989 (Simulation time: 00 hr 00 min 40 sec)
Warmup finished CPU 0 instructions: 12500001 cycles: 6107054 cumulative IPC: 2.047 (Simulation time: 00 hr 00 min 49 sec)
Warmup complete CPU 0 instructions: 12500001 cycles: 6107054 cumulative IPC: 2.047 (Simulation time: 00 hr 00 min 49 sec)
Heartbeat CPU 0 instructions: 20000001 cycles: 27054405 heartbeat IPC: 0.454 cumulative IPC: 0.358 (Simulation time: 00 hr 01 min 52 sec)
Heartbeat CPU 0 instructions: 30000001 cycles: 60271930 heartbeat IPC: 0.301 cumulative IPC: 0.3231 (Simulation time: 00 hr 03 min 38 sec)
Heartbeat CPU 0 instructions: 40000001 cycles: 88518057 heartbeat IPC: 0.354 cumulative IPC: 0.3337 (Simulation time: 00 hr 05 min 03 sec)
Heartbeat CPU 0 instructions: 50000005 cycles: 121054556 heartbeat IPC: 0.3073 cumulative IPC: 0.3262 (Simulation time: 00 hr 06 min 47 sec)
Heartbeat CPU 0 instructions: 60000006 cycles: 152714064 heartbeat IPC: 0.3159 cumulative IPC: 0.324 (Simulation time: 00 hr 08 min 23 sec)
Simulation finished CPU 0 instructions: 50000003 cycles: 154035489 cumulative IPC: 0.3246 (Simulation time: 00 hr 08 min 45 sec)
Simulation complete CPU 0 instructions: 50000003 cycles: 154035489 cumulative IPC: 0.3246 (Simulation time: 00 hr 08 min 45 sec)

ChampSim completed all CPUs

=== Simulation ===
CPU 0 runs traces/471.omnetpp-188B.champsimtrace.xz

Region of Interest Statistics

CPU 0 cumulative IPC: 0.3246 instructions: 50000003 cycles: 154035489
CPU 0 Branch Prediction Accuracy: 93.3% MPKI: 16.1 Average ROB Occupancy at Mispredict: 39.22
Branch type MPKI
BRANCH_DIRECT_JUMP: 0.00134
BRANCH_INDIRECT: 0.1254
BRANCH_CONDITIONAL: 15.32
BRANCH_DIRECT_CALL: 0.00068
BRANCH_INDIRECT_CALL: 0.1324
BRANCH_RETURN: 0.5249

cpu0->LLC TOTAL        ACCESS:    1527082 HIT:     593529 MISS:     933553 MISS_MERGE:          0
cpu0->LLC LOAD         ACCESS:     872172 HIT:     185796 MISS:     686376 MISS_MERGE:          0
cpu0->LLC RFO          ACCESS:     149154 HIT:      25238 MISS:     123916 MISS_MERGE:          0
cpu0->LLC PREFETCH     ACCESS:          0 HIT:          0 MISS:          0 MISS_MERGE:          0
cpu0->LLC WRITE        ACCESS:     423750 HIT:     324781 MISS:      98969 MISS_MERGE:          0
cpu0->LLC TRANSLATION  ACCESS:      82006 HIT:      57714 MISS:      24292 MISS_MERGE:          0
cpu0->LLC PREFETCH REQUESTED:          0 ISSUED:          0 USEFUL:          0 USELESS:          0
cpu0->LLC AVERAGE MISS LATENCY: 172.7 cycles
cpu0->cpu0_DTLB TOTAL        ACCESS:   21070227 HIT:   19556032 MISS:    1514195 MISS_MERGE:     546429
cpu0->cpu0_DTLB LOAD         ACCESS:   21070227 HIT:   19556032 MISS:    1514195 MISS_MERGE:     546429
cpu0->cpu0_DTLB RFO          ACCESS:          0 HIT:          0 MISS:          0 MISS_MERGE:          0
cpu0->cpu0_DTLB PREFETCH     ACCESS:          0 HIT:          0 MISS:          0 MISS_MERGE:          0
cpu0->cpu0_DTLB WRITE        ACCESS:          0 HIT:          0 MISS:          0 MISS_MERGE:          0
cpu0->cpu0_DTLB TRANSLATION  ACCESS:          0 HIT:          0 MISS:          0 MISS_MERGE:          0
cpu0->cpu0_DTLB PREFETCH REQUESTED:          0 ISSUED:          0 USEFUL:          0 USELESS:          0
cpu0->cpu0_DTLB AVERAGE MISS LATENCY: 18.11 cycles
cpu0->cpu0_ITLB TOTAL        ACCESS:    5666140 HIT:    5608596 MISS:      57544 MISS_MERGE:      34261
cpu0->cpu0_ITLB LOAD         ACCESS:    5666140 HIT:    5608596 MISS:      57544 MISS_MERGE:      34261
cpu0->cpu0_ITLB RFO          ACCESS:          0 HIT:          0 MISS:          0 MISS_MERGE:          0
cpu0->cpu0_ITLB PREFETCH     ACCESS:          0 HIT:          0 MISS:          0 MISS_MERGE:          0
cpu0->cpu0_ITLB WRITE        ACCESS:          0 HIT:          0 MISS:          0 MISS_MERGE:          0
cpu0->cpu0_ITLB TRANSLATION  ACCESS:          0 HIT:          0 MISS:          0 MISS_MERGE:          0
cpu0->cpu0_ITLB PREFETCH REQUESTED:          0 ISSUED:          0 USEFUL:          0 USELESS:          0
cpu0->cpu0_ITLB AVERAGE MISS LATENCY: 6.121 cycles
cpu0->cpu0_L1D TOTAL        ACCESS:   21504416 HIT:   18880457 MISS:    2623959 MISS_MERGE:    1331547
cpu0->cpu0_L1D LOAD         ACCESS:   12646012 HIT:   10873711 MISS:    1772301 MISS_MERGE:     778468
cpu0->cpu0_L1D RFO          ACCESS:          0 HIT:          0 MISS:          0 MISS_MERGE:          0
cpu0->cpu0_L1D PREFETCH     ACCESS:          0 HIT:          0 MISS:          0 MISS_MERGE:          0
cpu0->cpu0_L1D WRITE        ACCESS:    8424215 HIT:    7710808 MISS:     713407 MISS_MERGE:     550722
cpu0->cpu0_L1D TRANSLATION  ACCESS:     434189 HIT:     295938 MISS:     138251 MISS_MERGE:       2357
cpu0->cpu0_L1D PREFETCH REQUESTED:          0 ISSUED:          0 USEFUL:          0 USELESS:          0
cpu0->cpu0_L1D AVERAGE MISS LATENCY: 146.2 cycles
cpu0->cpu0_L1I TOTAL        ACCESS:    5666140 HIT:    5663053 MISS:       3087 MISS_MERGE:        676
cpu0->cpu0_L1I LOAD         ACCESS:    5666140 HIT:    5663053 MISS:       3087 MISS_MERGE:        676
cpu0->cpu0_L1I RFO          ACCESS:          0 HIT:          0 MISS:          0 MISS_MERGE:          0
cpu0->cpu0_L1I PREFETCH     ACCESS:          0 HIT:          0 MISS:          0 MISS_MERGE:          0
cpu0->cpu0_L1I WRITE        ACCESS:          0 HIT:          0 MISS:          0 MISS_MERGE:          0
cpu0->cpu0_L1I TRANSLATION  ACCESS:          0 HIT:          0 MISS:          0 MISS_MERGE:          0
cpu0->cpu0_L1I PREFETCH REQUESTED:          0 ISSUED:          0 USEFUL:          0 USELESS:          0
cpu0->cpu0_L1I AVERAGE MISS LATENCY: 119.5 cycles
cpu0->cpu0_L2C TOTAL        ACCESS:    1774568 HIT:     670138 MISS:    1104430 MISS_MERGE:          0
cpu0->cpu0_L2C LOAD         ACCESS:     996244 HIT:     124072 MISS:     872172 MISS_MERGE:          0
cpu0->cpu0_L2C RFO          ACCESS:     162685 HIT:      13531 MISS:     149154 MISS_MERGE:          0
cpu0->cpu0_L2C PREFETCH     ACCESS:          0 HIT:          0 MISS:          0 MISS_MERGE:          0
cpu0->cpu0_L2C WRITE        ACCESS:     479745 HIT:     478647 MISS:       1098 MISS_MERGE:          0
cpu0->cpu0_L2C TRANSLATION  ACCESS:     135894 HIT:      53888 MISS:      82006 MISS_MERGE:          0
cpu0->cpu0_L2C PREFETCH REQUESTED:          0 ISSUED:          0 USEFUL:          0 USELESS:          0
cpu0->cpu0_L2C AVERAGE MISS LATENCY: 160.9 cycles
cpu0->cpu0_STLB TOTAL        ACCESS:     991049 HIT:     778400 MISS:     212649 MISS_MERGE:          0
cpu0->cpu0_STLB LOAD         ACCESS:     991049 HIT:     778400 MISS:     212649 MISS_MERGE:          0
cpu0->cpu0_STLB RFO          ACCESS:          0 HIT:          0 MISS:          0 MISS_MERGE:          0
cpu0->cpu0_STLB PREFETCH     ACCESS:          0 HIT:          0 MISS:          0 MISS_MERGE:          0
cpu0->cpu0_STLB WRITE        ACCESS:          0 HIT:          0 MISS:          0 MISS_MERGE:          0
cpu0->cpu0_STLB TRANSLATION  ACCESS:          0 HIT:          0 MISS:          0 MISS_MERGE:          0
cpu0->cpu0_STLB PREFETCH REQUESTED:          0 ISSUED:          0 USEFUL:          0 USELESS:          0
cpu0->cpu0_STLB AVERAGE MISS LATENCY: 58.77 cycles

DRAM Statistics

Channel 0 RQ ROW_BUFFER_HIT:      18134
  ROW_BUFFER_MISS:     816419
  AVG DBUS CONGESTED CYCLE: 18.98
Channel 0 WQ ROW_BUFFER_HIT:     104791
  ROW_BUFFER_MISS:     230671
  FULL:          0
Channel 0 REFRESHES ISSUED:      12837
