[VMEM] WARNING: physical memory size is smaller than virtual memory size.

*** ChampSim Multicore Out-of-Order Simulator ***
Warmup Instructions: 12500000
Simulation Instructions: 50000000
Number of CPUs: 1
Page size: 4096

Off-chip DRAM Size: 16 GiB Channels: 1 Width: 64-bit Data Rate: 3205 MT/s
Heartbeat CPU 0 instructions: 10000002 cycles: 5027294 heartbeat IPC: 1.989 cumulative IPC: 1.989 (Simulation time: 00 hr 00 min 40 sec)
Warmup finished CPU 0 instructions: 12500003 cycles: 6105402 cumulative IPC: 2.047 (Simulation time: 00 hr 00 min 49 sec)
Warmup complete CPU 0 instructions: 12500003 cycles: 6105402 cumulative IPC: 2.047 (Simulation time: 00 hr 00 min 49 sec)
Heartbeat CPU 0 instructions: 20000006 cycles: 30342888 heartbeat IPC: 0.395 cumulative IPC: 0.3094 (Simulation time: 00 hr 02 min 00 sec)
Heartbeat CPU 0 instructions: 30000006 cycles: 66825952 heartbeat IPC: 0.2741 cumulative IPC: 0.2882 (Simulation time: 00 hr 03 min 54 sec)
Heartbeat CPU 0 instructions: 40000006 cycles: 98975817 heartbeat IPC: 0.311 cumulative IPC: 0.2961 (Simulation time: 00 hr 05 min 31 sec)
Heartbeat CPU 0 instructions: 50000009 cycles: 134342559 heartbeat IPC: 0.2828 cumulative IPC: 0.2924 (Simulation time: 00 hr 07 min 18 sec)
Heartbeat CPU 0 instructions: 60000011 cycles: 171010327 heartbeat IPC: 0.2727 cumulative IPC: 0.288 (Simulation time: 00 hr 09 min 08 sec)
Simulation finished CPU 0 instructions: 50000001 cycles: 173388726 cumulative IPC: 0.2884 (Simulation time: 00 hr 12 min 28 sec)
Simulation complete CPU 0 instructions: 50000001 cycles: 173388726 cumulative IPC: 0.2884 (Simulation time: 00 hr 12 min 28 sec)

ChampSim completed all CPUs

=== Simulation ===
CPU 0 runs traces/471.omnetpp-188B.champsimtrace.xz

Region of Interest Statistics

CPU 0 cumulative IPC: 0.2884 instructions: 50000001 cycles: 173388726
CPU 0 Branch Prediction Accuracy: 93.3% MPKI: 16.1 Average ROB Occupancy at Mispredict: 38.74
Branch type MPKI
BRANCH_DIRECT_JUMP: 0.00134
BRANCH_INDIRECT: 0.1254
BRANCH_CONDITIONAL: 15.32
BRANCH_DIRECT_CALL: 0.00068
BRANCH_INDIRECT_CALL: 0.1324
BRANCH_RETURN: 0.5249

cpu0->LLC TOTAL        ACCESS:    1527091 HIT:     124853 MISS:    1402238 MISS_MERGE:          0
cpu0->LLC LOAD         ACCESS:     872082 HIT:      46310 MISS:     825772 MISS_MERGE:          0
cpu0->LLC RFO          ACCESS:     149268 HIT:      10202 MISS:     139066 MISS_MERGE:          0
cpu0->LLC PREFETCH     ACCESS:          0 HIT:          0 MISS:          0 MISS_MERGE:          0
cpu0->LLC WRITE        ACCESS:     423760 HIT:      31495 MISS:     392265 MISS_MERGE:          0
cpu0->LLC TRANSLATION  ACCESS:      81981 HIT:      36846 MISS:      45135 MISS_MERGE:          0
cpu0->LLC PREFETCH REQUESTED:          0 ISSUED:          0 USEFUL:          0 USELESS:          0
cpu0->LLC AVERAGE MISS LATENCY: 142.1 cycles
cpu0->cpu0_DTLB TOTAL        ACCESS:   21075378 HIT:   19560100 MISS:    1515278 MISS_MERGE:     547427
cpu0->cpu0_DTLB LOAD         ACCESS:   21075378 HIT:   19560100 MISS:    1515278 MISS_MERGE:     547427
cpu0->cpu0_DTLB RFO          ACCESS:          0 HIT:          0 MISS:          0 MISS_MERGE:          0
cpu0->cpu0_DTLB PREFETCH     ACCESS:          0 HIT:          0 MISS:          0 MISS_MERGE:          0
cpu0->cpu0_DTLB WRITE        ACCESS:          0 HIT:          0 MISS:          0 MISS_MERGE:          0
cpu0->cpu0_DTLB TRANSLATION  ACCESS:          0 HIT:          0 MISS:          0 MISS_MERGE:          0
cpu0->cpu0_DTLB PREFETCH REQUESTED:          0 ISSUED:          0 USEFUL:          0 USELESS:          0
cpu0->cpu0_DTLB AVERAGE MISS LATENCY: 22.47 cycles
cpu0->cpu0_ITLB TOTAL        ACCESS:    5665554 HIT:    5607994 MISS:      57560 MISS_MERGE:      34277
cpu0->cpu0_ITLB LOAD         ACCESS:    5665554 HIT:    5607994 MISS:      57560 MISS_MERGE:      34277
cpu0->cpu0_ITLB RFO          ACCESS:          0 HIT:          0 MISS:          0 MISS_MERGE:          0
cpu0->cpu0_ITLB PREFETCH     ACCESS:          0 HIT:          0 MISS:          0 MISS_MERGE:          0
cpu0->cpu0_ITLB WRITE        ACCESS:          0 HIT:          0 MISS:          0 MISS_MERGE:          0
cpu0->cpu0_ITLB TRANSLATION  ACCESS:          0 HIT:          0 MISS:          0 MISS_MERGE:          0
cpu0->cpu0_ITLB PREFETCH REQUESTED:          0 ISSUED:          0 USEFUL:          0 USELESS:          0
cpu0->cpu0_ITLB AVERAGE MISS LATENCY: 7.452 cycles
cpu0->cpu0_L1D TOTAL        ACCESS:   21509572 HIT:   18881977 MISS:    2627595 MISS_MERGE:    1335193
cpu0->cpu0_L1D LOAD         ACCESS:   12651159 HIT:   10873002 MISS:    1778157 MISS_MERGE:     784423
cpu0->cpu0_L1D RFO          ACCESS:          0 HIT:          0 MISS:          0 MISS_MERGE:          0
cpu0->cpu0_L1D PREFETCH     ACCESS:          0 HIT:          0 MISS:          0 MISS_MERGE:          0
cpu0->cpu0_L1D WRITE        ACCESS:    8424221 HIT:    7713047 MISS:     711174 MISS_MERGE:     548400
cpu0->cpu0_L1D TRANSLATION  ACCESS:     434192 HIT:     295928 MISS:     138264 MISS_MERGE:       2370
cpu0->cpu0_L1D PREFETCH REQUESTED:          0 ISSUED:          0 USEFUL:          0 USELESS:          0
cpu0->cpu0_L1D AVERAGE MISS LATENCY: 173.8 cycles
cpu0->cpu0_L1I TOTAL        ACCESS:    5665554 HIT:    5662471 MISS:       3083 MISS_MERGE:        671
cpu0->cpu0_L1I LOAD         ACCESS:    5665554 HIT:    5662471 MISS:       3083 MISS_MERGE:        671
cpu0->cpu0_L1I RFO          ACCESS:          0 HIT:          0 MISS:          0 MISS_MERGE:          0
cpu0->cpu0_L1I PREFETCH     ACCESS:          0 HIT:          0 MISS:          0 MISS_MERGE:          0
cpu0->cpu0_L1I WRITE        ACCESS:          0 HIT:          0 MISS:          0 MISS_MERGE:          0
cpu0->cpu0_L1I TRANSLATION  ACCESS:          0 HIT:          0 MISS:          0 MISS_MERGE:          0
cpu0->cpu0_L1I PREFETCH REQUESTED:          0 ISSUED:          0 USEFUL:          0 USELESS:          0
cpu0->cpu0_L1I AVERAGE MISS LATENCY: 124.3 cycles
cpu0->cpu0_L2C TOTAL        ACCESS:    1774538 HIT:     670092 MISS:    1104446 MISS_MERGE:          0
cpu0->cpu0_L2C LOAD         ACCESS:     996146 HIT:     124064 MISS:     872082 MISS_MERGE:          0
cpu0->cpu0_L2C RFO          ACCESS:     162774 HIT:      13506 MISS:     149268 MISS_MERGE:          0
cpu0->cpu0_L2C PREFETCH     ACCESS:          0 HIT:          0 MISS:          0 MISS_MERGE:          0
cpu0->cpu0_L2C WRITE        ACCESS:     479724 HIT:     478609 MISS:       1115 MISS_MERGE:          0
cpu0->cpu0_L2C TRANSLATION  ACCESS:     135894 HIT:      53913 MISS:      81981 MISS_MERGE:          0
cpu0->cpu0_L2C PREFETCH REQUESTED:          0 ISSUED:          0 USEFUL:          0 USELESS:          0
cpu0->cpu0_L2C AVERAGE MISS LATENCY: 193.2 cycles
cpu0->cpu0_STLB TOTAL        ACCESS:     991134 HIT:     778485 MISS:     212649 MISS_MERGE:          0
cpu0->cpu0_STLB LOAD         ACCESS:     991134 HIT:     778485 MISS:     212649 MISS_MERGE:          0
cpu0->cpu0_STLB RFO          ACCESS:          0 HIT:          0 MISS:          0 MISS_MERGE:          0
cpu0->cpu0_STLB PREFETCH     ACCESS:          0 HIT:          0 MISS:          0 MISS_MERGE:          0
cpu0->cpu0_STLB WRITE        ACCESS:          0 HIT:          0 MISS:          0 MISS_MERGE:          0
cpu0->cpu0_STLB TRANSLATION  ACCESS:          0 HIT:          0 MISS:          0 MISS_MERGE:          0
cpu0->cpu0_STLB PREFETCH REQUESTED:          0 ISSUED:          0 USEFUL:          0 USELESS:          0
cpu0->cpu0_STLB AVERAGE MISS LATENCY: 78.76 cycles

DRAM Statistics

Channel 0 RQ ROW_BUFFER_HIT:      20421
  ROW_BUFFER_MISS:     989485
  AVG DBUS CONGESTED CYCLE: 18.44
Channel 0 WQ ROW_BUFFER_HIT:     129004
  ROW_BUFFER_MISS:     263335
  FULL:          0
Channel 0 REFRESHES ISSUED:      14449
