[VMEM] WARNING: physical memory size is smaller than virtual memory size.

*** ChampSim Multicore Out-of-Order Simulator ***
Warmup Instructions: 12500000
Simulation Instructions: 50000000
Number of CPUs: 1
Page size: 4096

Off-chip DRAM Size: 16 GiB Channels: 1 Width: 64-bit Data Rate: 3205 MT/s
Heartbeat CPU 0 instructions: 10000004 cycles: 5095183 heartbeat IPC: 1.963 cumulative IPC: 1.963 (Simulation time: 00 hr 00 min 43 sec)
Warmup finished CPU 0 instructions: 12500004 cycles: 6137182 cumulative IPC: 2.037 (Simulation time: 00 hr 00 min 52 sec)
Warmup complete CPU 0 instructions: 12500004 cycles: 6137182 cumulative IPC: 2.037 (Simulation time: 00 hr 00 min 52 sec)
Heartbeat CPU 0 instructions: 20000006 cycles: 59887572 heartbeat IPC: 0.1825 cumulative IPC: 0.1395 (Simulation time: 00 hr 03 min 42 sec)
Heartbeat CPU 0 instructions: 30000009 cycles: 136967998 heartbeat IPC: 0.1297 cumulative IPC: 0.1338 (Simulation time: 00 hr 07 min 52 sec)
Heartbeat CPU 0 instructions: 40000009 cycles: 205361348 heartbeat IPC: 0.1462 cumulative IPC: 0.138 (Simulation time: 00 hr 11 min 33 sec)
Heartbeat CPU 0 instructions: 50000009 cycles: 291545620 heartbeat IPC: 0.116 cumulative IPC: 0.1314 (Simulation time: 00 hr 16 min 06 sec)
Heartbeat CPU 0 instructions: 60000010 cycles: 364662548 heartbeat IPC: 0.1368 cumulative IPC: 0.1325 (Simulation time: 00 hr 19 min 57 sec)
Simulation finished CPU 0 instructions: 50000001 cycles: 380624212 cumulative IPC: 0.1314 (Simulation time: 00 hr 21 min 09 sec)
Simulation complete CPU 0 instructions: 50000001 cycles: 380624212 cumulative IPC: 0.1314 (Simulation time: 00 hr 21 min 09 sec)

ChampSim completed all CPUs

=== Simulation ===
CPU 0 runs traces/429.mcf-51B.champsimtrace.xz

Region of Interest Statistics

CPU 0 cumulative IPC: 0.1314 instructions: 50000001 cycles: 380624212
CPU 0 Branch Prediction Accuracy: 85.8% MPKI: 34.3 Average ROB Occupancy at Mispredict: 26.05
Branch type MPKI
BRANCH_DIRECT_JUMP: 0.7198
BRANCH_INDIRECT: 0
BRANCH_CONDITIONAL: 33.58
BRANCH_DIRECT_CALL: 0
BRANCH_INDIRECT_CALL: 0
BRANCH_RETURN: 0

cpu0->LLC TOTAL        ACCESS:    4488698 HIT:     727992 MISS:    3760706 MISS_MERGE:          0
cpu0->LLC LOAD         ACCESS:    3360092 HIT:     527915 MISS:    2832177 MISS_MERGE:          0
cpu0->LLC RFO          ACCESS:      79418 HIT:      15952 MISS:      63466 MISS_MERGE:          0
cpu0->LLC PREFETCH     ACCESS:          0 HIT:          0 MISS:          0 MISS_MERGE:          0
cpu0->LLC WRITE        ACCESS:     772413 HIT:     156451 MISS:     615962 MISS_MERGE:          0
cpu0->LLC TRANSLATION  ACCESS:     276775 HIT:      27674 MISS:     249101 MISS_MERGE:          0
cpu0->LLC PREFETCH REQUESTED:          0 ISSUED:          0 USEFUL:          0 USELESS:          0
cpu0->LLC AVERAGE MISS LATENCY: 186.6 cycles
cpu0->cpu0_DTLB TOTAL        ACCESS:   18649827 HIT:   11441927 MISS:    7207900 MISS_MERGE:    3140284
cpu0->cpu0_DTLB LOAD         ACCESS:   18649827 HIT:   11441927 MISS:    7207900 MISS_MERGE:    3140284
cpu0->cpu0_DTLB RFO          ACCESS:          0 HIT:          0 MISS:          0 MISS_MERGE:          0
cpu0->cpu0_DTLB PREFETCH     ACCESS:          0 HIT:          0 MISS:          0 MISS_MERGE:          0
cpu0->cpu0_DTLB WRITE        ACCESS:          0 HIT:          0 MISS:          0 MISS_MERGE:          0
cpu0->cpu0_DTLB TRANSLATION  ACCESS:          0 HIT:          0 MISS:          0 MISS_MERGE:          0
cpu0->cpu0_DTLB PREFETCH REQUESTED:          0 ISSUED:          0 USEFUL:          0 USELESS:          0
cpu0->cpu0_DTLB AVERAGE MISS LATENCY: 23.97 cycles
cpu0->cpu0_ITLB TOTAL        ACCESS:     821924 HIT:     821924 MISS:          0 MISS_MERGE:          0
cpu0->cpu0_ITLB LOAD         ACCESS:     821924 HIT:     821924 MISS:          0 MISS_MERGE:          0
cpu0->cpu0_ITLB RFO          ACCESS:          0 HIT:          0 MISS:          0 MISS_MERGE:          0
cpu0->cpu0_ITLB PREFETCH     ACCESS:          0 HIT:          0 MISS:          0 MISS_MERGE:          0
cpu0->cpu0_ITLB WRITE        ACCESS:          0 HIT:          0 MISS:          0 MISS_MERGE:          0
cpu0->cpu0_ITLB TRANSLATION  ACCESS:          0 HIT:          0 MISS:          0 MISS_MERGE:          0
cpu0->cpu0_ITLB PREFETCH REQUESTED:          0 ISSUED:          0 USEFUL:          0 USELESS:          0
cpu0->cpu0_ITLB AVERAGE MISS LATENCY: - cycles
cpu0->cpu0_L1D TOTAL        ACCESS:   19975893 HIT:   10994457 MISS:    8981436 MISS_MERGE:    3310670
cpu0->cpu0_L1D LOAD         ACCESS:   16070363 HIT:    7912889 MISS:    8157474 MISS_MERGE:    3163502
cpu0->cpu0_L1D RFO          ACCESS:          0 HIT:          0 MISS:          0 MISS_MERGE:          0
cpu0->cpu0_L1D PREFETCH     ACCESS:          0 HIT:          0 MISS:          0 MISS_MERGE:          0
cpu0->cpu0_L1D WRITE        ACCESS:    2579466 HIT:    2282317 MISS:     297149 MISS_MERGE:     142010
cpu0->cpu0_L1D TRANSLATION  ACCESS:    1326064 HIT:     799251 MISS:     526813 MISS_MERGE:       5158
cpu0->cpu0_L1D PREFETCH REQUESTED:          0 ISSUED:          0 USEFUL:          0 USELESS:          0
cpu0->cpu0_L1D AVERAGE MISS LATENCY: 141.9 cycles
cpu0->cpu0_L1I TOTAL        ACCESS:     822062 HIT:     822062 MISS:          0 MISS_MERGE:          0
cpu0->cpu0_L1I LOAD         ACCESS:     822062 HIT:     822062 MISS:          0 MISS_MERGE:          0
cpu0->cpu0_L1I RFO          ACCESS:          0 HIT:          0 MISS:          0 MISS_MERGE:          0
cpu0->cpu0_L1I PREFETCH     ACCESS:          0 HIT:          0 MISS:          0 MISS_MERGE:          0
cpu0->cpu0_L1I WRITE        ACCESS:          0 HIT:          0 MISS:          0 MISS_MERGE:          0
cpu0->cpu0_L1I TRANSLATION  ACCESS:          0 HIT:          0 MISS:          0 MISS_MERGE:          0
cpu0->cpu0_L1I PREFETCH REQUESTED:          0 ISSUED:          0 USEFUL:          0 USELESS:          0
cpu0->cpu0_L1I AVERAGE MISS LATENCY: - cycles
cpu0->cpu0_L2C TOTAL        ACCESS:    6885749 HIT:    3169328 MISS:    3716421 MISS_MERGE:          0
cpu0->cpu0_L2C LOAD         ACCESS:    4993971 HIT:    1633879 MISS:    3360092 MISS_MERGE:          0
cpu0->cpu0_L2C RFO          ACCESS:     155139 HIT:      75721 MISS:      79418 MISS_MERGE:          0
cpu0->cpu0_L2C PREFETCH     ACCESS:          0 HIT:          0 MISS:          0 MISS_MERGE:          0
cpu0->cpu0_L2C WRITE        ACCESS:    1214984 HIT:    1214848 MISS:        136 MISS_MERGE:          0
cpu0->cpu0_L2C TRANSLATION  ACCESS:     521655 HIT:     244880 MISS:     276775 MISS_MERGE:          0
cpu0->cpu0_L2C PREFETCH REQUESTED:          0 ISSUED:          0 USEFUL:          0 USELESS:          0
cpu0->cpu0_L2C AVERAGE MISS LATENCY: 203.2 cycles
cpu0->cpu0_STLB TOTAL        ACCESS:    4067616 HIT:    3492813 MISS:     574803 MISS_MERGE:          0
cpu0->cpu0_STLB LOAD         ACCESS:    4067616 HIT:    3492813 MISS:     574803 MISS_MERGE:          0
cpu0->cpu0_STLB RFO          ACCESS:          0 HIT:          0 MISS:          0 MISS_MERGE:          0
cpu0->cpu0_STLB PREFETCH     ACCESS:          0 HIT:          0 MISS:          0 MISS_MERGE:          0
cpu0->cpu0_STLB WRITE        ACCESS:          0 HIT:          0 MISS:          0 MISS_MERGE:          0
cpu0->cpu0_STLB TRANSLATION  ACCESS:          0 HIT:          0 MISS:          0 MISS_MERGE:          0
cpu0->cpu0_STLB PREFETCH REQUESTED:          0 ISSUED:          0 USEFUL:          0 USELESS:          0
cpu0->cpu0_STLB AVERAGE MISS LATENCY: 133.2 cycles

DRAM Statistics

Channel 0 RQ ROW_BUFFER_HIT:       2921
  ROW_BUFFER_MISS:    3141590
  AVG DBUS CONGESTED CYCLE: 8.601
Channel 0 WQ ROW_BUFFER_HIT:     197968
  ROW_BUFFER_MISS:     416539
  FULL:          0
Channel 0 REFRESHES ISSUED:      31719
