[VMEM] WARNING: physical memory size is smaller than virtual memory size.

*** ChampSim Multicore Out-of-Order Simulator ***
Warmup Instructions: 12500000
Simulation Instructions: 50000000
Number of CPUs: 1
Page size: 4096

Off-chip DRAM Size: 16 GiB Channels: 1 Width: 64-bit Data Rate: 3205 MT/s
Heartbeat CPU 0 instructions: 10000003 cycles: 5027141 heartbeat IPC: 1.989 cumulative IPC: 1.989 (Simulation time: 00 hr 00 min 40 sec)
Warmup finished CPU 0 instructions: 12500003 cycles: 6104907 cumulative IPC: 2.048 (Simulation time: 00 hr 00 min 49 sec)
Warmup complete CPU 0 instructions: 12500003 cycles: 6104907 cumulative IPC: 2.048 (Simulation time: 00 hr 00 min 49 sec)
Heartbeat CPU 0 instructions: 20000006 cycles: 29612978 heartbeat IPC: 0.4067 cumulative IPC: 0.319 (Simulation time: 00 hr 01 min 58 sec)
Heartbeat CPU 0 instructions: 30000006 cycles: 63830472 heartbeat IPC: 0.2922 cumulative IPC: 0.3032 (Simulation time: 00 hr 03 min 45 sec)
Heartbeat CPU 0 instructions: 40000006 cycles: 94791500 heartbeat IPC: 0.323 cumulative IPC: 0.3101 (Simulation time: 00 hr 05 min 17 sec)
Heartbeat CPU 0 instructions: 50000009 cycles: 127733844 heartbeat IPC: 0.3036 cumulative IPC: 0.3083 (Simulation time: 00 hr 06 min 56 sec)
Heartbeat CPU 0 instructions: 60000011 cycles: 162754594 heartbeat IPC: 0.2855 cumulative IPC: 0.3032 (Simulation time: 00 hr 08 min 41 sec)
Simulation finished CPU 0 instructions: 50000001 cycles: 164837516 cumulative IPC: 0.3033 (Simulation time: 00 hr 09 min 06 sec)
Simulation complete CPU 0 instructions: 50000001 cycles: 164837516 cumulative IPC: 0.3033 (Simulation time: 00 hr 09 min 06 sec)

ChampSim completed all CPUs

=== Simulation ===
CPU 0 runs traces/471.omnetpp-188B.champsimtrace.xz

Region of Interest Statistics

CPU 0 cumulative IPC: 0.3033 instructions: 50000001 cycles: 164837516
CPU 0 Branch Prediction Accuracy: 93.3% MPKI: 16.1 Average ROB Occupancy at Mispredict: 38.66
Branch type MPKI
BRANCH_DIRECT_JUMP: 0.00134
BRANCH_INDIRECT: 0.1254
BRANCH_CONDITIONAL: 15.32
BRANCH_DIRECT_CALL: 0.00068
BRANCH_INDIRECT_CALL: 0.1324
BRANCH_RETURN: 0.5249

cpu0->LLC TOTAL        ACCESS:    1527103 HIT:     257596 MISS:    1269507 MISS_MERGE:          0
cpu0->LLC LOAD         ACCESS:     872125 HIT:     101874 MISS:     770251 MISS_MERGE:          0
cpu0->LLC RFO          ACCESS:     149215 HIT:      23323 MISS:     125892 MISS_MERGE:          0
cpu0->LLC PREFETCH     ACCESS:          0 HIT:          0 MISS:          0 MISS_MERGE:          0
cpu0->LLC WRITE        ACCESS:     423728 HIT:      84295 MISS:     339433 MISS_MERGE:          0
cpu0->LLC TRANSLATION  ACCESS:      82035 HIT:      48104 MISS:      33931 MISS_MERGE:          0
cpu0->LLC PREFETCH REQUESTED:          0 ISSUED:          0 USEFUL:          0 USELESS:          0
cpu0->LLC AVERAGE MISS LATENCY: 143.5 cycles
cpu0->cpu0_DTLB TOTAL        ACCESS:   21075740 HIT:   19561090 MISS:    1514650 MISS_MERGE:     546813
cpu0->cpu0_DTLB LOAD         ACCESS:   21075740 HIT:   19561090 MISS:    1514650 MISS_MERGE:     546813
cpu0->cpu0_DTLB RFO          ACCESS:          0 HIT:          0 MISS:          0 MISS_MERGE:          0
cpu0->cpu0_DTLB PREFETCH     ACCESS:          0 HIT:          0 MISS:          0 MISS_MERGE:          0
cpu0->cpu0_DTLB WRITE        ACCESS:          0 HIT:          0 MISS:          0 MISS_MERGE:          0
cpu0->cpu0_DTLB TRANSLATION  ACCESS:          0 HIT:          0 MISS:          0 MISS_MERGE:          0
cpu0->cpu0_DTLB PREFETCH REQUESTED:          0 ISSUED:          0 USEFUL:          0 USELESS:          0
cpu0->cpu0_DTLB AVERAGE MISS LATENCY: 20.12 cycles
cpu0->cpu0_ITLB TOTAL        ACCESS:    5665469 HIT:    5607907 MISS:      57562 MISS_MERGE:      34279
cpu0->cpu0_ITLB LOAD         ACCESS:    5665469 HIT:    5607907 MISS:      57562 MISS_MERGE:      34279
cpu0->cpu0_ITLB RFO          ACCESS:          0 HIT:          0 MISS:          0 MISS_MERGE:          0
cpu0->cpu0_ITLB PREFETCH     ACCESS:          0 HIT:          0 MISS:          0 MISS_MERGE:          0
cpu0->cpu0_ITLB WRITE        ACCESS:          0 HIT:          0 MISS:          0 MISS_MERGE:          0
cpu0->cpu0_ITLB TRANSLATION  ACCESS:          0 HIT:          0 MISS:          0 MISS_MERGE:          0
cpu0->cpu0_ITLB PREFETCH REQUESTED:          0 ISSUED:          0 USEFUL:          0 USELESS:          0
cpu0->cpu0_ITLB AVERAGE MISS LATENCY: 6.198 cycles
cpu0->cpu0_L1D TOTAL        ACCESS:   21509932 HIT:   18898011 MISS:    2611921 MISS_MERGE:    1319573
cpu0->cpu0_L1D LOAD         ACCESS:   12651525 HIT:   10879516 MISS:    1772009 MISS_MERGE:     778249
cpu0->cpu0_L1D RFO          ACCESS:          0 HIT:          0 MISS:          0 MISS_MERGE:          0
cpu0->cpu0_L1D PREFETCH     ACCESS:          0 HIT:          0 MISS:          0 MISS_MERGE:          0
cpu0->cpu0_L1D WRITE        ACCESS:    8424215 HIT:    7722599 MISS:     701616 MISS_MERGE:     538920
cpu0->cpu0_L1D TRANSLATION  ACCESS:     434192 HIT:     295896 MISS:     138296 MISS_MERGE:       2404
cpu0->cpu0_L1D PREFETCH REQUESTED:          0 ISSUED:          0 USEFUL:          0 USELESS:          0
cpu0->cpu0_L1D AVERAGE MISS LATENCY: 160.8 cycles
cpu0->cpu0_L1I TOTAL        ACCESS:    5665469 HIT:    5662389 MISS:       3080 MISS_MERGE:        669
cpu0->cpu0_L1I LOAD         ACCESS:    5665469 HIT:    5662389 MISS:       3080 MISS_MERGE:        669
cpu0->cpu0_L1I RFO          ACCESS:          0 HIT:          0 MISS:          0 MISS_MERGE:          0
cpu0->cpu0_L1I PREFETCH     ACCESS:          0 HIT:          0 MISS:          0 MISS_MERGE:          0
cpu0->cpu0_L1I WRITE        ACCESS:          0 HIT:          0 MISS:          0 MISS_MERGE:          0
cpu0->cpu0_L1I TRANSLATION  ACCESS:          0 HIT:          0 MISS:          0 MISS_MERGE:          0
cpu0->cpu0_L1I PREFETCH REQUESTED:          0 ISSUED:          0 USEFUL:          0 USELESS:          0
cpu0->cpu0_L1I AVERAGE MISS LATENCY: 110.1 cycles
cpu0->cpu0_L2C TOTAL        ACCESS:    1774416 HIT:     669932 MISS:    1104484 MISS_MERGE:          0
cpu0->cpu0_L2C LOAD         ACCESS:     996171 HIT:     124046 MISS:     872125 MISS_MERGE:          0
cpu0->cpu0_L2C RFO          ACCESS:     162696 HIT:      13481 MISS:     149215 MISS_MERGE:          0
cpu0->cpu0_L2C PREFETCH     ACCESS:          0 HIT:          0 MISS:          0 MISS_MERGE:          0
cpu0->cpu0_L2C WRITE        ACCESS:     479657 HIT:     478548 MISS:       1109 MISS_MERGE:          0
cpu0->cpu0_L2C TRANSLATION  ACCESS:     135892 HIT:      53857 MISS:      82035 MISS_MERGE:          0
cpu0->cpu0_L2C PREFETCH REQUESTED:          0 ISSUED:          0 USEFUL:          0 USELESS:          0
cpu0->cpu0_L2C AVERAGE MISS LATENCY: 178 cycles
cpu0->cpu0_STLB TOTAL        ACCESS:     991120 HIT:     778472 MISS:     212648 MISS_MERGE:          0
cpu0->cpu0_STLB LOAD         ACCESS:     991120 HIT:     778472 MISS:     212648 MISS_MERGE:          0
cpu0->cpu0_STLB RFO          ACCESS:          0 HIT:          0 MISS:          0 MISS_MERGE:          0
cpu0->cpu0_STLB PREFETCH     ACCESS:          0 HIT:          0 MISS:          0 MISS_MERGE:          0
cpu0->cpu0_STLB WRITE        ACCESS:          0 HIT:          0 MISS:          0 MISS_MERGE:          0
cpu0->cpu0_STLB TRANSLATION  ACCESS:          0 HIT:          0 MISS:          0 MISS_MERGE:          0
cpu0->cpu0_STLB PREFETCH REQUESTED:          0 ISSUED:          0 USEFUL:          0 USELESS:          0
cpu0->cpu0_STLB AVERAGE MISS LATENCY: 67.95 cycles

DRAM Statistics

Channel 0 RQ ROW_BUFFER_HIT:      20307
  ROW_BUFFER_MISS:     909720
  AVG DBUS CONGESTED CYCLE: 19.19
Channel 0 WQ ROW_BUFFER_HIT:     112337
  ROW_BUFFER_MISS:     225491
  FULL:          0
Channel 0 REFRESHES ISSUED:      13737
