[VMEM] WARNING: physical memory size is smaller than virtual memory size.

*** ChampSim Multicore Out-of-Order Simulator ***
Warmup Instructions: 12500000
Simulation Instructions: 50000000
Number of CPUs: 1
Page size: 4096

Off-chip DRAM Size: 16 GiB Channels: 1 Width: 64-bit Data Rate: 3205 MT/s
Heartbeat CPU 0 instructions: 10000004 cycles: 5095852 heartbeat IPC: 1.962 cumulative IPC: 1.962 (Simulation time: 00 hr 00 min 42 sec)
Warmup finished CPU 0 instructions: 12500001 cycles: 6138627 cumulative IPC: 2.036 (Simulation time: 00 hr 00 min 50 sec)
Warmup complete CPU 0 instructions: 12500001 cycles: 6138627 cumulative IPC: 2.036 (Simulation time: 00 hr 00 min 50 sec)
Heartbeat CPU 0 instructions: 20000006 cycles: 52788219 heartbeat IPC: 0.2097 cumulative IPC: 0.1608 (Simulation time: 00 hr 03 min 22 sec)
Heartbeat CPU 0 instructions: 30000009 cycles: 118626720 heartbeat IPC: 0.1519 cumulative IPC: 0.1556 (Simulation time: 00 hr 07 min 01 sec)
Heartbeat CPU 0 instructions: 40000009 cycles: 177228695 heartbeat IPC: 0.1706 cumulative IPC: 0.1607 (Simulation time: 00 hr 10 min 05 sec)
Heartbeat CPU 0 instructions: 50000009 cycles: 250749300 heartbeat IPC: 0.136 cumulative IPC: 0.1533 (Simulation time: 00 hr 13 min 56 sec)
Heartbeat CPU 0 instructions: 60000010 cycles: 313743253 heartbeat IPC: 0.1587 cumulative IPC: 0.1544 (Simulation time: 00 hr 17 min 09 sec)
Simulation finished CPU 0 instructions: 50000000 cycles: 326391588 cumulative IPC: 0.1532 (Simulation time: 00 hr 18 min 11 sec)
Simulation complete CPU 0 instructions: 50000000 cycles: 326391588 cumulative IPC: 0.1532 (Simulation time: 00 hr 18 min 11 sec)

ChampSim completed all CPUs

=== Simulation ===
CPU 0 runs traces/429.mcf-51B.champsimtrace.xz

Region of Interest Statistics

CPU 0 cumulative IPC: 0.1532 instructions: 50000000 cycles: 326391588
CPU 0 Branch Prediction Accuracy: 85.8% MPKI: 34.3 Average ROB Occupancy at Mispredict: 27.29
Branch type MPKI
BRANCH_DIRECT_JUMP: 0.7198
BRANCH_INDIRECT: 0
BRANCH_CONDITIONAL: 33.58
BRANCH_DIRECT_CALL: 0
BRANCH_INDIRECT_CALL: 0
BRANCH_RETURN: 0

cpu0->LLC TOTAL        ACCESS:    4487830 HIT:    1575959 MISS:    2911871 MISS_MERGE:          0
cpu0->LLC LOAD         ACCESS:    3359853 HIT:    1075135 MISS:    2284718 MISS_MERGE:          0
cpu0->LLC RFO          ACCESS:      79419 HIT:      37278 MISS:      42141 MISS_MERGE:          0
cpu0->LLC PREFETCH     ACCESS:          0 HIT:          0 MISS:          0 MISS_MERGE:          0
cpu0->LLC WRITE        ACCESS:     772794 HIT:     380926 MISS:     391868 MISS_MERGE:          0
cpu0->LLC TRANSLATION  ACCESS:     275764 HIT:      82620 MISS:     193144 MISS_MERGE:          0
cpu0->LLC PREFETCH REQUESTED:          0 ISSUED:          0 USEFUL:          0 USELESS:          0
cpu0->LLC AVERAGE MISS LATENCY: 188.6 cycles
cpu0->cpu0_DTLB TOTAL        ACCESS:   18653943 HIT:   11450173 MISS:    7203770 MISS_MERGE:    3136246
cpu0->cpu0_DTLB LOAD         ACCESS:   18653943 HIT:   11450173 MISS:    7203770 MISS_MERGE:    3136246
cpu0->cpu0_DTLB RFO          ACCESS:          0 HIT:          0 MISS:          0 MISS_MERGE:          0
cpu0->cpu0_DTLB PREFETCH     ACCESS:          0 HIT:          0 MISS:          0 MISS_MERGE:          0
cpu0->cpu0_DTLB WRITE        ACCESS:          0 HIT:          0 MISS:          0 MISS_MERGE:          0
cpu0->cpu0_DTLB TRANSLATION  ACCESS:          0 HIT:          0 MISS:          0 MISS_MERGE:          0
cpu0->cpu0_DTLB PREFETCH REQUESTED:          0 ISSUED:          0 USEFUL:          0 USELESS:          0
cpu0->cpu0_DTLB AVERAGE MISS LATENCY: 20.35 cycles
cpu0->cpu0_ITLB TOTAL        ACCESS:     825051 HIT:     825051 MISS:          0 MISS_MERGE:          0
cpu0->cpu0_ITLB LOAD         ACCESS:     825051 HIT:     825051 MISS:          0 MISS_MERGE:          0
cpu0->cpu0_ITLB RFO          ACCESS:          0 HIT:          0 MISS:          0 MISS_MERGE:          0
cpu0->cpu0_ITLB PREFETCH     ACCESS:          0 HIT:          0 MISS:          0 MISS_MERGE:          0
cpu0->cpu0_ITLB WRITE        ACCESS:          0 HIT:          0 MISS:          0 MISS_MERGE:          0
cpu0->cpu0_ITLB TRANSLATION  ACCESS:          0 HIT:          0 MISS:          0 MISS_MERGE:          0
cpu0->cpu0_ITLB PREFETCH REQUESTED:          0 ISSUED:          0 USEFUL:          0 USELESS:          0
cpu0->cpu0_ITLB AVERAGE MISS LATENCY: - cycles
cpu0->cpu0_L1D TOTAL        ACCESS:   19980345 HIT:   10980836 MISS:    8999509 MISS_MERGE:    3328774
cpu0->cpu0_L1D LOAD         ACCESS:   16074482 HIT:    7899465 MISS:    8175017 MISS_MERGE:    3181063
cpu0->cpu0_L1D RFO          ACCESS:          0 HIT:          0 MISS:          0 MISS_MERGE:          0
cpu0->cpu0_L1D PREFETCH     ACCESS:          0 HIT:          0 MISS:          0 MISS_MERGE:          0
cpu0->cpu0_L1D WRITE        ACCESS:    2579466 HIT:    2282269 MISS:     297197 MISS_MERGE:     142030
cpu0->cpu0_L1D TRANSLATION  ACCESS:    1326397 HIT:     799102 MISS:     527295 MISS_MERGE:       5681
cpu0->cpu0_L1D PREFETCH REQUESTED:          0 ISSUED:          0 USEFUL:          0 USELESS:          0
cpu0->cpu0_L1D AVERAGE MISS LATENCY: 115.2 cycles
cpu0->cpu0_L1I TOTAL        ACCESS:     825189 HIT:     825189 MISS:          0 MISS_MERGE:          0
cpu0->cpu0_L1I LOAD         ACCESS:     825189 HIT:     825189 MISS:          0 MISS_MERGE:          0
cpu0->cpu0_L1I RFO          ACCESS:          0 HIT:          0 MISS:          0 MISS_MERGE:          0
cpu0->cpu0_L1I PREFETCH     ACCESS:          0 HIT:          0 MISS:          0 MISS_MERGE:          0
cpu0->cpu0_L1I WRITE        ACCESS:          0 HIT:          0 MISS:          0 MISS_MERGE:          0
cpu0->cpu0_L1I TRANSLATION  ACCESS:          0 HIT:          0 MISS:          0 MISS_MERGE:          0
cpu0->cpu0_L1I PREFETCH REQUESTED:          0 ISSUED:          0 USEFUL:          0 USELESS:          0
cpu0->cpu0_L1I AVERAGE MISS LATENCY: - cycles
cpu0->cpu0_L2C TOTAL        ACCESS:    6886096 HIT:    3170924 MISS:    3715172 MISS_MERGE:          0
cpu0->cpu0_L2C LOAD         ACCESS:    4993951 HIT:    1634098 MISS:    3359853 MISS_MERGE:          0
cpu0->cpu0_L2C RFO          ACCESS:     155167 HIT:      75748 MISS:      79419 MISS_MERGE:          0
cpu0->cpu0_L2C PREFETCH     ACCESS:          0 HIT:          0 MISS:          0 MISS_MERGE:          0
cpu0->cpu0_L2C WRITE        ACCESS:    1215364 HIT:    1215228 MISS:        136 MISS_MERGE:          0
cpu0->cpu0_L2C TRANSLATION  ACCESS:     521614 HIT:     245850 MISS:     275764 MISS_MERGE:          0
cpu0->cpu0_L2C PREFETCH REQUESTED:          0 ISSUED:          0 USEFUL:          0 USELESS:          0
cpu0->cpu0_L2C AVERAGE MISS LATENCY: 162.6 cycles
cpu0->cpu0_STLB TOTAL        ACCESS:    4067524 HIT:    3492696 MISS:     574828 MISS_MERGE:          0
cpu0->cpu0_STLB LOAD         ACCESS:    4067524 HIT:    3492696 MISS:     574828 MISS_MERGE:          0
cpu0->cpu0_STLB RFO          ACCESS:          0 HIT:          0 MISS:          0 MISS_MERGE:          0
cpu0->cpu0_STLB PREFETCH     ACCESS:          0 HIT:          0 MISS:          0 MISS_MERGE:          0
cpu0->cpu0_STLB WRITE        ACCESS:          0 HIT:          0 MISS:          0 MISS_MERGE:          0
cpu0->cpu0_STLB TRANSLATION  ACCESS:          0 HIT:          0 MISS:          0 MISS_MERGE:          0
cpu0->cpu0_STLB PREFETCH REQUESTED:          0 ISSUED:          0 USEFUL:          0 USELESS:          0
cpu0->cpu0_STLB AVERAGE MISS LATENCY: 107.6 cycles

DRAM Statistics

Channel 0 RQ ROW_BUFFER_HIT:       2297
  ROW_BUFFER_MISS:    2517436
  AVG DBUS CONGESTED CYCLE: 10.04
Channel 0 WQ ROW_BUFFER_HIT:     146353
  ROW_BUFFER_MISS:     305195
  FULL:          0
Channel 0 REFRESHES ISSUED:      27199
