[VMEM] WARNING: physical memory size is smaller than virtual memory size.

*** ChampSim Multicore Out-of-Order Simulator ***
Warmup Instructions: 12500000
Simulation Instructions: 50000000
Number of CPUs: 1
Page size: 4096

Off-chip DRAM Size: 16 GiB Channels: 1 Width: 64-bit Data Rate: 3205 MT/s
Heartbeat CPU 0 instructions: 10000002 cycles: 3345041 heartbeat IPC: 2.99 cumulative IPC: 2.99 (Simulation time: 00 hr 00 min 30 sec)
Warmup finished CPU 0 instructions: 12500003 cycles: 4459966 cumulative IPC: 2.803 (Simulation time: 00 hr 00 min 39 sec)
Warmup complete CPU 0 instructions: 12500003 cycles: 4459966 cumulative IPC: 2.803 (Simulation time: 00 hr 00 min 39 sec)
Heartbeat CPU 0 instructions: 20000006 cycles: 25574258 heartbeat IPC: 0.4499 cumulative IPC: 0.3552 (Simulation time: 00 hr 01 min 37 sec)
Heartbeat CPU 0 instructions: 30000007 cycles: 52642007 heartbeat IPC: 0.3694 cumulative IPC: 0.3632 (Simulation time: 00 hr 03 min 20 sec)
Heartbeat CPU 0 instructions: 40000009 cycles: 85834258 heartbeat IPC: 0.3013 cumulative IPC: 0.3379 (Simulation time: 00 hr 05 min 51 sec)
Heartbeat CPU 0 instructions: 50000009 cycles: 103750690 heartbeat IPC: 0.5581 cumulative IPC: 0.3777 (Simulation time: 00 hr 06 min 51 sec)
Heartbeat CPU 0 instructions: 60000010 cycles: 121400036 heartbeat IPC: 0.5666 cumulative IPC: 0.4062 (Simulation time: 00 hr 07 min 51 sec)
Simulation finished CPU 0 instructions: 50000004 cycles: 121151807 cumulative IPC: 0.4127 (Simulation time: 00 hr 08 min 05 sec)
Simulation complete CPU 0 instructions: 50000004 cycles: 121151807 cumulative IPC: 0.4127 (Simulation time: 00 hr 08 min 05 sec)

ChampSim completed all CPUs

=== Simulation ===
CPU 0 runs traces/403.gcc-17B.champsimtrace.xz

Region of Interest Statistics

CPU 0 cumulative IPC: 0.4127 instructions: 50000004 cycles: 121151807
CPU 0 Branch Prediction Accuracy: 91.45% MPKI: 17.95 Average ROB Occupancy at Mispredict: 31.84
Branch type MPKI
BRANCH_DIRECT_JUMP: 0.1334
BRANCH_INDIRECT: 0.4934
BRANCH_CONDITIONAL: 17.21
BRANCH_DIRECT_CALL: 0.1022
BRANCH_INDIRECT_CALL: 0.002
BRANCH_RETURN: 0.00512

cpu0->LLC TOTAL        ACCESS:    2259291 HIT:     177091 MISS:    2082200 MISS_MERGE:          0
cpu0->LLC LOAD         ACCESS:     335122 HIT:      17563 MISS:     317559 MISS_MERGE:          0
cpu0->LLC RFO          ACCESS:     937995 HIT:       1068 MISS:     936927 MISS_MERGE:          0
cpu0->LLC PREFETCH     ACCESS:          0 HIT:          0 MISS:          0 MISS_MERGE:          0
cpu0->LLC WRITE        ACCESS:     974751 HIT:     156529 MISS:     818222 MISS_MERGE:          0
cpu0->LLC TRANSLATION  ACCESS:      11423 HIT:       1931 MISS:       9492 MISS_MERGE:          0
cpu0->LLC PREFETCH REQUESTED:          0 ISSUED:          0 USEFUL:          0 USELESS:          0
cpu0->LLC AVERAGE MISS LATENCY: 312 cycles
cpu0->cpu0_DTLB TOTAL        ACCESS:   21960094 HIT:   20968547 MISS:     991547 MISS_MERGE:     428707
cpu0->cpu0_DTLB LOAD         ACCESS:   21960094 HIT:   20968547 MISS:     991547 MISS_MERGE:     428707
cpu0->cpu0_DTLB RFO          ACCESS:          0 HIT:          0 MISS:          0 MISS_MERGE:          0
cpu0->cpu0_DTLB PREFETCH     ACCESS:          0 HIT:          0 MISS:          0 MISS_MERGE:          0
cpu0->cpu0_DTLB WRITE        ACCESS:          0 HIT:          0 MISS:          0 MISS_MERGE:          0
cpu0->cpu0_DTLB TRANSLATION  ACCESS:          0 HIT:          0 MISS:          0 MISS_MERGE:          0
cpu0->cpu0_DTLB PREFETCH REQUESTED:          0 ISSUED:          0 USEFUL:          0 USELESS:          0
cpu0->cpu0_DTLB AVERAGE MISS LATENCY: 17.58 cycles
cpu0->cpu0_ITLB TOTAL        ACCESS:    6042984 HIT:    6039314 MISS:       3670 MISS_MERGE:       2261
cpu0->cpu0_ITLB LOAD         ACCESS:    6042984 HIT:    6039314 MISS:       3670 MISS_MERGE:       2261
cpu0->cpu0_ITLB RFO          ACCESS:          0 HIT:          0 MISS:          0 MISS_MERGE:          0
cpu0->cpu0_ITLB PREFETCH     ACCESS:          0 HIT:          0 MISS:          0 MISS_MERGE:          0
cpu0->cpu0_ITLB WRITE        ACCESS:          0 HIT:          0 MISS:          0 MISS_MERGE:          0
cpu0->cpu0_ITLB TRANSLATION  ACCESS:          0 HIT:          0 MISS:          0 MISS_MERGE:          0
cpu0->cpu0_ITLB PREFETCH REQUESTED:          0 ISSUED:          0 USEFUL:          0 USELESS:          0
cpu0->cpu0_ITLB AVERAGE MISS LATENCY: 14.39 cycles
cpu0->cpu0_L1D TOTAL        ACCESS:   22047659 HIT:   13745890 MISS:    8301769 MISS_MERGE:    6825420
cpu0->cpu0_L1D LOAD         ACCESS:    9661368 HIT:    8810777 MISS:     850591 MISS_MERGE:     328997
cpu0->cpu0_L1D RFO          ACCESS:          0 HIT:          0 MISS:          0 MISS_MERGE:          0
cpu0->cpu0_L1D PREFETCH     ACCESS:          0 HIT:          0 MISS:          0 MISS_MERGE:          0
cpu0->cpu0_L1D WRITE        ACCESS:   12298726 HIT:    4862683 MISS:    7436043 MISS_MERGE:    6496406
cpu0->cpu0_L1D TRANSLATION  ACCESS:      87565 HIT:      72430 MISS:      15135 MISS_MERGE:         17
cpu0->cpu0_L1D PREFETCH REQUESTED:          0 ISSUED:          0 USEFUL:          0 USELESS:          0
cpu0->cpu0_L1D AVERAGE MISS LATENCY: 457.8 cycles
cpu0->cpu0_L1I TOTAL        ACCESS:    6042984 HIT:    6040840 MISS:       2144 MISS_MERGE:        425
cpu0->cpu0_L1I LOAD         ACCESS:    6042984 HIT:    6040840 MISS:       2144 MISS_MERGE:        425
cpu0->cpu0_L1I RFO          ACCESS:          0 HIT:          0 MISS:          0 MISS_MERGE:          0
cpu0->cpu0_L1I PREFETCH     ACCESS:          0 HIT:          0 MISS:          0 MISS_MERGE:          0
cpu0->cpu0_L1I WRITE        ACCESS:          0 HIT:          0 MISS:          0 MISS_MERGE:          0
cpu0->cpu0_L1I TRANSLATION  ACCESS:          0 HIT:          0 MISS:          0 MISS_MERGE:          0
cpu0->cpu0_L1I PREFETCH REQUESTED:          0 ISSUED:          0 USEFUL:          0 USELESS:          0
cpu0->cpu0_L1I AVERAGE MISS LATENCY: 73.83 cycles
cpu0->cpu0_L2C TOTAL        ACCESS:    2462017 HIT:    1177310 MISS:    1284707 MISS_MERGE:          1
cpu0->cpu0_L2C LOAD         ACCESS:     523313 HIT:     188191 MISS:     335122 MISS_MERGE:          0
cpu0->cpu0_L2C RFO          ACCESS:     939637 HIT:       1641 MISS:     937996 MISS_MERGE:          1
cpu0->cpu0_L2C PREFETCH     ACCESS:          0 HIT:          0 MISS:          0 MISS_MERGE:          0
cpu0->cpu0_L2C WRITE        ACCESS:     983949 HIT:     983783 MISS:        166 MISS_MERGE:          0
cpu0->cpu0_L2C TRANSLATION  ACCESS:      15118 HIT:       3695 MISS:      11423 MISS_MERGE:          0
cpu0->cpu0_L2C PREFETCH REQUESTED:          0 ISSUED:          0 USEFUL:          0 USELESS:          0
cpu0->cpu0_L2C AVERAGE MISS LATENCY: 516 cycles
cpu0->cpu0_STLB TOTAL        ACCESS:     564249 HIT:     520710 MISS:      43539 MISS_MERGE:          0
cpu0->cpu0_STLB LOAD         ACCESS:     564249 HIT:     520710 MISS:      43539 MISS_MERGE:          0
cpu0->cpu0_STLB RFO          ACCESS:          0 HIT:          0 MISS:          0 MISS_MERGE:          0
cpu0->cpu0_STLB PREFETCH     ACCESS:          0 HIT:          0 MISS:          0 MISS_MERGE:          0
cpu0->cpu0_STLB WRITE        ACCESS:          0 HIT:          0 MISS:          0 MISS_MERGE:          0
cpu0->cpu0_STLB TRANSLATION  ACCESS:          0 HIT:          0 MISS:          0 MISS_MERGE:          0
cpu0->cpu0_STLB PREFETCH REQUESTED:          0 ISSUED:          0 USEFUL:          0 USELESS:          0
cpu0->cpu0_STLB AVERAGE MISS LATENCY: 161.9 cycles

DRAM Statistics

Channel 0 RQ ROW_BUFFER_HIT:     121588
  ROW_BUFFER_MISS:    1142388
  AVG DBUS CONGESTED CYCLE: 7.945
Channel 0 WQ ROW_BUFFER_HIT:      82140
  ROW_BUFFER_MISS:     861478
  FULL:          0
Channel 0 REFRESHES ISSUED:      10096
