[VMEM] WARNING: physical memory size is smaller than virtual memory size.

*** ChampSim Multicore Out-of-Order Simulator ***
Warmup Instructions: 12500000
Simulation Instructions: 50000000
Number of CPUs: 1
Page size: 4096

Off-chip DRAM Size: 16 GiB Channels: 1 Width: 64-bit Data Rate: 3205 MT/s
Heartbeat CPU 0 instructions: 10000004 cycles: 5095832 heartbeat IPC: 1.962 cumulative IPC: 1.962 (Simulation time: 00 hr 00 min 41 sec)
Warmup finished CPU 0 instructions: 12500001 cycles: 6137975 cumulative IPC: 2.037 (Simulation time: 00 hr 00 min 50 sec)
Warmup complete CPU 0 instructions: 12500001 cycles: 6137975 cumulative IPC: 2.037 (Simulation time: 00 hr 00 min 50 sec)
Heartbeat CPU 0 instructions: 20000006 cycles: 61219768 heartbeat IPC: 0.1782 cumulative IPC: 0.1362 (Simulation time: 00 hr 03 min 50 sec)
Heartbeat CPU 0 instructions: 30000009 cycles: 140738199 heartbeat IPC: 0.1258 cumulative IPC: 0.13 (Simulation time: 00 hr 11 min 07 sec)
Heartbeat CPU 0 instructions: 40000009 cycles: 209399500 heartbeat IPC: 0.1456 cumulative IPC: 0.1353 (Simulation time: 00 hr 14 min 46 sec)
Simulation CPU 0 warning: IPC 0.040212 < 0.05
Heartbeat CPU 0 instructions: 50000009 cycles: 298753180 heartbeat IPC: 0.1119 cumulative IPC: 0.1282 (Simulation time: 00 hr 19 min 42 sec)
Heartbeat CPU 0 instructions: 60000010 cycles: 374753188 heartbeat IPC: 0.1316 cumulative IPC: 0.1289 (Simulation time: 00 hr 23 min 43 sec)
Simulation finished CPU 0 instructions: 50000000 cycles: 391435175 cumulative IPC: 0.1277 (Simulation time: 00 hr 24 min 57 sec)
Simulation complete CPU 0 instructions: 50000000 cycles: 391435175 cumulative IPC: 0.1277 (Simulation time: 00 hr 24 min 57 sec)

ChampSim completed all CPUs

=== Simulation ===
CPU 0 runs traces/429.mcf-51B.champsimtrace.xz

Region of Interest Statistics

CPU 0 cumulative IPC: 0.1277 instructions: 50000000 cycles: 391435175
CPU 0 Branch Prediction Accuracy: 85.8% MPKI: 34.3 Average ROB Occupancy at Mispredict: 24.12
Branch type MPKI
BRANCH_DIRECT_JUMP: 0.7198
BRANCH_INDIRECT: 0
BRANCH_CONDITIONAL: 33.58
BRANCH_DIRECT_CALL: 0
BRANCH_INDIRECT_CALL: 0
BRANCH_RETURN: 0

cpu0->LLC TOTAL        ACCESS:    4487995 HIT:    1117387 MISS:    3370608 MISS_MERGE:          0
cpu0->LLC LOAD         ACCESS:    3360116 HIT:     485386 MISS:    2874730 MISS_MERGE:          0
cpu0->LLC RFO          ACCESS:      79428 HIT:       6515 MISS:      72913 MISS_MERGE:          0
cpu0->LLC PREFETCH     ACCESS:          0 HIT:          0 MISS:          0 MISS_MERGE:          0
cpu0->LLC WRITE        ACCESS:     771729 HIT:     592303 MISS:     179426 MISS_MERGE:          0
cpu0->LLC TRANSLATION  ACCESS:     276722 HIT:      33183 MISS:     243539 MISS_MERGE:          0
cpu0->LLC PREFETCH REQUESTED:          0 ISSUED:          0 USEFUL:          0 USELESS:          0
cpu0->LLC AVERAGE MISS LATENCY: 212.4 cycles
cpu0->cpu0_DTLB TOTAL        ACCESS:   18661436 HIT:   11448422 MISS:    7213014 MISS_MERGE:    3145321
cpu0->cpu0_DTLB LOAD         ACCESS:   18661436 HIT:   11448422 MISS:    7213014 MISS_MERGE:    3145321
cpu0->cpu0_DTLB RFO          ACCESS:          0 HIT:          0 MISS:          0 MISS_MERGE:          0
cpu0->cpu0_DTLB PREFETCH     ACCESS:          0 HIT:          0 MISS:          0 MISS_MERGE:          0
cpu0->cpu0_DTLB WRITE        ACCESS:          0 HIT:          0 MISS:          0 MISS_MERGE:          0
cpu0->cpu0_DTLB TRANSLATION  ACCESS:          0 HIT:          0 MISS:          0 MISS_MERGE:          0
cpu0->cpu0_DTLB PREFETCH REQUESTED:          0 ISSUED:          0 USEFUL:          0 USELESS:          0
cpu0->cpu0_DTLB AVERAGE MISS LATENCY: 23.71 cycles
cpu0->cpu0_ITLB TOTAL        ACCESS:     822652 HIT:     822652 MISS:          0 MISS_MERGE:          0
cpu0->cpu0_ITLB LOAD         ACCESS:     822652 HIT:     822652 MISS:          0 MISS_MERGE:          0
cpu0->cpu0_ITLB RFO          ACCESS:          0 HIT:          0 MISS:          0 MISS_MERGE:          0
cpu0->cpu0_ITLB PREFETCH     ACCESS:          0 HIT:          0 MISS:          0 MISS_MERGE:          0
cpu0->cpu0_ITLB WRITE        ACCESS:          0 HIT:          0 MISS:          0 MISS_MERGE:          0
cpu0->cpu0_ITLB TRANSLATION  ACCESS:          0 HIT:          0 MISS:          0 MISS_MERGE:          0
cpu0->cpu0_ITLB PREFETCH REQUESTED:          0 ISSUED:          0 USEFUL:          0 USELESS:          0
cpu0->cpu0_ITLB AVERAGE MISS LATENCY: - cycles
cpu0->cpu0_L1D TOTAL        ACCESS:   19986439 HIT:   11002952 MISS:    8983487 MISS_MERGE:    3312733
cpu0->cpu0_L1D LOAD         ACCESS:   16081974 HIT:    7920732 MISS:    8161242 MISS_MERGE:    3167239
cpu0->cpu0_L1D RFO          ACCESS:          0 HIT:          0 MISS:          0 MISS_MERGE:          0
cpu0->cpu0_L1D PREFETCH     ACCESS:          0 HIT:          0 MISS:          0 MISS_MERGE:          0
cpu0->cpu0_L1D WRITE        ACCESS:    2579466 HIT:    2282290 MISS:     297176 MISS_MERGE:     142035
cpu0->cpu0_L1D TRANSLATION  ACCESS:    1324999 HIT:     799930 MISS:     525069 MISS_MERGE:       3459
cpu0->cpu0_L1D PREFETCH REQUESTED:          0 ISSUED:          0 USEFUL:          0 USELESS:          0
cpu0->cpu0_L1D AVERAGE MISS LATENCY: 145.1 cycles
cpu0->cpu0_L1I TOTAL        ACCESS:     822790 HIT:     822790 MISS:          0 MISS_MERGE:          0
cpu0->cpu0_L1I LOAD         ACCESS:     822790 HIT:     822790 MISS:          0 MISS_MERGE:          0
cpu0->cpu0_L1I RFO          ACCESS:          0 HIT:          0 MISS:          0 MISS_MERGE:          0
cpu0->cpu0_L1I PREFETCH     ACCESS:          0 HIT:          0 MISS:          0 MISS_MERGE:          0
cpu0->cpu0_L1I WRITE        ACCESS:          0 HIT:          0 MISS:          0 MISS_MERGE:          0
cpu0->cpu0_L1I TRANSLATION  ACCESS:          0 HIT:          0 MISS:          0 MISS_MERGE:          0
cpu0->cpu0_L1I PREFETCH REQUESTED:          0 ISSUED:          0 USEFUL:          0 USELESS:          0
cpu0->cpu0_L1I AVERAGE MISS LATENCY: - cycles
cpu0->cpu0_L2C TOTAL        ACCESS:    6884999 HIT:    3168597 MISS:    3716402 MISS_MERGE:          0
cpu0->cpu0_L2C LOAD         ACCESS:    4994000 HIT:    1633884 MISS:    3360116 MISS_MERGE:          0
cpu0->cpu0_L2C RFO          ACCESS:     155141 HIT:      75713 MISS:      79428 MISS_MERGE:          0
cpu0->cpu0_L2C PREFETCH     ACCESS:          0 HIT:          0 MISS:          0 MISS_MERGE:          0
cpu0->cpu0_L2C WRITE        ACCESS:    1214248 HIT:    1214112 MISS:        136 MISS_MERGE:          0
cpu0->cpu0_L2C TRANSLATION  ACCESS:     521610 HIT:     244888 MISS:     276722 MISS_MERGE:          0
cpu0->cpu0_L2C PREFETCH REQUESTED:          0 ISSUED:          0 USEFUL:          0 USELESS:          0
cpu0->cpu0_L2C AVERAGE MISS LATENCY: 208.1 cycles
cpu0->cpu0_STLB TOTAL        ACCESS:    4067693 HIT:    3492900 MISS:     574793 MISS_MERGE:          0
cpu0->cpu0_STLB LOAD         ACCESS:    4067693 HIT:    3492900 MISS:     574793 MISS_MERGE:          0
cpu0->cpu0_STLB RFO          ACCESS:          0 HIT:          0 MISS:          0 MISS_MERGE:          0
cpu0->cpu0_STLB PREFETCH     ACCESS:          0 HIT:          0 MISS:          0 MISS_MERGE:          0
cpu0->cpu0_STLB WRITE        ACCESS:          0 HIT:          0 MISS:          0 MISS_MERGE:          0
cpu0->cpu0_STLB TRANSLATION  ACCESS:          0 HIT:          0 MISS:          0 MISS_MERGE:          0
cpu0->cpu0_STLB PREFETCH REQUESTED:          0 ISSUED:          0 USEFUL:          0 USELESS:          0
cpu0->cpu0_STLB AVERAGE MISS LATENCY: 131.4 cycles

DRAM Statistics

Channel 0 RQ ROW_BUFFER_HIT:       2795
  ROW_BUFFER_MISS:    3187945
  AVG DBUS CONGESTED CYCLE: 8.403
Channel 0 WQ ROW_BUFFER_HIT:     224660
  ROW_BUFFER_MISS:     496668
  FULL:          0
Channel 0 REFRESHES ISSUED:      32620
