[VMEM] WARNING: physical memory size is smaller than virtual memory size.

*** ChampSim Multicore Out-of-Order Simulator ***
Warmup Instructions: 12500000
Simulation Instructions: 50000000
Number of CPUs: 1
Page size: 4096

Off-chip DRAM Size: 16 GiB Channels: 1 Width: 64-bit Data Rate: 3205 MT/s
Heartbeat CPU 0 instructions: 10000004 cycles: 5093665 heartbeat IPC: 1.963 cumulative IPC: 1.963 (Simulation time: 00 hr 00 min 43 sec)
Warmup finished CPU 0 instructions: 12500000 cycles: 6135795 cumulative IPC: 2.037 (Simulation time: 00 hr 00 min 52 sec)
Warmup complete CPU 0 instructions: 12500000 cycles: 6135795 cumulative IPC: 2.037 (Simulation time: 00 hr 00 min 52 sec)
Heartbeat CPU 0 instructions: 20000006 cycles: 60981087 heartbeat IPC: 0.1789 cumulative IPC: 0.1367 (Simulation time: 00 hr 03 min 54 sec)
Heartbeat CPU 0 instructions: 30000009 cycles: 140132700 heartbeat IPC: 0.1263 cumulative IPC: 0.1306 (Simulation time: 00 hr 08 min 13 sec)
Heartbeat CPU 0 instructions: 40000009 cycles: 207914218 heartbeat IPC: 0.1475 cumulative IPC: 0.1363 (Simulation time: 00 hr 12 min 23 sec)
Simulation CPU 0 warning: IPC 0.048567 < 0.05
Heartbeat CPU 0 instructions: 50000009 cycles: 296059470 heartbeat IPC: 0.1134 cumulative IPC: 0.1293 (Simulation time: 00 hr 17 min 47 sec)
Heartbeat CPU 0 instructions: 60000010 cycles: 370408331 heartbeat IPC: 0.1345 cumulative IPC: 0.1304 (Simulation time: 00 hr 22 min 19 sec)
Simulation finished CPU 0 instructions: 50000001 cycles: 387059115 cumulative IPC: 0.1292 (Simulation time: 00 hr 23 min 43 sec)
Simulation complete CPU 0 instructions: 50000001 cycles: 387059115 cumulative IPC: 0.1292 (Simulation time: 00 hr 23 min 43 sec)

ChampSim completed all CPUs

=== Simulation ===
CPU 0 runs traces/429.mcf-51B.champsimtrace.xz

Region of Interest Statistics

CPU 0 cumulative IPC: 0.1292 instructions: 50000001 cycles: 387059115
CPU 0 Branch Prediction Accuracy: 85.8% MPKI: 34.3 Average ROB Occupancy at Mispredict: 23.48
Branch type MPKI
BRANCH_DIRECT_JUMP: 0.7198
BRANCH_INDIRECT: 0
BRANCH_CONDITIONAL: 33.58
BRANCH_DIRECT_CALL: 0
BRANCH_INDIRECT_CALL: 0
BRANCH_RETURN: 0

cpu0->LLC TOTAL        ACCESS:    4484621 HIT:    1377373 MISS:    3107248 MISS_MERGE:          0
cpu0->LLC LOAD         ACCESS:    3359885 HIT:     524717 MISS:    2835168 MISS_MERGE:          0
cpu0->LLC RFO          ACCESS:      79473 HIT:      17091 MISS:      62382 MISS_MERGE:          0
cpu0->LLC PREFETCH     ACCESS:          0 HIT:          0 MISS:          0 MISS_MERGE:          0
cpu0->LLC WRITE        ACCESS:     771764 HIT:     765883 MISS:       5881 MISS_MERGE:          0
cpu0->LLC TRANSLATION  ACCESS:     273499 HIT:      69682 MISS:     203817 MISS_MERGE:          0
cpu0->LLC PREFETCH REQUESTED:          0 ISSUED:          0 USEFUL:          0 USELESS:          0
cpu0->LLC AVERAGE MISS LATENCY: 224.6 cycles
cpu0->cpu0_DTLB TOTAL        ACCESS:   18666208 HIT:   11454545 MISS:    7211663 MISS_MERGE:    3143962
cpu0->cpu0_DTLB LOAD         ACCESS:   18666208 HIT:   11454545 MISS:    7211663 MISS_MERGE:    3143962
cpu0->cpu0_DTLB RFO          ACCESS:          0 HIT:          0 MISS:          0 MISS_MERGE:          0
cpu0->cpu0_DTLB PREFETCH     ACCESS:          0 HIT:          0 MISS:          0 MISS_MERGE:          0
cpu0->cpu0_DTLB WRITE        ACCESS:          0 HIT:          0 MISS:          0 MISS_MERGE:          0
cpu0->cpu0_DTLB TRANSLATION  ACCESS:          0 HIT:          0 MISS:          0 MISS_MERGE:          0
cpu0->cpu0_DTLB PREFETCH REQUESTED:          0 ISSUED:          0 USEFUL:          0 USELESS:          0
cpu0->cpu0_DTLB AVERAGE MISS LATENCY: 21.4 cycles
cpu0->cpu0_ITLB TOTAL        ACCESS:     823505 HIT:     823505 MISS:          0 MISS_MERGE:          0
cpu0->cpu0_ITLB LOAD         ACCESS:     823505 HIT:     823505 MISS:          0 MISS_MERGE:          0
cpu0->cpu0_ITLB RFO          ACCESS:          0 HIT:          0 MISS:          0 MISS_MERGE:          0
cpu0->cpu0_ITLB PREFETCH     ACCESS:          0 HIT:          0 MISS:          0 MISS_MERGE:          0
cpu0->cpu0_ITLB WRITE        ACCESS:          0 HIT:          0 MISS:          0 MISS_MERGE:          0
cpu0->cpu0_ITLB TRANSLATION  ACCESS:          0 HIT:          0 MISS:          0 MISS_MERGE:          0
cpu0->cpu0_ITLB PREFETCH REQUESTED:          0 ISSUED:          0 USEFUL:          0 USELESS:          0
cpu0->cpu0_ITLB AVERAGE MISS LATENCY: - cycles
cpu0->cpu0_L1D TOTAL        ACCESS:   19990916 HIT:   11002626 MISS:    8988290 MISS_MERGE:    3317534
cpu0->cpu0_L1D LOAD         ACCESS:   16086745 HIT:    7920239 MISS:    8166506 MISS_MERGE:    3172518
cpu0->cpu0_L1D RFO          ACCESS:          0 HIT:          0 MISS:          0 MISS_MERGE:          0
cpu0->cpu0_L1D PREFETCH     ACCESS:          0 HIT:          0 MISS:          0 MISS_MERGE:          0
cpu0->cpu0_L1D WRITE        ACCESS:    2579466 HIT:    2282291 MISS:     297175 MISS_MERGE:     142039
cpu0->cpu0_L1D TRANSLATION  ACCESS:    1324705 HIT:     800096 MISS:     524609 MISS_MERGE:       2977
cpu0->cpu0_L1D PREFETCH REQUESTED:          0 ISSUED:          0 USEFUL:          0 USELESS:          0
cpu0->cpu0_L1D AVERAGE MISS LATENCY: 142.1 cycles
cpu0->cpu0_L1I TOTAL        ACCESS:     823643 HIT:     823643 MISS:          0 MISS_MERGE:          0
cpu0->cpu0_L1I LOAD         ACCESS:     823643 HIT:     823643 MISS:          0 MISS_MERGE:          0
cpu0->cpu0_L1I RFO          ACCESS:          0 HIT:          0 MISS:          0 MISS_MERGE:          0
cpu0->cpu0_L1I PREFETCH     ACCESS:          0 HIT:          0 MISS:          0 MISS_MERGE:          0
cpu0->cpu0_L1I WRITE        ACCESS:          0 HIT:          0 MISS:          0 MISS_MERGE:          0
cpu0->cpu0_L1I TRANSLATION  ACCESS:          0 HIT:          0 MISS:          0 MISS_MERGE:          0
cpu0->cpu0_L1I PREFETCH REQUESTED:          0 ISSUED:          0 USEFUL:          0 USELESS:          0
cpu0->cpu0_L1I AVERAGE MISS LATENCY: - cycles
cpu0->cpu0_L2C TOTAL        ACCESS:    6885058 HIT:    3172066 MISS:    3712992 MISS_MERGE:          0
cpu0->cpu0_L2C LOAD         ACCESS:    4993985 HIT:    1634100 MISS:    3359885 MISS_MERGE:          0
cpu0->cpu0_L2C RFO          ACCESS:     155136 HIT:      75663 MISS:      79473 MISS_MERGE:          0
cpu0->cpu0_L2C PREFETCH     ACCESS:          0 HIT:          0 MISS:          0 MISS_MERGE:          0
cpu0->cpu0_L2C WRITE        ACCESS:    1214305 HIT:    1214170 MISS:        135 MISS_MERGE:          0
cpu0->cpu0_L2C TRANSLATION  ACCESS:     521632 HIT:     248133 MISS:     273499 MISS_MERGE:          0
cpu0->cpu0_L2C PREFETCH REQUESTED:          0 ISSUED:          0 USEFUL:          0 USELESS:          0
cpu0->cpu0_L2C AVERAGE MISS LATENCY: 203.8 cycles
cpu0->cpu0_STLB TOTAL        ACCESS:    4067701 HIT:    3492912 MISS:     574789 MISS_MERGE:          0
cpu0->cpu0_STLB LOAD         ACCESS:    4067701 HIT:    3492912 MISS:     574789 MISS_MERGE:          0
cpu0->cpu0_STLB RFO          ACCESS:          0 HIT:          0 MISS:          0 MISS_MERGE:          0
cpu0->cpu0_STLB PREFETCH     ACCESS:          0 HIT:          0 MISS:          0 MISS_MERGE:          0
cpu0->cpu0_STLB WRITE        ACCESS:          0 HIT:          0 MISS:          0 MISS_MERGE:          0
cpu0->cpu0_STLB TRANSLATION  ACCESS:          0 HIT:          0 MISS:          0 MISS_MERGE:          0
cpu0->cpu0_STLB PREFETCH REQUESTED:          0 ISSUED:          0 USEFUL:          0 USELESS:          0
cpu0->cpu0_STLB AVERAGE MISS LATENCY: 115 cycles

DRAM Statistics

Channel 0 RQ ROW_BUFFER_HIT:       2947
  ROW_BUFFER_MISS:    3097966
  AVG DBUS CONGESTED CYCLE: 8.368
Channel 0 WQ ROW_BUFFER_HIT:     230777
  ROW_BUFFER_MISS:     504901
  FULL:          0
Channel 0 REFRESHES ISSUED:      32255
