[VMEM] WARNING: physical memory size is smaller than virtual memory size.

*** ChampSim Multicore Out-of-Order Simulator ***
Warmup Instructions: 12500000
Simulation Instructions: 50000000
Number of CPUs: 1
Page size: 4096

Off-chip DRAM Size: 16 GiB Channels: 1 Width: 64-bit Data Rate: 3205 MT/s
Heartbeat CPU 0 instructions: 10000002 cycles: 3344936 heartbeat IPC: 2.99 cumulative IPC: 2.99 (Simulation time: 00 hr 00 min 35 sec)
Warmup finished CPU 0 instructions: 12500003 cycles: 4459929 cumulative IPC: 2.803 (Simulation time: 00 hr 00 min 46 sec)
Warmup complete CPU 0 instructions: 12500003 cycles: 4459929 cumulative IPC: 2.803 (Simulation time: 00 hr 00 min 46 sec)
Heartbeat CPU 0 instructions: 20000006 cycles: 24142457 heartbeat IPC: 0.4808 cumulative IPC: 0.381 (Simulation time: 00 hr 01 min 49 sec)
Heartbeat CPU 0 instructions: 30000007 cycles: 50041534 heartbeat IPC: 0.3861 cumulative IPC: 0.3839 (Simulation time: 00 hr 03 min 46 sec)
Heartbeat CPU 0 instructions: 40000009 cycles: 82942388 heartbeat IPC: 0.3039 cumulative IPC: 0.3504 (Simulation time: 00 hr 06 min 39 sec)
Heartbeat CPU 0 instructions: 50000009 cycles: 101216580 heartbeat IPC: 0.5472 cumulative IPC: 0.3876 (Simulation time: 00 hr 07 min 49 sec)
Heartbeat CPU 0 instructions: 60000010 cycles: 117850845 heartbeat IPC: 0.6012 cumulative IPC: 0.4189 (Simulation time: 00 hr 08 min 55 sec)
Simulation finished CPU 0 instructions: 50000004 cycles: 116502956 cumulative IPC: 0.4292 (Simulation time: 00 hr 09 min 08 sec)
Simulation complete CPU 0 instructions: 50000004 cycles: 116502956 cumulative IPC: 0.4292 (Simulation time: 00 hr 09 min 08 sec)

ChampSim completed all CPUs

=== Simulation ===
CPU 0 runs traces/403.gcc-17B.champsimtrace.xz

Region of Interest Statistics

CPU 0 cumulative IPC: 0.4292 instructions: 50000004 cycles: 116502956
CPU 0 Branch Prediction Accuracy: 91.45% MPKI: 17.95 Average ROB Occupancy at Mispredict: 31.5
Branch type MPKI
BRANCH_DIRECT_JUMP: 0.1334
BRANCH_INDIRECT: 0.4934
BRANCH_CONDITIONAL: 17.21
BRANCH_DIRECT_CALL: 0.1022
BRANCH_INDIRECT_CALL: 0.002
BRANCH_RETURN: 0.00512

cpu0->LLC TOTAL        ACCESS:    2259304 HIT:      55932 MISS:    2203372 MISS_MERGE:          1
cpu0->LLC LOAD         ACCESS:     335145 HIT:      51237 MISS:     283908 MISS_MERGE:          1
cpu0->LLC RFO          ACCESS:     938001 HIT:        338 MISS:     937663 MISS_MERGE:          0
cpu0->LLC PREFETCH     ACCESS:          0 HIT:          0 MISS:          0 MISS_MERGE:          0
cpu0->LLC WRITE        ACCESS:     974743 HIT:       2778 MISS:     971965 MISS_MERGE:          0
cpu0->LLC TRANSLATION  ACCESS:      11415 HIT:       1579 MISS:       9836 MISS_MERGE:          0
cpu0->LLC PREFETCH REQUESTED:          0 ISSUED:          0 USEFUL:          0 USELESS:          0
cpu0->LLC AVERAGE MISS LATENCY: 294.6 cycles
cpu0->cpu0_DTLB TOTAL        ACCESS:   21962991 HIT:   20971798 MISS:     991193 MISS_MERGE:     428384
cpu0->cpu0_DTLB LOAD         ACCESS:   21962991 HIT:   20971798 MISS:     991193 MISS_MERGE:     428384
cpu0->cpu0_DTLB RFO          ACCESS:          0 HIT:          0 MISS:          0 MISS_MERGE:          0
cpu0->cpu0_DTLB PREFETCH     ACCESS:          0 HIT:          0 MISS:          0 MISS_MERGE:          0
cpu0->cpu0_DTLB WRITE        ACCESS:          0 HIT:          0 MISS:          0 MISS_MERGE:          0
cpu0->cpu0_DTLB TRANSLATION  ACCESS:          0 HIT:          0 MISS:          0 MISS_MERGE:          0
cpu0->cpu0_DTLB PREFETCH REQUESTED:          0 ISSUED:          0 USEFUL:          0 USELESS:          0
cpu0->cpu0_DTLB AVERAGE MISS LATENCY: 17.68 cycles
cpu0->cpu0_ITLB TOTAL        ACCESS:    6036260 HIT:    6032590 MISS:       3670 MISS_MERGE:       2261
cpu0->cpu0_ITLB LOAD         ACCESS:    6036260 HIT:    6032590 MISS:       3670 MISS_MERGE:       2261
cpu0->cpu0_ITLB RFO          ACCESS:          0 HIT:          0 MISS:          0 MISS_MERGE:          0
cpu0->cpu0_ITLB PREFETCH     ACCESS:          0 HIT:          0 MISS:          0 MISS_MERGE:          0
cpu0->cpu0_ITLB WRITE        ACCESS:          0 HIT:          0 MISS:          0 MISS_MERGE:          0
cpu0->cpu0_ITLB TRANSLATION  ACCESS:          0 HIT:          0 MISS:          0 MISS_MERGE:          0
cpu0->cpu0_ITLB PREFETCH REQUESTED:          0 ISSUED:          0 USEFUL:          0 USELESS:          0
cpu0->cpu0_ITLB AVERAGE MISS LATENCY: 12.16 cycles
cpu0->cpu0_L1D TOTAL        ACCESS:   22050576 HIT:   13753895 MISS:    8296681 MISS_MERGE:    6820310
cpu0->cpu0_L1D LOAD         ACCESS:    9664265 HIT:    8818972 MISS:     845293 MISS_MERGE:     323699
cpu0->cpu0_L1D RFO          ACCESS:          0 HIT:          0 MISS:          0 MISS_MERGE:          0
cpu0->cpu0_L1D PREFETCH     ACCESS:          0 HIT:          0 MISS:          0 MISS_MERGE:          0
cpu0->cpu0_L1D WRITE        ACCESS:   12298726 HIT:    4862496 MISS:    7436230 MISS_MERGE:    6496580
cpu0->cpu0_L1D TRANSLATION  ACCESS:      87585 HIT:      72427 MISS:      15158 MISS_MERGE:         31
cpu0->cpu0_L1D PREFETCH REQUESTED:          0 ISSUED:          0 USEFUL:          0 USELESS:          0
cpu0->cpu0_L1D AVERAGE MISS LATENCY: 456.5 cycles
cpu0->cpu0_L1I TOTAL        ACCESS:    6036260 HIT:    6034111 MISS:       2149 MISS_MERGE:        430
cpu0->cpu0_L1I LOAD         ACCESS:    6036260 HIT:    6034111 MISS:       2149 MISS_MERGE:        430
cpu0->cpu0_L1I RFO          ACCESS:          0 HIT:          0 MISS:          0 MISS_MERGE:          0
cpu0->cpu0_L1I PREFETCH     ACCESS:          0 HIT:          0 MISS:          0 MISS_MERGE:          0
cpu0->cpu0_L1I WRITE        ACCESS:          0 HIT:          0 MISS:          0 MISS_MERGE:          0
cpu0->cpu0_L1I TRANSLATION  ACCESS:          0 HIT:          0 MISS:          0 MISS_MERGE:          0
cpu0->cpu0_L1I PREFETCH REQUESTED:          0 ISSUED:          0 USEFUL:          0 USELESS:          0
cpu0->cpu0_L1I AVERAGE MISS LATENCY: 71.21 cycles
cpu0->cpu0_L2C TOTAL        ACCESS:    2462038 HIT:    1177310 MISS:    1284728 MISS_MERGE:          1
cpu0->cpu0_L2C LOAD         ACCESS:     523313 HIT:     188168 MISS:     335145 MISS_MERGE:          0
cpu0->cpu0_L2C RFO          ACCESS:     939650 HIT:       1648 MISS:     938002 MISS_MERGE:          1
cpu0->cpu0_L2C PREFETCH     ACCESS:          0 HIT:          0 MISS:          0 MISS_MERGE:          0
cpu0->cpu0_L2C WRITE        ACCESS:     983948 HIT:     983782 MISS:        166 MISS_MERGE:          0
cpu0->cpu0_L2C TRANSLATION  ACCESS:      15127 HIT:       3712 MISS:      11415 MISS_MERGE:          0
cpu0->cpu0_L2C PREFETCH REQUESTED:          0 ISSUED:          0 USEFUL:          0 USELESS:          0
cpu0->cpu0_L2C AVERAGE MISS LATENCY: 514.5 cycles
cpu0->cpu0_STLB TOTAL        ACCESS:     564218 HIT:     520670 MISS:      43548 MISS_MERGE:          0
cpu0->cpu0_STLB LOAD         ACCESS:     564218 HIT:     520670 MISS:      43548 MISS_MERGE:          0
cpu0->cpu0_STLB RFO          ACCESS:          0 HIT:          0 MISS:          0 MISS_MERGE:          0
cpu0->cpu0_STLB PREFETCH     ACCESS:          0 HIT:          0 MISS:          0 MISS_MERGE:          0
cpu0->cpu0_STLB WRITE        ACCESS:          0 HIT:          0 MISS:          0 MISS_MERGE:          0
cpu0->cpu0_STLB TRANSLATION  ACCESS:          0 HIT:          0 MISS:          0 MISS_MERGE:          0
cpu0->cpu0_STLB PREFETCH REQUESTED:          0 ISSUED:          0 USEFUL:          0 USELESS:          0
cpu0->cpu0_STLB AVERAGE MISS LATENCY: 163.1 cycles

DRAM Statistics

Channel 0 RQ ROW_BUFFER_HIT:      96425
  ROW_BUFFER_MISS:    1134968
  AVG DBUS CONGESTED CYCLE: 7.14
Channel 0 WQ ROW_BUFFER_HIT:     115937
  ROW_BUFFER_MISS:     857103
  FULL:          0
Channel 0 REFRESHES ISSUED:       9709
