[VMEM] WARNING: physical memory size is smaller than virtual memory size.

*** ChampSim Multicore Out-of-Order Simulator ***
Warmup Instructions: 12500000
Simulation Instructions: 50000000
Number of CPUs: 1
Page size: 4096

Off-chip DRAM Size: 16 GiB Channels: 1 Width: 64-bit Data Rate: 3205 MT/s
Heartbeat CPU 0 instructions: 10000002 cycles: 3344836 heartbeat IPC: 2.99 cumulative IPC: 2.99 (Simulation time: 00 hr 00 min 30 sec)
Warmup finished CPU 0 instructions: 12500003 cycles: 4458846 cumulative IPC: 2.803 (Simulation time: 00 hr 00 min 39 sec)
Warmup complete CPU 0 instructions: 12500003 cycles: 4458846 cumulative IPC: 2.803 (Simulation time: 00 hr 00 min 39 sec)
Heartbeat CPU 0 instructions: 20000006 cycles: 25445575 heartbeat IPC: 0.4525 cumulative IPC: 0.3574 (Simulation time: 00 hr 01 min 39 sec)
Heartbeat CPU 0 instructions: 30000007 cycles: 52521657 heartbeat IPC: 0.3693 cumulative IPC: 0.3641 (Simulation time: 00 hr 03 min 20 sec)
Heartbeat CPU 0 instructions: 40000009 cycles: 86875618 heartbeat IPC: 0.2911 cumulative IPC: 0.3337 (Simulation time: 00 hr 06 min 00 sec)
Heartbeat CPU 0 instructions: 50000009 cycles: 104832240 heartbeat IPC: 0.5569 cumulative IPC: 0.3736 (Simulation time: 00 hr 07 min 01 sec)
Heartbeat CPU 0 instructions: 60000010 cycles: 122408701 heartbeat IPC: 0.5689 cumulative IPC: 0.4027 (Simulation time: 00 hr 08 min 01 sec)
Simulation finished CPU 0 instructions: 50000004 cycles: 122153892 cumulative IPC: 0.4093 (Simulation time: 00 hr 08 min 15 sec)
Simulation complete CPU 0 instructions: 50000004 cycles: 122153892 cumulative IPC: 0.4093 (Simulation time: 00 hr 08 min 15 sec)

ChampSim completed all CPUs

=== Simulation ===
CPU 0 runs traces/403.gcc-17B.champsimtrace.xz

Region of Interest Statistics

CPU 0 cumulative IPC: 0.4093 instructions: 50000004 cycles: 122153892
CPU 0 Branch Prediction Accuracy: 91.45% MPKI: 17.95 Average ROB Occupancy at Mispredict: 31.86
Branch type MPKI
BRANCH_DIRECT_JUMP: 0.1334
BRANCH_INDIRECT: 0.4934
BRANCH_CONDITIONAL: 17.21
BRANCH_DIRECT_CALL: 0.1022
BRANCH_INDIRECT_CALL: 0.002
BRANCH_RETURN: 0.00512

cpu0->LLC TOTAL        ACCESS:    2259260 HIT:     998891 MISS:    1260369 MISS_MERGE:          1
cpu0->LLC LOAD         ACCESS:     335079 HIT:      20119 MISS:     314960 MISS_MERGE:          1
cpu0->LLC RFO          ACCESS:     937997 HIT:        574 MISS:     937423 MISS_MERGE:          0
cpu0->LLC PREFETCH     ACCESS:          0 HIT:          0 MISS:          0 MISS_MERGE:          0
cpu0->LLC WRITE        ACCESS:     974749 HIT:     974031 MISS:        718 MISS_MERGE:          0
cpu0->LLC TRANSLATION  ACCESS:      11435 HIT:       4167 MISS:       7268 MISS_MERGE:          0
cpu0->LLC PREFETCH REQUESTED:          0 ISSUED:          0 USEFUL:          0 USELESS:          0
cpu0->LLC AVERAGE MISS LATENCY: 519.4 cycles
cpu0->cpu0_DTLB TOTAL        ACCESS:   21959602 HIT:   20967921 MISS:     991681 MISS_MERGE:     428744
cpu0->cpu0_DTLB LOAD         ACCESS:   21959602 HIT:   20967921 MISS:     991681 MISS_MERGE:     428744
cpu0->cpu0_DTLB RFO          ACCESS:          0 HIT:          0 MISS:          0 MISS_MERGE:          0
cpu0->cpu0_DTLB PREFETCH     ACCESS:          0 HIT:          0 MISS:          0 MISS_MERGE:          0
cpu0->cpu0_DTLB WRITE        ACCESS:          0 HIT:          0 MISS:          0 MISS_MERGE:          0
cpu0->cpu0_DTLB TRANSLATION  ACCESS:          0 HIT:          0 MISS:          0 MISS_MERGE:          0
cpu0->cpu0_DTLB PREFETCH REQUESTED:          0 ISSUED:          0 USEFUL:          0 USELESS:          0
cpu0->cpu0_DTLB AVERAGE MISS LATENCY: 16.98 cycles
cpu0->cpu0_ITLB TOTAL        ACCESS:    6041265 HIT:    6037595 MISS:       3670 MISS_MERGE:       2261
cpu0->cpu0_ITLB LOAD         ACCESS:    6041265 HIT:    6037595 MISS:       3670 MISS_MERGE:       2261
cpu0->cpu0_ITLB RFO          ACCESS:          0 HIT:          0 MISS:          0 MISS_MERGE:          0
cpu0->cpu0_ITLB PREFETCH     ACCESS:          0 HIT:          0 MISS:          0 MISS_MERGE:          0
cpu0->cpu0_ITLB WRITE        ACCESS:          0 HIT:          0 MISS:          0 MISS_MERGE:          0
cpu0->cpu0_ITLB TRANSLATION  ACCESS:          0 HIT:          0 MISS:          0 MISS_MERGE:          0
cpu0->cpu0_ITLB PREFETCH REQUESTED:          0 ISSUED:          0 USEFUL:          0 USELESS:          0
cpu0->cpu0_ITLB AVERAGE MISS LATENCY: 11.68 cycles
cpu0->cpu0_L1D TOTAL        ACCESS:   22047187 HIT:   13744875 MISS:    8302312 MISS_MERGE:    6825906
cpu0->cpu0_L1D LOAD         ACCESS:    9660876 HIT:    8809656 MISS:     851220 MISS_MERGE:     329581
cpu0->cpu0_L1D RFO          ACCESS:          0 HIT:          0 MISS:          0 MISS_MERGE:          0
cpu0->cpu0_L1D PREFETCH     ACCESS:          0 HIT:          0 MISS:          0 MISS_MERGE:          0
cpu0->cpu0_L1D WRITE        ACCESS:   12298726 HIT:    4862783 MISS:    7435943 MISS_MERGE:    6496304
cpu0->cpu0_L1D TRANSLATION  ACCESS:      87585 HIT:      72436 MISS:      15149 MISS_MERGE:         21
cpu0->cpu0_L1D PREFETCH REQUESTED:          0 ISSUED:          0 USEFUL:          0 USELESS:          0
cpu0->cpu0_L1D AVERAGE MISS LATENCY: 466.1 cycles
cpu0->cpu0_L1I TOTAL        ACCESS:    6041265 HIT:    6039120 MISS:       2145 MISS_MERGE:        426
cpu0->cpu0_L1I LOAD         ACCESS:    6041265 HIT:    6039120 MISS:       2145 MISS_MERGE:        426
cpu0->cpu0_L1I RFO          ACCESS:          0 HIT:          0 MISS:          0 MISS_MERGE:          0
cpu0->cpu0_L1I PREFETCH     ACCESS:          0 HIT:          0 MISS:          0 MISS_MERGE:          0
cpu0->cpu0_L1I WRITE        ACCESS:          0 HIT:          0 MISS:          0 MISS_MERGE:          0
cpu0->cpu0_L1I TRANSLATION  ACCESS:          0 HIT:          0 MISS:          0 MISS_MERGE:          0
cpu0->cpu0_L1I PREFETCH REQUESTED:          0 ISSUED:          0 USEFUL:          0 USELESS:          0
cpu0->cpu0_L1I AVERAGE MISS LATENCY: 59.97 cycles
cpu0->cpu0_L2C TOTAL        ACCESS:    2462075 HIT:    1177397 MISS:    1284678 MISS_MERGE:          1
cpu0->cpu0_L2C LOAD         ACCESS:     523358 HIT:     188279 MISS:     335079 MISS_MERGE:          0
cpu0->cpu0_L2C RFO          ACCESS:     939639 HIT:       1641 MISS:     937998 MISS_MERGE:          1
cpu0->cpu0_L2C PREFETCH     ACCESS:          0 HIT:          0 MISS:          0 MISS_MERGE:          0
cpu0->cpu0_L2C WRITE        ACCESS:     983950 HIT:     983784 MISS:        166 MISS_MERGE:          0
cpu0->cpu0_L2C TRANSLATION  ACCESS:      15128 HIT:       3693 MISS:      11435 MISS_MERGE:          0
cpu0->cpu0_L2C PREFETCH REQUESTED:          0 ISSUED:          0 USEFUL:          0 USELESS:          0
cpu0->cpu0_L2C AVERAGE MISS LATENCY: 525.6 cycles
cpu0->cpu0_STLB TOTAL        ACCESS:     564346 HIT:     520797 MISS:      43549 MISS_MERGE:          0
cpu0->cpu0_STLB LOAD         ACCESS:     564346 HIT:     520797 MISS:      43549 MISS_MERGE:          0
cpu0->cpu0_STLB RFO          ACCESS:          0 HIT:          0 MISS:          0 MISS_MERGE:          0
cpu0->cpu0_STLB PREFETCH     ACCESS:          0 HIT:          0 MISS:          0 MISS_MERGE:          0
cpu0->cpu0_STLB WRITE        ACCESS:          0 HIT:          0 MISS:          0 MISS_MERGE:          0
cpu0->cpu0_STLB TRANSLATION  ACCESS:          0 HIT:          0 MISS:          0 MISS_MERGE:          0
cpu0->cpu0_STLB PREFETCH REQUESTED:          0 ISSUED:          0 USEFUL:          0 USELESS:          0
cpu0->cpu0_STLB AVERAGE MISS LATENCY: 154 cycles

DRAM Statistics

Channel 0 RQ ROW_BUFFER_HIT:      59697
  ROW_BUFFER_MISS:    1199952
  AVG DBUS CONGESTED CYCLE: 7.478
Channel 0 WQ ROW_BUFFER_HIT:     115304
  ROW_BUFFER_MISS:     844700
  FULL:          0
Channel 0 REFRESHES ISSUED:      10180
