[VMEM] WARNING: physical memory size is smaller than virtual memory size.

*** ChampSim Multicore Out-of-Order Simulator ***
Warmup Instructions: 12500000
Simulation Instructions: 50000000
Number of CPUs: 1
Page size: 4096

Off-chip DRAM Size: 16 GiB Channels: 1 Width: 64-bit Data Rate: 3205 MT/s
Heartbeat CPU 0 instructions: 10000000 cycles: 2681393 heartbeat IPC: 3.729 cumulative IPC: 3.729 (Simulation time: 00 hr 00 min 27 sec)
Warmup finished CPU 0 instructions: 12500001 cycles: 3346040 cumulative IPC: 3.736 (Simulation time: 00 hr 00 min 34 sec)
Warmup complete CPU 0 instructions: 12500001 cycles: 3346040 cumulative IPC: 3.736 (Simulation time: 00 hr 00 min 34 sec)
Heartbeat CPU 0 instructions: 20000003 cycles: 15576975 heartbeat IPC: 0.7755 cumulative IPC: 0.6132 (Simulation time: 00 hr 01 min 54 sec)
Heartbeat CPU 0 instructions: 30000004 cycles: 31899026 heartbeat IPC: 0.6127 cumulative IPC: 0.6129 (Simulation time: 00 hr 03 min 31 sec)
Heartbeat CPU 0 instructions: 40000006 cycles: 48205613 heartbeat IPC: 0.6132 cumulative IPC: 0.613 (Simulation time: 00 hr 05 min 15 sec)
Heartbeat CPU 0 instructions: 50000007 cycles: 64483664 heartbeat IPC: 0.6143 cumulative IPC: 0.6134 (Simulation time: 00 hr 06 min 53 sec)
Heartbeat CPU 0 instructions: 60000010 cycles: 80845216 heartbeat IPC: 0.6112 cumulative IPC: 0.6129 (Simulation time: 00 hr 08 min 30 sec)
Simulation finished CPU 0 instructions: 50000003 cycles: 81547187 cumulative IPC: 0.6131 (Simulation time: 00 hr 08 min 54 sec)
Simulation complete CPU 0 instructions: 50000003 cycles: 81547187 cumulative IPC: 0.6131 (Simulation time: 00 hr 08 min 54 sec)

ChampSim completed all CPUs

=== Simulation ===
CPU 0 runs traces/470.lbm-1274B.champsimtrace.xz

Region of Interest Statistics

CPU 0 cumulative IPC: 0.6131 instructions: 50000003 cycles: 81547187
CPU 0 Branch Prediction Accuracy: 99.4% MPKI: 0.08384 Average ROB Occupancy at Mispredict: 158.6
Branch type MPKI
BRANCH_DIRECT_JUMP: 0
BRANCH_INDIRECT: 0
BRANCH_CONDITIONAL: 0.08384
BRANCH_DIRECT_CALL: 0
BRANCH_INDIRECT_CALL: 0
BRANCH_RETURN: 0

cpu0->LLC TOTAL        ACCESS:    2491022 HIT:    1066857 MISS:    1424165 MISS_MERGE:          0
cpu0->LLC LOAD         ACCESS:     355371 HIT:          0 MISS:     355371 MISS_MERGE:          0
cpu0->LLC RFO          ACCESS:    1066414 HIT:        435 MISS:    1065979 MISS_MERGE:          0
cpu0->LLC PREFETCH     ACCESS:          0 HIT:          0 MISS:          0 MISS_MERGE:          0
cpu0->LLC WRITE        ACCESS:    1066422 HIT:    1066422 MISS:          0 MISS_MERGE:          0
cpu0->LLC TRANSLATION  ACCESS:       2815 HIT:          0 MISS:       2815 MISS_MERGE:          0
cpu0->LLC PREFETCH REQUESTED:          0 ISSUED:          0 USEFUL:          0 USELESS:          0
cpu0->LLC AVERAGE MISS LATENCY: 357 cycles
cpu0->cpu0_DTLB TOTAL        ACCESS:   11549896 HIT:   11476587 MISS:      73309 MISS_MERGE:      51078
cpu0->cpu0_DTLB LOAD         ACCESS:   11549896 HIT:   11476587 MISS:      73309 MISS_MERGE:      51078
cpu0->cpu0_DTLB RFO          ACCESS:          0 HIT:          0 MISS:          0 MISS_MERGE:          0
cpu0->cpu0_DTLB PREFETCH     ACCESS:          0 HIT:          0 MISS:          0 MISS_MERGE:          0
cpu0->cpu0_DTLB WRITE        ACCESS:          0 HIT:          0 MISS:          0 MISS_MERGE:          0
cpu0->cpu0_DTLB TRANSLATION  ACCESS:          0 HIT:          0 MISS:          0 MISS_MERGE:          0
cpu0->cpu0_DTLB PREFETCH REQUESTED:          0 ISSUED:          0 USEFUL:          0 USELESS:          0
cpu0->cpu0_DTLB AVERAGE MISS LATENCY: 170.2 cycles
cpu0->cpu0_ITLB TOTAL        ACCESS:    9203209 HIT:    9203209 MISS:          0 MISS_MERGE:          0
cpu0->cpu0_ITLB LOAD         ACCESS:    9203209 HIT:    9203209 MISS:          0 MISS_MERGE:          0
cpu0->cpu0_ITLB RFO          ACCESS:          0 HIT:          0 MISS:          0 MISS_MERGE:          0
cpu0->cpu0_ITLB PREFETCH     ACCESS:          0 HIT:          0 MISS:          0 MISS_MERGE:          0
cpu0->cpu0_ITLB WRITE        ACCESS:          0 HIT:          0 MISS:          0 MISS_MERGE:          0
cpu0->cpu0_ITLB TRANSLATION  ACCESS:          0 HIT:          0 MISS:          0 MISS_MERGE:          0
cpu0->cpu0_ITLB PREFETCH REQUESTED:          0 ISSUED:          0 USEFUL:          0 USELESS:          0
cpu0->cpu0_ITLB AVERAGE MISS LATENCY: - cycles
cpu0->cpu0_L1D TOTAL        ACCESS:   11594380 HIT:    7287411 MISS:    4306969 MISS_MERGE:    1949364
cpu0->cpu0_L1D LOAD         ACCESS:    6528680 HIT:    4242644 MISS:    2286036 MISS_MERGE:    1930665
cpu0->cpu0_L1D RFO          ACCESS:          0 HIT:          0 MISS:          0 MISS_MERGE:          0
cpu0->cpu0_L1D PREFETCH     ACCESS:          0 HIT:          0 MISS:          0 MISS_MERGE:          0
cpu0->cpu0_L1D WRITE        ACCESS:    5021216 HIT:    3003106 MISS:    2018110 MISS_MERGE:      18694
cpu0->cpu0_L1D TRANSLATION  ACCESS:      44484 HIT:      41661 MISS:       2823 MISS_MERGE:          5
cpu0->cpu0_L1D PREFETCH REQUESTED:          0 ISSUED:          0 USEFUL:          0 USELESS:          0
cpu0->cpu0_L1D AVERAGE MISS LATENCY: 234.2 cycles
cpu0->cpu0_L1I TOTAL        ACCESS:    9203209 HIT:    9203209 MISS:          0 MISS_MERGE:          0
cpu0->cpu0_L1I LOAD         ACCESS:    9203209 HIT:    9203209 MISS:          0 MISS_MERGE:          0
cpu0->cpu0_L1I RFO          ACCESS:          0 HIT:          0 MISS:          0 MISS_MERGE:          0
cpu0->cpu0_L1I PREFETCH     ACCESS:          0 HIT:          0 MISS:          0 MISS_MERGE:          0
cpu0->cpu0_L1I WRITE        ACCESS:          0 HIT:          0 MISS:          0 MISS_MERGE:          0
cpu0->cpu0_L1I TRANSLATION  ACCESS:          0 HIT:          0 MISS:          0 MISS_MERGE:          0
cpu0->cpu0_L1I PREFETCH REQUESTED:          0 ISSUED:          0 USEFUL:          0 USELESS:          0
cpu0->cpu0_L1I AVERAGE MISS LATENCY: - cycles
cpu0->cpu0_L2C TOTAL        ACCESS:    4357024 HIT:    2932424 MISS:    1424600 MISS_MERGE:          0
cpu0->cpu0_L2C LOAD         ACCESS:     355371 HIT:          0 MISS:     355371 MISS_MERGE:          0
cpu0->cpu0_L2C RFO          ACCESS:    1999419 HIT:     933005 MISS:    1066414 MISS_MERGE:          0
cpu0->cpu0_L2C PREFETCH     ACCESS:          0 HIT:          0 MISS:          0 MISS_MERGE:          0
cpu0->cpu0_L2C WRITE        ACCESS:    1999416 HIT:    1999416 MISS:          0 MISS_MERGE:          0
cpu0->cpu0_L2C TRANSLATION  ACCESS:       2818 HIT:          3 MISS:       2815 MISS_MERGE:          0
cpu0->cpu0_L2C PREFETCH REQUESTED:          0 ISSUED:          0 USEFUL:          0 USELESS:          0
cpu0->cpu0_L2C AVERAGE MISS LATENCY: 372.9 cycles
cpu0->cpu0_STLB TOTAL        ACCESS:      22231 HIT:          0 MISS:      22231 MISS_MERGE:          0
cpu0->cpu0_STLB LOAD         ACCESS:      22231 HIT:          0 MISS:      22231 MISS_MERGE:          0
cpu0->cpu0_STLB RFO          ACCESS:          0 HIT:          0 MISS:          0 MISS_MERGE:          0
cpu0->cpu0_STLB PREFETCH     ACCESS:          0 HIT:          0 MISS:          0 MISS_MERGE:          0
cpu0->cpu0_STLB WRITE        ACCESS:          0 HIT:          0 MISS:          0 MISS_MERGE:          0
cpu0->cpu0_STLB TRANSLATION  ACCESS:          0 HIT:          0 MISS:          0 MISS_MERGE:          0
cpu0->cpu0_STLB PREFETCH REQUESTED:          0 ISSUED:          0 USEFUL:          0 USELESS:          0
cpu0->cpu0_STLB AVERAGE MISS LATENCY: 164.2 cycles

DRAM Statistics

Channel 0 RQ ROW_BUFFER_HIT:      18990
  ROW_BUFFER_MISS:    1405172
  AVG DBUS CONGESTED CYCLE: 5.768
Channel 0 WQ ROW_BUFFER_HIT:     215821
  ROW_BUFFER_MISS:     850478
  FULL:          0
Channel 0 REFRESHES ISSUED:       6796
