[VMEM] WARNING: physical memory size is smaller than virtual memory size.

*** ChampSim Multicore Out-of-Order Simulator ***
Warmup Instructions: 12500000
Simulation Instructions: 50000000
Number of CPUs: 1
Page size: 4096

Off-chip DRAM Size: 16 GiB Channels: 1 Width: 64-bit Data Rate: 3205 MT/s
Heartbeat CPU 0 instructions: 10000000 cycles: 5098395 heartbeat IPC: 1.961 cumulative IPC: 1.961 (Simulation time: 00 hr 00 min 42 sec)
Warmup finished CPU 0 instructions: 12500001 cycles: 6141236 cumulative IPC: 2.035 (Simulation time: 00 hr 00 min 53 sec)
Warmup complete CPU 0 instructions: 12500001 cycles: 6141236 cumulative IPC: 2.035 (Simulation time: 00 hr 00 min 53 sec)
Heartbeat CPU 0 instructions: 20000001 cycles: 65390634 heartbeat IPC: 0.1659 cumulative IPC: 0.1266 (Simulation time: 00 hr 04 min 30 sec)
Heartbeat CPU 0 instructions: 30000002 cycles: 150575681 heartbeat IPC: 0.1174 cumulative IPC: 0.1212 (Simulation time: 00 hr 09 min 42 sec)
Heartbeat CPU 0 instructions: 40000004 cycles: 227321566 heartbeat IPC: 0.1303 cumulative IPC: 0.1243 (Simulation time: 00 hr 14 min 20 sec)
Simulation CPU 0 warning: IPC 0.034238 < 0.05
Heartbeat CPU 0 instructions: 50000005 cycles: 324773901 heartbeat IPC: 0.1026 cumulative IPC: 0.1177 (Simulation time: 00 hr 20 min 29 sec)
Heartbeat CPU 0 instructions: 60000005 cycles: 408700296 heartbeat IPC: 0.1192 cumulative IPC: 0.118 (Simulation time: 00 hr 25 min 09 sec)
Simulation finished CPU 0 instructions: 50000000 cycles: 427251954 cumulative IPC: 0.117 (Simulation time: 00 hr 26 min 28 sec)
Simulation complete CPU 0 instructions: 50000000 cycles: 427251954 cumulative IPC: 0.117 (Simulation time: 00 hr 26 min 28 sec)

ChampSim completed all CPUs

=== Simulation ===
CPU 0 runs traces/429.mcf-51B.champsimtrace.xz

Region of Interest Statistics

CPU 0 cumulative IPC: 0.117 instructions: 50000000 cycles: 427251954
CPU 0 Branch Prediction Accuracy: 85.8% MPKI: 34.3 Average ROB Occupancy at Mispredict: 23.94
Branch type MPKI
BRANCH_DIRECT_JUMP: 0.7198
BRANCH_INDIRECT: 0
BRANCH_CONDITIONAL: 33.58
BRANCH_DIRECT_CALL: 0
BRANCH_INDIRECT_CALL: 0
BRANCH_RETURN: 0

cpu0->LLC TOTAL        ACCESS:    4487110 HIT:      89379 MISS:    4397731 MISS_MERGE:          0
cpu0->LLC LOAD         ACCESS:    3360075 HIT:      69103 MISS:    3290972 MISS_MERGE:          0
cpu0->LLC RFO          ACCESS:      79524 HIT:       2136 MISS:      77388 MISS_MERGE:          0
cpu0->LLC PREFETCH     ACCESS:          0 HIT:          0 MISS:          0 MISS_MERGE:          0
cpu0->LLC WRITE        ACCESS:     771516 HIT:      12937 MISS:     758579 MISS_MERGE:          0
cpu0->LLC TRANSLATION  ACCESS:     275995 HIT:       5203 MISS:     270792 MISS_MERGE:          0
cpu0->LLC PREFETCH REQUESTED:          0 ISSUED:          0 USEFUL:          0 USELESS:          0
cpu0->LLC AVERAGE MISS LATENCY: 185.6 cycles
cpu0->cpu0_DTLB TOTAL        ACCESS:   18664774 HIT:   11462817 MISS:    7201957 MISS_MERGE:    3134189
cpu0->cpu0_DTLB LOAD         ACCESS:   18664774 HIT:   11462817 MISS:    7201957 MISS_MERGE:    3134189
cpu0->cpu0_DTLB RFO          ACCESS:          0 HIT:          0 MISS:          0 MISS_MERGE:          0
cpu0->cpu0_DTLB PREFETCH     ACCESS:          0 HIT:          0 MISS:          0 MISS_MERGE:          0
cpu0->cpu0_DTLB WRITE        ACCESS:          0 HIT:          0 MISS:          0 MISS_MERGE:          0
cpu0->cpu0_DTLB TRANSLATION  ACCESS:          0 HIT:          0 MISS:          0 MISS_MERGE:          0
cpu0->cpu0_DTLB PREFETCH REQUESTED:          0 ISSUED:          0 USEFUL:          0 USELESS:          0
cpu0->cpu0_DTLB AVERAGE MISS LATENCY: 25.24 cycles
cpu0->cpu0_ITLB TOTAL        ACCESS:     820155 HIT:     820155 MISS:          0 MISS_MERGE:          0
cpu0->cpu0_ITLB LOAD         ACCESS:     820155 HIT:     820155 MISS:          0 MISS_MERGE:          0
cpu0->cpu0_ITLB RFO          ACCESS:          0 HIT:          0 MISS:          0 MISS_MERGE:          0
cpu0->cpu0_ITLB PREFETCH     ACCESS:          0 HIT:          0 MISS:          0 MISS_MERGE:          0
cpu0->cpu0_ITLB WRITE        ACCESS:          0 HIT:          0 MISS:          0 MISS_MERGE:          0
cpu0->cpu0_ITLB TRANSLATION  ACCESS:          0 HIT:          0 MISS:          0 MISS_MERGE:          0
cpu0->cpu0_ITLB PREFETCH REQUESTED:          0 ISSUED:          0 USEFUL:          0 USELESS:          0
cpu0->cpu0_ITLB AVERAGE MISS LATENCY: - cycles
cpu0->cpu0_L1D TOTAL        ACCESS:   19989593 HIT:   11040011 MISS:    8949582 MISS_MERGE:    3278928
cpu0->cpu0_L1D LOAD         ACCESS:   16085309 HIT:    7957854 MISS:    8127455 MISS_MERGE:    3133537
cpu0->cpu0_L1D RFO          ACCESS:          0 HIT:          0 MISS:          0 MISS_MERGE:          0
cpu0->cpu0_L1D PREFETCH     ACCESS:          0 HIT:          0 MISS:          0 MISS_MERGE:          0
cpu0->cpu0_L1D WRITE        ACCESS:    2579466 HIT:    2282190 MISS:     297276 MISS_MERGE:     142118
cpu0->cpu0_L1D TRANSLATION  ACCESS:    1324818 HIT:     799967 MISS:     524851 MISS_MERGE:       3273
cpu0->cpu0_L1D PREFETCH REQUESTED:          0 ISSUED:          0 USEFUL:          0 USELESS:          0
cpu0->cpu0_L1D AVERAGE MISS LATENCY: 161.9 cycles
cpu0->cpu0_L1I TOTAL        ACCESS:     820293 HIT:     820293 MISS:          0 MISS_MERGE:          0
cpu0->cpu0_L1I LOAD         ACCESS:     820293 HIT:     820293 MISS:          0 MISS_MERGE:          0
cpu0->cpu0_L1I RFO          ACCESS:          0 HIT:          0 MISS:          0 MISS_MERGE:          0
cpu0->cpu0_L1I PREFETCH     ACCESS:          0 HIT:          0 MISS:          0 MISS_MERGE:          0
cpu0->cpu0_L1I WRITE        ACCESS:          0 HIT:          0 MISS:          0 MISS_MERGE:          0
cpu0->cpu0_L1I TRANSLATION  ACCESS:          0 HIT:          0 MISS:          0 MISS_MERGE:          0
cpu0->cpu0_L1I PREFETCH REQUESTED:          0 ISSUED:          0 USEFUL:          0 USELESS:          0
cpu0->cpu0_L1I AVERAGE MISS LATENCY: - cycles
cpu0->cpu0_L2C TOTAL        ACCESS:    6884738 HIT:    3169009 MISS:    3715729 MISS_MERGE:          0
cpu0->cpu0_L2C LOAD         ACCESS:    4993916 HIT:    1633841 MISS:    3360075 MISS_MERGE:          0
cpu0->cpu0_L2C RFO          ACCESS:     155158 HIT:      75634 MISS:      79524 MISS_MERGE:          0
cpu0->cpu0_L2C PREFETCH     ACCESS:          0 HIT:          0 MISS:          0 MISS_MERGE:          0
cpu0->cpu0_L2C WRITE        ACCESS:    1214086 HIT:    1213950 MISS:        136 MISS_MERGE:          0
cpu0->cpu0_L2C TRANSLATION  ACCESS:     521578 HIT:     245584 MISS:     275994 MISS_MERGE:          0
cpu0->cpu0_L2C PREFETCH REQUESTED:          0 ISSUED:          0 USEFUL:          0 USELESS:          0
cpu0->cpu0_L2C AVERAGE MISS LATENCY: 233.8 cycles
cpu0->cpu0_STLB TOTAL        ACCESS:    4067768 HIT:    3493005 MISS:     574763 MISS_MERGE:          0
cpu0->cpu0_STLB LOAD         ACCESS:    4067768 HIT:    3493005 MISS:     574763 MISS_MERGE:          0
cpu0->cpu0_STLB RFO          ACCESS:          0 HIT:          0 MISS:          0 MISS_MERGE:          0
cpu0->cpu0_STLB PREFETCH     ACCESS:          0 HIT:          0 MISS:          0 MISS_MERGE:          0
cpu0->cpu0_STLB WRITE        ACCESS:          0 HIT:          0 MISS:          0 MISS_MERGE:          0
cpu0->cpu0_STLB TRANSLATION  ACCESS:          0 HIT:          0 MISS:          0 MISS_MERGE:          0
cpu0->cpu0_STLB PREFETCH REQUESTED:          0 ISSUED:          0 USEFUL:          0 USELESS:          0
cpu0->cpu0_STLB AVERAGE MISS LATENCY: 142.2 cycles

DRAM Statistics

Channel 0 RQ ROW_BUFFER_HIT:       3580
  ROW_BUFFER_MISS:    3634958
  AVG DBUS CONGESTED CYCLE: 7.462
Channel 0 WQ ROW_BUFFER_HIT:     240737
  ROW_BUFFER_MISS:     531895
  FULL:          0
Channel 0 REFRESHES ISSUED:      35605
