[VMEM] WARNING: physical memory size is smaller than virtual memory size.

*** ChampSim Multicore Out-of-Order Simulator ***
Warmup Instructions: 12500000
Simulation Instructions: 50000000
Number of CPUs: 1
Page size: 4096

Off-chip DRAM Size: 16 GiB Channels: 1 Width: 64-bit Data Rate: 3205 MT/s
Heartbeat CPU 0 instructions: 10000002 cycles: 5028464 heartbeat IPC: 1.989 cumulative IPC: 1.989 (Simulation time: 00 hr 00 min 39 sec)
Warmup finished CPU 0 instructions: 12500000 cycles: 6107873 cumulative IPC: 2.047 (Simulation time: 00 hr 00 min 48 sec)
Warmup complete CPU 0 instructions: 12500000 cycles: 6107873 cumulative IPC: 2.047 (Simulation time: 00 hr 00 min 48 sec)
Heartbeat CPU 0 instructions: 20000006 cycles: 31036683 heartbeat IPC: 0.3845 cumulative IPC: 0.3009 (Simulation time: 00 hr 02 min 01 sec)
Heartbeat CPU 0 instructions: 30000006 cycles: 69450622 heartbeat IPC: 0.2603 cumulative IPC: 0.2763 (Simulation time: 00 hr 04 min 05 sec)
Heartbeat CPU 0 instructions: 40000006 cycles: 102936967 heartbeat IPC: 0.2986 cumulative IPC: 0.284 (Simulation time: 00 hr 05 min 45 sec)
Heartbeat CPU 0 instructions: 50000009 cycles: 139250674 heartbeat IPC: 0.2754 cumulative IPC: 0.2817 (Simulation time: 00 hr 07 min 37 sec)
Heartbeat CPU 0 instructions: 60000011 cycles: 177199070 heartbeat IPC: 0.2635 cumulative IPC: 0.2776 (Simulation time: 00 hr 09 min 30 sec)
Simulation finished CPU 0 instructions: 50000000 cycles: 179759384 cumulative IPC: 0.2781 (Simulation time: 00 hr 09 min 56 sec)
Simulation complete CPU 0 instructions: 50000000 cycles: 179759384 cumulative IPC: 0.2781 (Simulation time: 00 hr 09 min 56 sec)

ChampSim completed all CPUs

=== Simulation ===
CPU 0 runs traces/471.omnetpp-188B.champsimtrace.xz

Region of Interest Statistics

CPU 0 cumulative IPC: 0.2781 instructions: 50000000 cycles: 179759384
CPU 0 Branch Prediction Accuracy: 93.3% MPKI: 16.1 Average ROB Occupancy at Mispredict: 38.91
Branch type MPKI
BRANCH_DIRECT_JUMP: 0.00134
BRANCH_INDIRECT: 0.1254
BRANCH_CONDITIONAL: 15.32
BRANCH_DIRECT_CALL: 0.00068
BRANCH_INDIRECT_CALL: 0.1324
BRANCH_RETURN: 0.5249

cpu0->LLC TOTAL        ACCESS:    1527171 HIT:      61909 MISS:    1465262 MISS_MERGE:          0
cpu0->LLC LOAD         ACCESS:     872027 HIT:      39425 MISS:     832602 MISS_MERGE:          0
cpu0->LLC RFO          ACCESS:     149295 HIT:       9123 MISS:     140172 MISS_MERGE:          0
cpu0->LLC PREFETCH     ACCESS:          0 HIT:          0 MISS:          0 MISS_MERGE:          0
cpu0->LLC WRITE        ACCESS:     423766 HIT:      11306 MISS:     412460 MISS_MERGE:          0
cpu0->LLC TRANSLATION  ACCESS:      82083 HIT:       2055 MISS:      80028 MISS_MERGE:          0
cpu0->LLC PREFETCH REQUESTED:          0 ISSUED:          0 USEFUL:          0 USELESS:          0
cpu0->LLC AVERAGE MISS LATENCY: 142.3 cycles
cpu0->cpu0_DTLB TOTAL        ACCESS:   21071367 HIT:   19556203 MISS:    1515164 MISS_MERGE:     547443
cpu0->cpu0_DTLB LOAD         ACCESS:   21071367 HIT:   19556203 MISS:    1515164 MISS_MERGE:     547443
cpu0->cpu0_DTLB RFO          ACCESS:          0 HIT:          0 MISS:          0 MISS_MERGE:          0
cpu0->cpu0_DTLB PREFETCH     ACCESS:          0 HIT:          0 MISS:          0 MISS_MERGE:          0
cpu0->cpu0_DTLB WRITE        ACCESS:          0 HIT:          0 MISS:          0 MISS_MERGE:          0
cpu0->cpu0_DTLB TRANSLATION  ACCESS:          0 HIT:          0 MISS:          0 MISS_MERGE:          0
cpu0->cpu0_DTLB PREFETCH REQUESTED:          0 ISSUED:          0 USEFUL:          0 USELESS:          0
cpu0->cpu0_DTLB AVERAGE MISS LATENCY: 29.8 cycles
cpu0->cpu0_ITLB TOTAL        ACCESS:    5665367 HIT:    5607808 MISS:      57559 MISS_MERGE:      34276
cpu0->cpu0_ITLB LOAD         ACCESS:    5665367 HIT:    5607808 MISS:      57559 MISS_MERGE:      34276
cpu0->cpu0_ITLB RFO          ACCESS:          0 HIT:          0 MISS:          0 MISS_MERGE:          0
cpu0->cpu0_ITLB PREFETCH     ACCESS:          0 HIT:          0 MISS:          0 MISS_MERGE:          0
cpu0->cpu0_ITLB WRITE        ACCESS:          0 HIT:          0 MISS:          0 MISS_MERGE:          0
cpu0->cpu0_ITLB TRANSLATION  ACCESS:          0 HIT:          0 MISS:          0 MISS_MERGE:          0
cpu0->cpu0_ITLB PREFETCH REQUESTED:          0 ISSUED:          0 USEFUL:          0 USELESS:          0
cpu0->cpu0_ITLB AVERAGE MISS LATENCY: 7.672 cycles
cpu0->cpu0_L1D TOTAL        ACCESS:   21505558 HIT:   18879101 MISS:    2626457 MISS_MERGE:    1334056
cpu0->cpu0_L1D LOAD         ACCESS:   12647152 HIT:   10869081 MISS:    1778071 MISS_MERGE:     784398
cpu0->cpu0_L1D RFO          ACCESS:          0 HIT:          0 MISS:          0 MISS_MERGE:          0
cpu0->cpu0_L1D PREFETCH     ACCESS:          0 HIT:          0 MISS:          0 MISS_MERGE:          0
cpu0->cpu0_L1D WRITE        ACCESS:    8424215 HIT:    7714155 MISS:     710060 MISS_MERGE:     547227
cpu0->cpu0_L1D TRANSLATION  ACCESS:     434191 HIT:     295865 MISS:     138326 MISS_MERGE:       2431
cpu0->cpu0_L1D PREFETCH REQUESTED:          0 ISSUED:          0 USEFUL:          0 USELESS:          0
cpu0->cpu0_L1D AVERAGE MISS LATENCY: 180.8 cycles
cpu0->cpu0_L1I TOTAL        ACCESS:    5665367 HIT:    5662280 MISS:       3087 MISS_MERGE:        675
cpu0->cpu0_L1I LOAD         ACCESS:    5665367 HIT:    5662280 MISS:       3087 MISS_MERGE:        675
cpu0->cpu0_L1I RFO          ACCESS:          0 HIT:          0 MISS:          0 MISS_MERGE:          0
cpu0->cpu0_L1I PREFETCH     ACCESS:          0 HIT:          0 MISS:          0 MISS_MERGE:          0
cpu0->cpu0_L1I WRITE        ACCESS:          0 HIT:          0 MISS:          0 MISS_MERGE:          0
cpu0->cpu0_L1I TRANSLATION  ACCESS:          0 HIT:          0 MISS:          0 MISS_MERGE:          0
cpu0->cpu0_L1I PREFETCH REQUESTED:          0 ISSUED:          0 USEFUL:          0 USELESS:          0
cpu0->cpu0_L1I AVERAGE MISS LATENCY: 137.3 cycles
cpu0->cpu0_L2C TOTAL        ACCESS:    1774535 HIT:     670013 MISS:    1104522 MISS_MERGE:          0
cpu0->cpu0_L2C LOAD         ACCESS:     996085 HIT:     124058 MISS:     872027 MISS_MERGE:          0
cpu0->cpu0_L2C RFO          ACCESS:     162833 HIT:      13538 MISS:     149295 MISS_MERGE:          0
cpu0->cpu0_L2C PREFETCH     ACCESS:          0 HIT:          0 MISS:          0 MISS_MERGE:          0
cpu0->cpu0_L2C WRITE        ACCESS:     479722 HIT:     478605 MISS:       1117 MISS_MERGE:          0
cpu0->cpu0_L2C TRANSLATION  ACCESS:     135895 HIT:      53812 MISS:      82083 MISS_MERGE:          0
cpu0->cpu0_L2C PREFETCH REQUESTED:          0 ISSUED:          0 USEFUL:          0 USELESS:          0
cpu0->cpu0_L2C AVERAGE MISS LATENCY: 201.4 cycles
cpu0->cpu0_STLB TOTAL        ACCESS:     991004 HIT:     778354 MISS:     212650 MISS_MERGE:          0
cpu0->cpu0_STLB LOAD         ACCESS:     991004 HIT:     778354 MISS:     212650 MISS_MERGE:          0
cpu0->cpu0_STLB RFO          ACCESS:          0 HIT:          0 MISS:          0 MISS_MERGE:          0
cpu0->cpu0_STLB PREFETCH     ACCESS:          0 HIT:          0 MISS:          0 MISS_MERGE:          0
cpu0->cpu0_STLB WRITE        ACCESS:          0 HIT:          0 MISS:          0 MISS_MERGE:          0
cpu0->cpu0_STLB TRANSLATION  ACCESS:          0 HIT:          0 MISS:          0 MISS_MERGE:          0
cpu0->cpu0_STLB PREFETCH REQUESTED:          0 ISSUED:          0 USEFUL:          0 USELESS:          0
cpu0->cpu0_STLB AVERAGE MISS LATENCY: 112.2 cycles

DRAM Statistics

Channel 0 RQ ROW_BUFFER_HIT:      19448
  ROW_BUFFER_MISS:    1033282
  AVG DBUS CONGESTED CYCLE: 17.76
Channel 0 WQ ROW_BUFFER_HIT:     141014
  ROW_BUFFER_MISS:     280682
  FULL:          0
Channel 0 REFRESHES ISSUED:      14980
