[VMEM] WARNING: physical memory size is smaller than virtual memory size.

*** ChampSim Multicore Out-of-Order Simulator ***
Warmup Instructions: 12500000
Simulation Instructions: 50000000
Number of CPUs: 1
Page size: 4096

Off-chip DRAM Size: 16 GiB Channels: 1 Width: 64-bit Data Rate: 3205 MT/s
Heartbeat CPU 0 instructions: 10000004 cycles: 5093738 heartbeat IPC: 1.963 cumulative IPC: 1.963 (Simulation time: 00 hr 00 min 40 sec)
Warmup finished CPU 0 instructions: 12500004 cycles: 6136217 cumulative IPC: 2.037 (Simulation time: 00 hr 00 min 49 sec)
Warmup complete CPU 0 instructions: 12500004 cycles: 6136217 cumulative IPC: 2.037 (Simulation time: 00 hr 00 min 49 sec)
Heartbeat CPU 0 instructions: 20000006 cycles: 59422995 heartbeat IPC: 0.1841 cumulative IPC: 0.1407 (Simulation time: 00 hr 03 min 42 sec)
Heartbeat CPU 0 instructions: 30000009 cycles: 135832708 heartbeat IPC: 0.1309 cumulative IPC: 0.1349 (Simulation time: 00 hr 07 min 52 sec)
Heartbeat CPU 0 instructions: 40000009 cycles: 203473153 heartbeat IPC: 0.1478 cumulative IPC: 0.1394 (Simulation time: 00 hr 11 min 43 sec)
Heartbeat CPU 0 instructions: 50000009 cycles: 288947287 heartbeat IPC: 0.117 cumulative IPC: 0.1326 (Simulation time: 00 hr 16 min 23 sec)
Heartbeat CPU 0 instructions: 60000010 cycles: 361978518 heartbeat IPC: 0.1369 cumulative IPC: 0.1335 (Simulation time: 00 hr 20 min 09 sec)
Simulation finished CPU 0 instructions: 50000001 cycles: 377925884 cumulative IPC: 0.1323 (Simulation time: 00 hr 21 min 21 sec)
Simulation complete CPU 0 instructions: 50000001 cycles: 377925884 cumulative IPC: 0.1323 (Simulation time: 00 hr 21 min 21 sec)

ChampSim completed all CPUs

=== Simulation ===
CPU 0 runs traces/429.mcf-51B.champsimtrace.xz

Region of Interest Statistics

CPU 0 cumulative IPC: 0.1323 instructions: 50000001 cycles: 377925884
CPU 0 Branch Prediction Accuracy: 85.8% MPKI: 34.3 Average ROB Occupancy at Mispredict: 25.59
Branch type MPKI
BRANCH_DIRECT_JUMP: 0.7198
BRANCH_INDIRECT: 0
BRANCH_CONDITIONAL: 33.58
BRANCH_DIRECT_CALL: 0
BRANCH_INDIRECT_CALL: 0
BRANCH_RETURN: 0

cpu0->LLC TOTAL        ACCESS:    4488284 HIT:     809007 MISS:    3679277 MISS_MERGE:          0
cpu0->LLC LOAD         ACCESS:    3360013 HIT:     552494 MISS:    2807519 MISS_MERGE:          0
cpu0->LLC RFO          ACCESS:      79475 HIT:      20792 MISS:      58683 MISS_MERGE:          0
cpu0->LLC PREFETCH     ACCESS:          0 HIT:          0 MISS:          0 MISS_MERGE:          0
cpu0->LLC WRITE        ACCESS:     772442 HIT:     175132 MISS:     597310 MISS_MERGE:          0
cpu0->LLC TRANSLATION  ACCESS:     276354 HIT:      60589 MISS:     215765 MISS_MERGE:          0
cpu0->LLC PREFETCH REQUESTED:          0 ISSUED:          0 USEFUL:          0 USELESS:          0
cpu0->LLC AVERAGE MISS LATENCY: 187 cycles
cpu0->cpu0_DTLB TOTAL        ACCESS:   18652100 HIT:   11444937 MISS:    7207163 MISS_MERGE:    3139576
cpu0->cpu0_DTLB LOAD         ACCESS:   18652100 HIT:   11444937 MISS:    7207163 MISS_MERGE:    3139576
cpu0->cpu0_DTLB RFO          ACCESS:          0 HIT:          0 MISS:          0 MISS_MERGE:          0
cpu0->cpu0_DTLB PREFETCH     ACCESS:          0 HIT:          0 MISS:          0 MISS_MERGE:          0
cpu0->cpu0_DTLB WRITE        ACCESS:          0 HIT:          0 MISS:          0 MISS_MERGE:          0
cpu0->cpu0_DTLB TRANSLATION  ACCESS:          0 HIT:          0 MISS:          0 MISS_MERGE:          0
cpu0->cpu0_DTLB PREFETCH REQUESTED:          0 ISSUED:          0 USEFUL:          0 USELESS:          0
cpu0->cpu0_DTLB AVERAGE MISS LATENCY: 22.11 cycles
cpu0->cpu0_ITLB TOTAL        ACCESS:     822541 HIT:     822541 MISS:          0 MISS_MERGE:          0
cpu0->cpu0_ITLB LOAD         ACCESS:     822541 HIT:     822541 MISS:          0 MISS_MERGE:          0
cpu0->cpu0_ITLB RFO          ACCESS:          0 HIT:          0 MISS:          0 MISS_MERGE:          0
cpu0->cpu0_ITLB PREFETCH     ACCESS:          0 HIT:          0 MISS:          0 MISS_MERGE:          0
cpu0->cpu0_ITLB WRITE        ACCESS:          0 HIT:          0 MISS:          0 MISS_MERGE:          0
cpu0->cpu0_ITLB TRANSLATION  ACCESS:          0 HIT:          0 MISS:          0 MISS_MERGE:          0
cpu0->cpu0_ITLB PREFETCH REQUESTED:          0 ISSUED:          0 USEFUL:          0 USELESS:          0
cpu0->cpu0_ITLB AVERAGE MISS LATENCY: - cycles
cpu0->cpu0_L1D TOTAL        ACCESS:   19977951 HIT:   10993772 MISS:    8984179 MISS_MERGE:    3313442
cpu0->cpu0_L1D LOAD         ACCESS:   16072635 HIT:    7912161 MISS:    8160474 MISS_MERGE:    3166517
cpu0->cpu0_L1D RFO          ACCESS:          0 HIT:          0 MISS:          0 MISS_MERGE:          0
cpu0->cpu0_L1D PREFETCH     ACCESS:          0 HIT:          0 MISS:          0 MISS_MERGE:          0
cpu0->cpu0_L1D WRITE        ACCESS:    2579466 HIT:    2282267 MISS:     297199 MISS_MERGE:     142061
cpu0->cpu0_L1D TRANSLATION  ACCESS:    1325850 HIT:     799344 MISS:     526506 MISS_MERGE:       4864
cpu0->cpu0_L1D PREFETCH REQUESTED:          0 ISSUED:          0 USEFUL:          0 USELESS:          0
cpu0->cpu0_L1D AVERAGE MISS LATENCY: 139.5 cycles
cpu0->cpu0_L1I TOTAL        ACCESS:     822679 HIT:     822679 MISS:          0 MISS_MERGE:          0
cpu0->cpu0_L1I LOAD         ACCESS:     822679 HIT:     822679 MISS:          0 MISS_MERGE:          0
cpu0->cpu0_L1I RFO          ACCESS:          0 HIT:          0 MISS:          0 MISS_MERGE:          0
cpu0->cpu0_L1I PREFETCH     ACCESS:          0 HIT:          0 MISS:          0 MISS_MERGE:          0
cpu0->cpu0_L1I WRITE        ACCESS:          0 HIT:          0 MISS:          0 MISS_MERGE:          0
cpu0->cpu0_L1I TRANSLATION  ACCESS:          0 HIT:          0 MISS:          0 MISS_MERGE:          0
cpu0->cpu0_L1I PREFETCH REQUESTED:          0 ISSUED:          0 USEFUL:          0 USELESS:          0
cpu0->cpu0_L1I AVERAGE MISS LATENCY: - cycles
cpu0->cpu0_L2C TOTAL        ACCESS:    6885740 HIT:    3169762 MISS:    3715978 MISS_MERGE:          0
cpu0->cpu0_L2C LOAD         ACCESS:    4993956 HIT:    1633943 MISS:    3360013 MISS_MERGE:          0
cpu0->cpu0_L2C RFO          ACCESS:     155138 HIT:      75663 MISS:      79475 MISS_MERGE:          0
cpu0->cpu0_L2C PREFETCH     ACCESS:          0 HIT:          0 MISS:          0 MISS_MERGE:          0
cpu0->cpu0_L2C WRITE        ACCESS:    1215004 HIT:    1214868 MISS:        136 MISS_MERGE:          0
cpu0->cpu0_L2C TRANSLATION  ACCESS:     521642 HIT:     245288 MISS:     276354 MISS_MERGE:          0
cpu0->cpu0_L2C PREFETCH REQUESTED:          0 ISSUED:          0 USEFUL:          0 USELESS:          0
cpu0->cpu0_L2C AVERAGE MISS LATENCY: 199.5 cycles
cpu0->cpu0_STLB TOTAL        ACCESS:    4067587 HIT:    3492802 MISS:     574785 MISS_MERGE:          0
cpu0->cpu0_STLB LOAD         ACCESS:    4067587 HIT:    3492802 MISS:     574785 MISS_MERGE:          0
cpu0->cpu0_STLB RFO          ACCESS:          0 HIT:          0 MISS:          0 MISS_MERGE:          0
cpu0->cpu0_STLB PREFETCH     ACCESS:          0 HIT:          0 MISS:          0 MISS_MERGE:          0
cpu0->cpu0_STLB WRITE        ACCESS:          0 HIT:          0 MISS:          0 MISS_MERGE:          0
cpu0->cpu0_STLB TRANSLATION  ACCESS:          0 HIT:          0 MISS:          0 MISS_MERGE:          0
cpu0->cpu0_STLB PREFETCH REQUESTED:          0 ISSUED:          0 USEFUL:          0 USELESS:          0
cpu0->cpu0_STLB AVERAGE MISS LATENCY: 120 cycles

DRAM Statistics

Channel 0 RQ ROW_BUFFER_HIT:       2831
  ROW_BUFFER_MISS:    3078674
  AVG DBUS CONGESTED CYCLE: 8.894
Channel 0 WQ ROW_BUFFER_HIT:     201527
  ROW_BUFFER_MISS:     426644
  FULL:          0
Channel 0 REFRESHES ISSUED:      31494
