[VMEM] WARNING: physical memory size is smaller than virtual memory size.

*** ChampSim Multicore Out-of-Order Simulator ***
Warmup Instructions: 12500000
Simulation Instructions: 50000000
Number of CPUs: 1
Page size: 4096

Off-chip DRAM Size: 16 GiB Channels: 1 Width: 64-bit Data Rate: 3205 MT/s
Heartbeat CPU 0 instructions: 10000000 cycles: 2681453 heartbeat IPC: 3.729 cumulative IPC: 3.729 (Simulation time: 00 hr 00 min 21 sec)
Warmup finished CPU 0 instructions: 12500001 cycles: 3346130 cumulative IPC: 3.736 (Simulation time: 00 hr 00 min 27 sec)
Warmup complete CPU 0 instructions: 12500001 cycles: 3346130 cumulative IPC: 3.736 (Simulation time: 00 hr 00 min 27 sec)
Heartbeat CPU 0 instructions: 20000003 cycles: 15321986 heartbeat IPC: 0.7911 cumulative IPC: 0.6263 (Simulation time: 00 hr 01 min 38 sec)
Heartbeat CPU 0 instructions: 30000004 cycles: 31543126 heartbeat IPC: 0.6165 cumulative IPC: 0.6206 (Simulation time: 00 hr 03 min 14 sec)
Heartbeat CPU 0 instructions: 40000006 cycles: 47791813 heartbeat IPC: 0.6154 cumulative IPC: 0.6187 (Simulation time: 00 hr 04 min 51 sec)
Heartbeat CPU 0 instructions: 50000007 cycles: 64011309 heartbeat IPC: 0.6165 cumulative IPC: 0.6181 (Simulation time: 00 hr 06 min 34 sec)
Heartbeat CPU 0 instructions: 60000010 cycles: 80355444 heartbeat IPC: 0.6118 cumulative IPC: 0.6168 (Simulation time: 00 hr 08 min 13 sec)
Simulation finished CPU 0 instructions: 50000003 cycles: 81039611 cumulative IPC: 0.617 (Simulation time: 00 hr 08 min 37 sec)
Simulation complete CPU 0 instructions: 50000003 cycles: 81039611 cumulative IPC: 0.617 (Simulation time: 00 hr 08 min 37 sec)

ChampSim completed all CPUs

=== Simulation ===
CPU 0 runs traces/470.lbm-1274B.champsimtrace.xz

Region of Interest Statistics

CPU 0 cumulative IPC: 0.617 instructions: 50000003 cycles: 81039611
CPU 0 Branch Prediction Accuracy: 99.4% MPKI: 0.08384 Average ROB Occupancy at Mispredict: 158.6
Branch type MPKI
BRANCH_DIRECT_JUMP: 0
BRANCH_INDIRECT: 0
BRANCH_CONDITIONAL: 0.08384
BRANCH_DIRECT_CALL: 0
BRANCH_INDIRECT_CALL: 0
BRANCH_RETURN: 0

cpu0->LLC TOTAL        ACCESS:    2491028 HIT:      43966 MISS:    2447062 MISS_MERGE:          0
cpu0->LLC LOAD         ACCESS:     355372 HIT:          0 MISS:     355372 MISS_MERGE:          0
cpu0->LLC RFO          ACCESS:    1066418 HIT:      15844 MISS:    1050574 MISS_MERGE:          0
cpu0->LLC PREFETCH     ACCESS:          0 HIT:          0 MISS:          0 MISS_MERGE:          0
cpu0->LLC WRITE        ACCESS:    1066423 HIT:      28111 MISS:    1038312 MISS_MERGE:          0
cpu0->LLC TRANSLATION  ACCESS:       2815 HIT:         11 MISS:       2804 MISS_MERGE:          0
cpu0->LLC PREFETCH REQUESTED:          0 ISSUED:          0 USEFUL:          0 USELESS:          0
cpu0->LLC AVERAGE MISS LATENCY: 203.3 cycles
cpu0->cpu0_DTLB TOTAL        ACCESS:   11549919 HIT:   11476653 MISS:      73266 MISS_MERGE:      51035
cpu0->cpu0_DTLB LOAD         ACCESS:   11549919 HIT:   11476653 MISS:      73266 MISS_MERGE:      51035
cpu0->cpu0_DTLB RFO          ACCESS:          0 HIT:          0 MISS:          0 MISS_MERGE:          0
cpu0->cpu0_DTLB PREFETCH     ACCESS:          0 HIT:          0 MISS:          0 MISS_MERGE:          0
cpu0->cpu0_DTLB WRITE        ACCESS:          0 HIT:          0 MISS:          0 MISS_MERGE:          0
cpu0->cpu0_DTLB TRANSLATION  ACCESS:          0 HIT:          0 MISS:          0 MISS_MERGE:          0
cpu0->cpu0_DTLB PREFETCH REQUESTED:          0 ISSUED:          0 USEFUL:          0 USELESS:          0
cpu0->cpu0_DTLB AVERAGE MISS LATENCY: 168.8 cycles
cpu0->cpu0_ITLB TOTAL        ACCESS:    9211765 HIT:    9211765 MISS:          0 MISS_MERGE:          0
cpu0->cpu0_ITLB LOAD         ACCESS:    9211765 HIT:    9211765 MISS:          0 MISS_MERGE:          0
cpu0->cpu0_ITLB RFO          ACCESS:          0 HIT:          0 MISS:          0 MISS_MERGE:          0
cpu0->cpu0_ITLB PREFETCH     ACCESS:          0 HIT:          0 MISS:          0 MISS_MERGE:          0
cpu0->cpu0_ITLB WRITE        ACCESS:          0 HIT:          0 MISS:          0 MISS_MERGE:          0
cpu0->cpu0_ITLB TRANSLATION  ACCESS:          0 HIT:          0 MISS:          0 MISS_MERGE:          0
cpu0->cpu0_ITLB PREFETCH REQUESTED:          0 ISSUED:          0 USEFUL:          0 USELESS:          0
cpu0->cpu0_ITLB AVERAGE MISS LATENCY: - cycles
cpu0->cpu0_L1D TOTAL        ACCESS:   11594403 HIT:    7287489 MISS:    4306914 MISS_MERGE:    1949310
cpu0->cpu0_L1D LOAD         ACCESS:    6528695 HIT:    4242766 MISS:    2285929 MISS_MERGE:    1930557
cpu0->cpu0_L1D RFO          ACCESS:          0 HIT:          0 MISS:          0 MISS_MERGE:          0
cpu0->cpu0_L1D PREFETCH     ACCESS:          0 HIT:          0 MISS:          0 MISS_MERGE:          0
cpu0->cpu0_L1D WRITE        ACCESS:    5021224 HIT:    3003062 MISS:    2018162 MISS_MERGE:      18749
cpu0->cpu0_L1D TRANSLATION  ACCESS:      44484 HIT:      41661 MISS:       2823 MISS_MERGE:          4
cpu0->cpu0_L1D PREFETCH REQUESTED:          0 ISSUED:          0 USEFUL:          0 USELESS:          0
cpu0->cpu0_L1D AVERAGE MISS LATENCY: 225.6 cycles
cpu0->cpu0_L1I TOTAL        ACCESS:    9211765 HIT:    9211765 MISS:          0 MISS_MERGE:          0
cpu0->cpu0_L1I LOAD         ACCESS:    9211765 HIT:    9211765 MISS:          0 MISS_MERGE:          0
cpu0->cpu0_L1I RFO          ACCESS:          0 HIT:          0 MISS:          0 MISS_MERGE:          0
cpu0->cpu0_L1I PREFETCH     ACCESS:          0 HIT:          0 MISS:          0 MISS_MERGE:          0
cpu0->cpu0_L1I WRITE        ACCESS:          0 HIT:          0 MISS:          0 MISS_MERGE:          0
cpu0->cpu0_L1I TRANSLATION  ACCESS:          0 HIT:          0 MISS:          0 MISS_MERGE:          0
cpu0->cpu0_L1I PREFETCH REQUESTED:          0 ISSUED:          0 USEFUL:          0 USELESS:          0
cpu0->cpu0_L1I AVERAGE MISS LATENCY: - cycles
cpu0->cpu0_L2C TOTAL        ACCESS:    4357016 HIT:    2932411 MISS:    1424605 MISS_MERGE:          0
cpu0->cpu0_L2C LOAD         ACCESS:     355372 HIT:          0 MISS:     355372 MISS_MERGE:          0
cpu0->cpu0_L2C RFO          ACCESS:    1999416 HIT:     932998 MISS:    1066418 MISS_MERGE:          0
cpu0->cpu0_L2C PREFETCH     ACCESS:          0 HIT:          0 MISS:          0 MISS_MERGE:          0
cpu0->cpu0_L2C WRITE        ACCESS:    1999409 HIT:    1999409 MISS:          0 MISS_MERGE:          0
cpu0->cpu0_L2C TRANSLATION  ACCESS:       2819 HIT:          4 MISS:       2815 MISS_MERGE:          0
cpu0->cpu0_L2C PREFETCH REQUESTED:          0 ISSUED:          0 USEFUL:          0 USELESS:          0
cpu0->cpu0_L2C AVERAGE MISS LATENCY: 358.6 cycles
cpu0->cpu0_STLB TOTAL        ACCESS:      22231 HIT:          0 MISS:      22231 MISS_MERGE:          0
cpu0->cpu0_STLB LOAD         ACCESS:      22231 HIT:          0 MISS:      22231 MISS_MERGE:          0
cpu0->cpu0_STLB RFO          ACCESS:          0 HIT:          0 MISS:          0 MISS_MERGE:          0
cpu0->cpu0_STLB PREFETCH     ACCESS:          0 HIT:          0 MISS:          0 MISS_MERGE:          0
cpu0->cpu0_STLB WRITE        ACCESS:          0 HIT:          0 MISS:          0 MISS_MERGE:          0
cpu0->cpu0_STLB TRANSLATION  ACCESS:          0 HIT:          0 MISS:          0 MISS_MERGE:          0
cpu0->cpu0_STLB PREFETCH REQUESTED:          0 ISSUED:          0 USEFUL:          0 USELESS:          0
cpu0->cpu0_STLB AVERAGE MISS LATENCY: 162.8 cycles

DRAM Statistics

Channel 0 RQ ROW_BUFFER_HIT:      16569
  ROW_BUFFER_MISS:    1392174
  AVG DBUS CONGESTED CYCLE: 5.708
Channel 0 WQ ROW_BUFFER_HIT:     223652
  ROW_BUFFER_MISS:     843878
  FULL:          0
Channel 0 REFRESHES ISSUED:       6754
