[VMEM] WARNING: physical memory size is smaller than virtual memory size.

*** ChampSim Multicore Out-of-Order Simulator ***
Warmup Instructions: 12500000
Simulation Instructions: 50000000
Number of CPUs: 1
Page size: 4096

Off-chip DRAM Size: 16 GiB Channels: 1 Width: 64-bit Data Rate: 3205 MT/s
Heartbeat CPU 0 instructions: 10000004 cycles: 5094848 heartbeat IPC: 1.963 cumulative IPC: 1.963 (Simulation time: 00 hr 00 min 42 sec)
Warmup finished CPU 0 instructions: 12500001 cycles: 6137747 cumulative IPC: 2.037 (Simulation time: 00 hr 00 min 51 sec)
Warmup complete CPU 0 instructions: 12500001 cycles: 6137747 cumulative IPC: 2.037 (Simulation time: 00 hr 00 min 51 sec)
Heartbeat CPU 0 instructions: 20000006 cycles: 62152727 heartbeat IPC: 0.1753 cumulative IPC: 0.1339 (Simulation time: 00 hr 03 min 53 sec)
Heartbeat CPU 0 instructions: 30000009 cycles: 143865910 heartbeat IPC: 0.1224 cumulative IPC: 0.1271 (Simulation time: 00 hr 08 min 26 sec)
Heartbeat CPU 0 instructions: 40000009 cycles: 218686148 heartbeat IPC: 0.1337 cumulative IPC: 0.1294 (Simulation time: 00 hr 12 min 24 sec)
Simulation CPU 0 warning: IPC 0.049774 < 0.05
Heartbeat CPU 0 instructions: 50000009 cycles: 314096425 heartbeat IPC: 0.1048 cumulative IPC: 0.1218 (Simulation time: 00 hr 17 min 29 sec)
Heartbeat CPU 0 instructions: 60000010 cycles: 396790758 heartbeat IPC: 0.1209 cumulative IPC: 0.1216 (Simulation time: 00 hr 21 min 40 sec)
Simulation finished CPU 0 instructions: 50000000 cycles: 415031773 cumulative IPC: 0.1205 (Simulation time: 00 hr 22 min 49 sec)
Simulation complete CPU 0 instructions: 50000000 cycles: 415031773 cumulative IPC: 0.1205 (Simulation time: 00 hr 22 min 49 sec)

ChampSim completed all CPUs

=== Simulation ===
CPU 0 runs traces/429.mcf-51B.champsimtrace.xz

Region of Interest Statistics

CPU 0 cumulative IPC: 0.1205 instructions: 50000000 cycles: 415031773
CPU 0 Branch Prediction Accuracy: 85.8% MPKI: 34.3 Average ROB Occupancy at Mispredict: 24.26
Branch type MPKI
BRANCH_DIRECT_JUMP: 0.7198
BRANCH_INDIRECT: 0
BRANCH_CONDITIONAL: 33.58
BRANCH_DIRECT_CALL: 0
BRANCH_INDIRECT_CALL: 0
BRANCH_RETURN: 0

cpu0->LLC TOTAL        ACCESS:    4483836 HIT:     308195 MISS:    4175641 MISS_MERGE:          0
cpu0->LLC LOAD         ACCESS:    3359983 HIT:     204700 MISS:    3155283 MISS_MERGE:          0
cpu0->LLC RFO          ACCESS:      79500 HIT:       6191 MISS:      73309 MISS_MERGE:          0
cpu0->LLC PREFETCH     ACCESS:          0 HIT:          0 MISS:          0 MISS_MERGE:          0
cpu0->LLC WRITE        ACCESS:     771369 HIT:      78044 MISS:     693325 MISS_MERGE:          0
cpu0->LLC TRANSLATION  ACCESS:     272984 HIT:      19260 MISS:     253724 MISS_MERGE:          0
cpu0->LLC PREFETCH REQUESTED:          0 ISSUED:          0 USEFUL:          0 USELESS:          0
cpu0->LLC AVERAGE MISS LATENCY: 186.8 cycles
cpu0->cpu0_DTLB TOTAL        ACCESS:   18667118 HIT:   11463921 MISS:    7203197 MISS_MERGE:    3135529
cpu0->cpu0_DTLB LOAD         ACCESS:   18667118 HIT:   11463921 MISS:    7203197 MISS_MERGE:    3135529
cpu0->cpu0_DTLB RFO          ACCESS:          0 HIT:          0 MISS:          0 MISS_MERGE:          0
cpu0->cpu0_DTLB PREFETCH     ACCESS:          0 HIT:          0 MISS:          0 MISS_MERGE:          0
cpu0->cpu0_DTLB WRITE        ACCESS:          0 HIT:          0 MISS:          0 MISS_MERGE:          0
cpu0->cpu0_DTLB TRANSLATION  ACCESS:          0 HIT:          0 MISS:          0 MISS_MERGE:          0
cpu0->cpu0_DTLB PREFETCH REQUESTED:          0 ISSUED:          0 USEFUL:          0 USELESS:          0
cpu0->cpu0_DTLB AVERAGE MISS LATENCY: 24.2 cycles
cpu0->cpu0_ITLB TOTAL        ACCESS:     820409 HIT:     820409 MISS:          0 MISS_MERGE:          0
cpu0->cpu0_ITLB LOAD         ACCESS:     820409 HIT:     820409 MISS:          0 MISS_MERGE:          0
cpu0->cpu0_ITLB RFO          ACCESS:          0 HIT:          0 MISS:          0 MISS_MERGE:          0
cpu0->cpu0_ITLB PREFETCH     ACCESS:          0 HIT:          0 MISS:          0 MISS_MERGE:          0
cpu0->cpu0_ITLB WRITE        ACCESS:          0 HIT:          0 MISS:          0 MISS_MERGE:          0
cpu0->cpu0_ITLB TRANSLATION  ACCESS:          0 HIT:          0 MISS:          0 MISS_MERGE:          0
cpu0->cpu0_ITLB PREFETCH REQUESTED:          0 ISSUED:          0 USEFUL:          0 USELESS:          0
cpu0->cpu0_ITLB AVERAGE MISS LATENCY: - cycles
cpu0->cpu0_L1D TOTAL        ACCESS:   19992075 HIT:   11038160 MISS:    8953915 MISS_MERGE:    3283214
cpu0->cpu0_L1D LOAD         ACCESS:   16087652 HIT:    7956053 MISS:    8131599 MISS_MERGE:    3137641
cpu0->cpu0_L1D RFO          ACCESS:          0 HIT:          0 MISS:          0 MISS_MERGE:          0
cpu0->cpu0_L1D PREFETCH     ACCESS:          0 HIT:          0 MISS:          0 MISS_MERGE:          0
cpu0->cpu0_L1D WRITE        ACCESS:    2579466 HIT:    2282257 MISS:     297209 MISS_MERGE:     142069
cpu0->cpu0_L1D TRANSLATION  ACCESS:    1324957 HIT:     799850 MISS:     525107 MISS_MERGE:       3504
cpu0->cpu0_L1D PREFETCH REQUESTED:          0 ISSUED:          0 USEFUL:          0 USELESS:          0
cpu0->cpu0_L1D AVERAGE MISS LATENCY: 155.6 cycles
cpu0->cpu0_L1I TOTAL        ACCESS:     820547 HIT:     820547 MISS:          0 MISS_MERGE:          0
cpu0->cpu0_L1I LOAD         ACCESS:     820547 HIT:     820547 MISS:          0 MISS_MERGE:          0
cpu0->cpu0_L1I RFO          ACCESS:          0 HIT:          0 MISS:          0 MISS_MERGE:          0
cpu0->cpu0_L1I PREFETCH     ACCESS:          0 HIT:          0 MISS:          0 MISS_MERGE:          0
cpu0->cpu0_L1I WRITE        ACCESS:          0 HIT:          0 MISS:          0 MISS_MERGE:          0
cpu0->cpu0_L1I TRANSLATION  ACCESS:          0 HIT:          0 MISS:          0 MISS_MERGE:          0
cpu0->cpu0_L1I PREFETCH REQUESTED:          0 ISSUED:          0 USEFUL:          0 USELESS:          0
cpu0->cpu0_L1I AVERAGE MISS LATENCY: - cycles
cpu0->cpu0_L2C TOTAL        ACCESS:    6884628 HIT:    3172025 MISS:    3712603 MISS_MERGE:          0
cpu0->cpu0_L2C LOAD         ACCESS:    4993955 HIT:    1633973 MISS:    3359982 MISS_MERGE:          0
cpu0->cpu0_L2C RFO          ACCESS:     155140 HIT:      75640 MISS:      79500 MISS_MERGE:          0
cpu0->cpu0_L2C PREFETCH     ACCESS:          0 HIT:          0 MISS:          0 MISS_MERGE:          0
cpu0->cpu0_L2C WRITE        ACCESS:    1213930 HIT:    1213793 MISS:        137 MISS_MERGE:          0
cpu0->cpu0_L2C TRANSLATION  ACCESS:     521603 HIT:     248619 MISS:     272984 MISS_MERGE:          0
cpu0->cpu0_L2C PREFETCH REQUESTED:          0 ISSUED:          0 USEFUL:          0 USELESS:          0
cpu0->cpu0_L2C AVERAGE MISS LATENCY: 224.4 cycles
cpu0->cpu0_STLB TOTAL        ACCESS:    4067668 HIT:    3492883 MISS:     574785 MISS_MERGE:          0
cpu0->cpu0_STLB LOAD         ACCESS:    4067668 HIT:    3492883 MISS:     574785 MISS_MERGE:          0
cpu0->cpu0_STLB RFO          ACCESS:          0 HIT:          0 MISS:          0 MISS_MERGE:          0
cpu0->cpu0_STLB PREFETCH     ACCESS:          0 HIT:          0 MISS:          0 MISS_MERGE:          0
cpu0->cpu0_STLB WRITE        ACCESS:          0 HIT:          0 MISS:          0 MISS_MERGE:          0
cpu0->cpu0_STLB TRANSLATION  ACCESS:          0 HIT:          0 MISS:          0 MISS_MERGE:          0
cpu0->cpu0_STLB PREFETCH REQUESTED:          0 ISSUED:          0 USEFUL:          0 USELESS:          0
cpu0->cpu0_STLB AVERAGE MISS LATENCY: 134.9 cycles

DRAM Statistics

Channel 0 RQ ROW_BUFFER_HIT:       3352
  ROW_BUFFER_MISS:    3478438
  AVG DBUS CONGESTED CYCLE: 7.567
Channel 0 WQ ROW_BUFFER_HIT:     235659
  ROW_BUFFER_MISS:     531169
  FULL:          0
Channel 0 REFRESHES ISSUED:      34586
