[VMEM] WARNING: physical memory size is smaller than virtual memory size.

*** ChampSim Multicore Out-of-Order Simulator ***
Warmup Instructions: 12500000
Simulation Instructions: 50000000
Number of CPUs: 1
Page size: 4096

Off-chip DRAM Size: 16 GiB Channels: 1 Width: 64-bit Data Rate: 3205 MT/s
Heartbeat CPU 0 instructions: 10000000 cycles: 2681563 heartbeat IPC: 3.729 cumulative IPC: 3.729 (Simulation time: 00 hr 00 min 21 sec)
Warmup finished CPU 0 instructions: 12500001 cycles: 3346250 cumulative IPC: 3.736 (Simulation time: 00 hr 00 min 27 sec)
Warmup complete CPU 0 instructions: 12500001 cycles: 3346250 cumulative IPC: 3.736 (Simulation time: 00 hr 00 min 27 sec)
Heartbeat CPU 0 instructions: 20000003 cycles: 15160543 heartbeat IPC: 0.8013 cumulative IPC: 0.6348 (Simulation time: 00 hr 01 min 36 sec)
Heartbeat CPU 0 instructions: 30000004 cycles: 30939841 heartbeat IPC: 0.6337 cumulative IPC: 0.6342 (Simulation time: 00 hr 03 min 13 sec)
Heartbeat CPU 0 instructions: 40000006 cycles: 46734598 heartbeat IPC: 0.6331 cumulative IPC: 0.6338 (Simulation time: 00 hr 04 min 52 sec)
Heartbeat CPU 0 instructions: 50000007 cycles: 62453690 heartbeat IPC: 0.6362 cumulative IPC: 0.6344 (Simulation time: 00 hr 06 min 27 sec)
Heartbeat CPU 0 instructions: 60000010 cycles: 78275539 heartbeat IPC: 0.632 cumulative IPC: 0.6339 (Simulation time: 00 hr 08 min 01 sec)
Simulation finished CPU 0 instructions: 50000003 cycles: 78833603 cumulative IPC: 0.6342 (Simulation time: 00 hr 08 min 24 sec)
Simulation complete CPU 0 instructions: 50000003 cycles: 78833603 cumulative IPC: 0.6342 (Simulation time: 00 hr 08 min 24 sec)

ChampSim completed all CPUs

=== Simulation ===
CPU 0 runs traces/470.lbm-1274B.champsimtrace.xz

Region of Interest Statistics

CPU 0 cumulative IPC: 0.6342 instructions: 50000003 cycles: 78833603
CPU 0 Branch Prediction Accuracy: 99.4% MPKI: 0.08384 Average ROB Occupancy at Mispredict: 158.6
Branch type MPKI
BRANCH_DIRECT_JUMP: 0
BRANCH_INDIRECT: 0
BRANCH_CONDITIONAL: 0.08384
BRANCH_DIRECT_CALL: 0
BRANCH_INDIRECT_CALL: 0
BRANCH_RETURN: 0

cpu0->LLC TOTAL        ACCESS:    2491021 HIT:     161816 MISS:    2329205 MISS_MERGE:          0
cpu0->LLC LOAD         ACCESS:     355372 HIT:         14 MISS:     355358 MISS_MERGE:          0
cpu0->LLC RFO          ACCESS:    1066416 HIT:      65032 MISS:    1001384 MISS_MERGE:          0
cpu0->LLC PREFETCH     ACCESS:          0 HIT:          0 MISS:          0 MISS_MERGE:          0
cpu0->LLC WRITE        ACCESS:    1066418 HIT:      96697 MISS:     969721 MISS_MERGE:          0
cpu0->LLC TRANSLATION  ACCESS:       2815 HIT:         73 MISS:       2742 MISS_MERGE:          0
cpu0->LLC PREFETCH REQUESTED:          0 ISSUED:          0 USEFUL:          0 USELESS:          0
cpu0->LLC AVERAGE MISS LATENCY: 202 cycles
cpu0->cpu0_DTLB TOTAL        ACCESS:   11549911 HIT:   11476439 MISS:      73472 MISS_MERGE:      51241
cpu0->cpu0_DTLB LOAD         ACCESS:   11549911 HIT:   11476439 MISS:      73472 MISS_MERGE:      51241
cpu0->cpu0_DTLB RFO          ACCESS:          0 HIT:          0 MISS:          0 MISS_MERGE:          0
cpu0->cpu0_DTLB PREFETCH     ACCESS:          0 HIT:          0 MISS:          0 MISS_MERGE:          0
cpu0->cpu0_DTLB WRITE        ACCESS:          0 HIT:          0 MISS:          0 MISS_MERGE:          0
cpu0->cpu0_DTLB TRANSLATION  ACCESS:          0 HIT:          0 MISS:          0 MISS_MERGE:          0
cpu0->cpu0_DTLB PREFETCH REQUESTED:          0 ISSUED:          0 USEFUL:          0 USELESS:          0
cpu0->cpu0_DTLB AVERAGE MISS LATENCY: 165.9 cycles
cpu0->cpu0_ITLB TOTAL        ACCESS:    9212814 HIT:    9212814 MISS:          0 MISS_MERGE:          0
cpu0->cpu0_ITLB LOAD         ACCESS:    9212814 HIT:    9212814 MISS:          0 MISS_MERGE:          0
cpu0->cpu0_ITLB RFO          ACCESS:          0 HIT:          0 MISS:          0 MISS_MERGE:          0
cpu0->cpu0_ITLB PREFETCH     ACCESS:          0 HIT:          0 MISS:          0 MISS_MERGE:          0
cpu0->cpu0_ITLB WRITE        ACCESS:          0 HIT:          0 MISS:          0 MISS_MERGE:          0
cpu0->cpu0_ITLB TRANSLATION  ACCESS:          0 HIT:          0 MISS:          0 MISS_MERGE:          0
cpu0->cpu0_ITLB PREFETCH REQUESTED:          0 ISSUED:          0 USEFUL:          0 USELESS:          0
cpu0->cpu0_ITLB AVERAGE MISS LATENCY: - cycles
cpu0->cpu0_L1D TOTAL        ACCESS:   11594395 HIT:    7287199 MISS:    4307196 MISS_MERGE:    1949588
cpu0->cpu0_L1D LOAD         ACCESS:    6528687 HIT:    4242367 MISS:    2286320 MISS_MERGE:    1930948
cpu0->cpu0_L1D RFO          ACCESS:          0 HIT:          0 MISS:          0 MISS_MERGE:          0
cpu0->cpu0_L1D PREFETCH     ACCESS:          0 HIT:          0 MISS:          0 MISS_MERGE:          0
cpu0->cpu0_L1D WRITE        ACCESS:    5021224 HIT:    3003172 MISS:    2018052 MISS_MERGE:      18636
cpu0->cpu0_L1D TRANSLATION  ACCESS:      44484 HIT:      41660 MISS:       2824 MISS_MERGE:          4
cpu0->cpu0_L1D PREFETCH REQUESTED:          0 ISSUED:          0 USEFUL:          0 USELESS:          0
cpu0->cpu0_L1D AVERAGE MISS LATENCY: 214.4 cycles
cpu0->cpu0_L1I TOTAL        ACCESS:    9212814 HIT:    9212814 MISS:          0 MISS_MERGE:          0
cpu0->cpu0_L1I LOAD         ACCESS:    9212814 HIT:    9212814 MISS:          0 MISS_MERGE:          0
cpu0->cpu0_L1I RFO          ACCESS:          0 HIT:          0 MISS:          0 MISS_MERGE:          0
cpu0->cpu0_L1I PREFETCH     ACCESS:          0 HIT:          0 MISS:          0 MISS_MERGE:          0
cpu0->cpu0_L1I WRITE        ACCESS:          0 HIT:          0 MISS:          0 MISS_MERGE:          0
cpu0->cpu0_L1I TRANSLATION  ACCESS:          0 HIT:          0 MISS:          0 MISS_MERGE:          0
cpu0->cpu0_L1I PREFETCH REQUESTED:          0 ISSUED:          0 USEFUL:          0 USELESS:          0
cpu0->cpu0_L1I AVERAGE MISS LATENCY: - cycles
cpu0->cpu0_L2C TOTAL        ACCESS:    4357022 HIT:    2932419 MISS:    1424603 MISS_MERGE:          0
cpu0->cpu0_L2C LOAD         ACCESS:     355372 HIT:          0 MISS:     355372 MISS_MERGE:          0
cpu0->cpu0_L2C RFO          ACCESS:    1999419 HIT:     933003 MISS:    1066416 MISS_MERGE:          0
cpu0->cpu0_L2C PREFETCH     ACCESS:          0 HIT:          0 MISS:          0 MISS_MERGE:          0
cpu0->cpu0_L2C WRITE        ACCESS:    1999411 HIT:    1999411 MISS:          0 MISS_MERGE:          0
cpu0->cpu0_L2C TRANSLATION  ACCESS:       2820 HIT:          5 MISS:       2815 MISS_MERGE:          0
cpu0->cpu0_L2C PREFETCH REQUESTED:          0 ISSUED:          0 USEFUL:          0 USELESS:          0
cpu0->cpu0_L2C AVERAGE MISS LATENCY: 340.2 cycles
cpu0->cpu0_STLB TOTAL        ACCESS:      22231 HIT:          0 MISS:      22231 MISS_MERGE:          0
cpu0->cpu0_STLB LOAD         ACCESS:      22231 HIT:          0 MISS:      22231 MISS_MERGE:          0
cpu0->cpu0_STLB RFO          ACCESS:          0 HIT:          0 MISS:          0 MISS_MERGE:          0
cpu0->cpu0_STLB PREFETCH     ACCESS:          0 HIT:          0 MISS:          0 MISS_MERGE:          0
cpu0->cpu0_STLB WRITE        ACCESS:          0 HIT:          0 MISS:          0 MISS_MERGE:          0
cpu0->cpu0_STLB TRANSLATION  ACCESS:          0 HIT:          0 MISS:          0 MISS_MERGE:          0
cpu0->cpu0_STLB PREFETCH REQUESTED:          0 ISSUED:          0 USEFUL:          0 USELESS:          0
cpu0->cpu0_STLB AVERAGE MISS LATENCY: 159.9 cycles

DRAM Statistics

Channel 0 RQ ROW_BUFFER_HIT:      14590
  ROW_BUFFER_MISS:    1344882
  AVG DBUS CONGESTED CYCLE: 5.614
Channel 0 WQ ROW_BUFFER_HIT:     209347
  ROW_BUFFER_MISS:     792319
  FULL:          0
Channel 0 REFRESHES ISSUED:       6570
