[VMEM] WARNING: physical memory size is smaller than virtual memory size.

*** ChampSim Multicore Out-of-Order Simulator ***
Warmup Instructions: 12500000
Simulation Instructions: 50000000
Number of CPUs: 1
Page size: 4096

Off-chip DRAM Size: 16 GiB Channels: 1 Width: 64-bit Data Rate: 3205 MT/s
Heartbeat CPU 0 instructions: 10000002 cycles: 3345011 heartbeat IPC: 2.99 cumulative IPC: 2.99 (Simulation time: 00 hr 00 min 29 sec)
Warmup finished CPU 0 instructions: 12500003 cycles: 4460086 cumulative IPC: 2.803 (Simulation time: 00 hr 00 min 38 sec)
Warmup complete CPU 0 instructions: 12500003 cycles: 4460086 cumulative IPC: 2.803 (Simulation time: 00 hr 00 min 38 sec)
Heartbeat CPU 0 instructions: 20000006 cycles: 25715290 heartbeat IPC: 0.447 cumulative IPC: 0.3529 (Simulation time: 00 hr 01 min 38 sec)
Heartbeat CPU 0 instructions: 30000007 cycles: 53802659 heartbeat IPC: 0.356 cumulative IPC: 0.3547 (Simulation time: 00 hr 03 min 26 sec)
Heartbeat CPU 0 instructions: 40000009 cycles: 88171113 heartbeat IPC: 0.291 cumulative IPC: 0.3285 (Simulation time: 00 hr 06 min 01 sec)
Heartbeat CPU 0 instructions: 50000009 cycles: 106225193 heartbeat IPC: 0.5539 cumulative IPC: 0.3685 (Simulation time: 00 hr 07 min 01 sec)
Heartbeat CPU 0 instructions: 60000010 cycles: 123966676 heartbeat IPC: 0.5637 cumulative IPC: 0.3975 (Simulation time: 00 hr 08 min 00 sec)
Simulation finished CPU 0 instructions: 50000004 cycles: 123715367 cumulative IPC: 0.4042 (Simulation time: 00 hr 08 min 15 sec)
Simulation complete CPU 0 instructions: 50000004 cycles: 123715367 cumulative IPC: 0.4042 (Simulation time: 00 hr 08 min 15 sec)

ChampSim completed all CPUs

=== Simulation ===
CPU 0 runs traces/403.gcc-17B.champsimtrace.xz

Region of Interest Statistics

CPU 0 cumulative IPC: 0.4042 instructions: 50000004 cycles: 123715367
CPU 0 Branch Prediction Accuracy: 91.45% MPKI: 17.95 Average ROB Occupancy at Mispredict: 31.87
Branch type MPKI
BRANCH_DIRECT_JUMP: 0.1334
BRANCH_INDIRECT: 0.4934
BRANCH_CONDITIONAL: 17.21
BRANCH_DIRECT_CALL: 0.1022
BRANCH_INDIRECT_CALL: 0.002
BRANCH_RETURN: 0.00512

cpu0->LLC TOTAL        ACCESS:    2259366 HIT:     993466 MISS:    1265900 MISS_MERGE:          0
cpu0->LLC LOAD         ACCESS:     335196 HIT:      15675 MISS:     319521 MISS_MERGE:          0
cpu0->LLC RFO          ACCESS:     937998 HIT:        230 MISS:     937768 MISS_MERGE:          0
cpu0->LLC PREFETCH     ACCESS:          0 HIT:          0 MISS:          0 MISS_MERGE:          0
cpu0->LLC WRITE        ACCESS:     974752 HIT:     974265 MISS:        487 MISS_MERGE:          0
cpu0->LLC TRANSLATION  ACCESS:      11420 HIT:       3296 MISS:       8124 MISS_MERGE:          0
cpu0->LLC PREFETCH REQUESTED:          0 ISSUED:          0 USEFUL:          0 USELESS:          0
cpu0->LLC AVERAGE MISS LATENCY: 530.5 cycles
cpu0->cpu0_DTLB TOTAL        ACCESS:   21959367 HIT:   20967928 MISS:     991439 MISS_MERGE:     428535
cpu0->cpu0_DTLB LOAD         ACCESS:   21959367 HIT:   20967928 MISS:     991439 MISS_MERGE:     428535
cpu0->cpu0_DTLB RFO          ACCESS:          0 HIT:          0 MISS:          0 MISS_MERGE:          0
cpu0->cpu0_DTLB PREFETCH     ACCESS:          0 HIT:          0 MISS:          0 MISS_MERGE:          0
cpu0->cpu0_DTLB WRITE        ACCESS:          0 HIT:          0 MISS:          0 MISS_MERGE:          0
cpu0->cpu0_DTLB TRANSLATION  ACCESS:          0 HIT:          0 MISS:          0 MISS_MERGE:          0
cpu0->cpu0_DTLB PREFETCH REQUESTED:          0 ISSUED:          0 USEFUL:          0 USELESS:          0
cpu0->cpu0_DTLB AVERAGE MISS LATENCY: 17.31 cycles
cpu0->cpu0_ITLB TOTAL        ACCESS:    6043891 HIT:    6040221 MISS:       3670 MISS_MERGE:       2261
cpu0->cpu0_ITLB LOAD         ACCESS:    6043891 HIT:    6040221 MISS:       3670 MISS_MERGE:       2261
cpu0->cpu0_ITLB RFO          ACCESS:          0 HIT:          0 MISS:          0 MISS_MERGE:          0
cpu0->cpu0_ITLB PREFETCH     ACCESS:          0 HIT:          0 MISS:          0 MISS_MERGE:          0
cpu0->cpu0_ITLB WRITE        ACCESS:          0 HIT:          0 MISS:          0 MISS_MERGE:          0
cpu0->cpu0_ITLB TRANSLATION  ACCESS:          0 HIT:          0 MISS:          0 MISS_MERGE:          0
cpu0->cpu0_ITLB PREFETCH REQUESTED:          0 ISSUED:          0 USEFUL:          0 USELESS:          0
cpu0->cpu0_ITLB AVERAGE MISS LATENCY: 11.53 cycles
cpu0->cpu0_L1D TOTAL        ACCESS:   22046951 HIT:   13744871 MISS:    8302080 MISS_MERGE:    6825685
cpu0->cpu0_L1D LOAD         ACCESS:    9660641 HIT:    8809750 MISS:     850891 MISS_MERGE:     329261
cpu0->cpu0_L1D RFO          ACCESS:          0 HIT:          0 MISS:          0 MISS_MERGE:          0
cpu0->cpu0_L1D PREFETCH     ACCESS:          0 HIT:          0 MISS:          0 MISS_MERGE:          0
cpu0->cpu0_L1D WRITE        ACCESS:   12298726 HIT:    4862688 MISS:    7436038 MISS_MERGE:    6496400
cpu0->cpu0_L1D TRANSLATION  ACCESS:      87584 HIT:      72433 MISS:      15151 MISS_MERGE:         24
cpu0->cpu0_L1D PREFETCH REQUESTED:          0 ISSUED:          0 USEFUL:          0 USELESS:          0
cpu0->cpu0_L1D AVERAGE MISS LATENCY: 477.6 cycles
cpu0->cpu0_L1I TOTAL        ACCESS:    6043891 HIT:    6041744 MISS:       2147 MISS_MERGE:        428
cpu0->cpu0_L1I LOAD         ACCESS:    6043891 HIT:    6041744 MISS:       2147 MISS_MERGE:        428
cpu0->cpu0_L1I RFO          ACCESS:          0 HIT:          0 MISS:          0 MISS_MERGE:          0
cpu0->cpu0_L1I PREFETCH     ACCESS:          0 HIT:          0 MISS:          0 MISS_MERGE:          0
cpu0->cpu0_L1I WRITE        ACCESS:          0 HIT:          0 MISS:          0 MISS_MERGE:          0
cpu0->cpu0_L1I TRANSLATION  ACCESS:          0 HIT:          0 MISS:          0 MISS_MERGE:          0
cpu0->cpu0_L1I PREFETCH REQUESTED:          0 ISSUED:          0 USEFUL:          0 USELESS:          0
cpu0->cpu0_L1I AVERAGE MISS LATENCY: 62.06 cycles
cpu0->cpu0_L2C TOTAL        ACCESS:    2462061 HIT:    1177279 MISS:    1284782 MISS_MERGE:          1
cpu0->cpu0_L2C LOAD         ACCESS:     523349 HIT:     188153 MISS:     335196 MISS_MERGE:          0
cpu0->cpu0_L2C RFO          ACCESS:     939638 HIT:       1639 MISS:     937999 MISS_MERGE:          1
cpu0->cpu0_L2C PREFETCH     ACCESS:          0 HIT:          0 MISS:          0 MISS_MERGE:          0
cpu0->cpu0_L2C WRITE        ACCESS:     983947 HIT:     983780 MISS:        167 MISS_MERGE:          0
cpu0->cpu0_L2C TRANSLATION  ACCESS:      15127 HIT:       3707 MISS:      11420 MISS_MERGE:          0
cpu0->cpu0_L2C PREFETCH REQUESTED:          0 ISSUED:          0 USEFUL:          0 USELESS:          0
cpu0->cpu0_L2C AVERAGE MISS LATENCY: 538.7 cycles
cpu0->cpu0_STLB TOTAL        ACCESS:     564313 HIT:     520765 MISS:      43548 MISS_MERGE:          0
cpu0->cpu0_STLB LOAD         ACCESS:     564313 HIT:     520765 MISS:      43548 MISS_MERGE:          0
cpu0->cpu0_STLB RFO          ACCESS:          0 HIT:          0 MISS:          0 MISS_MERGE:          0
cpu0->cpu0_STLB PREFETCH     ACCESS:          0 HIT:          0 MISS:          0 MISS_MERGE:          0
cpu0->cpu0_STLB WRITE        ACCESS:          0 HIT:          0 MISS:          0 MISS_MERGE:          0
cpu0->cpu0_STLB TRANSLATION  ACCESS:          0 HIT:          0 MISS:          0 MISS_MERGE:          0
cpu0->cpu0_STLB PREFETCH REQUESTED:          0 ISSUED:          0 USEFUL:          0 USELESS:          0
cpu0->cpu0_STLB AVERAGE MISS LATENCY: 158.3 cycles

DRAM Statistics

Channel 0 RQ ROW_BUFFER_HIT:      46959
  ROW_BUFFER_MISS:    1218449
  AVG DBUS CONGESTED CYCLE: 7.409
Channel 0 WQ ROW_BUFFER_HIT:     112905
  ROW_BUFFER_MISS:     855126
  FULL:          0
Channel 0 REFRESHES ISSUED:      10310
