[VMEM] WARNING: physical memory size is smaller than virtual memory size.

*** ChampSim Multicore Out-of-Order Simulator ***
Warmup Instructions: 12500000
Simulation Instructions: 50000000
Number of CPUs: 1
Page size: 4096

Off-chip DRAM Size: 16 GiB Channels: 1 Width: 64-bit Data Rate: 3205 MT/s
Heartbeat CPU 0 instructions: 10000004 cycles: 5096236 heartbeat IPC: 1.962 cumulative IPC: 1.962 (Simulation time: 00 hr 00 min 42 sec)
Warmup finished CPU 0 instructions: 12500002 cycles: 6138672 cumulative IPC: 2.036 (Simulation time: 00 hr 00 min 50 sec)
Warmup complete CPU 0 instructions: 12500002 cycles: 6138672 cumulative IPC: 2.036 (Simulation time: 00 hr 00 min 50 sec)
Heartbeat CPU 0 instructions: 20000006 cycles: 64216967 heartbeat IPC: 0.1691 cumulative IPC: 0.1291 (Simulation time: 00 hr 04 min 04 sec)
Heartbeat CPU 0 instructions: 30000009 cycles: 147448848 heartbeat IPC: 0.1201 cumulative IPC: 0.1238 (Simulation time: 00 hr 08 min 33 sec)
Heartbeat CPU 0 instructions: 40000009 cycles: 220778763 heartbeat IPC: 0.1364 cumulative IPC: 0.1281 (Simulation time: 00 hr 12 min 23 sec)
Heartbeat CPU 0 instructions: 50000009 cycles: 315047482 heartbeat IPC: 0.1061 cumulative IPC: 0.1214 (Simulation time: 00 hr 17 min 20 sec)
Heartbeat CPU 0 instructions: 60000010 cycles: 394684611 heartbeat IPC: 0.1256 cumulative IPC: 0.1223 (Simulation time: 00 hr 21 min 26 sec)
Simulation finished CPU 0 instructions: 50000000 cycles: 412518943 cumulative IPC: 0.1212 (Simulation time: 00 hr 22 min 43 sec)
Simulation complete CPU 0 instructions: 50000000 cycles: 412518943 cumulative IPC: 0.1212 (Simulation time: 00 hr 22 min 43 sec)

ChampSim completed all CPUs

=== Simulation ===
CPU 0 runs traces/429.mcf-51B.champsimtrace.xz

Region of Interest Statistics

CPU 0 cumulative IPC: 0.1212 instructions: 50000000 cycles: 412518943
CPU 0 Branch Prediction Accuracy: 85.8% MPKI: 34.3 Average ROB Occupancy at Mispredict: 23.39
Branch type MPKI
BRANCH_DIRECT_JUMP: 0.7198
BRANCH_INDIRECT: 0
BRANCH_CONDITIONAL: 33.58
BRANCH_DIRECT_CALL: 0
BRANCH_INDIRECT_CALL: 0
BRANCH_RETURN: 0

cpu0->LLC TOTAL        ACCESS:    4485302 HIT:    1062923 MISS:    3422379 MISS_MERGE:          0
cpu0->LLC LOAD         ACCESS:    3359988 HIT:     262005 MISS:    3097983 MISS_MERGE:          0
cpu0->LLC RFO          ACCESS:      79430 HIT:       7649 MISS:      71781 MISS_MERGE:          0
cpu0->LLC PREFETCH     ACCESS:          0 HIT:          0 MISS:          0 MISS_MERGE:          0
cpu0->LLC WRITE        ACCESS:     771447 HIT:     759245 MISS:      12202 MISS_MERGE:          0
cpu0->LLC TRANSLATION  ACCESS:     274437 HIT:      34024 MISS:     240413 MISS_MERGE:          0
cpu0->LLC PREFETCH REQUESTED:          0 ISSUED:          0 USEFUL:          0 USELESS:          0
cpu0->LLC AVERAGE MISS LATENCY: 223.2 cycles
cpu0->cpu0_DTLB TOTAL        ACCESS:   18666895 HIT:   11457589 MISS:    7209306 MISS_MERGE:    3141602
cpu0->cpu0_DTLB LOAD         ACCESS:   18666895 HIT:   11457589 MISS:    7209306 MISS_MERGE:    3141602
cpu0->cpu0_DTLB RFO          ACCESS:          0 HIT:          0 MISS:          0 MISS_MERGE:          0
cpu0->cpu0_DTLB PREFETCH     ACCESS:          0 HIT:          0 MISS:          0 MISS_MERGE:          0
cpu0->cpu0_DTLB WRITE        ACCESS:          0 HIT:          0 MISS:          0 MISS_MERGE:          0
cpu0->cpu0_DTLB TRANSLATION  ACCESS:          0 HIT:          0 MISS:          0 MISS_MERGE:          0
cpu0->cpu0_DTLB PREFETCH REQUESTED:          0 ISSUED:          0 USEFUL:          0 USELESS:          0
cpu0->cpu0_DTLB AVERAGE MISS LATENCY: 23.53 cycles
cpu0->cpu0_ITLB TOTAL        ACCESS:     821467 HIT:     821467 MISS:          0 MISS_MERGE:          0
cpu0->cpu0_ITLB LOAD         ACCESS:     821467 HIT:     821467 MISS:          0 MISS_MERGE:          0
cpu0->cpu0_ITLB RFO          ACCESS:          0 HIT:          0 MISS:          0 MISS_MERGE:          0
cpu0->cpu0_ITLB PREFETCH     ACCESS:          0 HIT:          0 MISS:          0 MISS_MERGE:          0
cpu0->cpu0_ITLB WRITE        ACCESS:          0 HIT:          0 MISS:          0 MISS_MERGE:          0
cpu0->cpu0_ITLB TRANSLATION  ACCESS:          0 HIT:          0 MISS:          0 MISS_MERGE:          0
cpu0->cpu0_ITLB PREFETCH REQUESTED:          0 ISSUED:          0 USEFUL:          0 USELESS:          0
cpu0->cpu0_ITLB AVERAGE MISS LATENCY: - cycles
cpu0->cpu0_L1D TOTAL        ACCESS:   19991496 HIT:   11022109 MISS:    8969387 MISS_MERGE:    3298653
cpu0->cpu0_L1D LOAD         ACCESS:   16087429 HIT:    7939800 MISS:    8147629 MISS_MERGE:    3153654
cpu0->cpu0_L1D RFO          ACCESS:          0 HIT:          0 MISS:          0 MISS_MERGE:          0
cpu0->cpu0_L1D PREFETCH     ACCESS:          0 HIT:          0 MISS:          0 MISS_MERGE:          0
cpu0->cpu0_L1D WRITE        ACCESS:    2579466 HIT:    2282256 MISS:     297210 MISS_MERGE:     142053
cpu0->cpu0_L1D TRANSLATION  ACCESS:    1324601 HIT:     800053 MISS:     524548 MISS_MERGE:       2946
cpu0->cpu0_L1D PREFETCH REQUESTED:          0 ISSUED:          0 USEFUL:          0 USELESS:          0
cpu0->cpu0_L1D AVERAGE MISS LATENCY: 153.9 cycles
cpu0->cpu0_L1I TOTAL        ACCESS:     821605 HIT:     821605 MISS:          0 MISS_MERGE:          0
cpu0->cpu0_L1I LOAD         ACCESS:     821605 HIT:     821605 MISS:          0 MISS_MERGE:          0
cpu0->cpu0_L1I RFO          ACCESS:          0 HIT:          0 MISS:          0 MISS_MERGE:          0
cpu0->cpu0_L1I PREFETCH     ACCESS:          0 HIT:          0 MISS:          0 MISS_MERGE:          0
cpu0->cpu0_L1I WRITE        ACCESS:          0 HIT:          0 MISS:          0 MISS_MERGE:          0
cpu0->cpu0_L1I TRANSLATION  ACCESS:          0 HIT:          0 MISS:          0 MISS_MERGE:          0
cpu0->cpu0_L1I PREFETCH REQUESTED:          0 ISSUED:          0 USEFUL:          0 USELESS:          0
cpu0->cpu0_L1I AVERAGE MISS LATENCY: - cycles
cpu0->cpu0_L2C TOTAL        ACCESS:    6884762 HIT:    3170771 MISS:    3713991 MISS_MERGE:          0
cpu0->cpu0_L2C LOAD         ACCESS:    4993974 HIT:    1633986 MISS:    3359988 MISS_MERGE:          0
cpu0->cpu0_L2C RFO          ACCESS:     155157 HIT:      75727 MISS:      79430 MISS_MERGE:          0
cpu0->cpu0_L2C PREFETCH     ACCESS:          0 HIT:          0 MISS:          0 MISS_MERGE:          0
cpu0->cpu0_L2C WRITE        ACCESS:    1214029 HIT:    1213893 MISS:        136 MISS_MERGE:          0
cpu0->cpu0_L2C TRANSLATION  ACCESS:     521602 HIT:     247165 MISS:     274437 MISS_MERGE:          0
cpu0->cpu0_L2C PREFETCH REQUESTED:          0 ISSUED:          0 USEFUL:          0 USELESS:          0
cpu0->cpu0_L2C AVERAGE MISS LATENCY: 221.6 cycles
cpu0->cpu0_STLB TOTAL        ACCESS:    4067704 HIT:    3492938 MISS:     574766 MISS_MERGE:          0
cpu0->cpu0_STLB LOAD         ACCESS:    4067704 HIT:    3492938 MISS:     574766 MISS_MERGE:          0
cpu0->cpu0_STLB RFO          ACCESS:          0 HIT:          0 MISS:          0 MISS_MERGE:          0
cpu0->cpu0_STLB PREFETCH     ACCESS:          0 HIT:          0 MISS:          0 MISS_MERGE:          0
cpu0->cpu0_STLB WRITE        ACCESS:          0 HIT:          0 MISS:          0 MISS_MERGE:          0
cpu0->cpu0_STLB TRANSLATION  ACCESS:          0 HIT:          0 MISS:          0 MISS_MERGE:          0
cpu0->cpu0_STLB PREFETCH REQUESTED:          0 ISSUED:          0 USEFUL:          0 USELESS:          0
cpu0->cpu0_STLB AVERAGE MISS LATENCY: 130.1 cycles

DRAM Statistics

Channel 0 RQ ROW_BUFFER_HIT:       3167
  ROW_BUFFER_MISS:    3406572
  AVG DBUS CONGESTED CYCLE: 7.992
Channel 0 WQ ROW_BUFFER_HIT:     239700
  ROW_BUFFER_MISS:     517978
  FULL:          0
Channel 0 REFRESHES ISSUED:      34377
