[VMEM] WARNING: physical memory size is smaller than virtual memory size.

*** ChampSim Multicore Out-of-Order Simulator ***
Warmup Instructions: 12500000
Simulation Instructions: 50000000
Number of CPUs: 1
Page size: 4096

Off-chip DRAM Size: 16 GiB Channels: 1 Width: 64-bit Data Rate: 3205 MT/s
Heartbeat CPU 0 instructions: 10000004 cycles: 5025930 heartbeat IPC: 1.99 cumulative IPC: 1.99 (Simulation time: 00 hr 00 min 40 sec)
Warmup finished CPU 0 instructions: 12500001 cycles: 6105371 cumulative IPC: 2.047 (Simulation time: 00 hr 00 min 49 sec)
Warmup complete CPU 0 instructions: 12500001 cycles: 6105371 cumulative IPC: 2.047 (Simulation time: 00 hr 00 min 49 sec)
Heartbeat CPU 0 instructions: 20000006 cycles: 29364118 heartbeat IPC: 0.4109 cumulative IPC: 0.3225 (Simulation time: 00 hr 01 min 58 sec)
Heartbeat CPU 0 instructions: 30000006 cycles: 60314232 heartbeat IPC: 0.3231 cumulative IPC: 0.3228 (Simulation time: 00 hr 03 min 33 sec)
Heartbeat CPU 0 instructions: 40000006 cycles: 90081176 heartbeat IPC: 0.3359 cumulative IPC: 0.3275 (Simulation time: 00 hr 05 min 01 sec)
Heartbeat CPU 0 instructions: 50000009 cycles: 119006439 heartbeat IPC: 0.3457 cumulative IPC: 0.3321 (Simulation time: 00 hr 06 min 29 sec)
Heartbeat CPU 0 instructions: 60000011 cycles: 152101812 heartbeat IPC: 0.3022 cumulative IPC: 0.3254 (Simulation time: 00 hr 08 min 07 sec)
Simulation finished CPU 0 instructions: 50000003 cycles: 153876657 cumulative IPC: 0.3249 (Simulation time: 00 hr 08 min 30 sec)
Simulation complete CPU 0 instructions: 50000003 cycles: 153876657 cumulative IPC: 0.3249 (Simulation time: 00 hr 08 min 30 sec)

ChampSim completed all CPUs

=== Simulation ===
CPU 0 runs traces/471.omnetpp-188B.champsimtrace.xz

Region of Interest Statistics

CPU 0 cumulative IPC: 0.3249 instructions: 50000003 cycles: 153876657
CPU 0 Branch Prediction Accuracy: 93.3% MPKI: 16.1 Average ROB Occupancy at Mispredict: 38.47
Branch type MPKI
BRANCH_DIRECT_JUMP: 0.00134
BRANCH_INDIRECT: 0.1254
BRANCH_CONDITIONAL: 15.32
BRANCH_DIRECT_CALL: 0.00068
BRANCH_INDIRECT_CALL: 0.1324
BRANCH_RETURN: 0.5249

cpu0->LLC TOTAL        ACCESS:    1527102 HIT:     420115 MISS:    1106987 MISS_MERGE:          0
cpu0->LLC LOAD         ACCESS:     872002 HIT:     184177 MISS:     687825 MISS_MERGE:          0
cpu0->LLC RFO          ACCESS:     149331 HIT:      36086 MISS:     113245 MISS_MERGE:          0
cpu0->LLC PREFETCH     ACCESS:          0 HIT:          0 MISS:          0 MISS_MERGE:          0
cpu0->LLC WRITE        ACCESS:     423758 HIT:     147912 MISS:     275846 MISS_MERGE:          0
cpu0->LLC TRANSLATION  ACCESS:      82011 HIT:      51940 MISS:      30071 MISS_MERGE:          0
cpu0->LLC PREFETCH REQUESTED:          0 ISSUED:          0 USEFUL:          0 USELESS:          0
cpu0->LLC AVERAGE MISS LATENCY: 146.1 cycles
cpu0->cpu0_DTLB TOTAL        ACCESS:   21076530 HIT:   19561312 MISS:    1515218 MISS_MERGE:     547268
cpu0->cpu0_DTLB LOAD         ACCESS:   21076530 HIT:   19561312 MISS:    1515218 MISS_MERGE:     547268
cpu0->cpu0_DTLB RFO          ACCESS:          0 HIT:          0 MISS:          0 MISS_MERGE:          0
cpu0->cpu0_DTLB PREFETCH     ACCESS:          0 HIT:          0 MISS:          0 MISS_MERGE:          0
cpu0->cpu0_DTLB WRITE        ACCESS:          0 HIT:          0 MISS:          0 MISS_MERGE:          0
cpu0->cpu0_DTLB TRANSLATION  ACCESS:          0 HIT:          0 MISS:          0 MISS_MERGE:          0
cpu0->cpu0_DTLB PREFETCH REQUESTED:          0 ISSUED:          0 USEFUL:          0 USELESS:          0
cpu0->cpu0_DTLB AVERAGE MISS LATENCY: 19.21 cycles
cpu0->cpu0_ITLB TOTAL        ACCESS:    5665615 HIT:    5608059 MISS:      57556 MISS_MERGE:      34273
cpu0->cpu0_ITLB LOAD         ACCESS:    5665615 HIT:    5608059 MISS:      57556 MISS_MERGE:      34273
cpu0->cpu0_ITLB RFO          ACCESS:          0 HIT:          0 MISS:          0 MISS_MERGE:          0
cpu0->cpu0_ITLB PREFETCH     ACCESS:          0 HIT:          0 MISS:          0 MISS_MERGE:          0
cpu0->cpu0_ITLB WRITE        ACCESS:          0 HIT:          0 MISS:          0 MISS_MERGE:          0
cpu0->cpu0_ITLB TRANSLATION  ACCESS:          0 HIT:          0 MISS:          0 MISS_MERGE:          0
cpu0->cpu0_ITLB PREFETCH REQUESTED:          0 ISSUED:          0 USEFUL:          0 USELESS:          0
cpu0->cpu0_ITLB AVERAGE MISS LATENCY: 7.332 cycles
cpu0->cpu0_L1D TOTAL        ACCESS:   21510720 HIT:   18913458 MISS:    2597262 MISS_MERGE:    1304883
cpu0->cpu0_L1D LOAD         ACCESS:   12652315 HIT:   10886909 MISS:    1765406 MISS_MERGE:     771756
cpu0->cpu0_L1D RFO          ACCESS:          0 HIT:          0 MISS:          0 MISS_MERGE:          0
cpu0->cpu0_L1D PREFETCH     ACCESS:          0 HIT:          0 MISS:          0 MISS_MERGE:          0
cpu0->cpu0_L1D WRITE        ACCESS:    8424215 HIT:    7730626 MISS:     693589 MISS_MERGE:     530753
cpu0->cpu0_L1D TRANSLATION  ACCESS:     434190 HIT:     295923 MISS:     138267 MISS_MERGE:       2374
cpu0->cpu0_L1D PREFETCH REQUESTED:          0 ISSUED:          0 USEFUL:          0 USELESS:          0
cpu0->cpu0_L1D AVERAGE MISS LATENCY: 145.4 cycles
cpu0->cpu0_L1I TOTAL        ACCESS:    5665615 HIT:    5662538 MISS:       3077 MISS_MERGE:        666
cpu0->cpu0_L1I LOAD         ACCESS:    5665615 HIT:    5662538 MISS:       3077 MISS_MERGE:        666
cpu0->cpu0_L1I RFO          ACCESS:          0 HIT:          0 MISS:          0 MISS_MERGE:          0
cpu0->cpu0_L1I PREFETCH     ACCESS:          0 HIT:          0 MISS:          0 MISS_MERGE:          0
cpu0->cpu0_L1I WRITE        ACCESS:          0 HIT:          0 MISS:          0 MISS_MERGE:          0
cpu0->cpu0_L1I TRANSLATION  ACCESS:          0 HIT:          0 MISS:          0 MISS_MERGE:          0
cpu0->cpu0_L1I PREFETCH REQUESTED:          0 ISSUED:          0 USEFUL:          0 USELESS:          0
cpu0->cpu0_L1I AVERAGE MISS LATENCY: 90.77 cycles
cpu0->cpu0_L2C TOTAL        ACCESS:    1774516 HIT:     670065 MISS:    1104451 MISS_MERGE:          1
cpu0->cpu0_L2C LOAD         ACCESS:     996061 HIT:     124059 MISS:     872002 MISS_MERGE:          0
cpu0->cpu0_L2C RFO          ACCESS:     162836 HIT:      13504 MISS:     149332 MISS_MERGE:          1
cpu0->cpu0_L2C PREFETCH     ACCESS:          0 HIT:          0 MISS:          0 MISS_MERGE:          0
cpu0->cpu0_L2C WRITE        ACCESS:     479726 HIT:     478620 MISS:       1106 MISS_MERGE:          0
cpu0->cpu0_L2C TRANSLATION  ACCESS:     135893 HIT:      53882 MISS:      82011 MISS_MERGE:          0
cpu0->cpu0_L2C PREFETCH REQUESTED:          0 ISSUED:          0 USEFUL:          0 USELESS:          0
cpu0->cpu0_L2C AVERAGE MISS LATENCY: 159.9 cycles
cpu0->cpu0_STLB TOTAL        ACCESS:     991233 HIT:     778585 MISS:     212648 MISS_MERGE:          0
cpu0->cpu0_STLB LOAD         ACCESS:     991233 HIT:     778585 MISS:     212648 MISS_MERGE:          0
cpu0->cpu0_STLB RFO          ACCESS:          0 HIT:          0 MISS:          0 MISS_MERGE:          0
cpu0->cpu0_STLB PREFETCH     ACCESS:          0 HIT:          0 MISS:          0 MISS_MERGE:          0
cpu0->cpu0_STLB WRITE        ACCESS:          0 HIT:          0 MISS:          0 MISS_MERGE:          0
cpu0->cpu0_STLB TRANSLATION  ACCESS:          0 HIT:          0 MISS:          0 MISS_MERGE:          0
cpu0->cpu0_STLB PREFETCH REQUESTED:          0 ISSUED:          0 USEFUL:          0 USELESS:          0
cpu0->cpu0_STLB AVERAGE MISS LATENCY: 63.93 cycles

DRAM Statistics

Channel 0 RQ ROW_BUFFER_HIT:      19233
  ROW_BUFFER_MISS:     811878
  AVG DBUS CONGESTED CYCLE: 19.41
Channel 0 WQ ROW_BUFFER_HIT:     102719
  ROW_BUFFER_MISS:     205568
  FULL:          0
Channel 0 REFRESHES ISSUED:      12823
