[VMEM] WARNING: physical memory size is smaller than virtual memory size.

*** ChampSim Multicore Out-of-Order Simulator ***
Warmup Instructions: 12500000
Simulation Instructions: 50000000
Number of CPUs: 1
Page size: 4096

Off-chip DRAM Size: 16 GiB Channels: 1 Width: 64-bit Data Rate: 3205 MT/s
Heartbeat CPU 0 instructions: 10000002 cycles: 3344886 heartbeat IPC: 2.99 cumulative IPC: 2.99 (Simulation time: 00 hr 00 min 29 sec)
Warmup finished CPU 0 instructions: 12500003 cycles: 4458959 cumulative IPC: 2.803 (Simulation time: 00 hr 00 min 38 sec)
Warmup complete CPU 0 instructions: 12500003 cycles: 4458959 cumulative IPC: 2.803 (Simulation time: 00 hr 00 min 38 sec)
Heartbeat CPU 0 instructions: 20000006 cycles: 23829776 heartbeat IPC: 0.4882 cumulative IPC: 0.3872 (Simulation time: 00 hr 01 min 32 sec)
Heartbeat CPU 0 instructions: 30000007 cycles: 45847879 heartbeat IPC: 0.4542 cumulative IPC: 0.4228 (Simulation time: 00 hr 03 min 02 sec)
Heartbeat CPU 0 instructions: 40000009 cycles: 78216108 heartbeat IPC: 0.3089 cumulative IPC: 0.3728 (Simulation time: 00 hr 05 min 27 sec)
Heartbeat CPU 0 instructions: 50000009 cycles: 96406333 heartbeat IPC: 0.5497 cumulative IPC: 0.4078 (Simulation time: 00 hr 06 min 26 sec)
Heartbeat CPU 0 instructions: 60000010 cycles: 112213530 heartbeat IPC: 0.6326 cumulative IPC: 0.4408 (Simulation time: 00 hr 07 min 21 sec)
Simulation finished CPU 0 instructions: 50000004 cycles: 110527271 cumulative IPC: 0.4524 (Simulation time: 00 hr 07 min 32 sec)
Simulation complete CPU 0 instructions: 50000004 cycles: 110527271 cumulative IPC: 0.4524 (Simulation time: 00 hr 07 min 32 sec)

ChampSim completed all CPUs

=== Simulation ===
CPU 0 runs traces/403.gcc-17B.champsimtrace.xz

Region of Interest Statistics

CPU 0 cumulative IPC: 0.4524 instructions: 50000004 cycles: 110527271
CPU 0 Branch Prediction Accuracy: 91.45% MPKI: 17.95 Average ROB Occupancy at Mispredict: 31.12
Branch type MPKI
BRANCH_DIRECT_JUMP: 0.1334
BRANCH_INDIRECT: 0.4934
BRANCH_CONDITIONAL: 17.21
BRANCH_DIRECT_CALL: 0.1022
BRANCH_INDIRECT_CALL: 0.002
BRANCH_RETURN: 0.00512

cpu0->LLC TOTAL        ACCESS:    2259254 HIT:     110731 MISS:    2148523 MISS_MERGE:          0
cpu0->LLC LOAD         ACCESS:     335080 HIT:      89362 MISS:     245718 MISS_MERGE:          0
cpu0->LLC RFO          ACCESS:     938004 HIT:        567 MISS:     937437 MISS_MERGE:          0
cpu0->LLC PREFETCH     ACCESS:          0 HIT:          0 MISS:          0 MISS_MERGE:          0
cpu0->LLC WRITE        ACCESS:     974740 HIT:      19417 MISS:     955323 MISS_MERGE:          0
cpu0->LLC TRANSLATION  ACCESS:      11430 HIT:       1385 MISS:      10045 MISS_MERGE:          0
cpu0->LLC PREFETCH REQUESTED:          0 ISSUED:          0 USEFUL:          0 USELESS:          0
cpu0->LLC AVERAGE MISS LATENCY: 293.9 cycles
cpu0->cpu0_DTLB TOTAL        ACCESS:   21966677 HIT:   20974884 MISS:     991793 MISS_MERGE:     428964
cpu0->cpu0_DTLB LOAD         ACCESS:   21966677 HIT:   20974884 MISS:     991793 MISS_MERGE:     428964
cpu0->cpu0_DTLB RFO          ACCESS:          0 HIT:          0 MISS:          0 MISS_MERGE:          0
cpu0->cpu0_DTLB PREFETCH     ACCESS:          0 HIT:          0 MISS:          0 MISS_MERGE:          0
cpu0->cpu0_DTLB WRITE        ACCESS:          0 HIT:          0 MISS:          0 MISS_MERGE:          0
cpu0->cpu0_DTLB TRANSLATION  ACCESS:          0 HIT:          0 MISS:          0 MISS_MERGE:          0
cpu0->cpu0_DTLB PREFETCH REQUESTED:          0 ISSUED:          0 USEFUL:          0 USELESS:          0
cpu0->cpu0_DTLB AVERAGE MISS LATENCY: 17.66 cycles
cpu0->cpu0_ITLB TOTAL        ACCESS:    6029144 HIT:    6025474 MISS:       3670 MISS_MERGE:       2261
cpu0->cpu0_ITLB LOAD         ACCESS:    6029144 HIT:    6025474 MISS:       3670 MISS_MERGE:       2261
cpu0->cpu0_ITLB RFO          ACCESS:          0 HIT:          0 MISS:          0 MISS_MERGE:          0
cpu0->cpu0_ITLB PREFETCH     ACCESS:          0 HIT:          0 MISS:          0 MISS_MERGE:          0
cpu0->cpu0_ITLB WRITE        ACCESS:          0 HIT:          0 MISS:          0 MISS_MERGE:          0
cpu0->cpu0_ITLB TRANSLATION  ACCESS:          0 HIT:          0 MISS:          0 MISS_MERGE:          0
cpu0->cpu0_ITLB PREFETCH REQUESTED:          0 ISSUED:          0 USEFUL:          0 USELESS:          0
cpu0->cpu0_ITLB AVERAGE MISS LATENCY: 13.47 cycles
cpu0->cpu0_L1D TOTAL        ACCESS:   22054262 HIT:   13760807 MISS:    8293455 MISS_MERGE:    6817060
cpu0->cpu0_L1D LOAD         ACCESS:    9667951 HIT:    8825883 MISS:     842068 MISS_MERGE:     320458
cpu0->cpu0_L1D RFO          ACCESS:          0 HIT:          0 MISS:          0 MISS_MERGE:          0
cpu0->cpu0_L1D PREFETCH     ACCESS:          0 HIT:          0 MISS:          0 MISS_MERGE:          0
cpu0->cpu0_L1D WRITE        ACCESS:   12298726 HIT:    4862500 MISS:    7436226 MISS_MERGE:    6496569
cpu0->cpu0_L1D TRANSLATION  ACCESS:      87585 HIT:      72424 MISS:      15161 MISS_MERGE:         33
cpu0->cpu0_L1D PREFETCH REQUESTED:          0 ISSUED:          0 USEFUL:          0 USELESS:          0
cpu0->cpu0_L1D AVERAGE MISS LATENCY: 444.6 cycles
cpu0->cpu0_L1I TOTAL        ACCESS:    6029144 HIT:    6027002 MISS:       2142 MISS_MERGE:        423
cpu0->cpu0_L1I LOAD         ACCESS:    6029144 HIT:    6027002 MISS:       2142 MISS_MERGE:        423
cpu0->cpu0_L1I RFO          ACCESS:          0 HIT:          0 MISS:          0 MISS_MERGE:          0
cpu0->cpu0_L1I PREFETCH     ACCESS:          0 HIT:          0 MISS:          0 MISS_MERGE:          0
cpu0->cpu0_L1I WRITE        ACCESS:          0 HIT:          0 MISS:          0 MISS_MERGE:          0
cpu0->cpu0_L1I TRANSLATION  ACCESS:          0 HIT:          0 MISS:          0 MISS_MERGE:          0
cpu0->cpu0_L1I PREFETCH REQUESTED:          0 ISSUED:          0 USEFUL:          0 USELESS:          0
cpu0->cpu0_L1I AVERAGE MISS LATENCY: 68.19 cycles
cpu0->cpu0_L2C TOTAL        ACCESS:    2462060 HIT:    1177379 MISS:    1284681 MISS_MERGE:          1
cpu0->cpu0_L2C LOAD         ACCESS:     523329 HIT:     188249 MISS:     335080 MISS_MERGE:          0
cpu0->cpu0_L2C RFO          ACCESS:     939657 HIT:       1652 MISS:     938005 MISS_MERGE:          1
cpu0->cpu0_L2C PREFETCH     ACCESS:          0 HIT:          0 MISS:          0 MISS_MERGE:          0
cpu0->cpu0_L2C WRITE        ACCESS:     983946 HIT:     983780 MISS:        166 MISS_MERGE:          0
cpu0->cpu0_L2C TRANSLATION  ACCESS:      15128 HIT:       3698 MISS:      11430 MISS_MERGE:          0
cpu0->cpu0_L2C PREFETCH REQUESTED:          0 ISSUED:          0 USEFUL:          0 USELESS:          0
cpu0->cpu0_L2C AVERAGE MISS LATENCY: 500.8 cycles
cpu0->cpu0_STLB TOTAL        ACCESS:     564238 HIT:     520689 MISS:      43549 MISS_MERGE:          0
cpu0->cpu0_STLB LOAD         ACCESS:     564238 HIT:     520689 MISS:      43549 MISS_MERGE:          0
cpu0->cpu0_STLB RFO          ACCESS:          0 HIT:          0 MISS:          0 MISS_MERGE:          0
cpu0->cpu0_STLB PREFETCH     ACCESS:          0 HIT:          0 MISS:          0 MISS_MERGE:          0
cpu0->cpu0_STLB WRITE        ACCESS:          0 HIT:          0 MISS:          0 MISS_MERGE:          0
cpu0->cpu0_STLB TRANSLATION  ACCESS:          0 HIT:          0 MISS:          0 MISS_MERGE:          0
cpu0->cpu0_STLB PREFETCH REQUESTED:          0 ISSUED:          0 USEFUL:          0 USELESS:          0
cpu0->cpu0_STLB AVERAGE MISS LATENCY: 162.9 cycles

DRAM Statistics

Channel 0 RQ ROW_BUFFER_HIT:     112557
  ROW_BUFFER_MISS:    1080639
  AVG DBUS CONGESTED CYCLE: 6.936
Channel 0 WQ ROW_BUFFER_HIT:     117007
  ROW_BUFFER_MISS:     848745
  FULL:          0
Channel 0 REFRESHES ISSUED:       9211
