[VMEM] WARNING: physical memory size is smaller than virtual memory size.

*** ChampSim Multicore Out-of-Order Simulator ***
Warmup Instructions: 12500000
Simulation Instructions: 50000000
Number of CPUs: 1
Page size: 4096

Off-chip DRAM Size: 16 GiB Channels: 1 Width: 64-bit Data Rate: 3205 MT/s
Heartbeat CPU 0 instructions: 10000002 cycles: 3344846 heartbeat IPC: 2.99 cumulative IPC: 2.99 (Simulation time: 00 hr 00 min 29 sec)
Warmup finished CPU 0 instructions: 12500003 cycles: 4460109 cumulative IPC: 2.803 (Simulation time: 00 hr 00 min 38 sec)
Warmup complete CPU 0 instructions: 12500003 cycles: 4460109 cumulative IPC: 2.803 (Simulation time: 00 hr 00 min 38 sec)
Heartbeat CPU 0 instructions: 20000006 cycles: 24615657 heartbeat IPC: 0.4701 cumulative IPC: 0.3721 (Simulation time: 00 hr 01 min 34 sec)
Heartbeat CPU 0 instructions: 30000007 cycles: 45727774 heartbeat IPC: 0.4737 cumulative IPC: 0.4241 (Simulation time: 00 hr 03 min 02 sec)
Heartbeat CPU 0 instructions: 40000009 cycles: 77523246 heartbeat IPC: 0.3145 cumulative IPC: 0.3764 (Simulation time: 00 hr 05 min 25 sec)
Heartbeat CPU 0 instructions: 50000009 cycles: 95755848 heartbeat IPC: 0.5485 cumulative IPC: 0.4108 (Simulation time: 00 hr 06 min 26 sec)
Heartbeat CPU 0 instructions: 60000010 cycles: 113761516 heartbeat IPC: 0.5554 cumulative IPC: 0.4346 (Simulation time: 00 hr 07 min 28 sec)
Simulation finished CPU 0 instructions: 50000004 cycles: 113545709 cumulative IPC: 0.4404 (Simulation time: 00 hr 07 min 42 sec)
Simulation complete CPU 0 instructions: 50000004 cycles: 113545709 cumulative IPC: 0.4404 (Simulation time: 00 hr 07 min 42 sec)

ChampSim completed all CPUs

=== Simulation ===
CPU 0 runs traces/403.gcc-17B.champsimtrace.xz

Region of Interest Statistics

CPU 0 cumulative IPC: 0.4404 instructions: 50000004 cycles: 113545709
CPU 0 Branch Prediction Accuracy: 91.45% MPKI: 17.95 Average ROB Occupancy at Mispredict: 31.26
Branch type MPKI
BRANCH_DIRECT_JUMP: 0.1334
BRANCH_INDIRECT: 0.4934
BRANCH_CONDITIONAL: 17.21
BRANCH_DIRECT_CALL: 0.1022
BRANCH_INDIRECT_CALL: 0.002
BRANCH_RETURN: 0.00512

cpu0->LLC TOTAL        ACCESS:    2259294 HIT:     108853 MISS:    2150441 MISS_MERGE:          1
cpu0->LLC LOAD         ACCESS:     335136 HIT:      58218 MISS:     276918 MISS_MERGE:          1
cpu0->LLC RFO          ACCESS:     937996 HIT:        629 MISS:     937367 MISS_MERGE:          0
cpu0->LLC PREFETCH     ACCESS:          0 HIT:          0 MISS:          0 MISS_MERGE:          0
cpu0->LLC WRITE        ACCESS:     974748 HIT:      47796 MISS:     926952 MISS_MERGE:          0
cpu0->LLC TRANSLATION  ACCESS:      11414 HIT:       2210 MISS:       9204 MISS_MERGE:          0
cpu0->LLC PREFETCH REQUESTED:          0 ISSUED:          0 USEFUL:          0 USELESS:          0
cpu0->LLC AVERAGE MISS LATENCY: 287.8 cycles
cpu0->cpu0_DTLB TOTAL        ACCESS:   21967498 HIT:   20975205 MISS:     992293 MISS_MERGE:     429463
cpu0->cpu0_DTLB LOAD         ACCESS:   21967498 HIT:   20975205 MISS:     992293 MISS_MERGE:     429463
cpu0->cpu0_DTLB RFO          ACCESS:          0 HIT:          0 MISS:          0 MISS_MERGE:          0
cpu0->cpu0_DTLB PREFETCH     ACCESS:          0 HIT:          0 MISS:          0 MISS_MERGE:          0
cpu0->cpu0_DTLB WRITE        ACCESS:          0 HIT:          0 MISS:          0 MISS_MERGE:          0
cpu0->cpu0_DTLB TRANSLATION  ACCESS:          0 HIT:          0 MISS:          0 MISS_MERGE:          0
cpu0->cpu0_DTLB PREFETCH REQUESTED:          0 ISSUED:          0 USEFUL:          0 USELESS:          0
cpu0->cpu0_DTLB AVERAGE MISS LATENCY: 17.41 cycles
cpu0->cpu0_ITLB TOTAL        ACCESS:    6024806 HIT:    6021136 MISS:       3670 MISS_MERGE:       2261
cpu0->cpu0_ITLB LOAD         ACCESS:    6024806 HIT:    6021136 MISS:       3670 MISS_MERGE:       2261
cpu0->cpu0_ITLB RFO          ACCESS:          0 HIT:          0 MISS:          0 MISS_MERGE:          0
cpu0->cpu0_ITLB PREFETCH     ACCESS:          0 HIT:          0 MISS:          0 MISS_MERGE:          0
cpu0->cpu0_ITLB WRITE        ACCESS:          0 HIT:          0 MISS:          0 MISS_MERGE:          0
cpu0->cpu0_ITLB TRANSLATION  ACCESS:          0 HIT:          0 MISS:          0 MISS_MERGE:          0
cpu0->cpu0_ITLB PREFETCH REQUESTED:          0 ISSUED:          0 USEFUL:          0 USELESS:          0
cpu0->cpu0_ITLB AVERAGE MISS LATENCY: 13.38 cycles
cpu0->cpu0_L1D TOTAL        ACCESS:   22055069 HIT:   13758040 MISS:    8297029 MISS_MERGE:    6820663
cpu0->cpu0_L1D LOAD         ACCESS:    9668772 HIT:    8822999 MISS:     845773 MISS_MERGE:     324163
cpu0->cpu0_L1D RFO          ACCESS:          0 HIT:          0 MISS:          0 MISS_MERGE:          0
cpu0->cpu0_L1D PREFETCH     ACCESS:          0 HIT:          0 MISS:          0 MISS_MERGE:          0
cpu0->cpu0_L1D WRITE        ACCESS:   12298726 HIT:    4862606 MISS:    7436120 MISS_MERGE:    6496485
cpu0->cpu0_L1D TRANSLATION  ACCESS:      87571 HIT:      72435 MISS:      15136 MISS_MERGE:         15
cpu0->cpu0_L1D PREFETCH REQUESTED:          0 ISSUED:          0 USEFUL:          0 USELESS:          0
cpu0->cpu0_L1D AVERAGE MISS LATENCY: 436.2 cycles
cpu0->cpu0_L1I TOTAL        ACCESS:    6024806 HIT:    6022661 MISS:       2145 MISS_MERGE:        426
cpu0->cpu0_L1I LOAD         ACCESS:    6024806 HIT:    6022661 MISS:       2145 MISS_MERGE:        426
cpu0->cpu0_L1I RFO          ACCESS:          0 HIT:          0 MISS:          0 MISS_MERGE:          0
cpu0->cpu0_L1I PREFETCH     ACCESS:          0 HIT:          0 MISS:          0 MISS_MERGE:          0
cpu0->cpu0_L1I WRITE        ACCESS:          0 HIT:          0 MISS:          0 MISS_MERGE:          0
cpu0->cpu0_L1I TRANSLATION  ACCESS:          0 HIT:          0 MISS:          0 MISS_MERGE:          0
cpu0->cpu0_L1I PREFETCH REQUESTED:          0 ISSUED:          0 USEFUL:          0 USELESS:          0
cpu0->cpu0_L1I AVERAGE MISS LATENCY: 72.79 cycles
cpu0->cpu0_L2C TOTAL        ACCESS:    2462031 HIT:    1177313 MISS:    1284718 MISS_MERGE:          1
cpu0->cpu0_L2C LOAD         ACCESS:     523329 HIT:     188193 MISS:     335136 MISS_MERGE:          0
cpu0->cpu0_L2C RFO          ACCESS:     939635 HIT:       1638 MISS:     937997 MISS_MERGE:          1
cpu0->cpu0_L2C PREFETCH     ACCESS:          0 HIT:          0 MISS:          0 MISS_MERGE:          0
cpu0->cpu0_L2C WRITE        ACCESS:     983946 HIT:     983775 MISS:        171 MISS_MERGE:          0
cpu0->cpu0_L2C TRANSLATION  ACCESS:      15121 HIT:       3707 MISS:      11414 MISS_MERGE:          0
cpu0->cpu0_L2C PREFETCH REQUESTED:          0 ISSUED:          0 USEFUL:          0 USELESS:          0
cpu0->cpu0_L2C AVERAGE MISS LATENCY: 491.2 cycles
cpu0->cpu0_STLB TOTAL        ACCESS:     564239 HIT:     520697 MISS:      43542 MISS_MERGE:          0
cpu0->cpu0_STLB LOAD         ACCESS:     564239 HIT:     520697 MISS:      43542 MISS_MERGE:          0
cpu0->cpu0_STLB RFO          ACCESS:          0 HIT:          0 MISS:          0 MISS_MERGE:          0
cpu0->cpu0_STLB PREFETCH     ACCESS:          0 HIT:          0 MISS:          0 MISS_MERGE:          0
cpu0->cpu0_STLB WRITE        ACCESS:          0 HIT:          0 MISS:          0 MISS_MERGE:          0
cpu0->cpu0_STLB TRANSLATION  ACCESS:          0 HIT:          0 MISS:          0 MISS_MERGE:          0
cpu0->cpu0_STLB PREFETCH REQUESTED:          0 ISSUED:          0 USEFUL:          0 USELESS:          0
cpu0->cpu0_STLB AVERAGE MISS LATENCY: 159.7 cycles

DRAM Statistics

Channel 0 RQ ROW_BUFFER_HIT:     118418
  ROW_BUFFER_MISS:    1105066
  AVG DBUS CONGESTED CYCLE: 7.267
Channel 0 WQ ROW_BUFFER_HIT:     104476
  ROW_BUFFER_MISS:     817548
  FULL:          0
Channel 0 REFRESHES ISSUED:       9462
