[VMEM] WARNING: physical memory size is smaller than virtual memory size.

*** ChampSim Multicore Out-of-Order Simulator ***
Warmup Instructions: 12500000
Simulation Instructions: 50000000
Number of CPUs: 1
Page size: 4096

Off-chip DRAM Size: 16 GiB Channels: 1 Width: 64-bit Data Rate: 3205 MT/s
Heartbeat CPU 0 instructions: 10000000 cycles: 2681483 heartbeat IPC: 3.729 cumulative IPC: 3.729 (Simulation time: 00 hr 00 min 22 sec)
Warmup finished CPU 0 instructions: 12500001 cycles: 3346160 cumulative IPC: 3.736 (Simulation time: 00 hr 00 min 27 sec)
Warmup complete CPU 0 instructions: 12500001 cycles: 3346160 cumulative IPC: 3.736 (Simulation time: 00 hr 00 min 27 sec)
Heartbeat CPU 0 instructions: 20000003 cycles: 14406915 heartbeat IPC: 0.8528 cumulative IPC: 0.6781 (Simulation time: 00 hr 01 min 34 sec)
Heartbeat CPU 0 instructions: 30000004 cycles: 29260369 heartbeat IPC: 0.6732 cumulative IPC: 0.6753 (Simulation time: 00 hr 03 min 05 sec)
Heartbeat CPU 0 instructions: 40000006 cycles: 44081601 heartbeat IPC: 0.6747 cumulative IPC: 0.6751 (Simulation time: 00 hr 04 min 35 sec)
Heartbeat CPU 0 instructions: 50000007 cycles: 58787132 heartbeat IPC: 0.68 cumulative IPC: 0.6764 (Simulation time: 00 hr 06 min 05 sec)
Heartbeat CPU 0 instructions: 60000010 cycles: 73630479 heartbeat IPC: 0.6737 cumulative IPC: 0.6758 (Simulation time: 00 hr 07 min 37 sec)
Simulation finished CPU 0 instructions: 50000003 cycles: 73914051 cumulative IPC: 0.6765 (Simulation time: 00 hr 07 min 59 sec)
Simulation complete CPU 0 instructions: 50000003 cycles: 73914051 cumulative IPC: 0.6765 (Simulation time: 00 hr 07 min 59 sec)

ChampSim completed all CPUs

=== Simulation ===
CPU 0 runs traces/470.lbm-1274B.champsimtrace.xz

Region of Interest Statistics

CPU 0 cumulative IPC: 0.6765 instructions: 50000003 cycles: 73914051
CPU 0 Branch Prediction Accuracy: 99.4% MPKI: 0.08384 Average ROB Occupancy at Mispredict: 158.6
Branch type MPKI
BRANCH_DIRECT_JUMP: 0
BRANCH_INDIRECT: 0
BRANCH_CONDITIONAL: 0.08384
BRANCH_DIRECT_CALL: 0
BRANCH_INDIRECT_CALL: 0
BRANCH_RETURN: 0

cpu0->LLC TOTAL        ACCESS:    2491027 HIT:     559393 MISS:    1931634 MISS_MERGE:          0
cpu0->LLC LOAD         ACCESS:     355372 HIT:         23 MISS:     355349 MISS_MERGE:          0
cpu0->LLC RFO          ACCESS:    1066416 HIT:     189767 MISS:     876649 MISS_MERGE:          0
cpu0->LLC PREFETCH     ACCESS:          0 HIT:          0 MISS:          0 MISS_MERGE:          0
cpu0->LLC WRITE        ACCESS:    1066424 HIT:     369561 MISS:     696863 MISS_MERGE:          0
cpu0->LLC TRANSLATION  ACCESS:       2815 HIT:         42 MISS:       2773 MISS_MERGE:          0
cpu0->LLC PREFETCH REQUESTED:          0 ISSUED:          0 USEFUL:          0 USELESS:          0
cpu0->LLC AVERAGE MISS LATENCY: 207.3 cycles
cpu0->cpu0_DTLB TOTAL        ACCESS:   11549884 HIT:   11476238 MISS:      73646 MISS_MERGE:      51415
cpu0->cpu0_DTLB LOAD         ACCESS:   11549884 HIT:   11476238 MISS:      73646 MISS_MERGE:      51415
cpu0->cpu0_DTLB RFO          ACCESS:          0 HIT:          0 MISS:          0 MISS_MERGE:          0
cpu0->cpu0_DTLB PREFETCH     ACCESS:          0 HIT:          0 MISS:          0 MISS_MERGE:          0
cpu0->cpu0_DTLB WRITE        ACCESS:          0 HIT:          0 MISS:          0 MISS_MERGE:          0
cpu0->cpu0_DTLB TRANSLATION  ACCESS:          0 HIT:          0 MISS:          0 MISS_MERGE:          0
cpu0->cpu0_DTLB PREFETCH REQUESTED:          0 ISSUED:          0 USEFUL:          0 USELESS:          0
cpu0->cpu0_DTLB AVERAGE MISS LATENCY: 162.9 cycles
cpu0->cpu0_ITLB TOTAL        ACCESS:    9227538 HIT:    9227538 MISS:          0 MISS_MERGE:          0
cpu0->cpu0_ITLB LOAD         ACCESS:    9227538 HIT:    9227538 MISS:          0 MISS_MERGE:          0
cpu0->cpu0_ITLB RFO          ACCESS:          0 HIT:          0 MISS:          0 MISS_MERGE:          0
cpu0->cpu0_ITLB PREFETCH     ACCESS:          0 HIT:          0 MISS:          0 MISS_MERGE:          0
cpu0->cpu0_ITLB WRITE        ACCESS:          0 HIT:          0 MISS:          0 MISS_MERGE:          0
cpu0->cpu0_ITLB TRANSLATION  ACCESS:          0 HIT:          0 MISS:          0 MISS_MERGE:          0
cpu0->cpu0_ITLB PREFETCH REQUESTED:          0 ISSUED:          0 USEFUL:          0 USELESS:          0
cpu0->cpu0_ITLB AVERAGE MISS LATENCY: - cycles
cpu0->cpu0_L1D TOTAL        ACCESS:   11594368 HIT:    7286262 MISS:    4308106 MISS_MERGE:    1950483
cpu0->cpu0_L1D LOAD         ACCESS:    6528660 HIT:    4241043 MISS:    2287617 MISS_MERGE:    1932245
cpu0->cpu0_L1D RFO          ACCESS:          0 HIT:          0 MISS:          0 MISS_MERGE:          0
cpu0->cpu0_L1D PREFETCH     ACCESS:          0 HIT:          0 MISS:          0 MISS_MERGE:          0
cpu0->cpu0_L1D WRITE        ACCESS:    5021224 HIT:    3003559 MISS:    2017665 MISS_MERGE:      18233
cpu0->cpu0_L1D TRANSLATION  ACCESS:      44484 HIT:      41660 MISS:       2824 MISS_MERGE:          5
cpu0->cpu0_L1D PREFETCH REQUESTED:          0 ISSUED:          0 USEFUL:          0 USELESS:          0
cpu0->cpu0_L1D AVERAGE MISS LATENCY: 185.7 cycles
cpu0->cpu0_L1I TOTAL        ACCESS:    9227538 HIT:    9227538 MISS:          0 MISS_MERGE:          0
cpu0->cpu0_L1I LOAD         ACCESS:    9227538 HIT:    9227538 MISS:          0 MISS_MERGE:          0
cpu0->cpu0_L1I RFO          ACCESS:          0 HIT:          0 MISS:          0 MISS_MERGE:          0
cpu0->cpu0_L1I PREFETCH     ACCESS:          0 HIT:          0 MISS:          0 MISS_MERGE:          0
cpu0->cpu0_L1I WRITE        ACCESS:          0 HIT:          0 MISS:          0 MISS_MERGE:          0
cpu0->cpu0_L1I TRANSLATION  ACCESS:          0 HIT:          0 MISS:          0 MISS_MERGE:          0
cpu0->cpu0_L1I PREFETCH REQUESTED:          0 ISSUED:          0 USEFUL:          0 USELESS:          0
cpu0->cpu0_L1I AVERAGE MISS LATENCY: - cycles
cpu0->cpu0_L2C TOTAL        ACCESS:    4357057 HIT:    2932454 MISS:    1424603 MISS_MERGE:          0
cpu0->cpu0_L2C LOAD         ACCESS:     355372 HIT:          0 MISS:     355372 MISS_MERGE:          0
cpu0->cpu0_L2C RFO          ACCESS:    1999435 HIT:     933019 MISS:    1066416 MISS_MERGE:          0
cpu0->cpu0_L2C PREFETCH     ACCESS:          0 HIT:          0 MISS:          0 MISS_MERGE:          0
cpu0->cpu0_L2C WRITE        ACCESS:    1999431 HIT:    1999431 MISS:          0 MISS_MERGE:          0
cpu0->cpu0_L2C TRANSLATION  ACCESS:       2819 HIT:          4 MISS:       2815 MISS_MERGE:          0
cpu0->cpu0_L2C PREFETCH REQUESTED:          0 ISSUED:          0 USEFUL:          0 USELESS:          0
cpu0->cpu0_L2C AVERAGE MISS LATENCY: 292.5 cycles
cpu0->cpu0_STLB TOTAL        ACCESS:      22231 HIT:          0 MISS:      22231 MISS_MERGE:          0
cpu0->cpu0_STLB LOAD         ACCESS:      22231 HIT:          0 MISS:      22231 MISS_MERGE:          0
cpu0->cpu0_STLB RFO          ACCESS:          0 HIT:          0 MISS:          0 MISS_MERGE:          0
cpu0->cpu0_STLB PREFETCH     ACCESS:          0 HIT:          0 MISS:          0 MISS_MERGE:          0
cpu0->cpu0_STLB WRITE        ACCESS:          0 HIT:          0 MISS:          0 MISS_MERGE:          0
cpu0->cpu0_STLB TRANSLATION  ACCESS:          0 HIT:          0 MISS:          0 MISS_MERGE:          0
cpu0->cpu0_STLB PREFETCH REQUESTED:          0 ISSUED:          0 USEFUL:          0 USELESS:          0
cpu0->cpu0_STLB AVERAGE MISS LATENCY: 156.9 cycles

DRAM Statistics

Channel 0 RQ ROW_BUFFER_HIT:      10674
  ROW_BUFFER_MISS:    1223488
  AVG DBUS CONGESTED CYCLE: 5.437
Channel 0 WQ ROW_BUFFER_HIT:     189120
  ROW_BUFFER_MISS:     687595
  FULL:          0
Channel 0 REFRESHES ISSUED:       6160
