[VMEM] WARNING: physical memory size is smaller than virtual memory size.

*** ChampSim Multicore Out-of-Order Simulator ***
Warmup Instructions: 12500000
Simulation Instructions: 50000000
Number of CPUs: 1
Page size: 4096

Off-chip DRAM Size: 16 GiB Channels: 1 Width: 64-bit Data Rate: 3205 MT/s
Heartbeat CPU 0 instructions: 10000002 cycles: 3345251 heartbeat IPC: 2.989 cumulative IPC: 2.989 (Simulation time: 00 hr 00 min 36 sec)
Warmup finished CPU 0 instructions: 12500003 cycles: 4460499 cumulative IPC: 2.802 (Simulation time: 00 hr 00 min 47 sec)
Warmup complete CPU 0 instructions: 12500003 cycles: 4460499 cumulative IPC: 2.802 (Simulation time: 00 hr 00 min 47 sec)
Heartbeat CPU 0 instructions: 20000006 cycles: 25853265 heartbeat IPC: 0.4443 cumulative IPC: 0.3506 (Simulation time: 00 hr 01 min 51 sec)
Heartbeat CPU 0 instructions: 30000007 cycles: 54442964 heartbeat IPC: 0.3498 cumulative IPC: 0.3501 (Simulation time: 00 hr 03 min 39 sec)
Heartbeat CPU 0 instructions: 40000009 cycles: 88766078 heartbeat IPC: 0.2913 cumulative IPC: 0.3262 (Simulation time: 00 hr 06 min 21 sec)
Heartbeat CPU 0 instructions: 50000009 cycles: 106981735 heartbeat IPC: 0.549 cumulative IPC: 0.3658 (Simulation time: 00 hr 07 min 21 sec)
Heartbeat CPU 0 instructions: 60000010 cycles: 125113046 heartbeat IPC: 0.5515 cumulative IPC: 0.3937 (Simulation time: 00 hr 08 min 22 sec)
Simulation finished CPU 0 instructions: 50000004 cycles: 124971986 cumulative IPC: 0.4001 (Simulation time: 00 hr 08 min 37 sec)
Simulation complete CPU 0 instructions: 50000004 cycles: 124971986 cumulative IPC: 0.4001 (Simulation time: 00 hr 08 min 37 sec)

ChampSim completed all CPUs

=== Simulation ===
CPU 0 runs traces/403.gcc-17B.champsimtrace.xz

Region of Interest Statistics

CPU 0 cumulative IPC: 0.4001 instructions: 50000004 cycles: 124971986
CPU 0 Branch Prediction Accuracy: 91.45% MPKI: 17.95 Average ROB Occupancy at Mispredict: 31.89
Branch type MPKI
BRANCH_DIRECT_JUMP: 0.1334
BRANCH_INDIRECT: 0.4934
BRANCH_CONDITIONAL: 17.21
BRANCH_DIRECT_CALL: 0.1022
BRANCH_INDIRECT_CALL: 0.002
BRANCH_RETURN: 0.00512

cpu0->LLC TOTAL        ACCESS:    2259430 HIT:     983785 MISS:    1275645 MISS_MERGE:          1
cpu0->LLC LOAD         ACCESS:     335262 HIT:       9026 MISS:     326236 MISS_MERGE:          1
cpu0->LLC RFO          ACCESS:     937996 HIT:         80 MISS:     937916 MISS_MERGE:          0
cpu0->LLC PREFETCH     ACCESS:          0 HIT:          0 MISS:          0 MISS_MERGE:          0
cpu0->LLC WRITE        ACCESS:     974749 HIT:     973374 MISS:       1375 MISS_MERGE:          0
cpu0->LLC TRANSLATION  ACCESS:      11423 HIT:       1305 MISS:      10118 MISS_MERGE:          0
cpu0->LLC PREFETCH REQUESTED:          0 ISSUED:          0 USEFUL:          0 USELESS:          0
cpu0->LLC AVERAGE MISS LATENCY: 534 cycles
cpu0->cpu0_DTLB TOTAL        ACCESS:   21959083 HIT:   20968504 MISS:     990579 MISS_MERGE:     427726
cpu0->cpu0_DTLB LOAD         ACCESS:   21959083 HIT:   20968504 MISS:     990579 MISS_MERGE:     427726
cpu0->cpu0_DTLB RFO          ACCESS:          0 HIT:          0 MISS:          0 MISS_MERGE:          0
cpu0->cpu0_DTLB PREFETCH     ACCESS:          0 HIT:          0 MISS:          0 MISS_MERGE:          0
cpu0->cpu0_DTLB WRITE        ACCESS:          0 HIT:          0 MISS:          0 MISS_MERGE:          0
cpu0->cpu0_DTLB TRANSLATION  ACCESS:          0 HIT:          0 MISS:          0 MISS_MERGE:          0
cpu0->cpu0_DTLB PREFETCH REQUESTED:          0 ISSUED:          0 USEFUL:          0 USELESS:          0
cpu0->cpu0_DTLB AVERAGE MISS LATENCY: 17.97 cycles
cpu0->cpu0_ITLB TOTAL        ACCESS:    6049120 HIT:    6045450 MISS:       3670 MISS_MERGE:       2261
cpu0->cpu0_ITLB LOAD         ACCESS:    6049120 HIT:    6045450 MISS:       3670 MISS_MERGE:       2261
cpu0->cpu0_ITLB RFO          ACCESS:          0 HIT:          0 MISS:          0 MISS_MERGE:          0
cpu0->cpu0_ITLB PREFETCH     ACCESS:          0 HIT:          0 MISS:          0 MISS_MERGE:          0
cpu0->cpu0_ITLB WRITE        ACCESS:          0 HIT:          0 MISS:          0 MISS_MERGE:          0
cpu0->cpu0_ITLB TRANSLATION  ACCESS:          0 HIT:          0 MISS:          0 MISS_MERGE:          0
cpu0->cpu0_ITLB PREFETCH REQUESTED:          0 ISSUED:          0 USEFUL:          0 USELESS:          0
cpu0->cpu0_ITLB AVERAGE MISS LATENCY: 13.84 cycles
cpu0->cpu0_L1D TOTAL        ACCESS:   22046667 HIT:   13744888 MISS:    8301779 MISS_MERGE:    6825395
cpu0->cpu0_L1D LOAD         ACCESS:    9660357 HIT:    8809840 MISS:     850517 MISS_MERGE:     328899
cpu0->cpu0_L1D RFO          ACCESS:          0 HIT:          0 MISS:          0 MISS_MERGE:          0
cpu0->cpu0_L1D PREFETCH     ACCESS:          0 HIT:          0 MISS:          0 MISS_MERGE:          0
cpu0->cpu0_L1D WRITE        ACCESS:   12298726 HIT:    4862614 MISS:    7436112 MISS_MERGE:    6496474
cpu0->cpu0_L1D TRANSLATION  ACCESS:      87584 HIT:      72434 MISS:      15150 MISS_MERGE:         22
cpu0->cpu0_L1D PREFETCH REQUESTED:          0 ISSUED:          0 USEFUL:          0 USELESS:          0
cpu0->cpu0_L1D AVERAGE MISS LATENCY: 484.1 cycles
cpu0->cpu0_L1I TOTAL        ACCESS:    6049120 HIT:    6046976 MISS:       2144 MISS_MERGE:        425
cpu0->cpu0_L1I LOAD         ACCESS:    6049120 HIT:    6046976 MISS:       2144 MISS_MERGE:        425
cpu0->cpu0_L1I RFO          ACCESS:          0 HIT:          0 MISS:          0 MISS_MERGE:          0
cpu0->cpu0_L1I PREFETCH     ACCESS:          0 HIT:          0 MISS:          0 MISS_MERGE:          0
cpu0->cpu0_L1I WRITE        ACCESS:          0 HIT:          0 MISS:          0 MISS_MERGE:          0
cpu0->cpu0_L1I TRANSLATION  ACCESS:          0 HIT:          0 MISS:          0 MISS_MERGE:          0
cpu0->cpu0_L1I PREFETCH REQUESTED:          0 ISSUED:          0 USEFUL:          0 USELESS:          0
cpu0->cpu0_L1I AVERAGE MISS LATENCY: 69.93 cycles
cpu0->cpu0_L2C TOTAL        ACCESS:    2462049 HIT:    1177201 MISS:    1284848 MISS_MERGE:          1
cpu0->cpu0_L2C LOAD         ACCESS:     523337 HIT:     188075 MISS:     335262 MISS_MERGE:          0
cpu0->cpu0_L2C RFO          ACCESS:     939638 HIT:       1641 MISS:     937997 MISS_MERGE:          1
cpu0->cpu0_L2C PREFETCH     ACCESS:          0 HIT:          0 MISS:          0 MISS_MERGE:          0
cpu0->cpu0_L2C WRITE        ACCESS:     983946 HIT:     983780 MISS:        166 MISS_MERGE:          0
cpu0->cpu0_L2C TRANSLATION  ACCESS:      15128 HIT:       3705 MISS:      11423 MISS_MERGE:          0
cpu0->cpu0_L2C PREFETCH REQUESTED:          0 ISSUED:          0 USEFUL:          0 USELESS:          0
cpu0->cpu0_L2C AVERAGE MISS LATENCY: 546.2 cycles
cpu0->cpu0_STLB TOTAL        ACCESS:     564262 HIT:     520714 MISS:      43548 MISS_MERGE:          0
cpu0->cpu0_STLB LOAD         ACCESS:     564262 HIT:     520714 MISS:      43548 MISS_MERGE:          0
cpu0->cpu0_STLB RFO          ACCESS:          0 HIT:          0 MISS:          0 MISS_MERGE:          0
cpu0->cpu0_STLB PREFETCH     ACCESS:          0 HIT:          0 MISS:          0 MISS_MERGE:          0
cpu0->cpu0_STLB WRITE        ACCESS:          0 HIT:          0 MISS:          0 MISS_MERGE:          0
cpu0->cpu0_STLB TRANSLATION  ACCESS:          0 HIT:          0 MISS:          0 MISS_MERGE:          0
cpu0->cpu0_STLB PREFETCH REQUESTED:          0 ISSUED:          0 USEFUL:          0 USELESS:          0
cpu0->cpu0_STLB AVERAGE MISS LATENCY: 166.9 cycles

DRAM Statistics

Channel 0 RQ ROW_BUFFER_HIT:      41666
  ROW_BUFFER_MISS:    1232597
  AVG DBUS CONGESTED CYCLE: 7.438
Channel 0 WQ ROW_BUFFER_HIT:     111036
  ROW_BUFFER_MISS:     861529
  FULL:          0
Channel 0 REFRESHES ISSUED:      10415
