[VMEM] WARNING: physical memory size is smaller than virtual memory size.

*** ChampSim Multicore Out-of-Order Simulator ***
Warmup Instructions: 12500000
Simulation Instructions: 50000000
Number of CPUs: 1
Page size: 4096

Off-chip DRAM Size: 16 GiB Channels: 1 Width: 64-bit Data Rate: 3205 MT/s
Heartbeat CPU 0 instructions: 10000000 cycles: 2681323 heartbeat IPC: 3.73 cumulative IPC: 3.73 (Simulation time: 00 hr 00 min 22 sec)
Warmup finished CPU 0 instructions: 12500001 cycles: 3345970 cumulative IPC: 3.736 (Simulation time: 00 hr 00 min 27 sec)
Warmup complete CPU 0 instructions: 12500001 cycles: 3345970 cumulative IPC: 3.736 (Simulation time: 00 hr 00 min 27 sec)
Heartbeat CPU 0 instructions: 20000003 cycles: 15373083 heartbeat IPC: 0.7879 cumulative IPC: 0.6236 (Simulation time: 00 hr 01 min 39 sec)
Heartbeat CPU 0 instructions: 30000004 cycles: 31457294 heartbeat IPC: 0.6217 cumulative IPC: 0.6225 (Simulation time: 00 hr 03 min 15 sec)
Heartbeat CPU 0 instructions: 40000006 cycles: 47545366 heartbeat IPC: 0.6216 cumulative IPC: 0.6222 (Simulation time: 00 hr 04 min 51 sec)
Heartbeat CPU 0 instructions: 50000007 cycles: 63628532 heartbeat IPC: 0.6218 cumulative IPC: 0.6221 (Simulation time: 00 hr 06 min 25 sec)
Heartbeat CPU 0 instructions: 60000010 cycles: 79762531 heartbeat IPC: 0.6198 cumulative IPC: 0.6216 (Simulation time: 00 hr 08 min 00 sec)
Simulation finished CPU 0 instructions: 50000001 cycles: 80443664 cumulative IPC: 0.6216 (Simulation time: 00 hr 08 min 25 sec)
Simulation complete CPU 0 instructions: 50000001 cycles: 80443664 cumulative IPC: 0.6216 (Simulation time: 00 hr 08 min 25 sec)

ChampSim completed all CPUs

=== Simulation ===
CPU 0 runs traces/470.lbm-1274B.champsimtrace.xz

Region of Interest Statistics

CPU 0 cumulative IPC: 0.6216 instructions: 50000001 cycles: 80443664
CPU 0 Branch Prediction Accuracy: 99.4% MPKI: 0.08384 Average ROB Occupancy at Mispredict: 158.6
Branch type MPKI
BRANCH_DIRECT_JUMP: 0
BRANCH_INDIRECT: 0
BRANCH_CONDITIONAL: 0.08384
BRANCH_DIRECT_CALL: 0
BRANCH_INDIRECT_CALL: 0
BRANCH_RETURN: 0

cpu0->LLC TOTAL        ACCESS:    2491018 HIT:    1089841 MISS:    1401177 MISS_MERGE:          0
cpu0->LLC LOAD         ACCESS:     355370 HIT:          3 MISS:     355367 MISS_MERGE:          0
cpu0->LLC RFO          ACCESS:    1066414 HIT:      23321 MISS:    1043093 MISS_MERGE:          0
cpu0->LLC PREFETCH     ACCESS:          0 HIT:          0 MISS:          0 MISS_MERGE:          0
cpu0->LLC WRITE        ACCESS:    1066419 HIT:    1066419 MISS:          0 MISS_MERGE:          0
cpu0->LLC TRANSLATION  ACCESS:       2815 HIT:         98 MISS:       2717 MISS_MERGE:          0
cpu0->LLC PREFETCH REQUESTED:          0 ISSUED:          0 USEFUL:          0 USELESS:          0
cpu0->LLC AVERAGE MISS LATENCY: 351.5 cycles
cpu0->cpu0_DTLB TOTAL        ACCESS:   11549896 HIT:   11476471 MISS:      73425 MISS_MERGE:      51194
cpu0->cpu0_DTLB LOAD         ACCESS:   11549896 HIT:   11476471 MISS:      73425 MISS_MERGE:      51194
cpu0->cpu0_DTLB RFO          ACCESS:          0 HIT:          0 MISS:          0 MISS_MERGE:          0
cpu0->cpu0_DTLB PREFETCH     ACCESS:          0 HIT:          0 MISS:          0 MISS_MERGE:          0
cpu0->cpu0_DTLB WRITE        ACCESS:          0 HIT:          0 MISS:          0 MISS_MERGE:          0
cpu0->cpu0_DTLB TRANSLATION  ACCESS:          0 HIT:          0 MISS:          0 MISS_MERGE:          0
cpu0->cpu0_DTLB PREFETCH REQUESTED:          0 ISSUED:          0 USEFUL:          0 USELESS:          0
cpu0->cpu0_DTLB AVERAGE MISS LATENCY: 168 cycles
cpu0->cpu0_ITLB TOTAL        ACCESS:    9208376 HIT:    9208376 MISS:          0 MISS_MERGE:          0
cpu0->cpu0_ITLB LOAD         ACCESS:    9208376 HIT:    9208376 MISS:          0 MISS_MERGE:          0
cpu0->cpu0_ITLB RFO          ACCESS:          0 HIT:          0 MISS:          0 MISS_MERGE:          0
cpu0->cpu0_ITLB PREFETCH     ACCESS:          0 HIT:          0 MISS:          0 MISS_MERGE:          0
cpu0->cpu0_ITLB WRITE        ACCESS:          0 HIT:          0 MISS:          0 MISS_MERGE:          0
cpu0->cpu0_ITLB TRANSLATION  ACCESS:          0 HIT:          0 MISS:          0 MISS_MERGE:          0
cpu0->cpu0_ITLB PREFETCH REQUESTED:          0 ISSUED:          0 USEFUL:          0 USELESS:          0
cpu0->cpu0_ITLB AVERAGE MISS LATENCY: - cycles
cpu0->cpu0_L1D TOTAL        ACCESS:   11594381 HIT:    7287318 MISS:    4307063 MISS_MERGE:    1949462
cpu0->cpu0_L1D LOAD         ACCESS:    6528682 HIT:    4242556 MISS:    2286126 MISS_MERGE:    1930755
cpu0->cpu0_L1D RFO          ACCESS:          0 HIT:          0 MISS:          0 MISS_MERGE:          0
cpu0->cpu0_L1D PREFETCH     ACCESS:          0 HIT:          0 MISS:          0 MISS_MERGE:          0
cpu0->cpu0_L1D WRITE        ACCESS:    5021215 HIT:    3003097 MISS:    2018118 MISS_MERGE:      18705
cpu0->cpu0_L1D TRANSLATION  ACCESS:      44484 HIT:      41665 MISS:       2819 MISS_MERGE:          2
cpu0->cpu0_L1D PREFETCH REQUESTED:          0 ISSUED:          0 USEFUL:          0 USELESS:          0
cpu0->cpu0_L1D AVERAGE MISS LATENCY: 227.4 cycles
cpu0->cpu0_L1I TOTAL        ACCESS:    9208376 HIT:    9208376 MISS:          0 MISS_MERGE:          0
cpu0->cpu0_L1I LOAD         ACCESS:    9208376 HIT:    9208376 MISS:          0 MISS_MERGE:          0
cpu0->cpu0_L1I RFO          ACCESS:          0 HIT:          0 MISS:          0 MISS_MERGE:          0
cpu0->cpu0_L1I PREFETCH     ACCESS:          0 HIT:          0 MISS:          0 MISS_MERGE:          0
cpu0->cpu0_L1I WRITE        ACCESS:          0 HIT:          0 MISS:          0 MISS_MERGE:          0
cpu0->cpu0_L1I TRANSLATION  ACCESS:          0 HIT:          0 MISS:          0 MISS_MERGE:          0
cpu0->cpu0_L1I PREFETCH REQUESTED:          0 ISSUED:          0 USEFUL:          0 USELESS:          0
cpu0->cpu0_L1I AVERAGE MISS LATENCY: - cycles
cpu0->cpu0_L2C TOTAL        ACCESS:    4357011 HIT:    2932412 MISS:    1424599 MISS_MERGE:          0
cpu0->cpu0_L2C LOAD         ACCESS:     355370 HIT:          0 MISS:     355370 MISS_MERGE:          0
cpu0->cpu0_L2C RFO          ACCESS:    1999415 HIT:     933001 MISS:    1066414 MISS_MERGE:          0
cpu0->cpu0_L2C PREFETCH     ACCESS:          0 HIT:          0 MISS:          0 MISS_MERGE:          0
cpu0->cpu0_L2C WRITE        ACCESS:    1999409 HIT:    1999409 MISS:          0 MISS_MERGE:          0
cpu0->cpu0_L2C TRANSLATION  ACCESS:       2817 HIT:          2 MISS:       2815 MISS_MERGE:          0
cpu0->cpu0_L2C PREFETCH REQUESTED:          0 ISSUED:          0 USEFUL:          0 USELESS:          0
cpu0->cpu0_L2C AVERAGE MISS LATENCY: 361.7 cycles
cpu0->cpu0_STLB TOTAL        ACCESS:      22231 HIT:          0 MISS:      22231 MISS_MERGE:          0
cpu0->cpu0_STLB LOAD         ACCESS:      22231 HIT:          0 MISS:      22231 MISS_MERGE:          0
cpu0->cpu0_STLB RFO          ACCESS:          0 HIT:          0 MISS:          0 MISS_MERGE:          0
cpu0->cpu0_STLB PREFETCH     ACCESS:          0 HIT:          0 MISS:          0 MISS_MERGE:          0
cpu0->cpu0_STLB WRITE        ACCESS:          0 HIT:          0 MISS:          0 MISS_MERGE:          0
cpu0->cpu0_STLB TRANSLATION  ACCESS:          0 HIT:          0 MISS:          0 MISS_MERGE:          0
cpu0->cpu0_STLB PREFETCH REQUESTED:          0 ISSUED:          0 USEFUL:          0 USELESS:          0
cpu0->cpu0_STLB AVERAGE MISS LATENCY: 162 cycles

DRAM Statistics

Channel 0 RQ ROW_BUFFER_HIT:      16360
  ROW_BUFFER_MISS:    1384701
  AVG DBUS CONGESTED CYCLE: 5.668
Channel 0 WQ ROW_BUFFER_HIT:     222601
  ROW_BUFFER_MISS:     821000
  FULL:          0
Channel 0 REFRESHES ISSUED:       6704
