[VMEM] WARNING: physical memory size is smaller than virtual memory size.

*** ChampSim Multicore Out-of-Order Simulator ***
Warmup Instructions: 12500000
Simulation Instructions: 50000000
Number of CPUs: 1
Page size: 4096

Off-chip DRAM Size: 16 GiB Channels: 1 Width: 64-bit Data Rate: 3205 MT/s
Heartbeat CPU 0 instructions: 10000002 cycles: 3345091 heartbeat IPC: 2.989 cumulative IPC: 2.989 (Simulation time: 00 hr 00 min 29 sec)
Warmup finished CPU 0 instructions: 12500003 cycles: 4460186 cumulative IPC: 2.803 (Simulation time: 00 hr 00 min 38 sec)
Warmup complete CPU 0 instructions: 12500003 cycles: 4460186 cumulative IPC: 2.803 (Simulation time: 00 hr 00 min 38 sec)
Heartbeat CPU 0 instructions: 20000006 cycles: 25751290 heartbeat IPC: 0.4463 cumulative IPC: 0.3523 (Simulation time: 00 hr 01 min 38 sec)
Heartbeat CPU 0 instructions: 30000007 cycles: 53837587 heartbeat IPC: 0.356 cumulative IPC: 0.3544 (Simulation time: 00 hr 03 min 27 sec)
Heartbeat CPU 0 instructions: 40000009 cycles: 88208623 heartbeat IPC: 0.2909 cumulative IPC: 0.3284 (Simulation time: 00 hr 06 min 04 sec)
Heartbeat CPU 0 instructions: 50000009 cycles: 106297365 heartbeat IPC: 0.5528 cumulative IPC: 0.3682 (Simulation time: 00 hr 07 min 05 sec)
Heartbeat CPU 0 instructions: 60000010 cycles: 124165656 heartbeat IPC: 0.5597 cumulative IPC: 0.3968 (Simulation time: 00 hr 08 min 05 sec)
Simulation finished CPU 0 instructions: 50000004 cycles: 123960847 cumulative IPC: 0.4034 (Simulation time: 00 hr 08 min 20 sec)
Simulation complete CPU 0 instructions: 50000004 cycles: 123960847 cumulative IPC: 0.4034 (Simulation time: 00 hr 08 min 20 sec)

ChampSim completed all CPUs

=== Simulation ===
CPU 0 runs traces/403.gcc-17B.champsimtrace.xz

Region of Interest Statistics

CPU 0 cumulative IPC: 0.4034 instructions: 50000004 cycles: 123960847
CPU 0 Branch Prediction Accuracy: 91.45% MPKI: 17.95 Average ROB Occupancy at Mispredict: 31.88
Branch type MPKI
BRANCH_DIRECT_JUMP: 0.1334
BRANCH_INDIRECT: 0.4934
BRANCH_CONDITIONAL: 17.21
BRANCH_DIRECT_CALL: 0.1022
BRANCH_INDIRECT_CALL: 0.002
BRANCH_RETURN: 0.00512

cpu0->LLC TOTAL        ACCESS:    2259343 HIT:     990271 MISS:    1269072 MISS_MERGE:          0
cpu0->LLC LOAD         ACCESS:     335171 HIT:      13705 MISS:     321466 MISS_MERGE:          0
cpu0->LLC RFO          ACCESS:     937998 HIT:        231 MISS:     937767 MISS_MERGE:          0
cpu0->LLC PREFETCH     ACCESS:          0 HIT:          0 MISS:          0 MISS_MERGE:          0
cpu0->LLC WRITE        ACCESS:     974752 HIT:     973717 MISS:       1035 MISS_MERGE:          0
cpu0->LLC TRANSLATION  ACCESS:      11422 HIT:       2618 MISS:       8804 MISS_MERGE:          0
cpu0->LLC PREFETCH REQUESTED:          0 ISSUED:          0 USEFUL:          0 USELESS:          0
cpu0->LLC AVERAGE MISS LATENCY: 529.4 cycles
cpu0->cpu0_DTLB TOTAL        ACCESS:   21958986 HIT:   20967991 MISS:     990995 MISS_MERGE:     428103
cpu0->cpu0_DTLB LOAD         ACCESS:   21958986 HIT:   20967991 MISS:     990995 MISS_MERGE:     428103
cpu0->cpu0_DTLB RFO          ACCESS:          0 HIT:          0 MISS:          0 MISS_MERGE:          0
cpu0->cpu0_DTLB PREFETCH     ACCESS:          0 HIT:          0 MISS:          0 MISS_MERGE:          0
cpu0->cpu0_DTLB WRITE        ACCESS:          0 HIT:          0 MISS:          0 MISS_MERGE:          0
cpu0->cpu0_DTLB TRANSLATION  ACCESS:          0 HIT:          0 MISS:          0 MISS_MERGE:          0
cpu0->cpu0_DTLB PREFETCH REQUESTED:          0 ISSUED:          0 USEFUL:          0 USELESS:          0
cpu0->cpu0_DTLB AVERAGE MISS LATENCY: 17.5 cycles
cpu0->cpu0_ITLB TOTAL        ACCESS:    6044289 HIT:    6040619 MISS:       3670 MISS_MERGE:       2261
cpu0->cpu0_ITLB LOAD         ACCESS:    6044289 HIT:    6040619 MISS:       3670 MISS_MERGE:       2261
cpu0->cpu0_ITLB RFO          ACCESS:          0 HIT:          0 MISS:          0 MISS_MERGE:          0
cpu0->cpu0_ITLB PREFETCH     ACCESS:          0 HIT:          0 MISS:          0 MISS_MERGE:          0
cpu0->cpu0_ITLB WRITE        ACCESS:          0 HIT:          0 MISS:          0 MISS_MERGE:          0
cpu0->cpu0_ITLB TRANSLATION  ACCESS:          0 HIT:          0 MISS:          0 MISS_MERGE:          0
cpu0->cpu0_ITLB PREFETCH REQUESTED:          0 ISSUED:          0 USEFUL:          0 USELESS:          0
cpu0->cpu0_ITLB AVERAGE MISS LATENCY: 12.27 cycles
cpu0->cpu0_L1D TOTAL        ACCESS:   22046572 HIT:   13744647 MISS:    8301925 MISS_MERGE:    6825538
cpu0->cpu0_L1D LOAD         ACCESS:    9660260 HIT:    8809518 MISS:     850742 MISS_MERGE:     329123
cpu0->cpu0_L1D RFO          ACCESS:          0 HIT:          0 MISS:          0 MISS_MERGE:          0
cpu0->cpu0_L1D PREFETCH     ACCESS:          0 HIT:          0 MISS:          0 MISS_MERGE:          0
cpu0->cpu0_L1D WRITE        ACCESS:   12298726 HIT:    4862694 MISS:    7436032 MISS_MERGE:    6496392
cpu0->cpu0_L1D TRANSLATION  ACCESS:      87586 HIT:      72435 MISS:      15151 MISS_MERGE:         23
cpu0->cpu0_L1D PREFETCH REQUESTED:          0 ISSUED:          0 USEFUL:          0 USELESS:          0
cpu0->cpu0_L1D AVERAGE MISS LATENCY: 477.8 cycles
cpu0->cpu0_L1I TOTAL        ACCESS:    6044289 HIT:    6042144 MISS:       2145 MISS_MERGE:        426
cpu0->cpu0_L1I LOAD         ACCESS:    6044289 HIT:    6042144 MISS:       2145 MISS_MERGE:        426
cpu0->cpu0_L1I RFO          ACCESS:          0 HIT:          0 MISS:          0 MISS_MERGE:          0
cpu0->cpu0_L1I PREFETCH     ACCESS:          0 HIT:          0 MISS:          0 MISS_MERGE:          0
cpu0->cpu0_L1I WRITE        ACCESS:          0 HIT:          0 MISS:          0 MISS_MERGE:          0
cpu0->cpu0_L1I TRANSLATION  ACCESS:          0 HIT:          0 MISS:          0 MISS_MERGE:          0
cpu0->cpu0_L1I PREFETCH REQUESTED:          0 ISSUED:          0 USEFUL:          0 USELESS:          0
cpu0->cpu0_L1I AVERAGE MISS LATENCY: 66.04 cycles
cpu0->cpu0_L2C TOTAL        ACCESS:    2462052 HIT:    1177293 MISS:    1284759 MISS_MERGE:          1
cpu0->cpu0_L2C LOAD         ACCESS:     523338 HIT:     188167 MISS:     335171 MISS_MERGE:          0
cpu0->cpu0_L2C RFO          ACCESS:     939640 HIT:       1641 MISS:     937999 MISS_MERGE:          1
cpu0->cpu0_L2C PREFETCH     ACCESS:          0 HIT:          0 MISS:          0 MISS_MERGE:          0
cpu0->cpu0_L2C WRITE        ACCESS:     983946 HIT:     983779 MISS:        167 MISS_MERGE:          0
cpu0->cpu0_L2C TRANSLATION  ACCESS:      15128 HIT:       3706 MISS:      11422 MISS_MERGE:          0
cpu0->cpu0_L2C PREFETCH REQUESTED:          0 ISSUED:          0 USEFUL:          0 USELESS:          0
cpu0->cpu0_L2C AVERAGE MISS LATENCY: 539 cycles
cpu0->cpu0_STLB TOTAL        ACCESS:     564301 HIT:     520752 MISS:      43549 MISS_MERGE:          0
cpu0->cpu0_STLB LOAD         ACCESS:     564301 HIT:     520752 MISS:      43549 MISS_MERGE:          0
cpu0->cpu0_STLB RFO          ACCESS:          0 HIT:          0 MISS:          0 MISS_MERGE:          0
cpu0->cpu0_STLB PREFETCH     ACCESS:          0 HIT:          0 MISS:          0 MISS_MERGE:          0
cpu0->cpu0_STLB WRITE        ACCESS:          0 HIT:          0 MISS:          0 MISS_MERGE:          0
cpu0->cpu0_STLB TRANSLATION  ACCESS:          0 HIT:          0 MISS:          0 MISS_MERGE:          0
cpu0->cpu0_STLB PREFETCH REQUESTED:          0 ISSUED:          0 USEFUL:          0 USELESS:          0
cpu0->cpu0_STLB AVERAGE MISS LATENCY: 160.7 cycles

DRAM Statistics

Channel 0 RQ ROW_BUFFER_HIT:      46937
  ROW_BUFFER_MISS:    1221097
  AVG DBUS CONGESTED CYCLE: 7.42
Channel 0 WQ ROW_BUFFER_HIT:     113017
  ROW_BUFFER_MISS:     855788
  FULL:          0
Channel 0 REFRESHES ISSUED:      10330
