[VMEM] WARNING: physical memory size is smaller than virtual memory size.

*** ChampSim Multicore Out-of-Order Simulator ***
Warmup Instructions: 12500000
Simulation Instructions: 50000000
Number of CPUs: 1
Page size: 4096

Off-chip DRAM Size: 16 GiB Channels: 1 Width: 64-bit Data Rate: 3205 MT/s
Heartbeat CPU 0 instructions: 10000004 cycles: 5028135 heartbeat IPC: 1.989 cumulative IPC: 1.989 (Simulation time: 00 hr 00 min 40 sec)
Warmup finished CPU 0 instructions: 12500003 cycles: 6107890 cumulative IPC: 2.047 (Simulation time: 00 hr 00 min 50 sec)
Warmup complete CPU 0 instructions: 12500003 cycles: 6107890 cumulative IPC: 2.047 (Simulation time: 00 hr 00 min 50 sec)
Heartbeat CPU 0 instructions: 20000006 cycles: 26176241 heartbeat IPC: 0.4729 cumulative IPC: 0.3737 (Simulation time: 00 hr 01 min 51 sec)
Heartbeat CPU 0 instructions: 30000006 cycles: 59576077 heartbeat IPC: 0.2994 cumulative IPC: 0.3273 (Simulation time: 00 hr 03 min 39 sec)
Heartbeat CPU 0 instructions: 40000006 cycles: 87541850 heartbeat IPC: 0.3576 cumulative IPC: 0.3377 (Simulation time: 00 hr 05 min 05 sec)
Heartbeat CPU 0 instructions: 50000009 cycles: 120768001 heartbeat IPC: 0.301 cumulative IPC: 0.3271 (Simulation time: 00 hr 06 min 46 sec)
Heartbeat CPU 0 instructions: 60000011 cycles: 152085434 heartbeat IPC: 0.3193 cumulative IPC: 0.3254 (Simulation time: 00 hr 08 min 20 sec)
Simulation finished CPU 0 instructions: 50000001 cycles: 152869668 cumulative IPC: 0.3271 (Simulation time: 00 hr 08 min 41 sec)
Simulation complete CPU 0 instructions: 50000001 cycles: 152869668 cumulative IPC: 0.3271 (Simulation time: 00 hr 08 min 41 sec)

ChampSim completed all CPUs

=== Simulation ===
CPU 0 runs traces/471.omnetpp-188B.champsimtrace.xz

Region of Interest Statistics

CPU 0 cumulative IPC: 0.3271 instructions: 50000001 cycles: 152869668
CPU 0 Branch Prediction Accuracy: 93.3% MPKI: 16.1 Average ROB Occupancy at Mispredict: 39.19
Branch type MPKI
BRANCH_DIRECT_JUMP: 0.00134
BRANCH_INDIRECT: 0.1254
BRANCH_CONDITIONAL: 15.32
BRANCH_DIRECT_CALL: 0.00068
BRANCH_INDIRECT_CALL: 0.1324
BRANCH_RETURN: 0.5249

cpu0->LLC TOTAL        ACCESS:    1527037 HIT:     680610 MISS:     846427 MISS_MERGE:          0
cpu0->LLC LOAD         ACCESS:     872138 HIT:     208209 MISS:     663929 MISS_MERGE:          0
cpu0->LLC RFO          ACCESS:     149148 HIT:      21190 MISS:     127958 MISS_MERGE:          0
cpu0->LLC PREFETCH     ACCESS:          0 HIT:          0 MISS:          0 MISS_MERGE:          0
cpu0->LLC WRITE        ACCESS:     423719 HIT:     409161 MISS:      14558 MISS_MERGE:          0
cpu0->LLC TRANSLATION  ACCESS:      82032 HIT:      42050 MISS:      39982 MISS_MERGE:          0
cpu0->LLC PREFETCH REQUESTED:          0 ISSUED:          0 USEFUL:          0 USELESS:          0
cpu0->LLC AVERAGE MISS LATENCY: 189.8 cycles
cpu0->cpu0_DTLB TOTAL        ACCESS:   21067163 HIT:   19552203 MISS:    1514960 MISS_MERGE:     547188
cpu0->cpu0_DTLB LOAD         ACCESS:   21067163 HIT:   19552203 MISS:    1514960 MISS_MERGE:     547188
cpu0->cpu0_DTLB RFO          ACCESS:          0 HIT:          0 MISS:          0 MISS_MERGE:          0
cpu0->cpu0_DTLB PREFETCH     ACCESS:          0 HIT:          0 MISS:          0 MISS_MERGE:          0
cpu0->cpu0_DTLB WRITE        ACCESS:          0 HIT:          0 MISS:          0 MISS_MERGE:          0
cpu0->cpu0_DTLB TRANSLATION  ACCESS:          0 HIT:          0 MISS:          0 MISS_MERGE:          0
cpu0->cpu0_DTLB PREFETCH REQUESTED:          0 ISSUED:          0 USEFUL:          0 USELESS:          0
cpu0->cpu0_DTLB AVERAGE MISS LATENCY: 21.32 cycles
cpu0->cpu0_ITLB TOTAL        ACCESS:    5666230 HIT:    5608685 MISS:      57545 MISS_MERGE:      34262
cpu0->cpu0_ITLB LOAD         ACCESS:    5666230 HIT:    5608685 MISS:      57545 MISS_MERGE:      34262
cpu0->cpu0_ITLB RFO          ACCESS:          0 HIT:          0 MISS:          0 MISS_MERGE:          0
cpu0->cpu0_ITLB PREFETCH     ACCESS:          0 HIT:          0 MISS:          0 MISS_MERGE:          0
cpu0->cpu0_ITLB WRITE        ACCESS:          0 HIT:          0 MISS:          0 MISS_MERGE:          0
cpu0->cpu0_ITLB TRANSLATION  ACCESS:          0 HIT:          0 MISS:          0 MISS_MERGE:          0
cpu0->cpu0_ITLB PREFETCH REQUESTED:          0 ISSUED:          0 USEFUL:          0 USELESS:          0
cpu0->cpu0_ITLB AVERAGE MISS LATENCY: 6.762 cycles
cpu0->cpu0_L1D TOTAL        ACCESS:   21501342 HIT:   18871995 MISS:    2629347 MISS_MERGE:    1336942
cpu0->cpu0_L1D LOAD         ACCESS:   12642948 HIT:   10866400 MISS:    1776548 MISS_MERGE:     782710
cpu0->cpu0_L1D RFO          ACCESS:          0 HIT:          0 MISS:          0 MISS_MERGE:          0
cpu0->cpu0_L1D PREFETCH     ACCESS:          0 HIT:          0 MISS:          0 MISS_MERGE:          0
cpu0->cpu0_L1D WRITE        ACCESS:    8424215 HIT:    7709672 MISS:     714543 MISS_MERGE:     551864
cpu0->cpu0_L1D TRANSLATION  ACCESS:     434179 HIT:     295923 MISS:     138256 MISS_MERGE:       2368
cpu0->cpu0_L1D PREFETCH REQUESTED:          0 ISSUED:          0 USEFUL:          0 USELESS:          0
cpu0->cpu0_L1D AVERAGE MISS LATENCY: 146.3 cycles
cpu0->cpu0_L1I TOTAL        ACCESS:    5666230 HIT:    5663145 MISS:       3085 MISS_MERGE:        673
cpu0->cpu0_L1I LOAD         ACCESS:    5666230 HIT:    5663145 MISS:       3085 MISS_MERGE:        673
cpu0->cpu0_L1I RFO          ACCESS:          0 HIT:          0 MISS:          0 MISS_MERGE:          0
cpu0->cpu0_L1I PREFETCH     ACCESS:          0 HIT:          0 MISS:          0 MISS_MERGE:          0
cpu0->cpu0_L1I WRITE        ACCESS:          0 HIT:          0 MISS:          0 MISS_MERGE:          0
cpu0->cpu0_L1I TRANSLATION  ACCESS:          0 HIT:          0 MISS:          0 MISS_MERGE:          0
cpu0->cpu0_L1I PREFETCH REQUESTED:          0 ISSUED:          0 USEFUL:          0 USELESS:          0
cpu0->cpu0_L1I AVERAGE MISS LATENCY: 123 cycles
cpu0->cpu0_L2C TOTAL        ACCESS:    1774553 HIT:     670136 MISS:    1104417 MISS_MERGE:          1
cpu0->cpu0_L2C LOAD         ACCESS:     996250 HIT:     124112 MISS:     872138 MISS_MERGE:          0
cpu0->cpu0_L2C RFO          ACCESS:     162679 HIT:      13530 MISS:     149149 MISS_MERGE:          1
cpu0->cpu0_L2C PREFETCH     ACCESS:          0 HIT:          0 MISS:          0 MISS_MERGE:          0
cpu0->cpu0_L2C WRITE        ACCESS:     479736 HIT:     478638 MISS:       1098 MISS_MERGE:          0
cpu0->cpu0_L2C TRANSLATION  ACCESS:     135888 HIT:      53856 MISS:      82032 MISS_MERGE:          0
cpu0->cpu0_L2C PREFETCH REQUESTED:          0 ISSUED:          0 USEFUL:          0 USELESS:          0
cpu0->cpu0_L2C AVERAGE MISS LATENCY: 161.1 cycles
cpu0->cpu0_STLB TOTAL        ACCESS:     991055 HIT:     778408 MISS:     212647 MISS_MERGE:          0
cpu0->cpu0_STLB LOAD         ACCESS:     991055 HIT:     778408 MISS:     212647 MISS_MERGE:          0
cpu0->cpu0_STLB RFO          ACCESS:          0 HIT:          0 MISS:          0 MISS_MERGE:          0
cpu0->cpu0_STLB PREFETCH     ACCESS:          0 HIT:          0 MISS:          0 MISS_MERGE:          0
cpu0->cpu0_STLB WRITE        ACCESS:          0 HIT:          0 MISS:          0 MISS_MERGE:          0
cpu0->cpu0_STLB TRANSLATION  ACCESS:          0 HIT:          0 MISS:          0 MISS_MERGE:          0
cpu0->cpu0_STLB PREFETCH REQUESTED:          0 ISSUED:          0 USEFUL:          0 USELESS:          0
cpu0->cpu0_STLB AVERAGE MISS LATENCY: 73.44 cycles

DRAM Statistics

Channel 0 RQ ROW_BUFFER_HIT:      15890
  ROW_BUFFER_MISS:     815948
  AVG DBUS CONGESTED CYCLE: 18.68
Channel 0 WQ ROW_BUFFER_HIT:     111829
  ROW_BUFFER_MISS:     239811
  FULL:          0
Channel 0 REFRESHES ISSUED:      12740
