[VMEM] WARNING: physical memory size is smaller than virtual memory size.

*** ChampSim Multicore Out-of-Order Simulator ***
Warmup Instructions: 12500000
Simulation Instructions: 50000000
Number of CPUs: 1
Page size: 4096

Off-chip DRAM Size: 16 GiB Channels: 1 Width: 64-bit Data Rate: 3205 MT/s
Heartbeat CPU 0 instructions: 10000000 cycles: 2681393 heartbeat IPC: 3.729 cumulative IPC: 3.729 (Simulation time: 00 hr 00 min 21 sec)
Warmup finished CPU 0 instructions: 12500001 cycles: 3346062 cumulative IPC: 3.736 (Simulation time: 00 hr 00 min 26 sec)
Warmup complete CPU 0 instructions: 12500001 cycles: 3346062 cumulative IPC: 3.736 (Simulation time: 00 hr 00 min 26 sec)
Heartbeat CPU 0 instructions: 20000003 cycles: 15100228 heartbeat IPC: 0.8052 cumulative IPC: 0.6381 (Simulation time: 00 hr 01 min 36 sec)
Heartbeat CPU 0 instructions: 30000003 cycles: 30832047 heartbeat IPC: 0.6357 cumulative IPC: 0.6367 (Simulation time: 00 hr 03 min 09 sec)
Heartbeat CPU 0 instructions: 40000006 cycles: 46625411 heartbeat IPC: 0.6332 cumulative IPC: 0.6354 (Simulation time: 00 hr 04 min 43 sec)
Heartbeat CPU 0 instructions: 50000007 cycles: 62372344 heartbeat IPC: 0.635 cumulative IPC: 0.6353 (Simulation time: 00 hr 06 min 19 sec)
Heartbeat CPU 0 instructions: 60000010 cycles: 78187361 heartbeat IPC: 0.6323 cumulative IPC: 0.6347 (Simulation time: 00 hr 07 min 54 sec)
Simulation finished CPU 0 instructions: 50000001 cycles: 78754664 cumulative IPC: 0.6349 (Simulation time: 00 hr 08 min 17 sec)
Simulation complete CPU 0 instructions: 50000001 cycles: 78754664 cumulative IPC: 0.6349 (Simulation time: 00 hr 08 min 17 sec)

ChampSim completed all CPUs

=== Simulation ===
CPU 0 runs traces/470.lbm-1274B.champsimtrace.xz

Region of Interest Statistics

CPU 0 cumulative IPC: 0.6349 instructions: 50000001 cycles: 78754664
CPU 0 Branch Prediction Accuracy: 99.4% MPKI: 0.08384 Average ROB Occupancy at Mispredict: 158.6
Branch type MPKI
BRANCH_DIRECT_JUMP: 0
BRANCH_INDIRECT: 0
BRANCH_CONDITIONAL: 0.08384
BRANCH_DIRECT_CALL: 0
BRANCH_INDIRECT_CALL: 0
BRANCH_RETURN: 0

cpu0->LLC TOTAL        ACCESS:    2491010 HIT:     185653 MISS:    2305357 MISS_MERGE:          0
cpu0->LLC LOAD         ACCESS:     355369 HIT:         23 MISS:     355346 MISS_MERGE:          0
cpu0->LLC RFO          ACCESS:    1066406 HIT:      63885 MISS:    1002521 MISS_MERGE:          0
cpu0->LLC PREFETCH     ACCESS:          0 HIT:          0 MISS:          0 MISS_MERGE:          0
cpu0->LLC WRITE        ACCESS:    1066420 HIT:     121675 MISS:     944745 MISS_MERGE:          0
cpu0->LLC TRANSLATION  ACCESS:       2815 HIT:         70 MISS:       2745 MISS_MERGE:          0
cpu0->LLC PREFETCH REQUESTED:          0 ISSUED:          0 USEFUL:          0 USELESS:          0
cpu0->LLC AVERAGE MISS LATENCY: 203.2 cycles
cpu0->cpu0_DTLB TOTAL        ACCESS:   11549866 HIT:   11476367 MISS:      73499 MISS_MERGE:      51268
cpu0->cpu0_DTLB LOAD         ACCESS:   11549866 HIT:   11476367 MISS:      73499 MISS_MERGE:      51268
cpu0->cpu0_DTLB RFO          ACCESS:          0 HIT:          0 MISS:          0 MISS_MERGE:          0
cpu0->cpu0_DTLB PREFETCH     ACCESS:          0 HIT:          0 MISS:          0 MISS_MERGE:          0
cpu0->cpu0_DTLB WRITE        ACCESS:          0 HIT:          0 MISS:          0 MISS_MERGE:          0
cpu0->cpu0_DTLB TRANSLATION  ACCESS:          0 HIT:          0 MISS:          0 MISS_MERGE:          0
cpu0->cpu0_DTLB PREFETCH REQUESTED:          0 ISSUED:          0 USEFUL:          0 USELESS:          0
cpu0->cpu0_DTLB AVERAGE MISS LATENCY: 166.2 cycles
cpu0->cpu0_ITLB TOTAL        ACCESS:    9213173 HIT:    9213173 MISS:          0 MISS_MERGE:          0
cpu0->cpu0_ITLB LOAD         ACCESS:    9213173 HIT:    9213173 MISS:          0 MISS_MERGE:          0
cpu0->cpu0_ITLB RFO          ACCESS:          0 HIT:          0 MISS:          0 MISS_MERGE:          0
cpu0->cpu0_ITLB PREFETCH     ACCESS:          0 HIT:          0 MISS:          0 MISS_MERGE:          0
cpu0->cpu0_ITLB WRITE        ACCESS:          0 HIT:          0 MISS:          0 MISS_MERGE:          0
cpu0->cpu0_ITLB TRANSLATION  ACCESS:          0 HIT:          0 MISS:          0 MISS_MERGE:          0
cpu0->cpu0_ITLB PREFETCH REQUESTED:          0 ISSUED:          0 USEFUL:          0 USELESS:          0
cpu0->cpu0_ITLB AVERAGE MISS LATENCY: - cycles
cpu0->cpu0_L1D TOTAL        ACCESS:   11594350 HIT:    7287211 MISS:    4307139 MISS_MERGE:    1949546
cpu0->cpu0_L1D LOAD         ACCESS:    6528665 HIT:    4242230 MISS:    2286435 MISS_MERGE:    1931065
cpu0->cpu0_L1D RFO          ACCESS:          0 HIT:          0 MISS:          0 MISS_MERGE:          0
cpu0->cpu0_L1D PREFETCH     ACCESS:          0 HIT:          0 MISS:          0 MISS_MERGE:          0
cpu0->cpu0_L1D WRITE        ACCESS:    5021201 HIT:    3003319 MISS:    2017882 MISS_MERGE:      18478
cpu0->cpu0_L1D TRANSLATION  ACCESS:      44484 HIT:      41662 MISS:       2822 MISS_MERGE:          3
cpu0->cpu0_L1D PREFETCH REQUESTED:          0 ISSUED:          0 USEFUL:          0 USELESS:          0
cpu0->cpu0_L1D AVERAGE MISS LATENCY: 213.6 cycles
cpu0->cpu0_L1I TOTAL        ACCESS:    9213173 HIT:    9213173 MISS:          0 MISS_MERGE:          0
cpu0->cpu0_L1I LOAD         ACCESS:    9213173 HIT:    9213173 MISS:          0 MISS_MERGE:          0
cpu0->cpu0_L1I RFO          ACCESS:          0 HIT:          0 MISS:          0 MISS_MERGE:          0
cpu0->cpu0_L1I PREFETCH     ACCESS:          0 HIT:          0 MISS:          0 MISS_MERGE:          0
cpu0->cpu0_L1I WRITE        ACCESS:          0 HIT:          0 MISS:          0 MISS_MERGE:          0
cpu0->cpu0_L1I TRANSLATION  ACCESS:          0 HIT:          0 MISS:          0 MISS_MERGE:          0
cpu0->cpu0_L1I PREFETCH REQUESTED:          0 ISSUED:          0 USEFUL:          0 USELESS:          0
cpu0->cpu0_L1I AVERAGE MISS LATENCY: - cycles
cpu0->cpu0_L2C TOTAL        ACCESS:    4357004 HIT:    2932414 MISS:    1424590 MISS_MERGE:          0
cpu0->cpu0_L2C LOAD         ACCESS:     355370 HIT:          0 MISS:     355370 MISS_MERGE:          0
cpu0->cpu0_L2C RFO          ACCESS:    1999405 HIT:     933000 MISS:    1066405 MISS_MERGE:          0
cpu0->cpu0_L2C PREFETCH     ACCESS:          0 HIT:          0 MISS:          0 MISS_MERGE:          0
cpu0->cpu0_L2C WRITE        ACCESS:    1999410 HIT:    1999410 MISS:          0 MISS_MERGE:          0
cpu0->cpu0_L2C TRANSLATION  ACCESS:       2819 HIT:          4 MISS:       2815 MISS_MERGE:          0
cpu0->cpu0_L2C PREFETCH REQUESTED:          0 ISSUED:          0 USEFUL:          0 USELESS:          0
cpu0->cpu0_L2C AVERAGE MISS LATENCY: 338.8 cycles
cpu0->cpu0_STLB TOTAL        ACCESS:      22231 HIT:          0 MISS:      22231 MISS_MERGE:          0
cpu0->cpu0_STLB LOAD         ACCESS:      22231 HIT:          0 MISS:      22231 MISS_MERGE:          0
cpu0->cpu0_STLB RFO          ACCESS:          0 HIT:          0 MISS:          0 MISS_MERGE:          0
cpu0->cpu0_STLB PREFETCH     ACCESS:          0 HIT:          0 MISS:          0 MISS_MERGE:          0
cpu0->cpu0_STLB WRITE        ACCESS:          0 HIT:          0 MISS:          0 MISS_MERGE:          0
cpu0->cpu0_STLB TRANSLATION  ACCESS:          0 HIT:          0 MISS:          0 MISS_MERGE:          0
cpu0->cpu0_STLB PREFETCH REQUESTED:          0 ISSUED:          0 USEFUL:          0 USELESS:          0
cpu0->cpu0_STLB AVERAGE MISS LATENCY: 160.2 cycles

DRAM Statistics

Channel 0 RQ ROW_BUFFER_HIT:      14572
  ROW_BUFFER_MISS:    1346039
  AVG DBUS CONGESTED CYCLE: 5.623
Channel 0 WQ ROW_BUFFER_HIT:     210259
  ROW_BUFFER_MISS:     789032
  FULL:          0
Channel 0 REFRESHES ISSUED:       6563
