[VMEM] WARNING: physical memory size is smaller than virtual memory size.

*** ChampSim Multicore Out-of-Order Simulator ***
Warmup Instructions: 12500000
Simulation Instructions: 50000000
Number of CPUs: 1
Page size: 4096

Off-chip DRAM Size: 16 GiB Channels: 1 Width: 64-bit Data Rate: 3205 MT/s
Heartbeat CPU 0 instructions: 10000000 cycles: 5028590 heartbeat IPC: 1.989 cumulative IPC: 1.989 (Simulation time: 00 hr 00 min 48 sec)
Warmup finished CPU 0 instructions: 12500001 cycles: 6107786 cumulative IPC: 2.047 (Simulation time: 00 hr 00 min 59 sec)
Warmup complete CPU 0 instructions: 12500001 cycles: 6107786 cumulative IPC: 2.047 (Simulation time: 00 hr 00 min 59 sec)
Heartbeat CPU 0 instructions: 20000001 cycles: 30778507 heartbeat IPC: 0.3884 cumulative IPC: 0.304 (Simulation time: 00 hr 02 min 24 sec)
Heartbeat CPU 0 instructions: 30000001 cycles: 67947712 heartbeat IPC: 0.269 cumulative IPC: 0.283 (Simulation time: 00 hr 04 min 42 sec)
Heartbeat CPU 0 instructions: 40000001 cycles: 100960657 heartbeat IPC: 0.3029 cumulative IPC: 0.2899 (Simulation time: 00 hr 06 min 36 sec)
Heartbeat CPU 0 instructions: 50000005 cycles: 135647243 heartbeat IPC: 0.2883 cumulative IPC: 0.2895 (Simulation time: 00 hr 08 min 40 sec)
Heartbeat CPU 0 instructions: 60000006 cycles: 173207791 heartbeat IPC: 0.2662 cumulative IPC: 0.2843 (Simulation time: 00 hr 10 min 50 sec)
Simulation finished CPU 0 instructions: 50000003 cycles: 175405019 cumulative IPC: 0.2851 (Simulation time: 00 hr 11 min 19 sec)
Simulation complete CPU 0 instructions: 50000003 cycles: 175405019 cumulative IPC: 0.2851 (Simulation time: 00 hr 11 min 19 sec)

ChampSim completed all CPUs

=== Simulation ===
CPU 0 runs traces/471.omnetpp-188B.champsimtrace.xz

Region of Interest Statistics

CPU 0 cumulative IPC: 0.2851 instructions: 50000003 cycles: 175405019
CPU 0 Branch Prediction Accuracy: 93.3% MPKI: 16.1 Average ROB Occupancy at Mispredict: 38.86
Branch type MPKI
BRANCH_DIRECT_JUMP: 0.00134
BRANCH_INDIRECT: 0.1254
BRANCH_CONDITIONAL: 15.32
BRANCH_DIRECT_CALL: 0.00068
BRANCH_INDIRECT_CALL: 0.1324
BRANCH_RETURN: 0.5249

cpu0->LLC TOTAL        ACCESS:    1527030 HIT:     120466 MISS:    1406564 MISS_MERGE:          0
cpu0->LLC LOAD         ACCESS:     872035 HIT:      74436 MISS:     797599 MISS_MERGE:          0
cpu0->LLC RFO          ACCESS:     149276 HIT:      16489 MISS:     132787 MISS_MERGE:          0
cpu0->LLC PREFETCH     ACCESS:          0 HIT:          0 MISS:          0 MISS_MERGE:          0
cpu0->LLC WRITE        ACCESS:     423737 HIT:      24931 MISS:     398806 MISS_MERGE:          0
cpu0->LLC TRANSLATION  ACCESS:      81982 HIT:       4610 MISS:      77372 MISS_MERGE:          0
cpu0->LLC PREFETCH REQUESTED:          0 ISSUED:          0 USEFUL:          0 USELESS:          0
cpu0->LLC AVERAGE MISS LATENCY: 141.7 cycles
cpu0->cpu0_DTLB TOTAL        ACCESS:   21071208 HIT:   19555795 MISS:    1515413 MISS_MERGE:     547714
cpu0->cpu0_DTLB LOAD         ACCESS:   21071208 HIT:   19555795 MISS:    1515413 MISS_MERGE:     547714
cpu0->cpu0_DTLB RFO          ACCESS:          0 HIT:          0 MISS:          0 MISS_MERGE:          0
cpu0->cpu0_DTLB PREFETCH     ACCESS:          0 HIT:          0 MISS:          0 MISS_MERGE:          0
cpu0->cpu0_DTLB WRITE        ACCESS:          0 HIT:          0 MISS:          0 MISS_MERGE:          0
cpu0->cpu0_DTLB TRANSLATION  ACCESS:          0 HIT:          0 MISS:          0 MISS_MERGE:          0
cpu0->cpu0_DTLB PREFETCH REQUESTED:          0 ISSUED:          0 USEFUL:          0 USELESS:          0
cpu0->cpu0_DTLB AVERAGE MISS LATENCY: 29.22 cycles
cpu0->cpu0_ITLB TOTAL        ACCESS:    5665198 HIT:    5607648 MISS:      57550 MISS_MERGE:      34267
cpu0->cpu0_ITLB LOAD         ACCESS:    5665198 HIT:    5607648 MISS:      57550 MISS_MERGE:      34267
cpu0->cpu0_ITLB RFO          ACCESS:          0 HIT:          0 MISS:          0 MISS_MERGE:          0
cpu0->cpu0_ITLB PREFETCH     ACCESS:          0 HIT:          0 MISS:          0 MISS_MERGE:          0
cpu0->cpu0_ITLB WRITE        ACCESS:          0 HIT:          0 MISS:          0 MISS_MERGE:          0
cpu0->cpu0_ITLB TRANSLATION  ACCESS:          0 HIT:          0 MISS:          0 MISS_MERGE:          0
cpu0->cpu0_ITLB PREFETCH REQUESTED:          0 ISSUED:          0 USEFUL:          0 USELESS:          0
cpu0->cpu0_ITLB AVERAGE MISS LATENCY: 7.545 cycles
cpu0->cpu0_L1D TOTAL        ACCESS:   21505401 HIT:   18886092 MISS:    2619309 MISS_MERGE:    1326924
cpu0->cpu0_L1D LOAD         ACCESS:   12646993 HIT:   10871730 MISS:    1775263 MISS_MERGE:     781542
cpu0->cpu0_L1D RFO          ACCESS:          0 HIT:          0 MISS:          0 MISS_MERGE:          0
cpu0->cpu0_L1D PREFETCH     ACCESS:          0 HIT:          0 MISS:          0 MISS_MERGE:          0
cpu0->cpu0_L1D WRITE        ACCESS:    8424215 HIT:    7718510 MISS:     705705 MISS_MERGE:     542938
cpu0->cpu0_L1D TRANSLATION  ACCESS:     434193 HIT:     295852 MISS:     138341 MISS_MERGE:       2444
cpu0->cpu0_L1D PREFETCH REQUESTED:          0 ISSUED:          0 USEFUL:          0 USELESS:          0
cpu0->cpu0_L1D AVERAGE MISS LATENCY: 173.7 cycles
cpu0->cpu0_L1I TOTAL        ACCESS:    5665198 HIT:    5662114 MISS:       3084 MISS_MERGE:        672
cpu0->cpu0_L1I LOAD         ACCESS:    5665198 HIT:    5662114 MISS:       3084 MISS_MERGE:        672
cpu0->cpu0_L1I RFO          ACCESS:          0 HIT:          0 MISS:          0 MISS_MERGE:          0
cpu0->cpu0_L1I PREFETCH     ACCESS:          0 HIT:          0 MISS:          0 MISS_MERGE:          0
cpu0->cpu0_L1I WRITE        ACCESS:          0 HIT:          0 MISS:          0 MISS_MERGE:          0
cpu0->cpu0_L1I TRANSLATION  ACCESS:          0 HIT:          0 MISS:          0 MISS_MERGE:          0
cpu0->cpu0_L1I PREFETCH REQUESTED:          0 ISSUED:          0 USEFUL:          0 USELESS:          0
cpu0->cpu0_L1I AVERAGE MISS LATENCY: 134.7 cycles
cpu0->cpu0_L2C TOTAL        ACCESS:    1774505 HIT:     670106 MISS:    1104399 MISS_MERGE:          1
cpu0->cpu0_L2C LOAD         ACCESS:     996133 HIT:     124098 MISS:     872035 MISS_MERGE:          0
cpu0->cpu0_L2C RFO          ACCESS:     162767 HIT:      13490 MISS:     149277 MISS_MERGE:          1
cpu0->cpu0_L2C PREFETCH     ACCESS:          0 HIT:          0 MISS:          0 MISS_MERGE:          0
cpu0->cpu0_L2C WRITE        ACCESS:     479708 HIT:     478603 MISS:       1105 MISS_MERGE:          0
cpu0->cpu0_L2C TRANSLATION  ACCESS:     135897 HIT:      53915 MISS:      81982 MISS_MERGE:          0
cpu0->cpu0_L2C PREFETCH REQUESTED:          0 ISSUED:          0 USEFUL:          0 USELESS:          0
cpu0->cpu0_L2C AVERAGE MISS LATENCY: 193.2 cycles
cpu0->cpu0_STLB TOTAL        ACCESS:     990982 HIT:     778331 MISS:     212651 MISS_MERGE:          0
cpu0->cpu0_STLB LOAD         ACCESS:     990982 HIT:     778331 MISS:     212651 MISS_MERGE:          0
cpu0->cpu0_STLB RFO          ACCESS:          0 HIT:          0 MISS:          0 MISS_MERGE:          0
cpu0->cpu0_STLB PREFETCH     ACCESS:          0 HIT:          0 MISS:          0 MISS_MERGE:          0
cpu0->cpu0_STLB WRITE        ACCESS:          0 HIT:          0 MISS:          0 MISS_MERGE:          0
cpu0->cpu0_STLB TRANSLATION  ACCESS:          0 HIT:          0 MISS:          0 MISS_MERGE:          0
cpu0->cpu0_STLB PREFETCH REQUESTED:          0 ISSUED:          0 USEFUL:          0 USELESS:          0
cpu0->cpu0_STLB AVERAGE MISS LATENCY: 109.5 cycles

DRAM Statistics

Channel 0 RQ ROW_BUFFER_HIT:      18351
  ROW_BUFFER_MISS:     989330
  AVG DBUS CONGESTED CYCLE: 18.13
Channel 0 WQ ROW_BUFFER_HIT:     139664
  ROW_BUFFER_MISS:     278057
  FULL:          0
Channel 0 REFRESHES ISSUED:      14618
