[VMEM] WARNING: physical memory size is smaller than virtual memory size.

*** ChampSim Multicore Out-of-Order Simulator ***
Warmup Instructions: 12500000
Simulation Instructions: 50000000
Number of CPUs: 1
Page size: 4096

Off-chip DRAM Size: 16 GiB Channels: 1 Width: 64-bit Data Rate: 3205 MT/s
Heartbeat CPU 0 instructions: 10000001 cycles: 5028810 heartbeat IPC: 1.989 cumulative IPC: 1.989 (Simulation time: 00 hr 00 min 41 sec)
Warmup finished CPU 0 instructions: 12500001 cycles: 6106664 cumulative IPC: 2.047 (Simulation time: 00 hr 00 min 50 sec)
Warmup complete CPU 0 instructions: 12500001 cycles: 6106664 cumulative IPC: 2.047 (Simulation time: 00 hr 00 min 50 sec)
Heartbeat CPU 0 instructions: 20000001 cycles: 29414445 heartbeat IPC: 0.4101 cumulative IPC: 0.3218 (Simulation time: 00 hr 01 min 59 sec)
Heartbeat CPU 0 instructions: 30000001 cycles: 67134137 heartbeat IPC: 0.2651 cumulative IPC: 0.2868 (Simulation time: 00 hr 04 min 01 sec)
Heartbeat CPU 0 instructions: 40000001 cycles: 98674105 heartbeat IPC: 0.3171 cumulative IPC: 0.2971 (Simulation time: 00 hr 05 min 35 sec)
Heartbeat CPU 0 instructions: 50000005 cycles: 135108898 heartbeat IPC: 0.2745 cumulative IPC: 0.2907 (Simulation time: 00 hr 07 min 28 sec)
Heartbeat CPU 0 instructions: 60000006 cycles: 170729919 heartbeat IPC: 0.2807 cumulative IPC: 0.2885 (Simulation time: 00 hr 09 min 15 sec)
Simulation finished CPU 0 instructions: 50000003 cycles: 173539481 cumulative IPC: 0.2881 (Simulation time: 00 hr 09 min 41 sec)
Simulation complete CPU 0 instructions: 50000003 cycles: 173539481 cumulative IPC: 0.2881 (Simulation time: 00 hr 09 min 41 sec)

ChampSim completed all CPUs

=== Simulation ===
CPU 0 runs traces/471.omnetpp-188B.champsimtrace.xz

Region of Interest Statistics

CPU 0 cumulative IPC: 0.2881 instructions: 50000003 cycles: 173539481
CPU 0 Branch Prediction Accuracy: 93.3% MPKI: 16.1 Average ROB Occupancy at Mispredict: 38.93
Branch type MPKI
BRANCH_DIRECT_JUMP: 0.00134
BRANCH_INDIRECT: 0.1254
BRANCH_CONDITIONAL: 15.32
BRANCH_DIRECT_CALL: 0.00068
BRANCH_INDIRECT_CALL: 0.1324
BRANCH_RETURN: 0.5249

cpu0->LLC TOTAL        ACCESS:    1527078 HIT:     511742 MISS:    1015336 MISS_MERGE:          0
cpu0->LLC LOAD         ACCESS:     872094 HIT:      63074 MISS:     809020 MISS_MERGE:          0
cpu0->LLC RFO          ACCESS:     149229 HIT:       6533 MISS:     142696 MISS_MERGE:          0
cpu0->LLC PREFETCH     ACCESS:          0 HIT:          0 MISS:          0 MISS_MERGE:          0
cpu0->LLC WRITE        ACCESS:     423714 HIT:     418174 MISS:       5540 MISS_MERGE:          0
cpu0->LLC TRANSLATION  ACCESS:      82041 HIT:      23961 MISS:      58080 MISS_MERGE:          0
cpu0->LLC PREFETCH REQUESTED:          0 ISSUED:          0 USEFUL:          0 USELESS:          0
cpu0->LLC AVERAGE MISS LATENCY: 193.3 cycles
cpu0->cpu0_DTLB TOTAL        ACCESS:   21071419 HIT:   19557154 MISS:    1514265 MISS_MERGE:     546532
cpu0->cpu0_DTLB LOAD         ACCESS:   21071419 HIT:   19557154 MISS:    1514265 MISS_MERGE:     546532
cpu0->cpu0_DTLB RFO          ACCESS:          0 HIT:          0 MISS:          0 MISS_MERGE:          0
cpu0->cpu0_DTLB PREFETCH     ACCESS:          0 HIT:          0 MISS:          0 MISS_MERGE:          0
cpu0->cpu0_DTLB WRITE        ACCESS:          0 HIT:          0 MISS:          0 MISS_MERGE:          0
cpu0->cpu0_DTLB TRANSLATION  ACCESS:          0 HIT:          0 MISS:          0 MISS_MERGE:          0
cpu0->cpu0_DTLB PREFETCH REQUESTED:          0 ISSUED:          0 USEFUL:          0 USELESS:          0
cpu0->cpu0_DTLB AVERAGE MISS LATENCY: 25.17 cycles
cpu0->cpu0_ITLB TOTAL        ACCESS:    5665757 HIT:    5608215 MISS:      57542 MISS_MERGE:      34259
cpu0->cpu0_ITLB LOAD         ACCESS:    5665757 HIT:    5608215 MISS:      57542 MISS_MERGE:      34259
cpu0->cpu0_ITLB RFO          ACCESS:          0 HIT:          0 MISS:          0 MISS_MERGE:          0
cpu0->cpu0_ITLB PREFETCH     ACCESS:          0 HIT:          0 MISS:          0 MISS_MERGE:          0
cpu0->cpu0_ITLB WRITE        ACCESS:          0 HIT:          0 MISS:          0 MISS_MERGE:          0
cpu0->cpu0_ITLB TRANSLATION  ACCESS:          0 HIT:          0 MISS:          0 MISS_MERGE:          0
cpu0->cpu0_ITLB PREFETCH REQUESTED:          0 ISSUED:          0 USEFUL:          0 USELESS:          0
cpu0->cpu0_ITLB AVERAGE MISS LATENCY: 7.098 cycles
cpu0->cpu0_L1D TOTAL        ACCESS:   21505607 HIT:   18871653 MISS:    2633954 MISS_MERGE:    1341515
cpu0->cpu0_L1D LOAD         ACCESS:   12647204 HIT:   10867463 MISS:    1779741 MISS_MERGE:     785960
cpu0->cpu0_L1D RFO          ACCESS:          0 HIT:          0 MISS:          0 MISS_MERGE:          0
cpu0->cpu0_L1D PREFETCH     ACCESS:          0 HIT:          0 MISS:          0 MISS_MERGE:          0
cpu0->cpu0_L1D WRITE        ACCESS:    8424215 HIT:    7708273 MISS:     715942 MISS_MERGE:     553175
cpu0->cpu0_L1D TRANSLATION  ACCESS:     434188 HIT:     295917 MISS:     138271 MISS_MERGE:       2380
cpu0->cpu0_L1D PREFETCH REQUESTED:          0 ISSUED:          0 USEFUL:          0 USELESS:          0
cpu0->cpu0_L1D AVERAGE MISS LATENCY: 174.1 cycles
cpu0->cpu0_L1I TOTAL        ACCESS:    5665757 HIT:    5662672 MISS:       3085 MISS_MERGE:        674
cpu0->cpu0_L1I LOAD         ACCESS:    5665757 HIT:    5662672 MISS:       3085 MISS_MERGE:        674
cpu0->cpu0_L1I RFO          ACCESS:          0 HIT:          0 MISS:          0 MISS_MERGE:          0
cpu0->cpu0_L1I PREFETCH     ACCESS:          0 HIT:          0 MISS:          0 MISS_MERGE:          0
cpu0->cpu0_L1I WRITE        ACCESS:          0 HIT:          0 MISS:          0 MISS_MERGE:          0
cpu0->cpu0_L1I TRANSLATION  ACCESS:          0 HIT:          0 MISS:          0 MISS_MERGE:          0
cpu0->cpu0_L1I PREFETCH REQUESTED:          0 ISSUED:          0 USEFUL:          0 USELESS:          0
cpu0->cpu0_L1I AVERAGE MISS LATENCY: 129.8 cycles
cpu0->cpu0_L2C TOTAL        ACCESS:    1774597 HIT:     670137 MISS:    1104460 MISS_MERGE:          0
cpu0->cpu0_L2C LOAD         ACCESS:     996192 HIT:     124098 MISS:     872094 MISS_MERGE:          0
cpu0->cpu0_L2C RFO          ACCESS:     162767 HIT:      13538 MISS:     149229 MISS_MERGE:          0
cpu0->cpu0_L2C PREFETCH     ACCESS:          0 HIT:          0 MISS:          0 MISS_MERGE:          0
cpu0->cpu0_L2C WRITE        ACCESS:     479747 HIT:     478651 MISS:       1096 MISS_MERGE:          0
cpu0->cpu0_L2C TRANSLATION  ACCESS:     135891 HIT:      53850 MISS:      82041 MISS_MERGE:          0
cpu0->cpu0_L2C PREFETCH REQUESTED:          0 ISSUED:          0 USEFUL:          0 USELESS:          0
cpu0->cpu0_L2C AVERAGE MISS LATENCY: 193.5 cycles
cpu0->cpu0_STLB TOTAL        ACCESS:     991016 HIT:     778366 MISS:     212650 MISS_MERGE:          0
cpu0->cpu0_STLB LOAD         ACCESS:     991016 HIT:     778366 MISS:     212650 MISS_MERGE:          0
cpu0->cpu0_STLB RFO          ACCESS:          0 HIT:          0 MISS:          0 MISS_MERGE:          0
cpu0->cpu0_STLB PREFETCH     ACCESS:          0 HIT:          0 MISS:          0 MISS_MERGE:          0
cpu0->cpu0_STLB WRITE        ACCESS:          0 HIT:          0 MISS:          0 MISS_MERGE:          0
cpu0->cpu0_STLB TRANSLATION  ACCESS:          0 HIT:          0 MISS:          0 MISS_MERGE:          0
cpu0->cpu0_STLB PREFETCH REQUESTED:          0 ISSUED:          0 USEFUL:          0 USELESS:          0
cpu0->cpu0_STLB AVERAGE MISS LATENCY: 91.01 cycles

DRAM Statistics

Channel 0 RQ ROW_BUFFER_HIT:      20045
  ROW_BUFFER_MISS:     989688
  AVG DBUS CONGESTED CYCLE: 18.06
Channel 0 WQ ROW_BUFFER_HIT:     128254
  ROW_BUFFER_MISS:     268281
  FULL:          0
Channel 0 REFRESHES ISSUED:      14462
