[VMEM] WARNING: physical memory size is smaller than virtual memory size.

*** ChampSim Multicore Out-of-Order Simulator ***
Warmup Instructions: 12500000
Simulation Instructions: 50000000
Number of CPUs: 1
Page size: 4096

Off-chip DRAM Size: 16 GiB Channels: 1 Width: 64-bit Data Rate: 3205 MT/s
Heartbeat CPU 0 instructions: 10000002 cycles: 3344896 heartbeat IPC: 2.99 cumulative IPC: 2.99 (Simulation time: 00 hr 00 min 34 sec)
Warmup finished CPU 0 instructions: 12500003 cycles: 4460059 cumulative IPC: 2.803 (Simulation time: 00 hr 00 min 44 sec)
Warmup complete CPU 0 instructions: 12500003 cycles: 4460059 cumulative IPC: 2.803 (Simulation time: 00 hr 00 min 44 sec)
Heartbeat CPU 0 instructions: 20000006 cycles: 24147837 heartbeat IPC: 0.4807 cumulative IPC: 0.3809 (Simulation time: 00 hr 01 min 47 sec)
Heartbeat CPU 0 instructions: 30000007 cycles: 49996457 heartbeat IPC: 0.3869 cumulative IPC: 0.3843 (Simulation time: 00 hr 03 min 56 sec)
Heartbeat CPU 0 instructions: 40000009 cycles: 82883173 heartbeat IPC: 0.3041 cumulative IPC: 0.3507 (Simulation time: 00 hr 06 min 52 sec)
Heartbeat CPU 0 instructions: 50000009 cycles: 101144195 heartbeat IPC: 0.5476 cumulative IPC: 0.3879 (Simulation time: 00 hr 07 min 53 sec)
Heartbeat CPU 0 instructions: 60000010 cycles: 117641860 heartbeat IPC: 0.6061 cumulative IPC: 0.4197 (Simulation time: 00 hr 08 min 49 sec)
Simulation finished CPU 0 instructions: 50000004 cycles: 116262979 cumulative IPC: 0.4301 (Simulation time: 00 hr 09 min 00 sec)
Simulation complete CPU 0 instructions: 50000004 cycles: 116262979 cumulative IPC: 0.4301 (Simulation time: 00 hr 09 min 00 sec)

ChampSim completed all CPUs

=== Simulation ===
CPU 0 runs traces/403.gcc-17B.champsimtrace.xz

Region of Interest Statistics

CPU 0 cumulative IPC: 0.4301 instructions: 50000004 cycles: 116262979
CPU 0 Branch Prediction Accuracy: 91.45% MPKI: 17.95 Average ROB Occupancy at Mispredict: 31.51
Branch type MPKI
BRANCH_DIRECT_JUMP: 0.1334
BRANCH_INDIRECT: 0.4934
BRANCH_CONDITIONAL: 17.21
BRANCH_DIRECT_CALL: 0.1022
BRANCH_INDIRECT_CALL: 0.002
BRANCH_RETURN: 0.00512

cpu0->LLC TOTAL        ACCESS:    2259261 HIT:      57943 MISS:    2201318 MISS_MERGE:          0
cpu0->LLC LOAD         ACCESS:     335109 HIT:      52640 MISS:     282469 MISS_MERGE:          0
cpu0->LLC RFO          ACCESS:     937998 HIT:        352 MISS:     937646 MISS_MERGE:          0
cpu0->LLC PREFETCH     ACCESS:          0 HIT:          0 MISS:          0 MISS_MERGE:          0
cpu0->LLC WRITE        ACCESS:     974743 HIT:       3242 MISS:     971501 MISS_MERGE:          0
cpu0->LLC TRANSLATION  ACCESS:      11411 HIT:       1709 MISS:       9702 MISS_MERGE:          0
cpu0->LLC PREFETCH REQUESTED:          0 ISSUED:          0 USEFUL:          0 USELESS:          0
cpu0->LLC AVERAGE MISS LATENCY: 294.6 cycles
cpu0->cpu0_DTLB TOTAL        ACCESS:   21962865 HIT:   20971731 MISS:     991134 MISS_MERGE:     428323
cpu0->cpu0_DTLB LOAD         ACCESS:   21962865 HIT:   20971731 MISS:     991134 MISS_MERGE:     428323
cpu0->cpu0_DTLB RFO          ACCESS:          0 HIT:          0 MISS:          0 MISS_MERGE:          0
cpu0->cpu0_DTLB PREFETCH     ACCESS:          0 HIT:          0 MISS:          0 MISS_MERGE:          0
cpu0->cpu0_DTLB WRITE        ACCESS:          0 HIT:          0 MISS:          0 MISS_MERGE:          0
cpu0->cpu0_DTLB TRANSLATION  ACCESS:          0 HIT:          0 MISS:          0 MISS_MERGE:          0
cpu0->cpu0_DTLB PREFETCH REQUESTED:          0 ISSUED:          0 USEFUL:          0 USELESS:          0
cpu0->cpu0_DTLB AVERAGE MISS LATENCY: 17.61 cycles
cpu0->cpu0_ITLB TOTAL        ACCESS:    6034361 HIT:    6030691 MISS:       3670 MISS_MERGE:       2261
cpu0->cpu0_ITLB LOAD         ACCESS:    6034361 HIT:    6030691 MISS:       3670 MISS_MERGE:       2261
cpu0->cpu0_ITLB RFO          ACCESS:          0 HIT:          0 MISS:          0 MISS_MERGE:          0
cpu0->cpu0_ITLB PREFETCH     ACCESS:          0 HIT:          0 MISS:          0 MISS_MERGE:          0
cpu0->cpu0_ITLB WRITE        ACCESS:          0 HIT:          0 MISS:          0 MISS_MERGE:          0
cpu0->cpu0_ITLB TRANSLATION  ACCESS:          0 HIT:          0 MISS:          0 MISS_MERGE:          0
cpu0->cpu0_ITLB PREFETCH REQUESTED:          0 ISSUED:          0 USEFUL:          0 USELESS:          0
cpu0->cpu0_ITLB AVERAGE MISS LATENCY: 12.34 cycles
cpu0->cpu0_L1D TOTAL        ACCESS:   22050442 HIT:   13754053 MISS:    8296389 MISS_MERGE:    6820022
cpu0->cpu0_L1D LOAD         ACCESS:    9664139 HIT:    8819126 MISS:     845013 MISS_MERGE:     323414
cpu0->cpu0_L1D RFO          ACCESS:          0 HIT:          0 MISS:          0 MISS_MERGE:          0
cpu0->cpu0_L1D PREFETCH     ACCESS:          0 HIT:          0 MISS:          0 MISS_MERGE:          0
cpu0->cpu0_L1D WRITE        ACCESS:   12298726 HIT:    4862503 MISS:    7436223 MISS_MERGE:    6496579
cpu0->cpu0_L1D TRANSLATION  ACCESS:      87577 HIT:      72424 MISS:      15153 MISS_MERGE:         29
cpu0->cpu0_L1D PREFETCH REQUESTED:          0 ISSUED:          0 USEFUL:          0 USELESS:          0
cpu0->cpu0_L1D AVERAGE MISS LATENCY: 456.1 cycles
cpu0->cpu0_L1I TOTAL        ACCESS:    6034361 HIT:    6032212 MISS:       2149 MISS_MERGE:        430
cpu0->cpu0_L1I LOAD         ACCESS:    6034361 HIT:    6032212 MISS:       2149 MISS_MERGE:        430
cpu0->cpu0_L1I RFO          ACCESS:          0 HIT:          0 MISS:          0 MISS_MERGE:          0
cpu0->cpu0_L1I PREFETCH     ACCESS:          0 HIT:          0 MISS:          0 MISS_MERGE:          0
cpu0->cpu0_L1I WRITE        ACCESS:          0 HIT:          0 MISS:          0 MISS_MERGE:          0
cpu0->cpu0_L1I TRANSLATION  ACCESS:          0 HIT:          0 MISS:          0 MISS_MERGE:          0
cpu0->cpu0_L1I PREFETCH REQUESTED:          0 ISSUED:          0 USEFUL:          0 USELESS:          0
cpu0->cpu0_L1I AVERAGE MISS LATENCY: 70.13 cycles
cpu0->cpu0_L2C TOTAL        ACCESS:    2462034 HIT:    1177350 MISS:    1284684 MISS_MERGE:          1
cpu0->cpu0_L2C LOAD         ACCESS:     523318 HIT:     188209 MISS:     335109 MISS_MERGE:          0
cpu0->cpu0_L2C RFO          ACCESS:     939644 HIT:       1645 MISS:     937999 MISS_MERGE:          1
cpu0->cpu0_L2C PREFETCH     ACCESS:          0 HIT:          0 MISS:          0 MISS_MERGE:          0
cpu0->cpu0_L2C WRITE        ACCESS:     983948 HIT:     983783 MISS:        165 MISS_MERGE:          0
cpu0->cpu0_L2C TRANSLATION  ACCESS:      15124 HIT:       3713 MISS:      11411 MISS_MERGE:          0
cpu0->cpu0_L2C PREFETCH REQUESTED:          0 ISSUED:          0 USEFUL:          0 USELESS:          0
cpu0->cpu0_L2C AVERAGE MISS LATENCY: 514 cycles
cpu0->cpu0_STLB TOTAL        ACCESS:     564220 HIT:     520675 MISS:      43545 MISS_MERGE:          0
cpu0->cpu0_STLB LOAD         ACCESS:     564220 HIT:     520675 MISS:      43545 MISS_MERGE:          0
cpu0->cpu0_STLB RFO          ACCESS:          0 HIT:          0 MISS:          0 MISS_MERGE:          0
cpu0->cpu0_STLB PREFETCH     ACCESS:          0 HIT:          0 MISS:          0 MISS_MERGE:          0
cpu0->cpu0_STLB WRITE        ACCESS:          0 HIT:          0 MISS:          0 MISS_MERGE:          0
cpu0->cpu0_STLB TRANSLATION  ACCESS:          0 HIT:          0 MISS:          0 MISS_MERGE:          0
cpu0->cpu0_STLB PREFETCH REQUESTED:          0 ISSUED:          0 USEFUL:          0 USELESS:          0
cpu0->cpu0_STLB AVERAGE MISS LATENCY: 162.2 cycles

DRAM Statistics

Channel 0 RQ ROW_BUFFER_HIT:      96839
  ROW_BUFFER_MISS:    1132967
  AVG DBUS CONGESTED CYCLE: 7.098
Channel 0 WQ ROW_BUFFER_HIT:     115316
  ROW_BUFFER_MISS:     855776
  FULL:          0
Channel 0 REFRESHES ISSUED:       9689
