[VMEM] WARNING: physical memory size is smaller than virtual memory size.

*** ChampSim Multicore Out-of-Order Simulator ***
Warmup Instructions: 12500000
Simulation Instructions: 50000000
Number of CPUs: 1
Page size: 4096

Off-chip DRAM Size: 16 GiB Channels: 1 Width: 64-bit Data Rate: 3205 MT/s
Heartbeat CPU 0 instructions: 10000002 cycles: 3344971 heartbeat IPC: 2.99 cumulative IPC: 2.99 (Simulation time: 00 hr 00 min 28 sec)
Warmup finished CPU 0 instructions: 12500003 cycles: 4459389 cumulative IPC: 2.803 (Simulation time: 00 hr 00 min 37 sec)
Warmup complete CPU 0 instructions: 12500003 cycles: 4459389 cumulative IPC: 2.803 (Simulation time: 00 hr 00 min 37 sec)
Heartbeat CPU 0 instructions: 20000006 cycles: 24266499 heartbeat IPC: 0.478 cumulative IPC: 0.3787 (Simulation time: 00 hr 01 min 32 sec)
Heartbeat CPU 0 instructions: 30000007 cycles: 52841769 heartbeat IPC: 0.35 cumulative IPC: 0.3617 (Simulation time: 00 hr 03 min 20 sec)
Heartbeat CPU 0 instructions: 40000009 cycles: 87126968 heartbeat IPC: 0.2917 cumulative IPC: 0.3327 (Simulation time: 00 hr 05 min 51 sec)
Heartbeat CPU 0 instructions: 50000009 cycles: 105529375 heartbeat IPC: 0.5434 cumulative IPC: 0.371 (Simulation time: 00 hr 06 min 50 sec)
Heartbeat CPU 0 instructions: 60000010 cycles: 122355621 heartbeat IPC: 0.5943 cumulative IPC: 0.4029 (Simulation time: 00 hr 07 min 48 sec)
Simulation finished CPU 0 instructions: 50000004 cycles: 122225671 cumulative IPC: 0.4091 (Simulation time: 00 hr 08 min 02 sec)
Simulation complete CPU 0 instructions: 50000004 cycles: 122225671 cumulative IPC: 0.4091 (Simulation time: 00 hr 08 min 02 sec)

ChampSim completed all CPUs

=== Simulation ===
CPU 0 runs traces/403.gcc-17B.champsimtrace.xz

Region of Interest Statistics

CPU 0 cumulative IPC: 0.4091 instructions: 50000004 cycles: 122225671
CPU 0 Branch Prediction Accuracy: 91.45% MPKI: 17.95 Average ROB Occupancy at Mispredict: 31.73
Branch type MPKI
BRANCH_DIRECT_JUMP: 0.1334
BRANCH_INDIRECT: 0.4934
BRANCH_CONDITIONAL: 17.21
BRANCH_DIRECT_CALL: 0.1022
BRANCH_INDIRECT_CALL: 0.002
BRANCH_RETURN: 0.00512

cpu0->LLC TOTAL        ACCESS:    2259161 HIT:      31394 MISS:    2227767 MISS_MERGE:          0
cpu0->LLC LOAD         ACCESS:     334984 HIT:      28106 MISS:     306878 MISS_MERGE:          0
cpu0->LLC RFO          ACCESS:     937998 HIT:        112 MISS:     937886 MISS_MERGE:          0
cpu0->LLC PREFETCH     ACCESS:          0 HIT:          0 MISS:          0 MISS_MERGE:          0
cpu0->LLC WRITE        ACCESS:     974745 HIT:       2783 MISS:     971962 MISS_MERGE:          0
cpu0->LLC TRANSLATION  ACCESS:      11434 HIT:        393 MISS:      11041 MISS_MERGE:          0
cpu0->LLC PREFETCH REQUESTED:          0 ISSUED:          0 USEFUL:          0 USELESS:          0
cpu0->LLC AVERAGE MISS LATENCY: 309.7 cycles
cpu0->cpu0_DTLB TOTAL        ACCESS:   21960264 HIT:   20970033 MISS:     990231 MISS_MERGE:     427393
cpu0->cpu0_DTLB LOAD         ACCESS:   21960264 HIT:   20970033 MISS:     990231 MISS_MERGE:     427393
cpu0->cpu0_DTLB RFO          ACCESS:          0 HIT:          0 MISS:          0 MISS_MERGE:          0
cpu0->cpu0_DTLB PREFETCH     ACCESS:          0 HIT:          0 MISS:          0 MISS_MERGE:          0
cpu0->cpu0_DTLB WRITE        ACCESS:          0 HIT:          0 MISS:          0 MISS_MERGE:          0
cpu0->cpu0_DTLB TRANSLATION  ACCESS:          0 HIT:          0 MISS:          0 MISS_MERGE:          0
cpu0->cpu0_DTLB PREFETCH REQUESTED:          0 ISSUED:          0 USEFUL:          0 USELESS:          0
cpu0->cpu0_DTLB AVERAGE MISS LATENCY: 18.27 cycles
cpu0->cpu0_ITLB TOTAL        ACCESS:    6049184 HIT:    6045514 MISS:       3670 MISS_MERGE:       2261
cpu0->cpu0_ITLB LOAD         ACCESS:    6049184 HIT:    6045514 MISS:       3670 MISS_MERGE:       2261
cpu0->cpu0_ITLB RFO          ACCESS:          0 HIT:          0 MISS:          0 MISS_MERGE:          0
cpu0->cpu0_ITLB PREFETCH     ACCESS:          0 HIT:          0 MISS:          0 MISS_MERGE:          0
cpu0->cpu0_ITLB WRITE        ACCESS:          0 HIT:          0 MISS:          0 MISS_MERGE:          0
cpu0->cpu0_ITLB TRANSLATION  ACCESS:          0 HIT:          0 MISS:          0 MISS_MERGE:          0
cpu0->cpu0_ITLB PREFETCH REQUESTED:          0 ISSUED:          0 USEFUL:          0 USELESS:          0
cpu0->cpu0_ITLB AVERAGE MISS LATENCY: 14.48 cycles
cpu0->cpu0_L1D TOTAL        ACCESS:   22047846 HIT:   13748528 MISS:    8299318 MISS_MERGE:    6822939
cpu0->cpu0_L1D LOAD         ACCESS:    9661538 HIT:    8813553 MISS:     847985 MISS_MERGE:     326373
cpu0->cpu0_L1D RFO          ACCESS:          0 HIT:          0 MISS:          0 MISS_MERGE:          0
cpu0->cpu0_L1D PREFETCH     ACCESS:          0 HIT:          0 MISS:          0 MISS_MERGE:          0
cpu0->cpu0_L1D WRITE        ACCESS:   12298726 HIT:    4862547 MISS:    7436179 MISS_MERGE:    6496538
cpu0->cpu0_L1D TRANSLATION  ACCESS:      87582 HIT:      72428 MISS:      15154 MISS_MERGE:         28
cpu0->cpu0_L1D PREFETCH REQUESTED:          0 ISSUED:          0 USEFUL:          0 USELESS:          0
cpu0->cpu0_L1D AVERAGE MISS LATENCY: 484.1 cycles
cpu0->cpu0_L1I TOTAL        ACCESS:    6049184 HIT:    6047041 MISS:       2143 MISS_MERGE:        424
cpu0->cpu0_L1I LOAD         ACCESS:    6049184 HIT:    6047041 MISS:       2143 MISS_MERGE:        424
cpu0->cpu0_L1I RFO          ACCESS:          0 HIT:          0 MISS:          0 MISS_MERGE:          0
cpu0->cpu0_L1I PREFETCH     ACCESS:          0 HIT:          0 MISS:          0 MISS_MERGE:          0
cpu0->cpu0_L1I WRITE        ACCESS:          0 HIT:          0 MISS:          0 MISS_MERGE:          0
cpu0->cpu0_L1I TRANSLATION  ACCESS:          0 HIT:          0 MISS:          0 MISS_MERGE:          0
cpu0->cpu0_L1I PREFETCH REQUESTED:          0 ISSUED:          0 USEFUL:          0 USELESS:          0
cpu0->cpu0_L1I AVERAGE MISS LATENCY: 74.28 cycles
cpu0->cpu0_L2C TOTAL        ACCESS:    2462042 HIT:    1177462 MISS:    1284580 MISS_MERGE:          1
cpu0->cpu0_L2C LOAD         ACCESS:     523331 HIT:     188347 MISS:     334984 MISS_MERGE:          0
cpu0->cpu0_L2C RFO          ACCESS:     939641 HIT:       1642 MISS:     937999 MISS_MERGE:          1
cpu0->cpu0_L2C PREFETCH     ACCESS:          0 HIT:          0 MISS:          0 MISS_MERGE:          0
cpu0->cpu0_L2C WRITE        ACCESS:     983944 HIT:     983781 MISS:        163 MISS_MERGE:          0
cpu0->cpu0_L2C TRANSLATION  ACCESS:      15126 HIT:       3692 MISS:      11434 MISS_MERGE:          0
cpu0->cpu0_L2C PREFETCH REQUESTED:          0 ISSUED:          0 USEFUL:          0 USELESS:          0
cpu0->cpu0_L2C AVERAGE MISS LATENCY: 546.2 cycles
cpu0->cpu0_STLB TOTAL        ACCESS:     564247 HIT:     520700 MISS:      43547 MISS_MERGE:          0
cpu0->cpu0_STLB LOAD         ACCESS:     564247 HIT:     520700 MISS:      43547 MISS_MERGE:          0
cpu0->cpu0_STLB RFO          ACCESS:          0 HIT:          0 MISS:          0 MISS_MERGE:          0
cpu0->cpu0_STLB PREFETCH     ACCESS:          0 HIT:          0 MISS:          0 MISS_MERGE:          0
cpu0->cpu0_STLB WRITE        ACCESS:          0 HIT:          0 MISS:          0 MISS_MERGE:          0
cpu0->cpu0_STLB TRANSLATION  ACCESS:          0 HIT:          0 MISS:          0 MISS_MERGE:          0
cpu0->cpu0_STLB PREFETCH REQUESTED:          0 ISSUED:          0 USEFUL:          0 USELESS:          0
cpu0->cpu0_STLB AVERAGE MISS LATENCY: 170.8 cycles

DRAM Statistics

Channel 0 RQ ROW_BUFFER_HIT:      37179
  ROW_BUFFER_MISS:    1218613
  AVG DBUS CONGESTED CYCLE: 7.377
Channel 0 WQ ROW_BUFFER_HIT:     110950
  ROW_BUFFER_MISS:     859552
  FULL:          0
Channel 0 REFRESHES ISSUED:      10186
