[VMEM] WARNING: physical memory size is smaller than virtual memory size.

*** ChampSim Multicore Out-of-Order Simulator ***
Warmup Instructions: 12500000
Simulation Instructions: 50000000
Number of CPUs: 1
Page size: 4096

Off-chip DRAM Size: 16 GiB Channels: 1 Width: 64-bit Data Rate: 3205 MT/s
Heartbeat CPU 0 instructions: 10000001 cycles: 5026579 heartbeat IPC: 1.989 cumulative IPC: 1.989 (Simulation time: 00 hr 00 min 41 sec)
Warmup finished CPU 0 instructions: 12500003 cycles: 6106350 cumulative IPC: 2.047 (Simulation time: 00 hr 00 min 50 sec)
Warmup complete CPU 0 instructions: 12500003 cycles: 6106350 cumulative IPC: 2.047 (Simulation time: 00 hr 00 min 50 sec)
Heartbeat CPU 0 instructions: 20000001 cycles: 24892175 heartbeat IPC: 0.5034 cumulative IPC: 0.3992 (Simulation time: 00 hr 01 min 47 sec)
Heartbeat CPU 0 instructions: 30000001 cycles: 53922336 heartbeat IPC: 0.3445 cumulative IPC: 0.366 (Simulation time: 00 hr 03 min 20 sec)
Heartbeat CPU 0 instructions: 40000001 cycles: 79845957 heartbeat IPC: 0.3857 cumulative IPC: 0.3729 (Simulation time: 00 hr 04 min 39 sec)
Heartbeat CPU 0 instructions: 50000005 cycles: 108315134 heartbeat IPC: 0.3513 cumulative IPC: 0.3669 (Simulation time: 00 hr 06 min 06 sec)
Heartbeat CPU 0 instructions: 60000006 cycles: 135609033 heartbeat IPC: 0.3664 cumulative IPC: 0.3668 (Simulation time: 00 hr 07 min 29 sec)
Simulation finished CPU 0 instructions: 50000001 cycles: 135923543 cumulative IPC: 0.3679 (Simulation time: 00 hr 07 min 48 sec)
Simulation complete CPU 0 instructions: 50000001 cycles: 135923543 cumulative IPC: 0.3679 (Simulation time: 00 hr 07 min 48 sec)

ChampSim completed all CPUs

=== Simulation ===
CPU 0 runs traces/471.omnetpp-188B.champsimtrace.xz

Region of Interest Statistics

CPU 0 cumulative IPC: 0.3679 instructions: 50000001 cycles: 135923543
CPU 0 Branch Prediction Accuracy: 93.3% MPKI: 16.1 Average ROB Occupancy at Mispredict: 39.67
Branch type MPKI
BRANCH_DIRECT_JUMP: 0.00134
BRANCH_INDIRECT: 0.1254
BRANCH_CONDITIONAL: 15.32
BRANCH_DIRECT_CALL: 0.00068
BRANCH_INDIRECT_CALL: 0.1324
BRANCH_RETURN: 0.5249

cpu0->LLC TOTAL        ACCESS:    1527207 HIT:     835449 MISS:     691758 MISS_MERGE:          0
cpu0->LLC LOAD         ACCESS:     872255 HIT:     302905 MISS:     569350 MISS_MERGE:          0
cpu0->LLC RFO          ACCESS:     149063 HIT:      38653 MISS:     110410 MISS_MERGE:          0
cpu0->LLC PREFETCH     ACCESS:          0 HIT:          0 MISS:          0 MISS_MERGE:          0
cpu0->LLC WRITE        ACCESS:     423837 HIT:     423705 MISS:        132 MISS_MERGE:          0
cpu0->LLC TRANSLATION  ACCESS:      82052 HIT:      70186 MISS:      11866 MISS_MERGE:          0
cpu0->LLC PREFETCH REQUESTED:          0 ISSUED:          0 USEFUL:          0 USELESS:          0
cpu0->LLC AVERAGE MISS LATENCY: 191.5 cycles
cpu0->cpu0_DTLB TOTAL        ACCESS:   21067257 HIT:   19552984 MISS:    1514273 MISS_MERGE:     546520
cpu0->cpu0_DTLB LOAD         ACCESS:   21067257 HIT:   19552984 MISS:    1514273 MISS_MERGE:     546520
cpu0->cpu0_DTLB RFO          ACCESS:          0 HIT:          0 MISS:          0 MISS_MERGE:          0
cpu0->cpu0_DTLB PREFETCH     ACCESS:          0 HIT:          0 MISS:          0 MISS_MERGE:          0
cpu0->cpu0_DTLB WRITE        ACCESS:          0 HIT:          0 MISS:          0 MISS_MERGE:          0
cpu0->cpu0_DTLB TRANSLATION  ACCESS:          0 HIT:          0 MISS:          0 MISS_MERGE:          0
cpu0->cpu0_DTLB PREFETCH REQUESTED:          0 ISSUED:          0 USEFUL:          0 USELESS:          0
cpu0->cpu0_DTLB AVERAGE MISS LATENCY: 15.52 cycles
cpu0->cpu0_ITLB TOTAL        ACCESS:    5666860 HIT:    5609305 MISS:      57555 MISS_MERGE:      34272
cpu0->cpu0_ITLB LOAD         ACCESS:    5666860 HIT:    5609305 MISS:      57555 MISS_MERGE:      34272
cpu0->cpu0_ITLB RFO          ACCESS:          0 HIT:          0 MISS:          0 MISS_MERGE:          0
cpu0->cpu0_ITLB PREFETCH     ACCESS:          0 HIT:          0 MISS:          0 MISS_MERGE:          0
cpu0->cpu0_ITLB WRITE        ACCESS:          0 HIT:          0 MISS:          0 MISS_MERGE:          0
cpu0->cpu0_ITLB TRANSLATION  ACCESS:          0 HIT:          0 MISS:          0 MISS_MERGE:          0
cpu0->cpu0_ITLB PREFETCH REQUESTED:          0 ISSUED:          0 USEFUL:          0 USELESS:          0
cpu0->cpu0_ITLB AVERAGE MISS LATENCY: 5.868 cycles
cpu0->cpu0_L1D TOTAL        ACCESS:   21501434 HIT:   18889074 MISS:    2612360 MISS_MERGE:    1319970
cpu0->cpu0_L1D LOAD         ACCESS:   12643042 HIT:   10874383 MISS:    1768659 MISS_MERGE:     774744
cpu0->cpu0_L1D RFO          ACCESS:          0 HIT:          0 MISS:          0 MISS_MERGE:          0
cpu0->cpu0_L1D PREFETCH     ACCESS:          0 HIT:          0 MISS:          0 MISS_MERGE:          0
cpu0->cpu0_L1D WRITE        ACCESS:    8424215 HIT:    7718727 MISS:     705488 MISS_MERGE:     542905
cpu0->cpu0_L1D TRANSLATION  ACCESS:     434177 HIT:     295964 MISS:     138213 MISS_MERGE:       2321
cpu0->cpu0_L1D PREFETCH REQUESTED:          0 ISSUED:          0 USEFUL:          0 USELESS:          0
cpu0->cpu0_L1D AVERAGE MISS LATENCY: 124.6 cycles
cpu0->cpu0_L1I TOTAL        ACCESS:    5666860 HIT:    5663776 MISS:       3084 MISS_MERGE:        673
cpu0->cpu0_L1I LOAD         ACCESS:    5666860 HIT:    5663776 MISS:       3084 MISS_MERGE:        673
cpu0->cpu0_L1I RFO          ACCESS:          0 HIT:          0 MISS:          0 MISS_MERGE:          0
cpu0->cpu0_L1I PREFETCH     ACCESS:          0 HIT:          0 MISS:          0 MISS_MERGE:          0
cpu0->cpu0_L1I WRITE        ACCESS:          0 HIT:          0 MISS:          0 MISS_MERGE:          0
cpu0->cpu0_L1I TRANSLATION  ACCESS:          0 HIT:          0 MISS:          0 MISS_MERGE:          0
cpu0->cpu0_L1I PREFETCH REQUESTED:          0 ISSUED:          0 USEFUL:          0 USELESS:          0
cpu0->cpu0_L1I AVERAGE MISS LATENCY: 88.95 cycles
cpu0->cpu0_L2C TOTAL        ACCESS:    1774603 HIT:     670126 MISS:    1104477 MISS_MERGE:          1
cpu0->cpu0_L2C LOAD         ACCESS:     996326 HIT:     124071 MISS:     872255 MISS_MERGE:          0
cpu0->cpu0_L2C RFO          ACCESS:     162583 HIT:      13519 MISS:     149064 MISS_MERGE:          1
cpu0->cpu0_L2C PREFETCH     ACCESS:          0 HIT:          0 MISS:          0 MISS_MERGE:          0
cpu0->cpu0_L2C WRITE        ACCESS:     479802 HIT:     478696 MISS:       1106 MISS_MERGE:          0
cpu0->cpu0_L2C TRANSLATION  ACCESS:     135892 HIT:      53840 MISS:      82052 MISS_MERGE:          0
cpu0->cpu0_L2C PREFETCH REQUESTED:          0 ISSUED:          0 USEFUL:          0 USELESS:          0
cpu0->cpu0_L2C AVERAGE MISS LATENCY: 135.6 cycles
cpu0->cpu0_STLB TOTAL        ACCESS:     991036 HIT:     778389 MISS:     212647 MISS_MERGE:          0
cpu0->cpu0_STLB LOAD         ACCESS:     991036 HIT:     778389 MISS:     212647 MISS_MERGE:          0
cpu0->cpu0_STLB RFO          ACCESS:          0 HIT:          0 MISS:          0 MISS_MERGE:          0
cpu0->cpu0_STLB PREFETCH     ACCESS:          0 HIT:          0 MISS:          0 MISS_MERGE:          0
cpu0->cpu0_STLB WRITE        ACCESS:          0 HIT:          0 MISS:          0 MISS_MERGE:          0
cpu0->cpu0_STLB TRANSLATION  ACCESS:          0 HIT:          0 MISS:          0 MISS_MERGE:          0
cpu0->cpu0_STLB PREFETCH REQUESTED:          0 ISSUED:          0 USEFUL:          0 USELESS:          0
cpu0->cpu0_STLB AVERAGE MISS LATENCY: 46.98 cycles

DRAM Statistics

Channel 0 RQ ROW_BUFFER_HIT:      13799
  ROW_BUFFER_MISS:     677817
  AVG DBUS CONGESTED CYCLE: 19.18
Channel 0 WQ ROW_BUFFER_HIT:      90910
  ROW_BUFFER_MISS:     200986
  FULL:          0
Channel 0 REFRESHES ISSUED:      11327
