[VMEM] WARNING: physical memory size is smaller than virtual memory size.

*** ChampSim Multicore Out-of-Order Simulator ***
Warmup Instructions: 12500000
Simulation Instructions: 50000000
Number of CPUs: 1
Page size: 4096

Off-chip DRAM Size: 16 GiB Channels: 1 Width: 64-bit Data Rate: 3205 MT/s
Heartbeat CPU 0 instructions: 10000003 cycles: 5025903 heartbeat IPC: 1.99 cumulative IPC: 1.99 (Simulation time: 00 hr 00 min 40 sec)
Warmup finished CPU 0 instructions: 12500001 cycles: 6105586 cumulative IPC: 2.047 (Simulation time: 00 hr 00 min 50 sec)
Warmup complete CPU 0 instructions: 12500001 cycles: 6105586 cumulative IPC: 2.047 (Simulation time: 00 hr 00 min 50 sec)
Heartbeat CPU 0 instructions: 20000006 cycles: 26155688 heartbeat IPC: 0.4733 cumulative IPC: 0.3741 (Simulation time: 00 hr 01 min 53 sec)
Heartbeat CPU 0 instructions: 30000006 cycles: 56433102 heartbeat IPC: 0.3303 cumulative IPC: 0.3477 (Simulation time: 00 hr 03 min 28 sec)
Heartbeat CPU 0 instructions: 40000006 cycles: 82784919 heartbeat IPC: 0.3795 cumulative IPC: 0.3586 (Simulation time: 00 hr 04 min 51 sec)
Heartbeat CPU 0 instructions: 50000009 cycles: 111885830 heartbeat IPC: 0.3436 cumulative IPC: 0.3545 (Simulation time: 00 hr 06 min 23 sec)
Heartbeat CPU 0 instructions: 60000011 cycles: 140721884 heartbeat IPC: 0.3468 cumulative IPC: 0.3529 (Simulation time: 00 hr 07 min 51 sec)
Simulation finished CPU 0 instructions: 50000003 cycles: 141303402 cumulative IPC: 0.3538 (Simulation time: 00 hr 08 min 11 sec)
Simulation complete CPU 0 instructions: 50000003 cycles: 141303402 cumulative IPC: 0.3538 (Simulation time: 00 hr 08 min 11 sec)

ChampSim completed all CPUs

=== Simulation ===
CPU 0 runs traces/471.omnetpp-188B.champsimtrace.xz

Region of Interest Statistics

CPU 0 cumulative IPC: 0.3538 instructions: 50000003 cycles: 141303402
CPU 0 Branch Prediction Accuracy: 93.3% MPKI: 16.1 Average ROB Occupancy at Mispredict: 39.62
Branch type MPKI
BRANCH_DIRECT_JUMP: 0.00134
BRANCH_INDIRECT: 0.1254
BRANCH_CONDITIONAL: 15.32
BRANCH_DIRECT_CALL: 0.00068
BRANCH_INDIRECT_CALL: 0.1324
BRANCH_RETURN: 0.5249

cpu0->LLC TOTAL        ACCESS:    1527223 HIT:     721400 MISS:     805823 MISS_MERGE:          0
cpu0->LLC LOAD         ACCESS:     872273 HIT:     266794 MISS:     605479 MISS_MERGE:          0
cpu0->LLC RFO          ACCESS:     149115 HIT:      38916 MISS:     110199 MISS_MERGE:          0
cpu0->LLC PREFETCH     ACCESS:          0 HIT:          0 MISS:          0 MISS_MERGE:          0
cpu0->LLC WRITE        ACCESS:     423811 HIT:     345226 MISS:      78585 MISS_MERGE:          0
cpu0->LLC TRANSLATION  ACCESS:      82024 HIT:      70464 MISS:      11560 MISS_MERGE:          0
cpu0->LLC PREFETCH REQUESTED:          0 ISSUED:          0 USEFUL:          0 USELESS:          0
cpu0->LLC AVERAGE MISS LATENCY: 173.5 cycles
cpu0->cpu0_DTLB TOTAL        ACCESS:   21068748 HIT:   19554563 MISS:    1514185 MISS_MERGE:     546428
cpu0->cpu0_DTLB LOAD         ACCESS:   21068748 HIT:   19554563 MISS:    1514185 MISS_MERGE:     546428
cpu0->cpu0_DTLB RFO          ACCESS:          0 HIT:          0 MISS:          0 MISS_MERGE:          0
cpu0->cpu0_DTLB PREFETCH     ACCESS:          0 HIT:          0 MISS:          0 MISS_MERGE:          0
cpu0->cpu0_DTLB WRITE        ACCESS:          0 HIT:          0 MISS:          0 MISS_MERGE:          0
cpu0->cpu0_DTLB TRANSLATION  ACCESS:          0 HIT:          0 MISS:          0 MISS_MERGE:          0
cpu0->cpu0_DTLB PREFETCH REQUESTED:          0 ISSUED:          0 USEFUL:          0 USELESS:          0
cpu0->cpu0_DTLB AVERAGE MISS LATENCY: 15.47 cycles
cpu0->cpu0_ITLB TOTAL        ACCESS:    5666586 HIT:    5609025 MISS:      57561 MISS_MERGE:      34278
cpu0->cpu0_ITLB LOAD         ACCESS:    5666586 HIT:    5609025 MISS:      57561 MISS_MERGE:      34278
cpu0->cpu0_ITLB RFO          ACCESS:          0 HIT:          0 MISS:          0 MISS_MERGE:          0
cpu0->cpu0_ITLB PREFETCH     ACCESS:          0 HIT:          0 MISS:          0 MISS_MERGE:          0
cpu0->cpu0_ITLB WRITE        ACCESS:          0 HIT:          0 MISS:          0 MISS_MERGE:          0
cpu0->cpu0_ITLB TRANSLATION  ACCESS:          0 HIT:          0 MISS:          0 MISS_MERGE:          0
cpu0->cpu0_ITLB PREFETCH REQUESTED:          0 ISSUED:          0 USEFUL:          0 USELESS:          0
cpu0->cpu0_ITLB AVERAGE MISS LATENCY: 5.726 cycles
cpu0->cpu0_L1D TOTAL        ACCESS:   21502936 HIT:   18896669 MISS:    2606267 MISS_MERGE:    1313860
cpu0->cpu0_L1D LOAD         ACCESS:   12644533 HIT:   10877975 MISS:    1766558 MISS_MERGE:     772668
cpu0->cpu0_L1D RFO          ACCESS:          0 HIT:          0 MISS:          0 MISS_MERGE:          0
cpu0->cpu0_L1D PREFETCH     ACCESS:          0 HIT:          0 MISS:          0 MISS_MERGE:          0
cpu0->cpu0_L1D WRITE        ACCESS:    8424215 HIT:    7722721 MISS:     701494 MISS_MERGE:     538873
cpu0->cpu0_L1D TRANSLATION  ACCESS:     434188 HIT:     295973 MISS:     138215 MISS_MERGE:       2319
cpu0->cpu0_L1D PREFETCH REQUESTED:          0 ISSUED:          0 USEFUL:          0 USELESS:          0
cpu0->cpu0_L1D AVERAGE MISS LATENCY: 129.7 cycles
cpu0->cpu0_L1I TOTAL        ACCESS:    5666586 HIT:    5663501 MISS:       3085 MISS_MERGE:        674
cpu0->cpu0_L1I LOAD         ACCESS:    5666586 HIT:    5663501 MISS:       3085 MISS_MERGE:        674
cpu0->cpu0_L1I RFO          ACCESS:          0 HIT:          0 MISS:          0 MISS_MERGE:          0
cpu0->cpu0_L1I PREFETCH     ACCESS:          0 HIT:          0 MISS:          0 MISS_MERGE:          0
cpu0->cpu0_L1I WRITE        ACCESS:          0 HIT:          0 MISS:          0 MISS_MERGE:          0
cpu0->cpu0_L1I TRANSLATION  ACCESS:          0 HIT:          0 MISS:          0 MISS_MERGE:          0
cpu0->cpu0_L1I PREFETCH REQUESTED:          0 ISSUED:          0 USEFUL:          0 USELESS:          0
cpu0->cpu0_L1I AVERAGE MISS LATENCY: 88.63 cycles
cpu0->cpu0_L2C TOTAL        ACCESS:    1774596 HIT:     670078 MISS:    1104518 MISS_MERGE:          0
cpu0->cpu0_L2C LOAD         ACCESS:     996301 HIT:     124028 MISS:     872273 MISS_MERGE:          0
cpu0->cpu0_L2C RFO          ACCESS:     162621 HIT:      13506 MISS:     149115 MISS_MERGE:          0
cpu0->cpu0_L2C PREFETCH     ACCESS:          0 HIT:          0 MISS:          0 MISS_MERGE:          0
cpu0->cpu0_L2C WRITE        ACCESS:     479778 HIT:     478672 MISS:       1106 MISS_MERGE:          0
cpu0->cpu0_L2C TRANSLATION  ACCESS:     135896 HIT:      53872 MISS:      82024 MISS_MERGE:          0
cpu0->cpu0_L2C PREFETCH REQUESTED:          0 ISSUED:          0 USEFUL:          0 USELESS:          0
cpu0->cpu0_L2C AVERAGE MISS LATENCY: 141.6 cycles
cpu0->cpu0_STLB TOTAL        ACCESS:     991040 HIT:     778390 MISS:     212650 MISS_MERGE:          0
cpu0->cpu0_STLB LOAD         ACCESS:     991040 HIT:     778390 MISS:     212650 MISS_MERGE:          0
cpu0->cpu0_STLB RFO          ACCESS:          0 HIT:          0 MISS:          0 MISS_MERGE:          0
cpu0->cpu0_STLB PREFETCH     ACCESS:          0 HIT:          0 MISS:          0 MISS_MERGE:          0
cpu0->cpu0_STLB WRITE        ACCESS:          0 HIT:          0 MISS:          0 MISS_MERGE:          0
cpu0->cpu0_STLB TRANSLATION  ACCESS:          0 HIT:          0 MISS:          0 MISS_MERGE:          0
cpu0->cpu0_STLB PREFETCH REQUESTED:          0 ISSUED:          0 USEFUL:          0 USELESS:          0
cpu0->cpu0_STLB AVERAGE MISS LATENCY: 46.72 cycles

DRAM Statistics

Channel 0 RQ ROW_BUFFER_HIT:      15694
  ROW_BUFFER_MISS:     711539
  AVG DBUS CONGESTED CYCLE: 19.43
Channel 0 WQ ROW_BUFFER_HIT:      93667
  ROW_BUFFER_MISS:     203057
  FULL:          0
Channel 0 REFRESHES ISSUED:      11776
