[VMEM] WARNING: physical memory size is smaller than virtual memory size.

*** ChampSim Multicore Out-of-Order Simulator ***
Warmup Instructions: 12500000
Simulation Instructions: 50000000
Number of CPUs: 1
Page size: 4096

Off-chip DRAM Size: 16 GiB Channels: 1 Width: 64-bit Data Rate: 3205 MT/s
Heartbeat CPU 0 instructions: 10000002 cycles: 3345041 heartbeat IPC: 2.99 cumulative IPC: 2.99 (Simulation time: 00 hr 00 min 28 sec)
Warmup finished CPU 0 instructions: 12500003 cycles: 4460449 cumulative IPC: 2.802 (Simulation time: 00 hr 00 min 37 sec)
Warmup complete CPU 0 instructions: 12500003 cycles: 4460449 cumulative IPC: 2.802 (Simulation time: 00 hr 00 min 37 sec)
Heartbeat CPU 0 instructions: 20000006 cycles: 24239717 heartbeat IPC: 0.4786 cumulative IPC: 0.3792 (Simulation time: 00 hr 01 min 32 sec)
Heartbeat CPU 0 instructions: 30000007 cycles: 52777427 heartbeat IPC: 0.3504 cumulative IPC: 0.3622 (Simulation time: 00 hr 03 min 21 sec)
Heartbeat CPU 0 instructions: 40000009 cycles: 87054543 heartbeat IPC: 0.2917 cumulative IPC: 0.333 (Simulation time: 00 hr 08 min 50 sec)
Heartbeat CPU 0 instructions: 50000009 cycles: 105374505 heartbeat IPC: 0.5459 cumulative IPC: 0.3716 (Simulation time: 00 hr 09 min 50 sec)
Heartbeat CPU 0 instructions: 60000010 cycles: 122119271 heartbeat IPC: 0.5972 cumulative IPC: 0.4037 (Simulation time: 00 hr 10 min 46 sec)
Simulation finished CPU 0 instructions: 50000004 cycles: 121901864 cumulative IPC: 0.4102 (Simulation time: 00 hr 11 min 00 sec)
Simulation complete CPU 0 instructions: 50000004 cycles: 121901864 cumulative IPC: 0.4102 (Simulation time: 00 hr 11 min 00 sec)

ChampSim completed all CPUs

=== Simulation ===
CPU 0 runs traces/403.gcc-17B.champsimtrace.xz

Region of Interest Statistics

CPU 0 cumulative IPC: 0.4102 instructions: 50000004 cycles: 121901864
CPU 0 Branch Prediction Accuracy: 91.45% MPKI: 17.95 Average ROB Occupancy at Mispredict: 31.71
Branch type MPKI
BRANCH_DIRECT_JUMP: 0.1334
BRANCH_INDIRECT: 0.4934
BRANCH_CONDITIONAL: 17.21
BRANCH_DIRECT_CALL: 0.1022
BRANCH_INDIRECT_CALL: 0.002
BRANCH_RETURN: 0.00512

cpu0->LLC TOTAL        ACCESS:    2259210 HIT:      30929 MISS:    2228281 MISS_MERGE:          0
cpu0->LLC LOAD         ACCESS:     335057 HIT:      28819 MISS:     306238 MISS_MERGE:          0
cpu0->LLC RFO          ACCESS:     938000 HIT:        179 MISS:     937821 MISS_MERGE:          0
cpu0->LLC PREFETCH     ACCESS:          0 HIT:          0 MISS:          0 MISS_MERGE:          0
cpu0->LLC WRITE        ACCESS:     974740 HIT:       1012 MISS:     973728 MISS_MERGE:          0
cpu0->LLC TRANSLATION  ACCESS:      11413 HIT:        919 MISS:      10494 MISS_MERGE:          0
cpu0->LLC PREFETCH REQUESTED:          0 ISSUED:          0 USEFUL:          0 USELESS:          0
cpu0->LLC AVERAGE MISS LATENCY: 309.3 cycles
cpu0->cpu0_DTLB TOTAL        ACCESS:   21960766 HIT:   20971108 MISS:     989658 MISS_MERGE:     426841
cpu0->cpu0_DTLB LOAD         ACCESS:   21960766 HIT:   20971108 MISS:     989658 MISS_MERGE:     426841
cpu0->cpu0_DTLB RFO          ACCESS:          0 HIT:          0 MISS:          0 MISS_MERGE:          0
cpu0->cpu0_DTLB PREFETCH     ACCESS:          0 HIT:          0 MISS:          0 MISS_MERGE:          0
cpu0->cpu0_DTLB WRITE        ACCESS:          0 HIT:          0 MISS:          0 MISS_MERGE:          0
cpu0->cpu0_DTLB TRANSLATION  ACCESS:          0 HIT:          0 MISS:          0 MISS_MERGE:          0
cpu0->cpu0_DTLB PREFETCH REQUESTED:          0 ISSUED:          0 USEFUL:          0 USELESS:          0
cpu0->cpu0_DTLB AVERAGE MISS LATENCY: 18.12 cycles
cpu0->cpu0_ITLB TOTAL        ACCESS:    6048151 HIT:    6044481 MISS:       3670 MISS_MERGE:       2261
cpu0->cpu0_ITLB LOAD         ACCESS:    6048151 HIT:    6044481 MISS:       3670 MISS_MERGE:       2261
cpu0->cpu0_ITLB RFO          ACCESS:          0 HIT:          0 MISS:          0 MISS_MERGE:          0
cpu0->cpu0_ITLB PREFETCH     ACCESS:          0 HIT:          0 MISS:          0 MISS_MERGE:          0
cpu0->cpu0_ITLB WRITE        ACCESS:          0 HIT:          0 MISS:          0 MISS_MERGE:          0
cpu0->cpu0_ITLB TRANSLATION  ACCESS:          0 HIT:          0 MISS:          0 MISS_MERGE:          0
cpu0->cpu0_ITLB PREFETCH REQUESTED:          0 ISSUED:          0 USEFUL:          0 USELESS:          0
cpu0->cpu0_ITLB AVERAGE MISS LATENCY: 12.54 cycles
cpu0->cpu0_L1D TOTAL        ACCESS:   22048343 HIT:   13749536 MISS:    8298807 MISS_MERGE:    6822440
cpu0->cpu0_L1D LOAD         ACCESS:    9662040 HIT:    8814554 MISS:     847486 MISS_MERGE:     325889
cpu0->cpu0_L1D RFO          ACCESS:          0 HIT:          0 MISS:          0 MISS_MERGE:          0
cpu0->cpu0_L1D PREFETCH     ACCESS:          0 HIT:          0 MISS:          0 MISS_MERGE:          0
cpu0->cpu0_L1D WRITE        ACCESS:   12298726 HIT:    4862555 MISS:    7436171 MISS_MERGE:    6496525
cpu0->cpu0_L1D TRANSLATION  ACCESS:      87577 HIT:      72427 MISS:      15150 MISS_MERGE:         26
cpu0->cpu0_L1D PREFETCH REQUESTED:          0 ISSUED:          0 USEFUL:          0 USELESS:          0
cpu0->cpu0_L1D AVERAGE MISS LATENCY: 483.7 cycles
cpu0->cpu0_L1I TOTAL        ACCESS:    6048151 HIT:    6046004 MISS:       2147 MISS_MERGE:        428
cpu0->cpu0_L1I LOAD         ACCESS:    6048151 HIT:    6046004 MISS:       2147 MISS_MERGE:        428
cpu0->cpu0_L1I RFO          ACCESS:          0 HIT:          0 MISS:          0 MISS_MERGE:          0
cpu0->cpu0_L1I PREFETCH     ACCESS:          0 HIT:          0 MISS:          0 MISS_MERGE:          0
cpu0->cpu0_L1I WRITE        ACCESS:          0 HIT:          0 MISS:          0 MISS_MERGE:          0
cpu0->cpu0_L1I TRANSLATION  ACCESS:          0 HIT:          0 MISS:          0 MISS_MERGE:          0
cpu0->cpu0_L1I PREFETCH REQUESTED:          0 ISSUED:          0 USEFUL:          0 USELESS:          0
cpu0->cpu0_L1I AVERAGE MISS LATENCY: 71.81 cycles
cpu0->cpu0_L2C TOTAL        ACCESS:    2462035 HIT:    1177400 MISS:    1284635 MISS_MERGE:          1
cpu0->cpu0_L2C LOAD         ACCESS:     523316 HIT:     188259 MISS:     335057 MISS_MERGE:          0
cpu0->cpu0_L2C RFO          ACCESS:     939646 HIT:       1645 MISS:     938001 MISS_MERGE:          1
cpu0->cpu0_L2C PREFETCH     ACCESS:          0 HIT:          0 MISS:          0 MISS_MERGE:          0
cpu0->cpu0_L2C WRITE        ACCESS:     983949 HIT:     983785 MISS:        164 MISS_MERGE:          0
cpu0->cpu0_L2C TRANSLATION  ACCESS:      15124 HIT:       3711 MISS:      11413 MISS_MERGE:          0
cpu0->cpu0_L2C PREFETCH REQUESTED:          0 ISSUED:          0 USEFUL:          0 USELESS:          0
cpu0->cpu0_L2C AVERAGE MISS LATENCY: 545.7 cycles
cpu0->cpu0_STLB TOTAL        ACCESS:     564226 HIT:     520681 MISS:      43545 MISS_MERGE:          0
cpu0->cpu0_STLB LOAD         ACCESS:     564226 HIT:     520681 MISS:      43545 MISS_MERGE:          0
cpu0->cpu0_STLB RFO          ACCESS:          0 HIT:          0 MISS:          0 MISS_MERGE:          0
cpu0->cpu0_STLB PREFETCH     ACCESS:          0 HIT:          0 MISS:          0 MISS_MERGE:          0
cpu0->cpu0_STLB WRITE        ACCESS:          0 HIT:          0 MISS:          0 MISS_MERGE:          0
cpu0->cpu0_STLB TRANSLATION  ACCESS:          0 HIT:          0 MISS:          0 MISS_MERGE:          0
cpu0->cpu0_STLB PREFETCH REQUESTED:          0 ISSUED:          0 USEFUL:          0 USELESS:          0
cpu0->cpu0_STLB AVERAGE MISS LATENCY: 168.7 cycles

DRAM Statistics

Channel 0 RQ ROW_BUFFER_HIT:      36776
  ROW_BUFFER_MISS:    1217757
  AVG DBUS CONGESTED CYCLE: 7.399
Channel 0 WQ ROW_BUFFER_HIT:     111794
  ROW_BUFFER_MISS:     861461
  FULL:          0
Channel 0 REFRESHES ISSUED:      10159
