[VMEM] WARNING: physical memory size is smaller than virtual memory size.

*** ChampSim Multicore Out-of-Order Simulator ***
Warmup Instructions: 12500000
Simulation Instructions: 50000000
Number of CPUs: 1
Page size: 4096

Off-chip DRAM Size: 16 GiB Channels: 1 Width: 64-bit Data Rate: 3205 MT/s
Heartbeat CPU 0 instructions: 10000002 cycles: 3344911 heartbeat IPC: 2.99 cumulative IPC: 2.99 (Simulation time: 00 hr 00 min 29 sec)
Warmup finished CPU 0 instructions: 12500003 cycles: 4460259 cumulative IPC: 2.803 (Simulation time: 00 hr 00 min 37 sec)
Warmup complete CPU 0 instructions: 12500003 cycles: 4460259 cumulative IPC: 2.803 (Simulation time: 00 hr 00 min 37 sec)
Heartbeat CPU 0 instructions: 20000006 cycles: 25006310 heartbeat IPC: 0.4617 cumulative IPC: 0.365 (Simulation time: 00 hr 01 min 33 sec)
Heartbeat CPU 0 instructions: 30000007 cycles: 50511109 heartbeat IPC: 0.3921 cumulative IPC: 0.38 (Simulation time: 00 hr 03 min 11 sec)
Heartbeat CPU 0 instructions: 40000009 cycles: 84623158 heartbeat IPC: 0.2932 cumulative IPC: 0.3431 (Simulation time: 00 hr 05 min 47 sec)
Heartbeat CPU 0 instructions: 50000009 cycles: 102287295 heartbeat IPC: 0.5661 cumulative IPC: 0.3833 (Simulation time: 00 hr 06 min 46 sec)
Heartbeat CPU 0 instructions: 60000010 cycles: 119318926 heartbeat IPC: 0.5871 cumulative IPC: 0.4136 (Simulation time: 00 hr 07 min 44 sec)
Simulation finished CPU 0 instructions: 50000004 cycles: 118890814 cumulative IPC: 0.4206 (Simulation time: 00 hr 07 min 58 sec)
Simulation complete CPU 0 instructions: 50000004 cycles: 118890814 cumulative IPC: 0.4206 (Simulation time: 00 hr 07 min 58 sec)

ChampSim completed all CPUs

=== Simulation ===
CPU 0 runs traces/403.gcc-17B.champsimtrace.xz

Region of Interest Statistics

CPU 0 cumulative IPC: 0.4206 instructions: 50000004 cycles: 118890814
CPU 0 Branch Prediction Accuracy: 91.45% MPKI: 17.95 Average ROB Occupancy at Mispredict: 31.73
Branch type MPKI
BRANCH_DIRECT_JUMP: 0.1334
BRANCH_INDIRECT: 0.4934
BRANCH_CONDITIONAL: 17.21
BRANCH_DIRECT_CALL: 0.1022
BRANCH_INDIRECT_CALL: 0.002
BRANCH_RETURN: 0.00512

cpu0->LLC TOTAL        ACCESS:    2259362 HIT:     864236 MISS:    1395126 MISS_MERGE:          0
cpu0->LLC LOAD         ACCESS:     335178 HIT:      36555 MISS:     298623 MISS_MERGE:          0
cpu0->LLC RFO          ACCESS:     937994 HIT:       1758 MISS:     936236 MISS_MERGE:          0
cpu0->LLC PREFETCH     ACCESS:          0 HIT:          0 MISS:          0 MISS_MERGE:          0
cpu0->LLC WRITE        ACCESS:     974752 HIT:     821129 MISS:     153623 MISS_MERGE:          0
cpu0->LLC TRANSLATION  ACCESS:      11438 HIT:       4794 MISS:       6644 MISS_MERGE:          0
cpu0->LLC PREFETCH REQUESTED:          0 ISSUED:          0 USEFUL:          0 USELESS:          0
cpu0->LLC AVERAGE MISS LATENCY: 464.6 cycles
cpu0->cpu0_DTLB TOTAL        ACCESS:   21961326 HIT:   20968929 MISS:     992397 MISS_MERGE:     429468
cpu0->cpu0_DTLB LOAD         ACCESS:   21961326 HIT:   20968929 MISS:     992397 MISS_MERGE:     429468
cpu0->cpu0_DTLB RFO          ACCESS:          0 HIT:          0 MISS:          0 MISS_MERGE:          0
cpu0->cpu0_DTLB PREFETCH     ACCESS:          0 HIT:          0 MISS:          0 MISS_MERGE:          0
cpu0->cpu0_DTLB WRITE        ACCESS:          0 HIT:          0 MISS:          0 MISS_MERGE:          0
cpu0->cpu0_DTLB TRANSLATION  ACCESS:          0 HIT:          0 MISS:          0 MISS_MERGE:          0
cpu0->cpu0_DTLB PREFETCH REQUESTED:          0 ISSUED:          0 USEFUL:          0 USELESS:          0
cpu0->cpu0_DTLB AVERAGE MISS LATENCY: 16.77 cycles
cpu0->cpu0_ITLB TOTAL        ACCESS:    6045195 HIT:    6041525 MISS:       3670 MISS_MERGE:       2261
cpu0->cpu0_ITLB LOAD         ACCESS:    6045195 HIT:    6041525 MISS:       3670 MISS_MERGE:       2261
cpu0->cpu0_ITLB RFO          ACCESS:          0 HIT:          0 MISS:          0 MISS_MERGE:          0
cpu0->cpu0_ITLB PREFETCH     ACCESS:          0 HIT:          0 MISS:          0 MISS_MERGE:          0
cpu0->cpu0_ITLB WRITE        ACCESS:          0 HIT:          0 MISS:          0 MISS_MERGE:          0
cpu0->cpu0_ITLB TRANSLATION  ACCESS:          0 HIT:          0 MISS:          0 MISS_MERGE:          0
cpu0->cpu0_ITLB PREFETCH REQUESTED:          0 ISSUED:          0 USEFUL:          0 USELESS:          0
cpu0->cpu0_ITLB AVERAGE MISS LATENCY: 10.95 cycles
cpu0->cpu0_L1D TOTAL        ACCESS:   22048921 HIT:   13746486 MISS:    8302435 MISS_MERGE:    6826032
cpu0->cpu0_L1D LOAD         ACCESS:    9662600 HIT:    8811280 MISS:     851320 MISS_MERGE:     329685
cpu0->cpu0_L1D RFO          ACCESS:          0 HIT:          0 MISS:          0 MISS_MERGE:          0
cpu0->cpu0_L1D PREFETCH     ACCESS:          0 HIT:          0 MISS:          0 MISS_MERGE:          0
cpu0->cpu0_L1D WRITE        ACCESS:   12298726 HIT:    4862758 MISS:    7435968 MISS_MERGE:    6496332
cpu0->cpu0_L1D TRANSLATION  ACCESS:      87595 HIT:      72448 MISS:      15147 MISS_MERGE:         15
cpu0->cpu0_L1D PREFETCH REQUESTED:          0 ISSUED:          0 USEFUL:          0 USELESS:          0
cpu0->cpu0_L1D AVERAGE MISS LATENCY: 460.8 cycles
cpu0->cpu0_L1I TOTAL        ACCESS:    6045195 HIT:    6043049 MISS:       2146 MISS_MERGE:        427
cpu0->cpu0_L1I LOAD         ACCESS:    6045195 HIT:    6043049 MISS:       2146 MISS_MERGE:        427
cpu0->cpu0_L1I RFO          ACCESS:          0 HIT:          0 MISS:          0 MISS_MERGE:          0
cpu0->cpu0_L1I PREFETCH     ACCESS:          0 HIT:          0 MISS:          0 MISS_MERGE:          0
cpu0->cpu0_L1I WRITE        ACCESS:          0 HIT:          0 MISS:          0 MISS_MERGE:          0
cpu0->cpu0_L1I TRANSLATION  ACCESS:          0 HIT:          0 MISS:          0 MISS_MERGE:          0
cpu0->cpu0_L1I PREFETCH REQUESTED:          0 ISSUED:          0 USEFUL:          0 USELESS:          0
cpu0->cpu0_L1I AVERAGE MISS LATENCY: 57.3 cycles
cpu0->cpu0_L2C TOTAL        ACCESS:    2462072 HIT:    1177292 MISS:    1284780 MISS_MERGE:          1
cpu0->cpu0_L2C LOAD         ACCESS:     523354 HIT:     188176 MISS:     335178 MISS_MERGE:          0
cpu0->cpu0_L2C RFO          ACCESS:     939636 HIT:       1641 MISS:     937995 MISS_MERGE:          1
cpu0->cpu0_L2C PREFETCH     ACCESS:          0 HIT:          0 MISS:          0 MISS_MERGE:          0
cpu0->cpu0_L2C WRITE        ACCESS:     983950 HIT:     983781 MISS:        169 MISS_MERGE:          0
cpu0->cpu0_L2C TRANSLATION  ACCESS:      15132 HIT:       3694 MISS:      11438 MISS_MERGE:          0
cpu0->cpu0_L2C PREFETCH REQUESTED:          0 ISSUED:          0 USEFUL:          0 USELESS:          0
cpu0->cpu0_L2C AVERAGE MISS LATENCY: 519.4 cycles
cpu0->cpu0_STLB TOTAL        ACCESS:     564338 HIT:     520784 MISS:      43554 MISS_MERGE:          0
cpu0->cpu0_STLB LOAD         ACCESS:     564338 HIT:     520784 MISS:      43554 MISS_MERGE:          0
cpu0->cpu0_STLB RFO          ACCESS:          0 HIT:          0 MISS:          0 MISS_MERGE:          0
cpu0->cpu0_STLB PREFETCH     ACCESS:          0 HIT:          0 MISS:          0 MISS_MERGE:          0
cpu0->cpu0_STLB WRITE        ACCESS:          0 HIT:          0 MISS:          0 MISS_MERGE:          0
cpu0->cpu0_STLB TRANSLATION  ACCESS:          0 HIT:          0 MISS:          0 MISS_MERGE:          0
cpu0->cpu0_STLB PREFETCH REQUESTED:          0 ISSUED:          0 USEFUL:          0 USELESS:          0
cpu0->cpu0_STLB AVERAGE MISS LATENCY: 151.2 cycles

DRAM Statistics

Channel 0 RQ ROW_BUFFER_HIT:     120912
  ROW_BUFFER_MISS:    1120591
  AVG DBUS CONGESTED CYCLE: 8.137
Channel 0 WQ ROW_BUFFER_HIT:      71285
  ROW_BUFFER_MISS:     852990
  FULL:          0
Channel 0 REFRESHES ISSUED:       9908
