[VMEM] WARNING: physical memory size is smaller than virtual memory size.

*** ChampSim Multicore Out-of-Order Simulator ***
Warmup Instructions: 12500000
Simulation Instructions: 50000000
Number of CPUs: 1
Page size: 4096

Off-chip DRAM Size: 16 GiB Channels: 1 Width: 64-bit Data Rate: 3205 MT/s
Heartbeat CPU 0 instructions: 10000001 cycles: 5027729 heartbeat IPC: 1.989 cumulative IPC: 1.989 (Simulation time: 00 hr 00 min 48 sec)
Warmup finished CPU 0 instructions: 12500003 cycles: 6107037 cumulative IPC: 2.047 (Simulation time: 00 hr 00 min 59 sec)
Warmup complete CPU 0 instructions: 12500003 cycles: 6107037 cumulative IPC: 2.047 (Simulation time: 00 hr 00 min 59 sec)
Heartbeat CPU 0 instructions: 20000001 cycles: 29886592 heartbeat IPC: 0.4023 cumulative IPC: 0.3154 (Simulation time: 00 hr 02 min 20 sec)
Heartbeat CPU 0 instructions: 30000001 cycles: 64507052 heartbeat IPC: 0.2888 cumulative IPC: 0.2997 (Simulation time: 00 hr 04 min 28 sec)
Heartbeat CPU 0 instructions: 40000001 cycles: 95750235 heartbeat IPC: 0.3201 cumulative IPC: 0.3068 (Simulation time: 00 hr 06 min 16 sec)
Heartbeat CPU 0 instructions: 50000005 cycles: 129040793 heartbeat IPC: 0.3004 cumulative IPC: 0.305 (Simulation time: 00 hr 08 min 12 sec)
Heartbeat CPU 0 instructions: 60000006 cycles: 164646663 heartbeat IPC: 0.2809 cumulative IPC: 0.2996 (Simulation time: 00 hr 10 min 40 sec)
Simulation finished CPU 0 instructions: 50000001 cycles: 166502511 cumulative IPC: 0.3003 (Simulation time: 00 hr 11 min 08 sec)
Simulation complete CPU 0 instructions: 50000001 cycles: 166502511 cumulative IPC: 0.3003 (Simulation time: 00 hr 11 min 08 sec)

ChampSim completed all CPUs

=== Simulation ===
CPU 0 runs traces/471.omnetpp-188B.champsimtrace.xz

Region of Interest Statistics

CPU 0 cumulative IPC: 0.3003 instructions: 50000001 cycles: 166502511
CPU 0 Branch Prediction Accuracy: 93.3% MPKI: 16.1 Average ROB Occupancy at Mispredict: 38.63
Branch type MPKI
BRANCH_DIRECT_JUMP: 0.00134
BRANCH_INDIRECT: 0.1254
BRANCH_CONDITIONAL: 15.32
BRANCH_DIRECT_CALL: 0.00068
BRANCH_INDIRECT_CALL: 0.1324
BRANCH_RETURN: 0.5249

cpu0->LLC TOTAL        ACCESS:    1527106 HIT:     217736 MISS:    1309370 MISS_MERGE:          0
cpu0->LLC LOAD         ACCESS:     872055 HIT:      91139 MISS:     780916 MISS_MERGE:          0
cpu0->LLC RFO          ACCESS:     149278 HIT:      19158 MISS:     130120 MISS_MERGE:          0
cpu0->LLC PREFETCH     ACCESS:          0 HIT:          0 MISS:          0 MISS_MERGE:          0
cpu0->LLC WRITE        ACCESS:     423744 HIT:      60747 MISS:     362997 MISS_MERGE:          0
cpu0->LLC TRANSLATION  ACCESS:      82029 HIT:      46692 MISS:      35337 MISS_MERGE:          0
cpu0->LLC PREFETCH REQUESTED:          0 ISSUED:          0 USEFUL:          0 USELESS:          0
cpu0->LLC AVERAGE MISS LATENCY: 142.1 cycles
cpu0->cpu0_DTLB TOTAL        ACCESS:   21077010 HIT:   19562042 MISS:    1514968 MISS_MERGE:     547098
cpu0->cpu0_DTLB LOAD         ACCESS:   21077010 HIT:   19562042 MISS:    1514968 MISS_MERGE:     547098
cpu0->cpu0_DTLB RFO          ACCESS:          0 HIT:          0 MISS:          0 MISS_MERGE:          0
cpu0->cpu0_DTLB PREFETCH     ACCESS:          0 HIT:          0 MISS:          0 MISS_MERGE:          0
cpu0->cpu0_DTLB WRITE        ACCESS:          0 HIT:          0 MISS:          0 MISS_MERGE:          0
cpu0->cpu0_DTLB TRANSLATION  ACCESS:          0 HIT:          0 MISS:          0 MISS_MERGE:          0
cpu0->cpu0_DTLB PREFETCH REQUESTED:          0 ISSUED:          0 USEFUL:          0 USELESS:          0
cpu0->cpu0_DTLB AVERAGE MISS LATENCY: 20.39 cycles
cpu0->cpu0_ITLB TOTAL        ACCESS:    5665540 HIT:    5607976 MISS:      57564 MISS_MERGE:      34281
cpu0->cpu0_ITLB LOAD         ACCESS:    5665540 HIT:    5607976 MISS:      57564 MISS_MERGE:      34281
cpu0->cpu0_ITLB RFO          ACCESS:          0 HIT:          0 MISS:          0 MISS_MERGE:          0
cpu0->cpu0_ITLB PREFETCH     ACCESS:          0 HIT:          0 MISS:          0 MISS_MERGE:          0
cpu0->cpu0_ITLB WRITE        ACCESS:          0 HIT:          0 MISS:          0 MISS_MERGE:          0
cpu0->cpu0_ITLB TRANSLATION  ACCESS:          0 HIT:          0 MISS:          0 MISS_MERGE:          0
cpu0->cpu0_ITLB PREFETCH REQUESTED:          0 ISSUED:          0 USEFUL:          0 USELESS:          0
cpu0->cpu0_ITLB AVERAGE MISS LATENCY: 7.414 cycles
cpu0->cpu0_L1D TOTAL        ACCESS:   21511198 HIT:   18892044 MISS:    2619154 MISS_MERGE:    1326775
cpu0->cpu0_L1D LOAD         ACCESS:   12652795 HIT:   10877538 MISS:    1775257 MISS_MERGE:     781571
cpu0->cpu0_L1D RFO          ACCESS:          0 HIT:          0 MISS:          0 MISS_MERGE:          0
cpu0->cpu0_L1D PREFETCH     ACCESS:          0 HIT:          0 MISS:          0 MISS_MERGE:          0
cpu0->cpu0_L1D WRITE        ACCESS:    8424215 HIT:    7718583 MISS:     705632 MISS_MERGE:     542830
cpu0->cpu0_L1D TRANSLATION  ACCESS:     434188 HIT:     295923 MISS:     138265 MISS_MERGE:       2374
cpu0->cpu0_L1D PREFETCH REQUESTED:          0 ISSUED:          0 USEFUL:          0 USELESS:          0
cpu0->cpu0_L1D AVERAGE MISS LATENCY: 163.7 cycles
cpu0->cpu0_L1I TOTAL        ACCESS:    5665540 HIT:    5662467 MISS:       3073 MISS_MERGE:        661
cpu0->cpu0_L1I LOAD         ACCESS:    5665540 HIT:    5662467 MISS:       3073 MISS_MERGE:        661
cpu0->cpu0_L1I RFO          ACCESS:          0 HIT:          0 MISS:          0 MISS_MERGE:          0
cpu0->cpu0_L1I PREFETCH     ACCESS:          0 HIT:          0 MISS:          0 MISS_MERGE:          0
cpu0->cpu0_L1I WRITE        ACCESS:          0 HIT:          0 MISS:          0 MISS_MERGE:          0
cpu0->cpu0_L1I TRANSLATION  ACCESS:          0 HIT:          0 MISS:          0 MISS_MERGE:          0
cpu0->cpu0_L1I PREFETCH REQUESTED:          0 ISSUED:          0 USEFUL:          0 USELESS:          0
cpu0->cpu0_L1I AVERAGE MISS LATENCY: 106.9 cycles
cpu0->cpu0_L2C TOTAL        ACCESS:    1774498 HIT:     670029 MISS:    1104469 MISS_MERGE:          0
cpu0->cpu0_L2C LOAD         ACCESS:     996098 HIT:     124043 MISS:     872055 MISS_MERGE:          0
cpu0->cpu0_L2C RFO          ACCESS:     162802 HIT:      13524 MISS:     149278 MISS_MERGE:          0
cpu0->cpu0_L2C PREFETCH     ACCESS:          0 HIT:          0 MISS:          0 MISS_MERGE:          0
cpu0->cpu0_L2C WRITE        ACCESS:     479707 HIT:     478600 MISS:       1107 MISS_MERGE:          0
cpu0->cpu0_L2C TRANSLATION  ACCESS:     135891 HIT:      53862 MISS:      82029 MISS_MERGE:          0
cpu0->cpu0_L2C PREFETCH REQUESTED:          0 ISSUED:          0 USEFUL:          0 USELESS:          0
cpu0->cpu0_L2C AVERAGE MISS LATENCY: 181.3 cycles
cpu0->cpu0_STLB TOTAL        ACCESS:     991153 HIT:     778505 MISS:     212648 MISS_MERGE:          0
cpu0->cpu0_STLB LOAD         ACCESS:     991153 HIT:     778505 MISS:     212648 MISS_MERGE:          0
cpu0->cpu0_STLB RFO          ACCESS:          0 HIT:          0 MISS:          0 MISS_MERGE:          0
cpu0->cpu0_STLB PREFETCH     ACCESS:          0 HIT:          0 MISS:          0 MISS_MERGE:          0
cpu0->cpu0_STLB WRITE        ACCESS:          0 HIT:          0 MISS:          0 MISS_MERGE:          0
cpu0->cpu0_STLB TRANSLATION  ACCESS:          0 HIT:          0 MISS:          0 MISS_MERGE:          0
cpu0->cpu0_STLB PREFETCH REQUESTED:          0 ISSUED:          0 USEFUL:          0 USELESS:          0
cpu0->cpu0_STLB AVERAGE MISS LATENCY: 69.31 cycles

DRAM Statistics

Channel 0 RQ ROW_BUFFER_HIT:      19742
  ROW_BUFFER_MISS:     926581
  AVG DBUS CONGESTED CYCLE: 18.86
Channel 0 WQ ROW_BUFFER_HIT:     120723
  ROW_BUFFER_MISS:     244495
  FULL:          0
Channel 0 REFRESHES ISSUED:      13876
